[2024-05-10T08:04:31.300+0200] {processor.py:161} INFO - Started process (PID=303838) to work on /home/munya/.local/lib/python3.11/site-packages/airflow/example_dags/subdags/subdag.py
[2024-05-10T08:04:31.302+0200] {processor.py:830} INFO - Processing file /home/munya/.local/lib/python3.11/site-packages/airflow/example_dags/subdags/subdag.py for tasks to queue
[2024-05-10T08:04:31.303+0200] {logging_mixin.py:188} INFO - [2024-05-10T08:04:31.303+0200] {dagbag.py:540} INFO - Filling up the DagBag from /home/munya/.local/lib/python3.11/site-packages/airflow/example_dags/subdags/subdag.py
[2024-05-10T08:04:31.308+0200] {processor.py:842} WARNING - No viable dags retrieved from /home/munya/.local/lib/python3.11/site-packages/airflow/example_dags/subdags/subdag.py
[2024-05-10T08:04:31.326+0200] {processor.py:183} INFO - Processing /home/munya/.local/lib/python3.11/site-packages/airflow/example_dags/subdags/subdag.py took 0.038 seconds
[2024-05-10T08:07:37.124+0200] {processor.py:161} INFO - Started process (PID=306819) to work on /home/munya/.local/lib/python3.11/site-packages/airflow/example_dags/subdags/subdag.py
[2024-05-10T08:07:37.130+0200] {processor.py:830} INFO - Processing file /home/munya/.local/lib/python3.11/site-packages/airflow/example_dags/subdags/subdag.py for tasks to queue
[2024-05-10T08:07:37.132+0200] {logging_mixin.py:188} INFO - [2024-05-10T08:07:37.131+0200] {dagbag.py:540} INFO - Filling up the DagBag from /home/munya/.local/lib/python3.11/site-packages/airflow/example_dags/subdags/subdag.py
[2024-05-10T08:07:37.141+0200] {processor.py:842} WARNING - No viable dags retrieved from /home/munya/.local/lib/python3.11/site-packages/airflow/example_dags/subdags/subdag.py
[2024-05-10T08:07:37.173+0200] {processor.py:183} INFO - Processing /home/munya/.local/lib/python3.11/site-packages/airflow/example_dags/subdags/subdag.py took 0.085 seconds
[2024-05-10T08:08:58.337+0200] {processor.py:161} INFO - Started process (PID=308086) to work on /home/munya/.local/lib/python3.11/site-packages/airflow/example_dags/subdags/subdag.py
[2024-05-10T08:08:58.342+0200] {processor.py:830} INFO - Processing file /home/munya/.local/lib/python3.11/site-packages/airflow/example_dags/subdags/subdag.py for tasks to queue
[2024-05-10T08:08:58.344+0200] {logging_mixin.py:188} INFO - [2024-05-10T08:08:58.343+0200] {dagbag.py:540} INFO - Filling up the DagBag from /home/munya/.local/lib/python3.11/site-packages/airflow/example_dags/subdags/subdag.py
[2024-05-10T08:08:58.347+0200] {processor.py:842} WARNING - No viable dags retrieved from /home/munya/.local/lib/python3.11/site-packages/airflow/example_dags/subdags/subdag.py
[2024-05-10T08:08:58.382+0200] {processor.py:183} INFO - Processing /home/munya/.local/lib/python3.11/site-packages/airflow/example_dags/subdags/subdag.py took 0.072 seconds
[2024-05-10T08:10:15.653+0200] {processor.py:161} INFO - Started process (PID=309400) to work on /home/munya/.local/lib/python3.11/site-packages/airflow/example_dags/subdags/subdag.py
[2024-05-10T08:10:15.657+0200] {processor.py:830} INFO - Processing file /home/munya/.local/lib/python3.11/site-packages/airflow/example_dags/subdags/subdag.py for tasks to queue
[2024-05-10T08:10:15.660+0200] {logging_mixin.py:188} INFO - [2024-05-10T08:10:15.660+0200] {dagbag.py:540} INFO - Filling up the DagBag from /home/munya/.local/lib/python3.11/site-packages/airflow/example_dags/subdags/subdag.py
[2024-05-10T08:10:15.664+0200] {processor.py:842} WARNING - No viable dags retrieved from /home/munya/.local/lib/python3.11/site-packages/airflow/example_dags/subdags/subdag.py
[2024-05-10T08:10:15.685+0200] {processor.py:183} INFO - Processing /home/munya/.local/lib/python3.11/site-packages/airflow/example_dags/subdags/subdag.py took 0.044 seconds
[2024-05-10T08:11:30.537+0200] {processor.py:161} INFO - Started process (PID=310620) to work on /home/munya/.local/lib/python3.11/site-packages/airflow/example_dags/subdags/subdag.py
[2024-05-10T08:11:30.540+0200] {processor.py:830} INFO - Processing file /home/munya/.local/lib/python3.11/site-packages/airflow/example_dags/subdags/subdag.py for tasks to queue
[2024-05-10T08:11:30.541+0200] {logging_mixin.py:188} INFO - [2024-05-10T08:11:30.541+0200] {dagbag.py:540} INFO - Filling up the DagBag from /home/munya/.local/lib/python3.11/site-packages/airflow/example_dags/subdags/subdag.py
[2024-05-10T08:11:30.550+0200] {processor.py:842} WARNING - No viable dags retrieved from /home/munya/.local/lib/python3.11/site-packages/airflow/example_dags/subdags/subdag.py
[2024-05-10T08:11:30.624+0200] {processor.py:183} INFO - Processing /home/munya/.local/lib/python3.11/site-packages/airflow/example_dags/subdags/subdag.py took 0.096 seconds
[2024-05-10T08:12:51.976+0200] {processor.py:161} INFO - Started process (PID=312318) to work on /home/munya/.local/lib/python3.11/site-packages/airflow/example_dags/subdags/subdag.py
[2024-05-10T08:12:51.977+0200] {processor.py:830} INFO - Processing file /home/munya/.local/lib/python3.11/site-packages/airflow/example_dags/subdags/subdag.py for tasks to queue
[2024-05-10T08:12:51.979+0200] {logging_mixin.py:188} INFO - [2024-05-10T08:12:51.978+0200] {dagbag.py:540} INFO - Filling up the DagBag from /home/munya/.local/lib/python3.11/site-packages/airflow/example_dags/subdags/subdag.py
[2024-05-10T08:12:51.982+0200] {processor.py:842} WARNING - No viable dags retrieved from /home/munya/.local/lib/python3.11/site-packages/airflow/example_dags/subdags/subdag.py
[2024-05-10T08:12:51.998+0200] {processor.py:183} INFO - Processing /home/munya/.local/lib/python3.11/site-packages/airflow/example_dags/subdags/subdag.py took 0.033 seconds
[2024-05-10T08:13:53.710+0200] {processor.py:161} INFO - Started process (PID=313464) to work on /home/munya/.local/lib/python3.11/site-packages/airflow/example_dags/subdags/subdag.py
[2024-05-10T08:13:53.711+0200] {processor.py:830} INFO - Processing file /home/munya/.local/lib/python3.11/site-packages/airflow/example_dags/subdags/subdag.py for tasks to queue
[2024-05-10T08:13:53.712+0200] {logging_mixin.py:188} INFO - [2024-05-10T08:13:53.712+0200] {dagbag.py:540} INFO - Filling up the DagBag from /home/munya/.local/lib/python3.11/site-packages/airflow/example_dags/subdags/subdag.py
[2024-05-10T08:13:53.714+0200] {processor.py:842} WARNING - No viable dags retrieved from /home/munya/.local/lib/python3.11/site-packages/airflow/example_dags/subdags/subdag.py
[2024-05-10T08:13:53.726+0200] {processor.py:183} INFO - Processing /home/munya/.local/lib/python3.11/site-packages/airflow/example_dags/subdags/subdag.py took 0.023 seconds
[2024-05-10T08:15:00.081+0200] {processor.py:161} INFO - Started process (PID=314780) to work on /home/munya/.local/lib/python3.11/site-packages/airflow/example_dags/subdags/subdag.py
[2024-05-10T08:15:00.082+0200] {processor.py:830} INFO - Processing file /home/munya/.local/lib/python3.11/site-packages/airflow/example_dags/subdags/subdag.py for tasks to queue
[2024-05-10T08:15:00.083+0200] {logging_mixin.py:188} INFO - [2024-05-10T08:15:00.083+0200] {dagbag.py:540} INFO - Filling up the DagBag from /home/munya/.local/lib/python3.11/site-packages/airflow/example_dags/subdags/subdag.py
[2024-05-10T08:15:00.086+0200] {processor.py:842} WARNING - No viable dags retrieved from /home/munya/.local/lib/python3.11/site-packages/airflow/example_dags/subdags/subdag.py
[2024-05-10T08:15:00.098+0200] {processor.py:183} INFO - Processing /home/munya/.local/lib/python3.11/site-packages/airflow/example_dags/subdags/subdag.py took 0.023 seconds
[2024-05-10T08:16:04.252+0200] {processor.py:161} INFO - Started process (PID=315980) to work on /home/munya/.local/lib/python3.11/site-packages/airflow/example_dags/subdags/subdag.py
[2024-05-10T08:16:04.253+0200] {processor.py:830} INFO - Processing file /home/munya/.local/lib/python3.11/site-packages/airflow/example_dags/subdags/subdag.py for tasks to queue
[2024-05-10T08:16:04.254+0200] {logging_mixin.py:188} INFO - [2024-05-10T08:16:04.253+0200] {dagbag.py:540} INFO - Filling up the DagBag from /home/munya/.local/lib/python3.11/site-packages/airflow/example_dags/subdags/subdag.py
[2024-05-10T08:16:04.257+0200] {processor.py:842} WARNING - No viable dags retrieved from /home/munya/.local/lib/python3.11/site-packages/airflow/example_dags/subdags/subdag.py
[2024-05-10T08:16:04.267+0200] {processor.py:183} INFO - Processing /home/munya/.local/lib/python3.11/site-packages/airflow/example_dags/subdags/subdag.py took 0.022 seconds
[2024-05-10T08:17:03.999+0200] {processor.py:161} INFO - Started process (PID=317066) to work on /home/munya/.local/lib/python3.11/site-packages/airflow/example_dags/subdags/subdag.py
[2024-05-10T08:17:04.003+0200] {processor.py:830} INFO - Processing file /home/munya/.local/lib/python3.11/site-packages/airflow/example_dags/subdags/subdag.py for tasks to queue
[2024-05-10T08:17:04.004+0200] {logging_mixin.py:188} INFO - [2024-05-10T08:17:04.003+0200] {dagbag.py:540} INFO - Filling up the DagBag from /home/munya/.local/lib/python3.11/site-packages/airflow/example_dags/subdags/subdag.py
[2024-05-10T08:17:04.007+0200] {processor.py:842} WARNING - No viable dags retrieved from /home/munya/.local/lib/python3.11/site-packages/airflow/example_dags/subdags/subdag.py
[2024-05-10T08:17:04.021+0200] {processor.py:183} INFO - Processing /home/munya/.local/lib/python3.11/site-packages/airflow/example_dags/subdags/subdag.py took 0.032 seconds
[2024-05-10T08:18:07.283+0200] {processor.py:161} INFO - Started process (PID=318344) to work on /home/munya/.local/lib/python3.11/site-packages/airflow/example_dags/subdags/subdag.py
[2024-05-10T08:18:07.289+0200] {processor.py:830} INFO - Processing file /home/munya/.local/lib/python3.11/site-packages/airflow/example_dags/subdags/subdag.py for tasks to queue
[2024-05-10T08:18:07.307+0200] {logging_mixin.py:188} INFO - [2024-05-10T08:18:07.297+0200] {dagbag.py:540} INFO - Filling up the DagBag from /home/munya/.local/lib/python3.11/site-packages/airflow/example_dags/subdags/subdag.py
[2024-05-10T08:18:07.331+0200] {processor.py:842} WARNING - No viable dags retrieved from /home/munya/.local/lib/python3.11/site-packages/airflow/example_dags/subdags/subdag.py
[2024-05-10T08:18:07.383+0200] {processor.py:183} INFO - Processing /home/munya/.local/lib/python3.11/site-packages/airflow/example_dags/subdags/subdag.py took 0.147 seconds
[2024-05-10T08:19:21.307+0200] {processor.py:161} INFO - Started process (PID=319605) to work on /home/munya/.local/lib/python3.11/site-packages/airflow/example_dags/subdags/subdag.py
[2024-05-10T08:19:21.308+0200] {processor.py:830} INFO - Processing file /home/munya/.local/lib/python3.11/site-packages/airflow/example_dags/subdags/subdag.py for tasks to queue
[2024-05-10T08:19:21.309+0200] {logging_mixin.py:188} INFO - [2024-05-10T08:19:21.308+0200] {dagbag.py:540} INFO - Filling up the DagBag from /home/munya/.local/lib/python3.11/site-packages/airflow/example_dags/subdags/subdag.py
[2024-05-10T08:19:21.312+0200] {processor.py:842} WARNING - No viable dags retrieved from /home/munya/.local/lib/python3.11/site-packages/airflow/example_dags/subdags/subdag.py
[2024-05-10T08:19:21.325+0200] {processor.py:183} INFO - Processing /home/munya/.local/lib/python3.11/site-packages/airflow/example_dags/subdags/subdag.py took 0.026 seconds
[2024-05-10T08:20:23.386+0200] {processor.py:161} INFO - Started process (PID=320707) to work on /home/munya/.local/lib/python3.11/site-packages/airflow/example_dags/subdags/subdag.py
[2024-05-10T08:20:23.388+0200] {processor.py:830} INFO - Processing file /home/munya/.local/lib/python3.11/site-packages/airflow/example_dags/subdags/subdag.py for tasks to queue
[2024-05-10T08:20:23.388+0200] {logging_mixin.py:188} INFO - [2024-05-10T08:20:23.388+0200] {dagbag.py:540} INFO - Filling up the DagBag from /home/munya/.local/lib/python3.11/site-packages/airflow/example_dags/subdags/subdag.py
[2024-05-10T08:20:23.390+0200] {processor.py:842} WARNING - No viable dags retrieved from /home/munya/.local/lib/python3.11/site-packages/airflow/example_dags/subdags/subdag.py
[2024-05-10T08:20:23.403+0200] {processor.py:183} INFO - Processing /home/munya/.local/lib/python3.11/site-packages/airflow/example_dags/subdags/subdag.py took 0.024 seconds
[2024-05-10T08:21:23.879+0200] {processor.py:161} INFO - Started process (PID=321822) to work on /home/munya/.local/lib/python3.11/site-packages/airflow/example_dags/subdags/subdag.py
[2024-05-10T08:21:23.881+0200] {processor.py:830} INFO - Processing file /home/munya/.local/lib/python3.11/site-packages/airflow/example_dags/subdags/subdag.py for tasks to queue
[2024-05-10T08:21:23.882+0200] {logging_mixin.py:188} INFO - [2024-05-10T08:21:23.881+0200] {dagbag.py:540} INFO - Filling up the DagBag from /home/munya/.local/lib/python3.11/site-packages/airflow/example_dags/subdags/subdag.py
[2024-05-10T08:21:23.884+0200] {processor.py:842} WARNING - No viable dags retrieved from /home/munya/.local/lib/python3.11/site-packages/airflow/example_dags/subdags/subdag.py
[2024-05-10T08:21:23.896+0200] {processor.py:183} INFO - Processing /home/munya/.local/lib/python3.11/site-packages/airflow/example_dags/subdags/subdag.py took 0.024 seconds
[2024-05-10T08:22:32.543+0200] {processor.py:161} INFO - Started process (PID=323124) to work on /home/munya/.local/lib/python3.11/site-packages/airflow/example_dags/subdags/subdag.py
[2024-05-10T08:22:32.544+0200] {processor.py:830} INFO - Processing file /home/munya/.local/lib/python3.11/site-packages/airflow/example_dags/subdags/subdag.py for tasks to queue
[2024-05-10T08:22:32.546+0200] {logging_mixin.py:188} INFO - [2024-05-10T08:22:32.545+0200] {dagbag.py:540} INFO - Filling up the DagBag from /home/munya/.local/lib/python3.11/site-packages/airflow/example_dags/subdags/subdag.py
[2024-05-10T08:22:32.548+0200] {processor.py:842} WARNING - No viable dags retrieved from /home/munya/.local/lib/python3.11/site-packages/airflow/example_dags/subdags/subdag.py
[2024-05-10T08:22:32.564+0200] {processor.py:183} INFO - Processing /home/munya/.local/lib/python3.11/site-packages/airflow/example_dags/subdags/subdag.py took 0.031 seconds
[2024-05-10T08:23:35.232+0200] {processor.py:161} INFO - Started process (PID=324296) to work on /home/munya/.local/lib/python3.11/site-packages/airflow/example_dags/subdags/subdag.py
[2024-05-10T08:23:35.233+0200] {processor.py:830} INFO - Processing file /home/munya/.local/lib/python3.11/site-packages/airflow/example_dags/subdags/subdag.py for tasks to queue
[2024-05-10T08:23:35.234+0200] {logging_mixin.py:188} INFO - [2024-05-10T08:23:35.233+0200] {dagbag.py:540} INFO - Filling up the DagBag from /home/munya/.local/lib/python3.11/site-packages/airflow/example_dags/subdags/subdag.py
[2024-05-10T08:23:35.236+0200] {processor.py:842} WARNING - No viable dags retrieved from /home/munya/.local/lib/python3.11/site-packages/airflow/example_dags/subdags/subdag.py
[2024-05-10T08:23:35.248+0200] {processor.py:183} INFO - Processing /home/munya/.local/lib/python3.11/site-packages/airflow/example_dags/subdags/subdag.py took 0.023 seconds
[2024-05-10T08:24:41.822+0200] {processor.py:161} INFO - Started process (PID=325459) to work on /home/munya/.local/lib/python3.11/site-packages/airflow/example_dags/subdags/subdag.py
[2024-05-10T08:24:41.826+0200] {processor.py:830} INFO - Processing file /home/munya/.local/lib/python3.11/site-packages/airflow/example_dags/subdags/subdag.py for tasks to queue
[2024-05-10T08:24:41.831+0200] {logging_mixin.py:188} INFO - [2024-05-10T08:24:41.829+0200] {dagbag.py:540} INFO - Filling up the DagBag from /home/munya/.local/lib/python3.11/site-packages/airflow/example_dags/subdags/subdag.py
[2024-05-10T08:24:41.840+0200] {processor.py:842} WARNING - No viable dags retrieved from /home/munya/.local/lib/python3.11/site-packages/airflow/example_dags/subdags/subdag.py
[2024-05-10T08:24:41.886+0200] {processor.py:183} INFO - Processing /home/munya/.local/lib/python3.11/site-packages/airflow/example_dags/subdags/subdag.py took 0.093 seconds
[2024-05-10T08:25:55.398+0200] {processor.py:161} INFO - Started process (PID=326756) to work on /home/munya/.local/lib/python3.11/site-packages/airflow/example_dags/subdags/subdag.py
[2024-05-10T08:25:55.402+0200] {processor.py:830} INFO - Processing file /home/munya/.local/lib/python3.11/site-packages/airflow/example_dags/subdags/subdag.py for tasks to queue
[2024-05-10T08:25:55.404+0200] {logging_mixin.py:188} INFO - [2024-05-10T08:25:55.403+0200] {dagbag.py:540} INFO - Filling up the DagBag from /home/munya/.local/lib/python3.11/site-packages/airflow/example_dags/subdags/subdag.py
[2024-05-10T08:25:55.413+0200] {processor.py:842} WARNING - No viable dags retrieved from /home/munya/.local/lib/python3.11/site-packages/airflow/example_dags/subdags/subdag.py
[2024-05-10T08:25:55.476+0200] {processor.py:183} INFO - Processing /home/munya/.local/lib/python3.11/site-packages/airflow/example_dags/subdags/subdag.py took 0.104 seconds
[2024-05-10T08:27:03.507+0200] {processor.py:161} INFO - Started process (PID=328009) to work on /home/munya/.local/lib/python3.11/site-packages/airflow/example_dags/subdags/subdag.py
[2024-05-10T08:27:03.509+0200] {processor.py:830} INFO - Processing file /home/munya/.local/lib/python3.11/site-packages/airflow/example_dags/subdags/subdag.py for tasks to queue
[2024-05-10T08:27:03.510+0200] {logging_mixin.py:188} INFO - [2024-05-10T08:27:03.510+0200] {dagbag.py:540} INFO - Filling up the DagBag from /home/munya/.local/lib/python3.11/site-packages/airflow/example_dags/subdags/subdag.py
[2024-05-10T08:27:03.514+0200] {processor.py:842} WARNING - No viable dags retrieved from /home/munya/.local/lib/python3.11/site-packages/airflow/example_dags/subdags/subdag.py
[2024-05-10T08:27:03.531+0200] {processor.py:183} INFO - Processing /home/munya/.local/lib/python3.11/site-packages/airflow/example_dags/subdags/subdag.py took 0.035 seconds
[2024-05-10T08:28:28.179+0200] {processor.py:161} INFO - Started process (PID=329479) to work on /home/munya/.local/lib/python3.11/site-packages/airflow/example_dags/subdags/subdag.py
[2024-05-10T08:28:28.181+0200] {processor.py:830} INFO - Processing file /home/munya/.local/lib/python3.11/site-packages/airflow/example_dags/subdags/subdag.py for tasks to queue
[2024-05-10T08:28:28.183+0200] {logging_mixin.py:188} INFO - [2024-05-10T08:28:28.183+0200] {dagbag.py:540} INFO - Filling up the DagBag from /home/munya/.local/lib/python3.11/site-packages/airflow/example_dags/subdags/subdag.py
[2024-05-10T08:28:28.191+0200] {processor.py:842} WARNING - No viable dags retrieved from /home/munya/.local/lib/python3.11/site-packages/airflow/example_dags/subdags/subdag.py
[2024-05-10T08:28:28.218+0200] {processor.py:183} INFO - Processing /home/munya/.local/lib/python3.11/site-packages/airflow/example_dags/subdags/subdag.py took 0.052 seconds
[2024-05-10T08:29:52.967+0200] {processor.py:161} INFO - Started process (PID=330935) to work on /home/munya/.local/lib/python3.11/site-packages/airflow/example_dags/subdags/subdag.py
[2024-05-10T08:29:52.970+0200] {processor.py:830} INFO - Processing file /home/munya/.local/lib/python3.11/site-packages/airflow/example_dags/subdags/subdag.py for tasks to queue
[2024-05-10T08:29:52.972+0200] {logging_mixin.py:188} INFO - [2024-05-10T08:29:52.971+0200] {dagbag.py:540} INFO - Filling up the DagBag from /home/munya/.local/lib/python3.11/site-packages/airflow/example_dags/subdags/subdag.py
[2024-05-10T08:29:52.976+0200] {processor.py:842} WARNING - No viable dags retrieved from /home/munya/.local/lib/python3.11/site-packages/airflow/example_dags/subdags/subdag.py
[2024-05-10T08:29:52.999+0200] {processor.py:183} INFO - Processing /home/munya/.local/lib/python3.11/site-packages/airflow/example_dags/subdags/subdag.py took 0.044 seconds
[2024-05-10T08:31:14.587+0200] {processor.py:161} INFO - Started process (PID=332369) to work on /home/munya/.local/lib/python3.11/site-packages/airflow/example_dags/subdags/subdag.py
[2024-05-10T08:31:14.590+0200] {processor.py:830} INFO - Processing file /home/munya/.local/lib/python3.11/site-packages/airflow/example_dags/subdags/subdag.py for tasks to queue
[2024-05-10T08:31:14.591+0200] {logging_mixin.py:188} INFO - [2024-05-10T08:31:14.590+0200] {dagbag.py:540} INFO - Filling up the DagBag from /home/munya/.local/lib/python3.11/site-packages/airflow/example_dags/subdags/subdag.py
[2024-05-10T08:31:14.595+0200] {processor.py:842} WARNING - No viable dags retrieved from /home/munya/.local/lib/python3.11/site-packages/airflow/example_dags/subdags/subdag.py
[2024-05-10T08:31:14.634+0200] {processor.py:183} INFO - Processing /home/munya/.local/lib/python3.11/site-packages/airflow/example_dags/subdags/subdag.py took 0.072 seconds
[2024-05-10T08:32:39.236+0200] {processor.py:161} INFO - Started process (PID=334030) to work on /home/munya/.local/lib/python3.11/site-packages/airflow/example_dags/subdags/subdag.py
[2024-05-10T08:32:39.249+0200] {processor.py:830} INFO - Processing file /home/munya/.local/lib/python3.11/site-packages/airflow/example_dags/subdags/subdag.py for tasks to queue
[2024-05-10T08:32:39.251+0200] {logging_mixin.py:188} INFO - [2024-05-10T08:32:39.250+0200] {dagbag.py:540} INFO - Filling up the DagBag from /home/munya/.local/lib/python3.11/site-packages/airflow/example_dags/subdags/subdag.py
[2024-05-10T08:32:39.255+0200] {processor.py:842} WARNING - No viable dags retrieved from /home/munya/.local/lib/python3.11/site-packages/airflow/example_dags/subdags/subdag.py
[2024-05-10T08:32:39.278+0200] {processor.py:183} INFO - Processing /home/munya/.local/lib/python3.11/site-packages/airflow/example_dags/subdags/subdag.py took 0.061 seconds
[2024-05-10T08:34:03.293+0200] {processor.py:161} INFO - Started process (PID=335633) to work on /home/munya/.local/lib/python3.11/site-packages/airflow/example_dags/subdags/subdag.py
[2024-05-10T08:34:03.297+0200] {processor.py:830} INFO - Processing file /home/munya/.local/lib/python3.11/site-packages/airflow/example_dags/subdags/subdag.py for tasks to queue
[2024-05-10T08:34:03.298+0200] {logging_mixin.py:188} INFO - [2024-05-10T08:34:03.297+0200] {dagbag.py:540} INFO - Filling up the DagBag from /home/munya/.local/lib/python3.11/site-packages/airflow/example_dags/subdags/subdag.py
[2024-05-10T08:34:03.311+0200] {processor.py:842} WARNING - No viable dags retrieved from /home/munya/.local/lib/python3.11/site-packages/airflow/example_dags/subdags/subdag.py
[2024-05-10T08:34:03.346+0200] {processor.py:183} INFO - Processing /home/munya/.local/lib/python3.11/site-packages/airflow/example_dags/subdags/subdag.py took 0.075 seconds
[2024-05-10T08:34:51.066+0200] {processor.py:161} INFO - Started process (PID=336411) to work on /home/munya/.local/lib/python3.11/site-packages/airflow/example_dags/subdags/subdag.py
[2024-05-10T08:34:51.068+0200] {processor.py:830} INFO - Processing file /home/munya/.local/lib/python3.11/site-packages/airflow/example_dags/subdags/subdag.py for tasks to queue
[2024-05-10T08:34:51.069+0200] {logging_mixin.py:188} INFO - [2024-05-10T08:34:51.068+0200] {dagbag.py:540} INFO - Filling up the DagBag from /home/munya/.local/lib/python3.11/site-packages/airflow/example_dags/subdags/subdag.py
[2024-05-10T08:34:51.073+0200] {processor.py:842} WARNING - No viable dags retrieved from /home/munya/.local/lib/python3.11/site-packages/airflow/example_dags/subdags/subdag.py
[2024-05-10T08:34:51.092+0200] {processor.py:183} INFO - Processing /home/munya/.local/lib/python3.11/site-packages/airflow/example_dags/subdags/subdag.py took 0.039 seconds
[2024-05-10T08:35:45.064+0200] {processor.py:161} INFO - Started process (PID=337265) to work on /home/munya/.local/lib/python3.11/site-packages/airflow/example_dags/subdags/subdag.py
[2024-05-10T08:35:45.074+0200] {processor.py:830} INFO - Processing file /home/munya/.local/lib/python3.11/site-packages/airflow/example_dags/subdags/subdag.py for tasks to queue
[2024-05-10T08:35:45.076+0200] {logging_mixin.py:188} INFO - [2024-05-10T08:35:45.075+0200] {dagbag.py:540} INFO - Filling up the DagBag from /home/munya/.local/lib/python3.11/site-packages/airflow/example_dags/subdags/subdag.py
[2024-05-10T08:35:45.082+0200] {processor.py:842} WARNING - No viable dags retrieved from /home/munya/.local/lib/python3.11/site-packages/airflow/example_dags/subdags/subdag.py
[2024-05-10T08:35:45.125+0200] {processor.py:183} INFO - Processing /home/munya/.local/lib/python3.11/site-packages/airflow/example_dags/subdags/subdag.py took 0.079 seconds
[2024-05-10T08:36:44.723+0200] {processor.py:161} INFO - Started process (PID=338178) to work on /home/munya/.local/lib/python3.11/site-packages/airflow/example_dags/subdags/subdag.py
[2024-05-10T08:36:44.726+0200] {processor.py:830} INFO - Processing file /home/munya/.local/lib/python3.11/site-packages/airflow/example_dags/subdags/subdag.py for tasks to queue
[2024-05-10T08:36:44.728+0200] {logging_mixin.py:188} INFO - [2024-05-10T08:36:44.727+0200] {dagbag.py:540} INFO - Filling up the DagBag from /home/munya/.local/lib/python3.11/site-packages/airflow/example_dags/subdags/subdag.py
[2024-05-10T08:36:44.733+0200] {processor.py:842} WARNING - No viable dags retrieved from /home/munya/.local/lib/python3.11/site-packages/airflow/example_dags/subdags/subdag.py
[2024-05-10T08:36:44.758+0200] {processor.py:183} INFO - Processing /home/munya/.local/lib/python3.11/site-packages/airflow/example_dags/subdags/subdag.py took 0.069 seconds
[2024-05-10T08:37:45.147+0200] {processor.py:161} INFO - Started process (PID=339108) to work on /home/munya/.local/lib/python3.11/site-packages/airflow/example_dags/subdags/subdag.py
[2024-05-10T08:37:45.154+0200] {processor.py:830} INFO - Processing file /home/munya/.local/lib/python3.11/site-packages/airflow/example_dags/subdags/subdag.py for tasks to queue
[2024-05-10T08:37:45.156+0200] {logging_mixin.py:188} INFO - [2024-05-10T08:37:45.155+0200] {dagbag.py:540} INFO - Filling up the DagBag from /home/munya/.local/lib/python3.11/site-packages/airflow/example_dags/subdags/subdag.py
[2024-05-10T08:37:45.163+0200] {processor.py:842} WARNING - No viable dags retrieved from /home/munya/.local/lib/python3.11/site-packages/airflow/example_dags/subdags/subdag.py
[2024-05-10T08:37:45.336+0200] {processor.py:183} INFO - Processing /home/munya/.local/lib/python3.11/site-packages/airflow/example_dags/subdags/subdag.py took 0.230 seconds
[2024-05-10T08:38:56.052+0200] {processor.py:161} INFO - Started process (PID=340395) to work on /home/munya/.local/lib/python3.11/site-packages/airflow/example_dags/subdags/subdag.py
[2024-05-10T08:38:56.059+0200] {processor.py:830} INFO - Processing file /home/munya/.local/lib/python3.11/site-packages/airflow/example_dags/subdags/subdag.py for tasks to queue
[2024-05-10T08:38:56.066+0200] {logging_mixin.py:188} INFO - [2024-05-10T08:38:56.065+0200] {dagbag.py:540} INFO - Filling up the DagBag from /home/munya/.local/lib/python3.11/site-packages/airflow/example_dags/subdags/subdag.py
[2024-05-10T08:38:56.098+0200] {processor.py:842} WARNING - No viable dags retrieved from /home/munya/.local/lib/python3.11/site-packages/airflow/example_dags/subdags/subdag.py
[2024-05-10T08:38:56.165+0200] {processor.py:183} INFO - Processing /home/munya/.local/lib/python3.11/site-packages/airflow/example_dags/subdags/subdag.py took 0.148 seconds
[2024-05-10T08:39:55.714+0200] {processor.py:161} INFO - Started process (PID=341375) to work on /home/munya/.local/lib/python3.11/site-packages/airflow/example_dags/subdags/subdag.py
[2024-05-10T08:39:55.716+0200] {processor.py:830} INFO - Processing file /home/munya/.local/lib/python3.11/site-packages/airflow/example_dags/subdags/subdag.py for tasks to queue
[2024-05-10T08:39:55.717+0200] {logging_mixin.py:188} INFO - [2024-05-10T08:39:55.717+0200] {dagbag.py:540} INFO - Filling up the DagBag from /home/munya/.local/lib/python3.11/site-packages/airflow/example_dags/subdags/subdag.py
[2024-05-10T08:39:55.723+0200] {processor.py:842} WARNING - No viable dags retrieved from /home/munya/.local/lib/python3.11/site-packages/airflow/example_dags/subdags/subdag.py
[2024-05-10T08:39:55.751+0200] {processor.py:183} INFO - Processing /home/munya/.local/lib/python3.11/site-packages/airflow/example_dags/subdags/subdag.py took 0.054 seconds
[2024-05-10T08:40:48.730+0200] {processor.py:161} INFO - Started process (PID=342180) to work on /home/munya/.local/lib/python3.11/site-packages/airflow/example_dags/subdags/subdag.py
[2024-05-10T08:40:48.736+0200] {processor.py:830} INFO - Processing file /home/munya/.local/lib/python3.11/site-packages/airflow/example_dags/subdags/subdag.py for tasks to queue
[2024-05-10T08:40:48.738+0200] {logging_mixin.py:188} INFO - [2024-05-10T08:40:48.737+0200] {dagbag.py:540} INFO - Filling up the DagBag from /home/munya/.local/lib/python3.11/site-packages/airflow/example_dags/subdags/subdag.py
[2024-05-10T08:40:48.743+0200] {processor.py:842} WARNING - No viable dags retrieved from /home/munya/.local/lib/python3.11/site-packages/airflow/example_dags/subdags/subdag.py
[2024-05-10T08:40:48.782+0200] {processor.py:183} INFO - Processing /home/munya/.local/lib/python3.11/site-packages/airflow/example_dags/subdags/subdag.py took 0.094 seconds
[2024-05-10T08:41:37.748+0200] {processor.py:161} INFO - Started process (PID=343034) to work on /home/munya/.local/lib/python3.11/site-packages/airflow/example_dags/subdags/subdag.py
[2024-05-10T08:41:37.750+0200] {processor.py:830} INFO - Processing file /home/munya/.local/lib/python3.11/site-packages/airflow/example_dags/subdags/subdag.py for tasks to queue
[2024-05-10T08:41:37.752+0200] {logging_mixin.py:188} INFO - [2024-05-10T08:41:37.751+0200] {dagbag.py:540} INFO - Filling up the DagBag from /home/munya/.local/lib/python3.11/site-packages/airflow/example_dags/subdags/subdag.py
[2024-05-10T08:41:37.757+0200] {processor.py:842} WARNING - No viable dags retrieved from /home/munya/.local/lib/python3.11/site-packages/airflow/example_dags/subdags/subdag.py
[2024-05-10T08:41:37.788+0200] {processor.py:183} INFO - Processing /home/munya/.local/lib/python3.11/site-packages/airflow/example_dags/subdags/subdag.py took 0.053 seconds
[2024-05-10T15:03:42.878+0200] {processor.py:161} INFO - Started process (PID=14139) to work on /home/munya/.local/lib/python3.11/site-packages/airflow/example_dags/subdags/subdag.py
[2024-05-10T15:03:42.881+0200] {processor.py:830} INFO - Processing file /home/munya/.local/lib/python3.11/site-packages/airflow/example_dags/subdags/subdag.py for tasks to queue
[2024-05-10T15:03:42.886+0200] {logging_mixin.py:188} INFO - [2024-05-10T15:03:42.886+0200] {dagbag.py:540} INFO - Filling up the DagBag from /home/munya/.local/lib/python3.11/site-packages/airflow/example_dags/subdags/subdag.py
[2024-05-10T15:03:42.889+0200] {processor.py:842} WARNING - No viable dags retrieved from /home/munya/.local/lib/python3.11/site-packages/airflow/example_dags/subdags/subdag.py
[2024-05-10T15:03:42.907+0200] {processor.py:183} INFO - Processing /home/munya/.local/lib/python3.11/site-packages/airflow/example_dags/subdags/subdag.py took 0.043 seconds
[2024-05-10T15:04:55.340+0200] {processor.py:161} INFO - Started process (PID=15627) to work on /home/munya/.local/lib/python3.11/site-packages/airflow/example_dags/subdags/subdag.py
[2024-05-10T15:04:55.341+0200] {processor.py:830} INFO - Processing file /home/munya/.local/lib/python3.11/site-packages/airflow/example_dags/subdags/subdag.py for tasks to queue
[2024-05-10T15:04:55.343+0200] {logging_mixin.py:188} INFO - [2024-05-10T15:04:55.343+0200] {dagbag.py:540} INFO - Filling up the DagBag from /home/munya/.local/lib/python3.11/site-packages/airflow/example_dags/subdags/subdag.py
[2024-05-10T15:04:55.345+0200] {processor.py:842} WARNING - No viable dags retrieved from /home/munya/.local/lib/python3.11/site-packages/airflow/example_dags/subdags/subdag.py
[2024-05-10T15:04:55.509+0200] {processor.py:183} INFO - Processing /home/munya/.local/lib/python3.11/site-packages/airflow/example_dags/subdags/subdag.py took 0.176 seconds
[2024-05-10T15:06:09.399+0200] {processor.py:161} INFO - Started process (PID=17106) to work on /home/munya/.local/lib/python3.11/site-packages/airflow/example_dags/subdags/subdag.py
[2024-05-10T15:06:09.403+0200] {processor.py:830} INFO - Processing file /home/munya/.local/lib/python3.11/site-packages/airflow/example_dags/subdags/subdag.py for tasks to queue
[2024-05-10T15:06:09.410+0200] {logging_mixin.py:188} INFO - [2024-05-10T15:06:09.409+0200] {dagbag.py:540} INFO - Filling up the DagBag from /home/munya/.local/lib/python3.11/site-packages/airflow/example_dags/subdags/subdag.py
[2024-05-10T15:06:09.419+0200] {processor.py:842} WARNING - No viable dags retrieved from /home/munya/.local/lib/python3.11/site-packages/airflow/example_dags/subdags/subdag.py
[2024-05-10T15:06:09.460+0200] {processor.py:183} INFO - Processing /home/munya/.local/lib/python3.11/site-packages/airflow/example_dags/subdags/subdag.py took 0.087 seconds
[2024-05-10T15:07:19.208+0200] {processor.py:161} INFO - Started process (PID=18447) to work on /home/munya/.local/lib/python3.11/site-packages/airflow/example_dags/subdags/subdag.py
[2024-05-10T15:07:19.212+0200] {processor.py:830} INFO - Processing file /home/munya/.local/lib/python3.11/site-packages/airflow/example_dags/subdags/subdag.py for tasks to queue
[2024-05-10T15:07:19.219+0200] {logging_mixin.py:188} INFO - [2024-05-10T15:07:19.217+0200] {dagbag.py:540} INFO - Filling up the DagBag from /home/munya/.local/lib/python3.11/site-packages/airflow/example_dags/subdags/subdag.py
[2024-05-10T15:07:19.227+0200] {processor.py:842} WARNING - No viable dags retrieved from /home/munya/.local/lib/python3.11/site-packages/airflow/example_dags/subdags/subdag.py
[2024-05-10T15:07:19.279+0200] {processor.py:183} INFO - Processing /home/munya/.local/lib/python3.11/site-packages/airflow/example_dags/subdags/subdag.py took 0.102 seconds
[2024-05-10T15:08:33.594+0200] {processor.py:161} INFO - Started process (PID=20082) to work on /home/munya/.local/lib/python3.11/site-packages/airflow/example_dags/subdags/subdag.py
[2024-05-10T15:08:33.596+0200] {processor.py:830} INFO - Processing file /home/munya/.local/lib/python3.11/site-packages/airflow/example_dags/subdags/subdag.py for tasks to queue
[2024-05-10T15:08:33.599+0200] {logging_mixin.py:188} INFO - [2024-05-10T15:08:33.599+0200] {dagbag.py:540} INFO - Filling up the DagBag from /home/munya/.local/lib/python3.11/site-packages/airflow/example_dags/subdags/subdag.py
[2024-05-10T15:08:33.603+0200] {processor.py:842} WARNING - No viable dags retrieved from /home/munya/.local/lib/python3.11/site-packages/airflow/example_dags/subdags/subdag.py
[2024-05-10T15:08:33.619+0200] {processor.py:183} INFO - Processing /home/munya/.local/lib/python3.11/site-packages/airflow/example_dags/subdags/subdag.py took 0.035 seconds
[2024-05-10T15:13:10.987+0200] {processor.py:161} INFO - Started process (PID=21469) to work on /home/munya/.local/lib/python3.11/site-packages/airflow/example_dags/subdags/subdag.py
[2024-05-10T15:13:10.990+0200] {processor.py:830} INFO - Processing file /home/munya/.local/lib/python3.11/site-packages/airflow/example_dags/subdags/subdag.py for tasks to queue
[2024-05-10T15:13:10.996+0200] {logging_mixin.py:188} INFO - [2024-05-10T15:13:10.994+0200] {dagbag.py:540} INFO - Filling up the DagBag from /home/munya/.local/lib/python3.11/site-packages/airflow/example_dags/subdags/subdag.py
[2024-05-10T15:13:11.002+0200] {processor.py:842} WARNING - No viable dags retrieved from /home/munya/.local/lib/python3.11/site-packages/airflow/example_dags/subdags/subdag.py
[2024-05-10T15:13:11.019+0200] {processor.py:183} INFO - Processing /home/munya/.local/lib/python3.11/site-packages/airflow/example_dags/subdags/subdag.py took 0.058 seconds
[2024-05-10T15:14:10.109+0200] {processor.py:161} INFO - Started process (PID=22947) to work on /home/munya/.local/lib/python3.11/site-packages/airflow/example_dags/subdags/subdag.py
[2024-05-10T15:14:10.112+0200] {processor.py:830} INFO - Processing file /home/munya/.local/lib/python3.11/site-packages/airflow/example_dags/subdags/subdag.py for tasks to queue
[2024-05-10T15:14:10.119+0200] {logging_mixin.py:188} INFO - [2024-05-10T15:14:10.118+0200] {dagbag.py:540} INFO - Filling up the DagBag from /home/munya/.local/lib/python3.11/site-packages/airflow/example_dags/subdags/subdag.py
[2024-05-10T15:14:10.124+0200] {processor.py:842} WARNING - No viable dags retrieved from /home/munya/.local/lib/python3.11/site-packages/airflow/example_dags/subdags/subdag.py
[2024-05-10T15:14:10.151+0200] {processor.py:183} INFO - Processing /home/munya/.local/lib/python3.11/site-packages/airflow/example_dags/subdags/subdag.py took 0.059 seconds
[2024-05-10T15:15:29.849+0200] {processor.py:161} INFO - Started process (PID=24560) to work on /home/munya/.local/lib/python3.11/site-packages/airflow/example_dags/subdags/subdag.py
[2024-05-10T15:15:29.851+0200] {processor.py:830} INFO - Processing file /home/munya/.local/lib/python3.11/site-packages/airflow/example_dags/subdags/subdag.py for tasks to queue
[2024-05-10T15:15:29.856+0200] {logging_mixin.py:188} INFO - [2024-05-10T15:15:29.855+0200] {dagbag.py:540} INFO - Filling up the DagBag from /home/munya/.local/lib/python3.11/site-packages/airflow/example_dags/subdags/subdag.py
[2024-05-10T15:15:29.860+0200] {processor.py:842} WARNING - No viable dags retrieved from /home/munya/.local/lib/python3.11/site-packages/airflow/example_dags/subdags/subdag.py
[2024-05-10T15:15:29.885+0200] {processor.py:183} INFO - Processing /home/munya/.local/lib/python3.11/site-packages/airflow/example_dags/subdags/subdag.py took 0.051 seconds
[2024-05-10T15:16:47.975+0200] {processor.py:161} INFO - Started process (PID=26083) to work on /home/munya/.local/lib/python3.11/site-packages/airflow/example_dags/subdags/subdag.py
[2024-05-10T15:16:47.981+0200] {processor.py:830} INFO - Processing file /home/munya/.local/lib/python3.11/site-packages/airflow/example_dags/subdags/subdag.py for tasks to queue
[2024-05-10T15:16:47.994+0200] {logging_mixin.py:188} INFO - [2024-05-10T15:16:47.992+0200] {dagbag.py:540} INFO - Filling up the DagBag from /home/munya/.local/lib/python3.11/site-packages/airflow/example_dags/subdags/subdag.py
[2024-05-10T15:16:48.008+0200] {processor.py:842} WARNING - No viable dags retrieved from /home/munya/.local/lib/python3.11/site-packages/airflow/example_dags/subdags/subdag.py
[2024-05-10T15:16:48.078+0200] {processor.py:183} INFO - Processing /home/munya/.local/lib/python3.11/site-packages/airflow/example_dags/subdags/subdag.py took 0.141 seconds
[2024-05-10T15:18:10.240+0200] {processor.py:161} INFO - Started process (PID=27735) to work on /home/munya/.local/lib/python3.11/site-packages/airflow/example_dags/subdags/subdag.py
[2024-05-10T15:18:10.244+0200] {processor.py:830} INFO - Processing file /home/munya/.local/lib/python3.11/site-packages/airflow/example_dags/subdags/subdag.py for tasks to queue
[2024-05-10T15:18:10.253+0200] {logging_mixin.py:188} INFO - [2024-05-10T15:18:10.251+0200] {dagbag.py:540} INFO - Filling up the DagBag from /home/munya/.local/lib/python3.11/site-packages/airflow/example_dags/subdags/subdag.py
[2024-05-10T15:18:10.262+0200] {processor.py:842} WARNING - No viable dags retrieved from /home/munya/.local/lib/python3.11/site-packages/airflow/example_dags/subdags/subdag.py
[2024-05-10T15:18:10.304+0200] {processor.py:183} INFO - Processing /home/munya/.local/lib/python3.11/site-packages/airflow/example_dags/subdags/subdag.py took 0.092 seconds
[2024-05-10T15:19:31.379+0200] {processor.py:161} INFO - Started process (PID=29332) to work on /home/munya/.local/lib/python3.11/site-packages/airflow/example_dags/subdags/subdag.py
[2024-05-10T15:19:31.382+0200] {processor.py:830} INFO - Processing file /home/munya/.local/lib/python3.11/site-packages/airflow/example_dags/subdags/subdag.py for tasks to queue
[2024-05-10T15:19:31.390+0200] {logging_mixin.py:188} INFO - [2024-05-10T15:19:31.388+0200] {dagbag.py:540} INFO - Filling up the DagBag from /home/munya/.local/lib/python3.11/site-packages/airflow/example_dags/subdags/subdag.py
[2024-05-10T15:19:31.398+0200] {processor.py:842} WARNING - No viable dags retrieved from /home/munya/.local/lib/python3.11/site-packages/airflow/example_dags/subdags/subdag.py
[2024-05-10T15:19:31.442+0200] {processor.py:183} INFO - Processing /home/munya/.local/lib/python3.11/site-packages/airflow/example_dags/subdags/subdag.py took 0.089 seconds
[2024-05-10T15:20:49.903+0200] {processor.py:161} INFO - Started process (PID=30873) to work on /home/munya/.local/lib/python3.11/site-packages/airflow/example_dags/subdags/subdag.py
[2024-05-10T15:20:49.905+0200] {processor.py:830} INFO - Processing file /home/munya/.local/lib/python3.11/site-packages/airflow/example_dags/subdags/subdag.py for tasks to queue
[2024-05-10T15:20:49.910+0200] {logging_mixin.py:188} INFO - [2024-05-10T15:20:49.909+0200] {dagbag.py:540} INFO - Filling up the DagBag from /home/munya/.local/lib/python3.11/site-packages/airflow/example_dags/subdags/subdag.py
[2024-05-10T15:20:49.916+0200] {processor.py:842} WARNING - No viable dags retrieved from /home/munya/.local/lib/python3.11/site-packages/airflow/example_dags/subdags/subdag.py
[2024-05-10T15:20:49.942+0200] {processor.py:183} INFO - Processing /home/munya/.local/lib/python3.11/site-packages/airflow/example_dags/subdags/subdag.py took 0.053 seconds
[2024-05-10T15:22:11.138+0200] {processor.py:161} INFO - Started process (PID=32475) to work on /home/munya/.local/lib/python3.11/site-packages/airflow/example_dags/subdags/subdag.py
[2024-05-10T15:22:11.141+0200] {processor.py:830} INFO - Processing file /home/munya/.local/lib/python3.11/site-packages/airflow/example_dags/subdags/subdag.py for tasks to queue
[2024-05-10T15:22:11.150+0200] {logging_mixin.py:188} INFO - [2024-05-10T15:22:11.149+0200] {dagbag.py:540} INFO - Filling up the DagBag from /home/munya/.local/lib/python3.11/site-packages/airflow/example_dags/subdags/subdag.py
[2024-05-10T15:22:11.156+0200] {processor.py:842} WARNING - No viable dags retrieved from /home/munya/.local/lib/python3.11/site-packages/airflow/example_dags/subdags/subdag.py
[2024-05-10T15:22:11.187+0200] {processor.py:183} INFO - Processing /home/munya/.local/lib/python3.11/site-packages/airflow/example_dags/subdags/subdag.py took 0.073 seconds
[2024-05-10T15:23:31.919+0200] {processor.py:161} INFO - Started process (PID=34090) to work on /home/munya/.local/lib/python3.11/site-packages/airflow/example_dags/subdags/subdag.py
[2024-05-10T15:23:31.920+0200] {processor.py:830} INFO - Processing file /home/munya/.local/lib/python3.11/site-packages/airflow/example_dags/subdags/subdag.py for tasks to queue
[2024-05-10T15:23:31.923+0200] {logging_mixin.py:188} INFO - [2024-05-10T15:23:31.922+0200] {dagbag.py:540} INFO - Filling up the DagBag from /home/munya/.local/lib/python3.11/site-packages/airflow/example_dags/subdags/subdag.py
[2024-05-10T15:23:31.927+0200] {processor.py:842} WARNING - No viable dags retrieved from /home/munya/.local/lib/python3.11/site-packages/airflow/example_dags/subdags/subdag.py
[2024-05-10T15:23:31.943+0200] {processor.py:183} INFO - Processing /home/munya/.local/lib/python3.11/site-packages/airflow/example_dags/subdags/subdag.py took 0.034 seconds
[2024-05-10T15:24:48.790+0200] {processor.py:161} INFO - Started process (PID=35616) to work on /home/munya/.local/lib/python3.11/site-packages/airflow/example_dags/subdags/subdag.py
[2024-05-10T15:24:48.794+0200] {processor.py:830} INFO - Processing file /home/munya/.local/lib/python3.11/site-packages/airflow/example_dags/subdags/subdag.py for tasks to queue
[2024-05-10T15:24:48.800+0200] {logging_mixin.py:188} INFO - [2024-05-10T15:24:48.799+0200] {dagbag.py:540} INFO - Filling up the DagBag from /home/munya/.local/lib/python3.11/site-packages/airflow/example_dags/subdags/subdag.py
[2024-05-10T15:24:48.808+0200] {processor.py:842} WARNING - No viable dags retrieved from /home/munya/.local/lib/python3.11/site-packages/airflow/example_dags/subdags/subdag.py
[2024-05-10T15:24:48.843+0200] {processor.py:183} INFO - Processing /home/munya/.local/lib/python3.11/site-packages/airflow/example_dags/subdags/subdag.py took 0.074 seconds
[2024-05-10T15:26:14.591+0200] {processor.py:161} INFO - Started process (PID=37315) to work on /home/munya/.local/lib/python3.11/site-packages/airflow/example_dags/subdags/subdag.py
[2024-05-10T15:26:14.596+0200] {processor.py:830} INFO - Processing file /home/munya/.local/lib/python3.11/site-packages/airflow/example_dags/subdags/subdag.py for tasks to queue
[2024-05-10T15:26:14.609+0200] {logging_mixin.py:188} INFO - [2024-05-10T15:26:14.606+0200] {dagbag.py:540} INFO - Filling up the DagBag from /home/munya/.local/lib/python3.11/site-packages/airflow/example_dags/subdags/subdag.py
[2024-05-10T15:26:14.630+0200] {processor.py:842} WARNING - No viable dags retrieved from /home/munya/.local/lib/python3.11/site-packages/airflow/example_dags/subdags/subdag.py
[2024-05-10T15:26:14.698+0200] {processor.py:183} INFO - Processing /home/munya/.local/lib/python3.11/site-packages/airflow/example_dags/subdags/subdag.py took 0.128 seconds
[2024-05-10T15:27:36.229+0200] {processor.py:161} INFO - Started process (PID=38939) to work on /home/munya/.local/lib/python3.11/site-packages/airflow/example_dags/subdags/subdag.py
[2024-05-10T15:27:36.231+0200] {processor.py:830} INFO - Processing file /home/munya/.local/lib/python3.11/site-packages/airflow/example_dags/subdags/subdag.py for tasks to queue
[2024-05-10T15:27:36.234+0200] {logging_mixin.py:188} INFO - [2024-05-10T15:27:36.233+0200] {dagbag.py:540} INFO - Filling up the DagBag from /home/munya/.local/lib/python3.11/site-packages/airflow/example_dags/subdags/subdag.py
[2024-05-10T15:27:36.238+0200] {processor.py:842} WARNING - No viable dags retrieved from /home/munya/.local/lib/python3.11/site-packages/airflow/example_dags/subdags/subdag.py
[2024-05-10T15:27:36.258+0200] {processor.py:183} INFO - Processing /home/munya/.local/lib/python3.11/site-packages/airflow/example_dags/subdags/subdag.py took 0.039 seconds
[2024-05-10T15:28:58.994+0200] {processor.py:161} INFO - Started process (PID=40584) to work on /home/munya/.local/lib/python3.11/site-packages/airflow/example_dags/subdags/subdag.py
[2024-05-10T15:28:58.997+0200] {processor.py:830} INFO - Processing file /home/munya/.local/lib/python3.11/site-packages/airflow/example_dags/subdags/subdag.py for tasks to queue
[2024-05-10T15:28:59.003+0200] {logging_mixin.py:188} INFO - [2024-05-10T15:28:59.002+0200] {dagbag.py:540} INFO - Filling up the DagBag from /home/munya/.local/lib/python3.11/site-packages/airflow/example_dags/subdags/subdag.py
[2024-05-10T15:28:59.010+0200] {processor.py:842} WARNING - No viable dags retrieved from /home/munya/.local/lib/python3.11/site-packages/airflow/example_dags/subdags/subdag.py
[2024-05-10T15:28:59.050+0200] {processor.py:183} INFO - Processing /home/munya/.local/lib/python3.11/site-packages/airflow/example_dags/subdags/subdag.py took 0.078 seconds
[2024-05-10T15:30:22.726+0200] {processor.py:161} INFO - Started process (PID=42238) to work on /home/munya/.local/lib/python3.11/site-packages/airflow/example_dags/subdags/subdag.py
[2024-05-10T15:30:22.729+0200] {processor.py:830} INFO - Processing file /home/munya/.local/lib/python3.11/site-packages/airflow/example_dags/subdags/subdag.py for tasks to queue
[2024-05-10T15:30:22.735+0200] {logging_mixin.py:188} INFO - [2024-05-10T15:30:22.733+0200] {dagbag.py:540} INFO - Filling up the DagBag from /home/munya/.local/lib/python3.11/site-packages/airflow/example_dags/subdags/subdag.py
[2024-05-10T15:30:22.742+0200] {processor.py:842} WARNING - No viable dags retrieved from /home/munya/.local/lib/python3.11/site-packages/airflow/example_dags/subdags/subdag.py
[2024-05-10T15:30:22.780+0200] {processor.py:183} INFO - Processing /home/munya/.local/lib/python3.11/site-packages/airflow/example_dags/subdags/subdag.py took 0.077 seconds
[2024-05-10T15:31:40.223+0200] {processor.py:161} INFO - Started process (PID=43801) to work on /home/munya/.local/lib/python3.11/site-packages/airflow/example_dags/subdags/subdag.py
[2024-05-10T15:31:40.225+0200] {processor.py:830} INFO - Processing file /home/munya/.local/lib/python3.11/site-packages/airflow/example_dags/subdags/subdag.py for tasks to queue
[2024-05-10T15:31:40.232+0200] {logging_mixin.py:188} INFO - [2024-05-10T15:31:40.231+0200] {dagbag.py:540} INFO - Filling up the DagBag from /home/munya/.local/lib/python3.11/site-packages/airflow/example_dags/subdags/subdag.py
[2024-05-10T15:31:40.239+0200] {processor.py:842} WARNING - No viable dags retrieved from /home/munya/.local/lib/python3.11/site-packages/airflow/example_dags/subdags/subdag.py
[2024-05-10T15:31:40.276+0200] {processor.py:183} INFO - Processing /home/munya/.local/lib/python3.11/site-packages/airflow/example_dags/subdags/subdag.py took 0.075 seconds
[2024-05-10T15:32:57.425+0200] {processor.py:161} INFO - Started process (PID=45355) to work on /home/munya/.local/lib/python3.11/site-packages/airflow/example_dags/subdags/subdag.py
[2024-05-10T15:32:57.428+0200] {processor.py:830} INFO - Processing file /home/munya/.local/lib/python3.11/site-packages/airflow/example_dags/subdags/subdag.py for tasks to queue
[2024-05-10T15:32:57.432+0200] {logging_mixin.py:188} INFO - [2024-05-10T15:32:57.431+0200] {dagbag.py:540} INFO - Filling up the DagBag from /home/munya/.local/lib/python3.11/site-packages/airflow/example_dags/subdags/subdag.py
[2024-05-10T15:32:57.437+0200] {processor.py:842} WARNING - No viable dags retrieved from /home/munya/.local/lib/python3.11/site-packages/airflow/example_dags/subdags/subdag.py
[2024-05-10T15:32:57.458+0200] {processor.py:183} INFO - Processing /home/munya/.local/lib/python3.11/site-packages/airflow/example_dags/subdags/subdag.py took 0.044 seconds
[2024-05-10T15:34:18.964+0200] {processor.py:161} INFO - Started process (PID=46941) to work on /home/munya/.local/lib/python3.11/site-packages/airflow/example_dags/subdags/subdag.py
[2024-05-10T15:34:18.966+0200] {processor.py:830} INFO - Processing file /home/munya/.local/lib/python3.11/site-packages/airflow/example_dags/subdags/subdag.py for tasks to queue
[2024-05-10T15:34:18.970+0200] {logging_mixin.py:188} INFO - [2024-05-10T15:34:18.969+0200] {dagbag.py:540} INFO - Filling up the DagBag from /home/munya/.local/lib/python3.11/site-packages/airflow/example_dags/subdags/subdag.py
[2024-05-10T15:34:18.974+0200] {processor.py:842} WARNING - No viable dags retrieved from /home/munya/.local/lib/python3.11/site-packages/airflow/example_dags/subdags/subdag.py
[2024-05-10T15:34:18.993+0200] {processor.py:183} INFO - Processing /home/munya/.local/lib/python3.11/site-packages/airflow/example_dags/subdags/subdag.py took 0.041 seconds
[2024-05-10T15:35:38.038+0200] {processor.py:161} INFO - Started process (PID=48525) to work on /home/munya/.local/lib/python3.11/site-packages/airflow/example_dags/subdags/subdag.py
[2024-05-10T15:35:38.041+0200] {processor.py:830} INFO - Processing file /home/munya/.local/lib/python3.11/site-packages/airflow/example_dags/subdags/subdag.py for tasks to queue
[2024-05-10T15:35:38.049+0200] {logging_mixin.py:188} INFO - [2024-05-10T15:35:38.047+0200] {dagbag.py:540} INFO - Filling up the DagBag from /home/munya/.local/lib/python3.11/site-packages/airflow/example_dags/subdags/subdag.py
[2024-05-10T15:35:38.057+0200] {processor.py:842} WARNING - No viable dags retrieved from /home/munya/.local/lib/python3.11/site-packages/airflow/example_dags/subdags/subdag.py
[2024-05-10T15:35:38.101+0200] {processor.py:183} INFO - Processing /home/munya/.local/lib/python3.11/site-packages/airflow/example_dags/subdags/subdag.py took 0.084 seconds
[2024-05-10T15:37:00.940+0200] {processor.py:161} INFO - Started process (PID=50174) to work on /home/munya/.local/lib/python3.11/site-packages/airflow/example_dags/subdags/subdag.py
[2024-05-10T15:37:00.942+0200] {processor.py:830} INFO - Processing file /home/munya/.local/lib/python3.11/site-packages/airflow/example_dags/subdags/subdag.py for tasks to queue
[2024-05-10T15:37:00.946+0200] {logging_mixin.py:188} INFO - [2024-05-10T15:37:00.945+0200] {dagbag.py:540} INFO - Filling up the DagBag from /home/munya/.local/lib/python3.11/site-packages/airflow/example_dags/subdags/subdag.py
[2024-05-10T15:37:00.950+0200] {processor.py:842} WARNING - No viable dags retrieved from /home/munya/.local/lib/python3.11/site-packages/airflow/example_dags/subdags/subdag.py
[2024-05-10T15:37:00.967+0200] {processor.py:183} INFO - Processing /home/munya/.local/lib/python3.11/site-packages/airflow/example_dags/subdags/subdag.py took 0.038 seconds
[2024-05-10T15:38:31.097+0200] {processor.py:161} INFO - Started process (PID=51938) to work on /home/munya/.local/lib/python3.11/site-packages/airflow/example_dags/subdags/subdag.py
[2024-05-10T15:38:31.100+0200] {processor.py:830} INFO - Processing file /home/munya/.local/lib/python3.11/site-packages/airflow/example_dags/subdags/subdag.py for tasks to queue
[2024-05-10T15:38:31.108+0200] {logging_mixin.py:188} INFO - [2024-05-10T15:38:31.106+0200] {dagbag.py:540} INFO - Filling up the DagBag from /home/munya/.local/lib/python3.11/site-packages/airflow/example_dags/subdags/subdag.py
[2024-05-10T15:38:31.118+0200] {processor.py:842} WARNING - No viable dags retrieved from /home/munya/.local/lib/python3.11/site-packages/airflow/example_dags/subdags/subdag.py
[2024-05-10T15:38:31.162+0200] {processor.py:183} INFO - Processing /home/munya/.local/lib/python3.11/site-packages/airflow/example_dags/subdags/subdag.py took 0.091 seconds
[2024-05-10T15:39:16.535+0200] {processor.py:161} INFO - Started process (PID=52874) to work on /home/munya/.local/lib/python3.11/site-packages/airflow/example_dags/subdags/subdag.py
[2024-05-10T15:39:16.539+0200] {processor.py:830} INFO - Processing file /home/munya/.local/lib/python3.11/site-packages/airflow/example_dags/subdags/subdag.py for tasks to queue
[2024-05-10T15:39:16.556+0200] {logging_mixin.py:188} INFO - [2024-05-10T15:39:16.553+0200] {dagbag.py:540} INFO - Filling up the DagBag from /home/munya/.local/lib/python3.11/site-packages/airflow/example_dags/subdags/subdag.py
[2024-05-10T15:39:16.568+0200] {processor.py:842} WARNING - No viable dags retrieved from /home/munya/.local/lib/python3.11/site-packages/airflow/example_dags/subdags/subdag.py
[2024-05-10T15:39:16.616+0200] {processor.py:183} INFO - Processing /home/munya/.local/lib/python3.11/site-packages/airflow/example_dags/subdags/subdag.py took 0.112 seconds
[2024-05-10T15:40:04.760+0200] {processor.py:161} INFO - Started process (PID=53826) to work on /home/munya/.local/lib/python3.11/site-packages/airflow/example_dags/subdags/subdag.py
[2024-05-10T15:40:04.766+0200] {processor.py:830} INFO - Processing file /home/munya/.local/lib/python3.11/site-packages/airflow/example_dags/subdags/subdag.py for tasks to queue
[2024-05-10T15:40:04.776+0200] {logging_mixin.py:188} INFO - [2024-05-10T15:40:04.774+0200] {dagbag.py:540} INFO - Filling up the DagBag from /home/munya/.local/lib/python3.11/site-packages/airflow/example_dags/subdags/subdag.py
[2024-05-10T15:40:04.788+0200] {processor.py:842} WARNING - No viable dags retrieved from /home/munya/.local/lib/python3.11/site-packages/airflow/example_dags/subdags/subdag.py
[2024-05-10T15:40:04.843+0200] {processor.py:183} INFO - Processing /home/munya/.local/lib/python3.11/site-packages/airflow/example_dags/subdags/subdag.py took 0.117 seconds
[2024-05-10T15:41:29.084+0200] {processor.py:161} INFO - Started process (PID=55455) to work on /home/munya/.local/lib/python3.11/site-packages/airflow/example_dags/subdags/subdag.py
[2024-05-10T15:41:29.087+0200] {processor.py:830} INFO - Processing file /home/munya/.local/lib/python3.11/site-packages/airflow/example_dags/subdags/subdag.py for tasks to queue
[2024-05-10T15:41:29.092+0200] {logging_mixin.py:188} INFO - [2024-05-10T15:41:29.090+0200] {dagbag.py:540} INFO - Filling up the DagBag from /home/munya/.local/lib/python3.11/site-packages/airflow/example_dags/subdags/subdag.py
[2024-05-10T15:41:29.101+0200] {processor.py:842} WARNING - No viable dags retrieved from /home/munya/.local/lib/python3.11/site-packages/airflow/example_dags/subdags/subdag.py
[2024-05-10T15:41:29.124+0200] {processor.py:183} INFO - Processing /home/munya/.local/lib/python3.11/site-packages/airflow/example_dags/subdags/subdag.py took 0.056 seconds
[2024-05-10T15:42:17.829+0200] {processor.py:161} INFO - Started process (PID=56440) to work on /home/munya/.local/lib/python3.11/site-packages/airflow/example_dags/subdags/subdag.py
[2024-05-10T15:42:17.834+0200] {processor.py:830} INFO - Processing file /home/munya/.local/lib/python3.11/site-packages/airflow/example_dags/subdags/subdag.py for tasks to queue
[2024-05-10T15:42:17.848+0200] {logging_mixin.py:188} INFO - [2024-05-10T15:42:17.846+0200] {dagbag.py:540} INFO - Filling up the DagBag from /home/munya/.local/lib/python3.11/site-packages/airflow/example_dags/subdags/subdag.py
[2024-05-10T15:42:17.858+0200] {processor.py:842} WARNING - No viable dags retrieved from /home/munya/.local/lib/python3.11/site-packages/airflow/example_dags/subdags/subdag.py
[2024-05-10T15:42:17.910+0200] {processor.py:183} INFO - Processing /home/munya/.local/lib/python3.11/site-packages/airflow/example_dags/subdags/subdag.py took 0.112 seconds
[2024-05-10T15:43:33.493+0200] {processor.py:161} INFO - Started process (PID=57961) to work on /home/munya/.local/lib/python3.11/site-packages/airflow/example_dags/subdags/subdag.py
[2024-05-10T15:43:33.494+0200] {processor.py:830} INFO - Processing file /home/munya/.local/lib/python3.11/site-packages/airflow/example_dags/subdags/subdag.py for tasks to queue
[2024-05-10T15:43:33.498+0200] {logging_mixin.py:188} INFO - [2024-05-10T15:43:33.497+0200] {dagbag.py:540} INFO - Filling up the DagBag from /home/munya/.local/lib/python3.11/site-packages/airflow/example_dags/subdags/subdag.py
[2024-05-10T15:43:33.502+0200] {processor.py:842} WARNING - No viable dags retrieved from /home/munya/.local/lib/python3.11/site-packages/airflow/example_dags/subdags/subdag.py
[2024-05-10T15:43:33.523+0200] {processor.py:183} INFO - Processing /home/munya/.local/lib/python3.11/site-packages/airflow/example_dags/subdags/subdag.py took 0.044 seconds
[2024-05-10T15:44:46.493+0200] {processor.py:161} INFO - Started process (PID=59441) to work on /home/munya/.local/lib/python3.11/site-packages/airflow/example_dags/subdags/subdag.py
[2024-05-10T15:44:46.494+0200] {processor.py:830} INFO - Processing file /home/munya/.local/lib/python3.11/site-packages/airflow/example_dags/subdags/subdag.py for tasks to queue
[2024-05-10T15:44:46.497+0200] {logging_mixin.py:188} INFO - [2024-05-10T15:44:46.497+0200] {dagbag.py:540} INFO - Filling up the DagBag from /home/munya/.local/lib/python3.11/site-packages/airflow/example_dags/subdags/subdag.py
[2024-05-10T15:44:46.501+0200] {processor.py:842} WARNING - No viable dags retrieved from /home/munya/.local/lib/python3.11/site-packages/airflow/example_dags/subdags/subdag.py
[2024-05-10T15:44:46.523+0200] {processor.py:183} INFO - Processing /home/munya/.local/lib/python3.11/site-packages/airflow/example_dags/subdags/subdag.py took 0.041 seconds
[2024-05-10T15:45:32.768+0200] {processor.py:161} INFO - Started process (PID=60342) to work on /home/munya/.local/lib/python3.11/site-packages/airflow/example_dags/subdags/subdag.py
[2024-05-10T15:45:32.771+0200] {processor.py:830} INFO - Processing file /home/munya/.local/lib/python3.11/site-packages/airflow/example_dags/subdags/subdag.py for tasks to queue
[2024-05-10T15:45:32.782+0200] {logging_mixin.py:188} INFO - [2024-05-10T15:45:32.780+0200] {dagbag.py:540} INFO - Filling up the DagBag from /home/munya/.local/lib/python3.11/site-packages/airflow/example_dags/subdags/subdag.py
[2024-05-10T15:45:32.794+0200] {processor.py:842} WARNING - No viable dags retrieved from /home/munya/.local/lib/python3.11/site-packages/airflow/example_dags/subdags/subdag.py
[2024-05-10T15:45:32.824+0200] {processor.py:183} INFO - Processing /home/munya/.local/lib/python3.11/site-packages/airflow/example_dags/subdags/subdag.py took 0.089 seconds
[2024-05-10T15:46:54.483+0200] {processor.py:161} INFO - Started process (PID=61993) to work on /home/munya/.local/lib/python3.11/site-packages/airflow/example_dags/subdags/subdag.py
[2024-05-10T15:46:54.486+0200] {processor.py:830} INFO - Processing file /home/munya/.local/lib/python3.11/site-packages/airflow/example_dags/subdags/subdag.py for tasks to queue
[2024-05-10T15:46:54.491+0200] {logging_mixin.py:188} INFO - [2024-05-10T15:46:54.490+0200] {dagbag.py:540} INFO - Filling up the DagBag from /home/munya/.local/lib/python3.11/site-packages/airflow/example_dags/subdags/subdag.py
[2024-05-10T15:46:54.498+0200] {processor.py:842} WARNING - No viable dags retrieved from /home/munya/.local/lib/python3.11/site-packages/airflow/example_dags/subdags/subdag.py
[2024-05-10T15:46:54.527+0200] {processor.py:183} INFO - Processing /home/munya/.local/lib/python3.11/site-packages/airflow/example_dags/subdags/subdag.py took 0.069 seconds
[2024-05-10T15:48:13.652+0200] {processor.py:161} INFO - Started process (PID=63542) to work on /home/munya/.local/lib/python3.11/site-packages/airflow/example_dags/subdags/subdag.py
[2024-05-10T15:48:13.657+0200] {processor.py:830} INFO - Processing file /home/munya/.local/lib/python3.11/site-packages/airflow/example_dags/subdags/subdag.py for tasks to queue
[2024-05-10T15:48:13.667+0200] {logging_mixin.py:188} INFO - [2024-05-10T15:48:13.665+0200] {dagbag.py:540} INFO - Filling up the DagBag from /home/munya/.local/lib/python3.11/site-packages/airflow/example_dags/subdags/subdag.py
[2024-05-10T15:48:13.679+0200] {processor.py:842} WARNING - No viable dags retrieved from /home/munya/.local/lib/python3.11/site-packages/airflow/example_dags/subdags/subdag.py
[2024-05-10T15:48:13.736+0200] {processor.py:183} INFO - Processing /home/munya/.local/lib/python3.11/site-packages/airflow/example_dags/subdags/subdag.py took 0.121 seconds
[2024-05-10T15:49:37.312+0200] {processor.py:161} INFO - Started process (PID=65207) to work on /home/munya/.local/lib/python3.11/site-packages/airflow/example_dags/subdags/subdag.py
[2024-05-10T15:49:37.317+0200] {processor.py:830} INFO - Processing file /home/munya/.local/lib/python3.11/site-packages/airflow/example_dags/subdags/subdag.py for tasks to queue
[2024-05-10T15:49:37.325+0200] {logging_mixin.py:188} INFO - [2024-05-10T15:49:37.324+0200] {dagbag.py:540} INFO - Filling up the DagBag from /home/munya/.local/lib/python3.11/site-packages/airflow/example_dags/subdags/subdag.py
[2024-05-10T15:49:37.333+0200] {processor.py:842} WARNING - No viable dags retrieved from /home/munya/.local/lib/python3.11/site-packages/airflow/example_dags/subdags/subdag.py
[2024-05-10T15:49:37.364+0200] {processor.py:183} INFO - Processing /home/munya/.local/lib/python3.11/site-packages/airflow/example_dags/subdags/subdag.py took 0.067 seconds
[2024-05-10T15:50:54.810+0200] {processor.py:161} INFO - Started process (PID=66776) to work on /home/munya/.local/lib/python3.11/site-packages/airflow/example_dags/subdags/subdag.py
[2024-05-10T15:50:54.811+0200] {processor.py:830} INFO - Processing file /home/munya/.local/lib/python3.11/site-packages/airflow/example_dags/subdags/subdag.py for tasks to queue
[2024-05-10T15:50:54.815+0200] {logging_mixin.py:188} INFO - [2024-05-10T15:50:54.814+0200] {dagbag.py:540} INFO - Filling up the DagBag from /home/munya/.local/lib/python3.11/site-packages/airflow/example_dags/subdags/subdag.py
[2024-05-10T15:50:54.819+0200] {processor.py:842} WARNING - No viable dags retrieved from /home/munya/.local/lib/python3.11/site-packages/airflow/example_dags/subdags/subdag.py
[2024-05-10T15:50:54.838+0200] {processor.py:183} INFO - Processing /home/munya/.local/lib/python3.11/site-packages/airflow/example_dags/subdags/subdag.py took 0.041 seconds
[2024-05-10T15:52:14.032+0200] {processor.py:161} INFO - Started process (PID=68321) to work on /home/munya/.local/lib/python3.11/site-packages/airflow/example_dags/subdags/subdag.py
[2024-05-10T15:52:14.035+0200] {processor.py:830} INFO - Processing file /home/munya/.local/lib/python3.11/site-packages/airflow/example_dags/subdags/subdag.py for tasks to queue
[2024-05-10T15:52:14.043+0200] {logging_mixin.py:188} INFO - [2024-05-10T15:52:14.041+0200] {dagbag.py:540} INFO - Filling up the DagBag from /home/munya/.local/lib/python3.11/site-packages/airflow/example_dags/subdags/subdag.py
[2024-05-10T15:52:14.051+0200] {processor.py:842} WARNING - No viable dags retrieved from /home/munya/.local/lib/python3.11/site-packages/airflow/example_dags/subdags/subdag.py
[2024-05-10T15:52:14.093+0200] {processor.py:183} INFO - Processing /home/munya/.local/lib/python3.11/site-packages/airflow/example_dags/subdags/subdag.py took 0.089 seconds
[2024-05-10T15:53:32.852+0200] {processor.py:161} INFO - Started process (PID=69888) to work on /home/munya/.local/lib/python3.11/site-packages/airflow/example_dags/subdags/subdag.py
[2024-05-10T15:53:32.854+0200] {processor.py:830} INFO - Processing file /home/munya/.local/lib/python3.11/site-packages/airflow/example_dags/subdags/subdag.py for tasks to queue
[2024-05-10T15:53:32.858+0200] {logging_mixin.py:188} INFO - [2024-05-10T15:53:32.857+0200] {dagbag.py:540} INFO - Filling up the DagBag from /home/munya/.local/lib/python3.11/site-packages/airflow/example_dags/subdags/subdag.py
[2024-05-10T15:53:32.861+0200] {processor.py:842} WARNING - No viable dags retrieved from /home/munya/.local/lib/python3.11/site-packages/airflow/example_dags/subdags/subdag.py
[2024-05-10T15:53:32.880+0200] {processor.py:183} INFO - Processing /home/munya/.local/lib/python3.11/site-packages/airflow/example_dags/subdags/subdag.py took 0.039 seconds
[2024-05-10T15:54:48.461+0200] {processor.py:161} INFO - Started process (PID=71390) to work on /home/munya/.local/lib/python3.11/site-packages/airflow/example_dags/subdags/subdag.py
[2024-05-10T15:54:48.462+0200] {processor.py:830} INFO - Processing file /home/munya/.local/lib/python3.11/site-packages/airflow/example_dags/subdags/subdag.py for tasks to queue
[2024-05-10T15:54:48.465+0200] {logging_mixin.py:188} INFO - [2024-05-10T15:54:48.465+0200] {dagbag.py:540} INFO - Filling up the DagBag from /home/munya/.local/lib/python3.11/site-packages/airflow/example_dags/subdags/subdag.py
[2024-05-10T15:54:48.469+0200] {processor.py:842} WARNING - No viable dags retrieved from /home/munya/.local/lib/python3.11/site-packages/airflow/example_dags/subdags/subdag.py
[2024-05-10T15:54:48.487+0200] {processor.py:183} INFO - Processing /home/munya/.local/lib/python3.11/site-packages/airflow/example_dags/subdags/subdag.py took 0.037 seconds
[2024-05-10T15:56:09.949+0200] {processor.py:161} INFO - Started process (PID=72989) to work on /home/munya/.local/lib/python3.11/site-packages/airflow/example_dags/subdags/subdag.py
[2024-05-10T15:56:09.952+0200] {processor.py:830} INFO - Processing file /home/munya/.local/lib/python3.11/site-packages/airflow/example_dags/subdags/subdag.py for tasks to queue
[2024-05-10T15:56:09.960+0200] {logging_mixin.py:188} INFO - [2024-05-10T15:56:09.958+0200] {dagbag.py:540} INFO - Filling up the DagBag from /home/munya/.local/lib/python3.11/site-packages/airflow/example_dags/subdags/subdag.py
[2024-05-10T15:56:09.969+0200] {processor.py:842} WARNING - No viable dags retrieved from /home/munya/.local/lib/python3.11/site-packages/airflow/example_dags/subdags/subdag.py
[2024-05-10T15:56:10.019+0200] {processor.py:183} INFO - Processing /home/munya/.local/lib/python3.11/site-packages/airflow/example_dags/subdags/subdag.py took 0.098 seconds
[2024-05-10T15:57:30.867+0200] {processor.py:161} INFO - Started process (PID=74596) to work on /home/munya/.local/lib/python3.11/site-packages/airflow/example_dags/subdags/subdag.py
[2024-05-10T15:57:30.871+0200] {processor.py:830} INFO - Processing file /home/munya/.local/lib/python3.11/site-packages/airflow/example_dags/subdags/subdag.py for tasks to queue
[2024-05-10T15:57:30.877+0200] {logging_mixin.py:188} INFO - [2024-05-10T15:57:30.876+0200] {dagbag.py:540} INFO - Filling up the DagBag from /home/munya/.local/lib/python3.11/site-packages/airflow/example_dags/subdags/subdag.py
[2024-05-10T15:57:30.885+0200] {processor.py:842} WARNING - No viable dags retrieved from /home/munya/.local/lib/python3.11/site-packages/airflow/example_dags/subdags/subdag.py
[2024-05-10T15:57:30.921+0200] {processor.py:183} INFO - Processing /home/munya/.local/lib/python3.11/site-packages/airflow/example_dags/subdags/subdag.py took 0.078 seconds
[2024-05-10T15:58:44.851+0200] {processor.py:161} INFO - Started process (PID=76047) to work on /home/munya/.local/lib/python3.11/site-packages/airflow/example_dags/subdags/subdag.py
[2024-05-10T15:58:44.855+0200] {processor.py:830} INFO - Processing file /home/munya/.local/lib/python3.11/site-packages/airflow/example_dags/subdags/subdag.py for tasks to queue
[2024-05-10T15:58:44.866+0200] {logging_mixin.py:188} INFO - [2024-05-10T15:58:44.863+0200] {dagbag.py:540} INFO - Filling up the DagBag from /home/munya/.local/lib/python3.11/site-packages/airflow/example_dags/subdags/subdag.py
[2024-05-10T15:58:44.878+0200] {processor.py:842} WARNING - No viable dags retrieved from /home/munya/.local/lib/python3.11/site-packages/airflow/example_dags/subdags/subdag.py
[2024-05-10T15:58:44.934+0200] {processor.py:183} INFO - Processing /home/munya/.local/lib/python3.11/site-packages/airflow/example_dags/subdags/subdag.py took 0.118 seconds
[2024-05-10T16:00:34.435+0200] {processor.py:161} INFO - Started process (PID=78249) to work on /home/munya/.local/lib/python3.11/site-packages/airflow/example_dags/subdags/subdag.py
[2024-05-10T16:00:34.441+0200] {processor.py:830} INFO - Processing file /home/munya/.local/lib/python3.11/site-packages/airflow/example_dags/subdags/subdag.py for tasks to queue
[2024-05-10T16:00:34.451+0200] {logging_mixin.py:188} INFO - [2024-05-10T16:00:34.450+0200] {dagbag.py:540} INFO - Filling up the DagBag from /home/munya/.local/lib/python3.11/site-packages/airflow/example_dags/subdags/subdag.py
[2024-05-10T16:00:34.455+0200] {processor.py:842} WARNING - No viable dags retrieved from /home/munya/.local/lib/python3.11/site-packages/airflow/example_dags/subdags/subdag.py
[2024-05-10T16:00:34.475+0200] {processor.py:183} INFO - Processing /home/munya/.local/lib/python3.11/site-packages/airflow/example_dags/subdags/subdag.py took 0.060 seconds
[2024-05-10T16:01:55.586+0200] {processor.py:161} INFO - Started process (PID=79853) to work on /home/munya/.local/lib/python3.11/site-packages/airflow/example_dags/subdags/subdag.py
[2024-05-10T16:01:55.588+0200] {processor.py:830} INFO - Processing file /home/munya/.local/lib/python3.11/site-packages/airflow/example_dags/subdags/subdag.py for tasks to queue
[2024-05-10T16:01:55.592+0200] {logging_mixin.py:188} INFO - [2024-05-10T16:01:55.591+0200] {dagbag.py:540} INFO - Filling up the DagBag from /home/munya/.local/lib/python3.11/site-packages/airflow/example_dags/subdags/subdag.py
[2024-05-10T16:01:55.596+0200] {processor.py:842} WARNING - No viable dags retrieved from /home/munya/.local/lib/python3.11/site-packages/airflow/example_dags/subdags/subdag.py
[2024-05-10T16:01:55.620+0200] {processor.py:183} INFO - Processing /home/munya/.local/lib/python3.11/site-packages/airflow/example_dags/subdags/subdag.py took 0.046 seconds
[2024-05-10T16:03:18.335+0200] {processor.py:161} INFO - Started process (PID=81513) to work on /home/munya/.local/lib/python3.11/site-packages/airflow/example_dags/subdags/subdag.py
[2024-05-10T16:03:18.336+0200] {processor.py:830} INFO - Processing file /home/munya/.local/lib/python3.11/site-packages/airflow/example_dags/subdags/subdag.py for tasks to queue
[2024-05-10T16:03:18.339+0200] {logging_mixin.py:188} INFO - [2024-05-10T16:03:18.339+0200] {dagbag.py:540} INFO - Filling up the DagBag from /home/munya/.local/lib/python3.11/site-packages/airflow/example_dags/subdags/subdag.py
[2024-05-10T16:03:18.343+0200] {processor.py:842} WARNING - No viable dags retrieved from /home/munya/.local/lib/python3.11/site-packages/airflow/example_dags/subdags/subdag.py
[2024-05-10T16:03:18.361+0200] {processor.py:183} INFO - Processing /home/munya/.local/lib/python3.11/site-packages/airflow/example_dags/subdags/subdag.py took 0.037 seconds
[2024-05-10T16:04:38.557+0200] {processor.py:161} INFO - Started process (PID=83104) to work on /home/munya/.local/lib/python3.11/site-packages/airflow/example_dags/subdags/subdag.py
[2024-05-10T16:04:38.559+0200] {processor.py:830} INFO - Processing file /home/munya/.local/lib/python3.11/site-packages/airflow/example_dags/subdags/subdag.py for tasks to queue
[2024-05-10T16:04:38.562+0200] {logging_mixin.py:188} INFO - [2024-05-10T16:04:38.561+0200] {dagbag.py:540} INFO - Filling up the DagBag from /home/munya/.local/lib/python3.11/site-packages/airflow/example_dags/subdags/subdag.py
[2024-05-10T16:04:38.566+0200] {processor.py:842} WARNING - No viable dags retrieved from /home/munya/.local/lib/python3.11/site-packages/airflow/example_dags/subdags/subdag.py
[2024-05-10T16:04:38.585+0200] {processor.py:183} INFO - Processing /home/munya/.local/lib/python3.11/site-packages/airflow/example_dags/subdags/subdag.py took 0.040 seconds
[2024-05-10T16:05:59.213+0200] {processor.py:161} INFO - Started process (PID=84700) to work on /home/munya/.local/lib/python3.11/site-packages/airflow/example_dags/subdags/subdag.py
[2024-05-10T16:05:59.215+0200] {processor.py:830} INFO - Processing file /home/munya/.local/lib/python3.11/site-packages/airflow/example_dags/subdags/subdag.py for tasks to queue
[2024-05-10T16:05:59.219+0200] {logging_mixin.py:188} INFO - [2024-05-10T16:05:59.218+0200] {dagbag.py:540} INFO - Filling up the DagBag from /home/munya/.local/lib/python3.11/site-packages/airflow/example_dags/subdags/subdag.py
[2024-05-10T16:05:59.223+0200] {processor.py:842} WARNING - No viable dags retrieved from /home/munya/.local/lib/python3.11/site-packages/airflow/example_dags/subdags/subdag.py
[2024-05-10T16:05:59.243+0200] {processor.py:183} INFO - Processing /home/munya/.local/lib/python3.11/site-packages/airflow/example_dags/subdags/subdag.py took 0.042 seconds
[2024-05-10T16:07:21.189+0200] {processor.py:161} INFO - Started process (PID=86298) to work on /home/munya/.local/lib/python3.11/site-packages/airflow/example_dags/subdags/subdag.py
[2024-05-10T16:07:21.190+0200] {processor.py:830} INFO - Processing file /home/munya/.local/lib/python3.11/site-packages/airflow/example_dags/subdags/subdag.py for tasks to queue
[2024-05-10T16:07:21.194+0200] {logging_mixin.py:188} INFO - [2024-05-10T16:07:21.194+0200] {dagbag.py:540} INFO - Filling up the DagBag from /home/munya/.local/lib/python3.11/site-packages/airflow/example_dags/subdags/subdag.py
[2024-05-10T16:07:21.199+0200] {processor.py:842} WARNING - No viable dags retrieved from /home/munya/.local/lib/python3.11/site-packages/airflow/example_dags/subdags/subdag.py
[2024-05-10T16:07:21.220+0200] {processor.py:183} INFO - Processing /home/munya/.local/lib/python3.11/site-packages/airflow/example_dags/subdags/subdag.py took 0.047 seconds
[2024-05-10T16:08:44.543+0200] {processor.py:161} INFO - Started process (PID=87957) to work on /home/munya/.local/lib/python3.11/site-packages/airflow/example_dags/subdags/subdag.py
[2024-05-10T16:08:44.545+0200] {processor.py:830} INFO - Processing file /home/munya/.local/lib/python3.11/site-packages/airflow/example_dags/subdags/subdag.py for tasks to queue
[2024-05-10T16:08:44.548+0200] {logging_mixin.py:188} INFO - [2024-05-10T16:08:44.548+0200] {dagbag.py:540} INFO - Filling up the DagBag from /home/munya/.local/lib/python3.11/site-packages/airflow/example_dags/subdags/subdag.py
[2024-05-10T16:08:44.552+0200] {processor.py:842} WARNING - No viable dags retrieved from /home/munya/.local/lib/python3.11/site-packages/airflow/example_dags/subdags/subdag.py
[2024-05-10T16:08:44.570+0200] {processor.py:183} INFO - Processing /home/munya/.local/lib/python3.11/site-packages/airflow/example_dags/subdags/subdag.py took 0.037 seconds
[2024-05-10T16:10:05.606+0200] {processor.py:161} INFO - Started process (PID=89630) to work on /home/munya/.local/lib/python3.11/site-packages/airflow/example_dags/subdags/subdag.py
[2024-05-10T16:10:05.608+0200] {processor.py:830} INFO - Processing file /home/munya/.local/lib/python3.11/site-packages/airflow/example_dags/subdags/subdag.py for tasks to queue
[2024-05-10T16:10:05.612+0200] {logging_mixin.py:188} INFO - [2024-05-10T16:10:05.611+0200] {dagbag.py:540} INFO - Filling up the DagBag from /home/munya/.local/lib/python3.11/site-packages/airflow/example_dags/subdags/subdag.py
[2024-05-10T16:10:05.616+0200] {processor.py:842} WARNING - No viable dags retrieved from /home/munya/.local/lib/python3.11/site-packages/airflow/example_dags/subdags/subdag.py
[2024-05-10T16:10:05.635+0200] {processor.py:183} INFO - Processing /home/munya/.local/lib/python3.11/site-packages/airflow/example_dags/subdags/subdag.py took 0.042 seconds
[2024-05-10T16:11:25.699+0200] {processor.py:161} INFO - Started process (PID=91227) to work on /home/munya/.local/lib/python3.11/site-packages/airflow/example_dags/subdags/subdag.py
[2024-05-10T16:11:25.702+0200] {processor.py:830} INFO - Processing file /home/munya/.local/lib/python3.11/site-packages/airflow/example_dags/subdags/subdag.py for tasks to queue
[2024-05-10T16:11:25.709+0200] {logging_mixin.py:188} INFO - [2024-05-10T16:11:25.707+0200] {dagbag.py:540} INFO - Filling up the DagBag from /home/munya/.local/lib/python3.11/site-packages/airflow/example_dags/subdags/subdag.py
[2024-05-10T16:11:25.716+0200] {processor.py:842} WARNING - No viable dags retrieved from /home/munya/.local/lib/python3.11/site-packages/airflow/example_dags/subdags/subdag.py
[2024-05-10T16:11:25.751+0200] {processor.py:183} INFO - Processing /home/munya/.local/lib/python3.11/site-packages/airflow/example_dags/subdags/subdag.py took 0.073 seconds
[2024-05-10T16:12:43.241+0200] {processor.py:161} INFO - Started process (PID=92789) to work on /home/munya/.local/lib/python3.11/site-packages/airflow/example_dags/subdags/subdag.py
[2024-05-10T16:12:43.243+0200] {processor.py:830} INFO - Processing file /home/munya/.local/lib/python3.11/site-packages/airflow/example_dags/subdags/subdag.py for tasks to queue
[2024-05-10T16:12:43.246+0200] {logging_mixin.py:188} INFO - [2024-05-10T16:12:43.246+0200] {dagbag.py:540} INFO - Filling up the DagBag from /home/munya/.local/lib/python3.11/site-packages/airflow/example_dags/subdags/subdag.py
[2024-05-10T16:12:43.250+0200] {processor.py:842} WARNING - No viable dags retrieved from /home/munya/.local/lib/python3.11/site-packages/airflow/example_dags/subdags/subdag.py
[2024-05-10T16:12:43.269+0200] {processor.py:183} INFO - Processing /home/munya/.local/lib/python3.11/site-packages/airflow/example_dags/subdags/subdag.py took 0.039 seconds
[2024-05-10T16:14:03.593+0200] {processor.py:161} INFO - Started process (PID=94379) to work on /home/munya/.local/lib/python3.11/site-packages/airflow/example_dags/subdags/subdag.py
[2024-05-10T16:14:03.596+0200] {processor.py:830} INFO - Processing file /home/munya/.local/lib/python3.11/site-packages/airflow/example_dags/subdags/subdag.py for tasks to queue
[2024-05-10T16:14:03.602+0200] {logging_mixin.py:188} INFO - [2024-05-10T16:14:03.601+0200] {dagbag.py:540} INFO - Filling up the DagBag from /home/munya/.local/lib/python3.11/site-packages/airflow/example_dags/subdags/subdag.py
[2024-05-10T16:14:03.610+0200] {processor.py:842} WARNING - No viable dags retrieved from /home/munya/.local/lib/python3.11/site-packages/airflow/example_dags/subdags/subdag.py
[2024-05-10T16:14:03.644+0200] {processor.py:183} INFO - Processing /home/munya/.local/lib/python3.11/site-packages/airflow/example_dags/subdags/subdag.py took 0.070 seconds
[2024-05-10T16:15:19.739+0200] {processor.py:161} INFO - Started process (PID=95890) to work on /home/munya/.local/lib/python3.11/site-packages/airflow/example_dags/subdags/subdag.py
[2024-05-10T16:15:19.744+0200] {processor.py:830} INFO - Processing file /home/munya/.local/lib/python3.11/site-packages/airflow/example_dags/subdags/subdag.py for tasks to queue
[2024-05-10T16:15:19.752+0200] {logging_mixin.py:188} INFO - [2024-05-10T16:15:19.750+0200] {dagbag.py:540} INFO - Filling up the DagBag from /home/munya/.local/lib/python3.11/site-packages/airflow/example_dags/subdags/subdag.py
[2024-05-10T16:15:19.761+0200] {processor.py:842} WARNING - No viable dags retrieved from /home/munya/.local/lib/python3.11/site-packages/airflow/example_dags/subdags/subdag.py
[2024-05-10T16:15:19.792+0200] {processor.py:183} INFO - Processing /home/munya/.local/lib/python3.11/site-packages/airflow/example_dags/subdags/subdag.py took 0.083 seconds
[2024-05-10T16:16:42.998+0200] {processor.py:161} INFO - Started process (PID=97538) to work on /home/munya/.local/lib/python3.11/site-packages/airflow/example_dags/subdags/subdag.py
[2024-05-10T16:16:43.000+0200] {processor.py:830} INFO - Processing file /home/munya/.local/lib/python3.11/site-packages/airflow/example_dags/subdags/subdag.py for tasks to queue
[2024-05-10T16:16:43.003+0200] {logging_mixin.py:188} INFO - [2024-05-10T16:16:43.003+0200] {dagbag.py:540} INFO - Filling up the DagBag from /home/munya/.local/lib/python3.11/site-packages/airflow/example_dags/subdags/subdag.py
[2024-05-10T16:16:43.009+0200] {processor.py:842} WARNING - No viable dags retrieved from /home/munya/.local/lib/python3.11/site-packages/airflow/example_dags/subdags/subdag.py
[2024-05-10T16:16:43.027+0200] {processor.py:183} INFO - Processing /home/munya/.local/lib/python3.11/site-packages/airflow/example_dags/subdags/subdag.py took 0.042 seconds
[2024-05-10T16:18:06.009+0200] {processor.py:161} INFO - Started process (PID=99177) to work on /home/munya/.local/lib/python3.11/site-packages/airflow/example_dags/subdags/subdag.py
[2024-05-10T16:18:06.011+0200] {processor.py:830} INFO - Processing file /home/munya/.local/lib/python3.11/site-packages/airflow/example_dags/subdags/subdag.py for tasks to queue
[2024-05-10T16:18:06.016+0200] {logging_mixin.py:188} INFO - [2024-05-10T16:18:06.015+0200] {dagbag.py:540} INFO - Filling up the DagBag from /home/munya/.local/lib/python3.11/site-packages/airflow/example_dags/subdags/subdag.py
[2024-05-10T16:18:06.021+0200] {processor.py:842} WARNING - No viable dags retrieved from /home/munya/.local/lib/python3.11/site-packages/airflow/example_dags/subdags/subdag.py
[2024-05-10T16:18:06.044+0200] {processor.py:183} INFO - Processing /home/munya/.local/lib/python3.11/site-packages/airflow/example_dags/subdags/subdag.py took 0.051 seconds
[2024-05-10T16:19:23.387+0200] {processor.py:161} INFO - Started process (PID=100681) to work on /home/munya/.local/lib/python3.11/site-packages/airflow/example_dags/subdags/subdag.py
[2024-05-10T16:19:23.389+0200] {processor.py:830} INFO - Processing file /home/munya/.local/lib/python3.11/site-packages/airflow/example_dags/subdags/subdag.py for tasks to queue
[2024-05-10T16:19:23.394+0200] {logging_mixin.py:188} INFO - [2024-05-10T16:19:23.393+0200] {dagbag.py:540} INFO - Filling up the DagBag from /home/munya/.local/lib/python3.11/site-packages/airflow/example_dags/subdags/subdag.py
[2024-05-10T16:19:23.399+0200] {processor.py:842} WARNING - No viable dags retrieved from /home/munya/.local/lib/python3.11/site-packages/airflow/example_dags/subdags/subdag.py
[2024-05-10T16:19:23.426+0200] {processor.py:183} INFO - Processing /home/munya/.local/lib/python3.11/site-packages/airflow/example_dags/subdags/subdag.py took 0.057 seconds
[2024-05-10T16:20:43.316+0200] {processor.py:161} INFO - Started process (PID=102289) to work on /home/munya/.local/lib/python3.11/site-packages/airflow/example_dags/subdags/subdag.py
[2024-05-10T16:20:43.320+0200] {processor.py:830} INFO - Processing file /home/munya/.local/lib/python3.11/site-packages/airflow/example_dags/subdags/subdag.py for tasks to queue
[2024-05-10T16:20:43.326+0200] {logging_mixin.py:188} INFO - [2024-05-10T16:20:43.325+0200] {dagbag.py:540} INFO - Filling up the DagBag from /home/munya/.local/lib/python3.11/site-packages/airflow/example_dags/subdags/subdag.py
[2024-05-10T16:20:43.335+0200] {processor.py:842} WARNING - No viable dags retrieved from /home/munya/.local/lib/python3.11/site-packages/airflow/example_dags/subdags/subdag.py
[2024-05-10T16:20:43.369+0200] {processor.py:183} INFO - Processing /home/munya/.local/lib/python3.11/site-packages/airflow/example_dags/subdags/subdag.py took 0.076 seconds
[2024-05-10T16:22:07.160+0200] {processor.py:161} INFO - Started process (PID=103952) to work on /home/munya/.local/lib/python3.11/site-packages/airflow/example_dags/subdags/subdag.py
[2024-05-10T16:22:07.164+0200] {processor.py:830} INFO - Processing file /home/munya/.local/lib/python3.11/site-packages/airflow/example_dags/subdags/subdag.py for tasks to queue
[2024-05-10T16:22:07.171+0200] {logging_mixin.py:188} INFO - [2024-05-10T16:22:07.169+0200] {dagbag.py:540} INFO - Filling up the DagBag from /home/munya/.local/lib/python3.11/site-packages/airflow/example_dags/subdags/subdag.py
[2024-05-10T16:22:07.179+0200] {processor.py:842} WARNING - No viable dags retrieved from /home/munya/.local/lib/python3.11/site-packages/airflow/example_dags/subdags/subdag.py
[2024-05-10T16:22:07.222+0200] {processor.py:183} INFO - Processing /home/munya/.local/lib/python3.11/site-packages/airflow/example_dags/subdags/subdag.py took 0.087 seconds
[2024-05-10T16:23:36.387+0200] {processor.py:161} INFO - Started process (PID=105694) to work on /home/munya/.local/lib/python3.11/site-packages/airflow/example_dags/subdags/subdag.py
[2024-05-10T16:23:36.388+0200] {processor.py:830} INFO - Processing file /home/munya/.local/lib/python3.11/site-packages/airflow/example_dags/subdags/subdag.py for tasks to queue
[2024-05-10T16:23:36.392+0200] {logging_mixin.py:188} INFO - [2024-05-10T16:23:36.391+0200] {dagbag.py:540} INFO - Filling up the DagBag from /home/munya/.local/lib/python3.11/site-packages/airflow/example_dags/subdags/subdag.py
[2024-05-10T16:23:36.395+0200] {processor.py:842} WARNING - No viable dags retrieved from /home/munya/.local/lib/python3.11/site-packages/airflow/example_dags/subdags/subdag.py
[2024-05-10T16:23:36.416+0200] {processor.py:183} INFO - Processing /home/munya/.local/lib/python3.11/site-packages/airflow/example_dags/subdags/subdag.py took 0.041 seconds
[2024-05-10T16:24:56.049+0200] {processor.py:161} INFO - Started process (PID=107330) to work on /home/munya/.local/lib/python3.11/site-packages/airflow/example_dags/subdags/subdag.py
[2024-05-10T16:24:56.051+0200] {processor.py:830} INFO - Processing file /home/munya/.local/lib/python3.11/site-packages/airflow/example_dags/subdags/subdag.py for tasks to queue
[2024-05-10T16:24:56.056+0200] {logging_mixin.py:188} INFO - [2024-05-10T16:24:56.055+0200] {dagbag.py:540} INFO - Filling up the DagBag from /home/munya/.local/lib/python3.11/site-packages/airflow/example_dags/subdags/subdag.py
[2024-05-10T16:24:56.062+0200] {processor.py:842} WARNING - No viable dags retrieved from /home/munya/.local/lib/python3.11/site-packages/airflow/example_dags/subdags/subdag.py
[2024-05-10T16:24:56.088+0200] {processor.py:183} INFO - Processing /home/munya/.local/lib/python3.11/site-packages/airflow/example_dags/subdags/subdag.py took 0.057 seconds
[2024-05-10T16:26:14.119+0200] {processor.py:161} INFO - Started process (PID=108860) to work on /home/munya/.local/lib/python3.11/site-packages/airflow/example_dags/subdags/subdag.py
[2024-05-10T16:26:14.122+0200] {processor.py:830} INFO - Processing file /home/munya/.local/lib/python3.11/site-packages/airflow/example_dags/subdags/subdag.py for tasks to queue
[2024-05-10T16:26:14.129+0200] {logging_mixin.py:188} INFO - [2024-05-10T16:26:14.127+0200] {dagbag.py:540} INFO - Filling up the DagBag from /home/munya/.local/lib/python3.11/site-packages/airflow/example_dags/subdags/subdag.py
[2024-05-10T16:26:14.135+0200] {processor.py:842} WARNING - No viable dags retrieved from /home/munya/.local/lib/python3.11/site-packages/airflow/example_dags/subdags/subdag.py
[2024-05-10T16:26:14.169+0200] {processor.py:183} INFO - Processing /home/munya/.local/lib/python3.11/site-packages/airflow/example_dags/subdags/subdag.py took 0.070 seconds
[2024-05-10T16:27:42.889+0200] {processor.py:161} INFO - Started process (PID=110580) to work on /home/munya/.local/lib/python3.11/site-packages/airflow/example_dags/subdags/subdag.py
[2024-05-10T16:27:42.929+0200] {processor.py:830} INFO - Processing file /home/munya/.local/lib/python3.11/site-packages/airflow/example_dags/subdags/subdag.py for tasks to queue
[2024-05-10T16:27:42.937+0200] {logging_mixin.py:188} INFO - [2024-05-10T16:27:42.936+0200] {dagbag.py:540} INFO - Filling up the DagBag from /home/munya/.local/lib/python3.11/site-packages/airflow/example_dags/subdags/subdag.py
[2024-05-10T16:27:42.969+0200] {processor.py:842} WARNING - No viable dags retrieved from /home/munya/.local/lib/python3.11/site-packages/airflow/example_dags/subdags/subdag.py
[2024-05-10T16:27:43.060+0200] {processor.py:183} INFO - Processing /home/munya/.local/lib/python3.11/site-packages/airflow/example_dags/subdags/subdag.py took 0.314 seconds
[2024-05-10T16:28:31.068+0200] {processor.py:161} INFO - Started process (PID=111518) to work on /home/munya/.local/lib/python3.11/site-packages/airflow/example_dags/subdags/subdag.py
[2024-05-10T16:28:31.071+0200] {processor.py:830} INFO - Processing file /home/munya/.local/lib/python3.11/site-packages/airflow/example_dags/subdags/subdag.py for tasks to queue
[2024-05-10T16:28:31.076+0200] {logging_mixin.py:188} INFO - [2024-05-10T16:28:31.075+0200] {dagbag.py:540} INFO - Filling up the DagBag from /home/munya/.local/lib/python3.11/site-packages/airflow/example_dags/subdags/subdag.py
[2024-05-10T16:28:31.085+0200] {processor.py:842} WARNING - No viable dags retrieved from /home/munya/.local/lib/python3.11/site-packages/airflow/example_dags/subdags/subdag.py
[2024-05-10T16:28:31.122+0200] {processor.py:183} INFO - Processing /home/munya/.local/lib/python3.11/site-packages/airflow/example_dags/subdags/subdag.py took 0.078 seconds
[2024-05-10T16:29:17.896+0200] {processor.py:161} INFO - Started process (PID=112459) to work on /home/munya/.local/lib/python3.11/site-packages/airflow/example_dags/subdags/subdag.py
[2024-05-10T16:29:17.898+0200] {processor.py:830} INFO - Processing file /home/munya/.local/lib/python3.11/site-packages/airflow/example_dags/subdags/subdag.py for tasks to queue
[2024-05-10T16:29:17.902+0200] {logging_mixin.py:188} INFO - [2024-05-10T16:29:17.901+0200] {dagbag.py:540} INFO - Filling up the DagBag from /home/munya/.local/lib/python3.11/site-packages/airflow/example_dags/subdags/subdag.py
[2024-05-10T16:29:17.907+0200] {processor.py:842} WARNING - No viable dags retrieved from /home/munya/.local/lib/python3.11/site-packages/airflow/example_dags/subdags/subdag.py
[2024-05-10T16:29:17.939+0200] {processor.py:183} INFO - Processing /home/munya/.local/lib/python3.11/site-packages/airflow/example_dags/subdags/subdag.py took 0.064 seconds
[2024-05-10T16:30:06.093+0200] {processor.py:161} INFO - Started process (PID=113363) to work on /home/munya/.local/lib/python3.11/site-packages/airflow/example_dags/subdags/subdag.py
[2024-05-10T16:30:06.096+0200] {processor.py:830} INFO - Processing file /home/munya/.local/lib/python3.11/site-packages/airflow/example_dags/subdags/subdag.py for tasks to queue
[2024-05-10T16:30:06.102+0200] {logging_mixin.py:188} INFO - [2024-05-10T16:30:06.100+0200] {dagbag.py:540} INFO - Filling up the DagBag from /home/munya/.local/lib/python3.11/site-packages/airflow/example_dags/subdags/subdag.py
[2024-05-10T16:30:06.112+0200] {processor.py:842} WARNING - No viable dags retrieved from /home/munya/.local/lib/python3.11/site-packages/airflow/example_dags/subdags/subdag.py
[2024-05-10T16:30:06.136+0200] {processor.py:183} INFO - Processing /home/munya/.local/lib/python3.11/site-packages/airflow/example_dags/subdags/subdag.py took 0.058 seconds
[2024-05-10T16:30:55.469+0200] {processor.py:161} INFO - Started process (PID=114280) to work on /home/munya/.local/lib/python3.11/site-packages/airflow/example_dags/subdags/subdag.py
[2024-05-10T16:30:55.480+0200] {processor.py:830} INFO - Processing file /home/munya/.local/lib/python3.11/site-packages/airflow/example_dags/subdags/subdag.py for tasks to queue
[2024-05-10T16:30:55.490+0200] {logging_mixin.py:188} INFO - [2024-05-10T16:30:55.489+0200] {dagbag.py:540} INFO - Filling up the DagBag from /home/munya/.local/lib/python3.11/site-packages/airflow/example_dags/subdags/subdag.py
[2024-05-10T16:30:55.512+0200] {processor.py:842} WARNING - No viable dags retrieved from /home/munya/.local/lib/python3.11/site-packages/airflow/example_dags/subdags/subdag.py
[2024-05-10T16:30:55.627+0200] {processor.py:183} INFO - Processing /home/munya/.local/lib/python3.11/site-packages/airflow/example_dags/subdags/subdag.py took 0.226 seconds
[2024-05-10T16:32:25.760+0200] {processor.py:161} INFO - Started process (PID=116017) to work on /home/munya/.local/lib/python3.11/site-packages/airflow/example_dags/subdags/subdag.py
[2024-05-10T16:32:25.762+0200] {processor.py:830} INFO - Processing file /home/munya/.local/lib/python3.11/site-packages/airflow/example_dags/subdags/subdag.py for tasks to queue
[2024-05-10T16:32:25.766+0200] {logging_mixin.py:188} INFO - [2024-05-10T16:32:25.765+0200] {dagbag.py:540} INFO - Filling up the DagBag from /home/munya/.local/lib/python3.11/site-packages/airflow/example_dags/subdags/subdag.py
[2024-05-10T16:32:25.770+0200] {processor.py:842} WARNING - No viable dags retrieved from /home/munya/.local/lib/python3.11/site-packages/airflow/example_dags/subdags/subdag.py
[2024-05-10T16:32:25.788+0200] {processor.py:183} INFO - Processing /home/munya/.local/lib/python3.11/site-packages/airflow/example_dags/subdags/subdag.py took 0.041 seconds
[2024-05-10T16:33:46.855+0200] {processor.py:161} INFO - Started process (PID=117613) to work on /home/munya/.local/lib/python3.11/site-packages/airflow/example_dags/subdags/subdag.py
[2024-05-10T16:33:46.858+0200] {processor.py:830} INFO - Processing file /home/munya/.local/lib/python3.11/site-packages/airflow/example_dags/subdags/subdag.py for tasks to queue
[2024-05-10T16:33:46.865+0200] {logging_mixin.py:188} INFO - [2024-05-10T16:33:46.864+0200] {dagbag.py:540} INFO - Filling up the DagBag from /home/munya/.local/lib/python3.11/site-packages/airflow/example_dags/subdags/subdag.py
[2024-05-10T16:33:46.870+0200] {processor.py:842} WARNING - No viable dags retrieved from /home/munya/.local/lib/python3.11/site-packages/airflow/example_dags/subdags/subdag.py
[2024-05-10T16:33:46.894+0200] {processor.py:183} INFO - Processing /home/munya/.local/lib/python3.11/site-packages/airflow/example_dags/subdags/subdag.py took 0.054 seconds
