[2024-05-20T09:02:51.381+0200] {local_task_job_runner.py:120} INFO - ::group::Pre task execution logs
[2024-05-20T09:02:51.389+0200] {taskinstance.py:2076} INFO - Dependencies all met for dep_context=non-requeueable deps ti=<TaskInstance: weather_api_dag.fetch_weather_data scheduled__2024-05-19T00:00:00+00:00 [queued]>
[2024-05-20T09:02:51.395+0200] {taskinstance.py:2076} INFO - Dependencies all met for dep_context=requeueable deps ti=<TaskInstance: weather_api_dag.fetch_weather_data scheduled__2024-05-19T00:00:00+00:00 [queued]>
[2024-05-20T09:02:51.395+0200] {taskinstance.py:2306} INFO - Starting attempt 2 of 2
[2024-05-20T09:02:51.408+0200] {taskinstance.py:2330} INFO - Executing <Task(HttpOperator): fetch_weather_data> on 2024-05-19 00:00:00+00:00
[2024-05-20T09:02:51.414+0200] {standard_task_runner.py:63} INFO - Started process 494276 to run task
[2024-05-20T09:02:51.418+0200] {standard_task_runner.py:90} INFO - Running: ['airflow', 'tasks', 'run', 'weather_api_dag', 'fetch_weather_data', 'scheduled__2024-05-19T00:00:00+00:00', '--job-id', '1157', '--raw', '--subdir', 'DAGS_FOLDER/weather_data.py', '--cfg-path', '/tmp/tmpa0i3c6r3']
[2024-05-20T09:02:51.420+0200] {standard_task_runner.py:91} INFO - Job 1157: Subtask fetch_weather_data
[2024-05-20T09:02:51.452+0200] {task_command.py:426} INFO - Running <TaskInstance: weather_api_dag.fetch_weather_data scheduled__2024-05-19T00:00:00+00:00 [running]> on host kali
[2024-05-20T09:02:51.498+0200] {taskinstance.py:2648} INFO - Exporting env vars: AIRFLOW_CTX_DAG_OWNER='airflow' AIRFLOW_CTX_DAG_ID='weather_api_dag' AIRFLOW_CTX_TASK_ID='fetch_weather_data' AIRFLOW_CTX_EXECUTION_DATE='2024-05-19T00:00:00+00:00' AIRFLOW_CTX_TRY_NUMBER='2' AIRFLOW_CTX_DAG_RUN_ID='scheduled__2024-05-19T00:00:00+00:00'
[2024-05-20T09:02:51.500+0200] {taskinstance.py:430} INFO - ::endgroup::
[2024-05-20T09:02:51.500+0200] {http.py:169} INFO - Calling HTTP method
[2024-05-20T09:02:51.504+0200] {base.py:84} INFO - Using connection ID 'weather_api' for task execution.
[2024-05-20T09:02:51.507+0200] {base.py:84} INFO - Using connection ID 'weather_api' for task execution.
[2024-05-20T09:02:52.711+0200] {http.py:208} INFO - {"coord":{"lon":32.6709,"lat":-18.9707},"weather":[{"id":803,"main":"Clouds","description":"broken clouds","icon":"04d"}],"base":"stations","main":{"temp":289.91,"feels_like":289.57,"temp_min":289.91,"temp_max":289.91,"pressure":1025,"humidity":74,"sea_level":1025,"grnd_level":901},"visibility":10000,"wind":{"speed":2.81,"deg":100,"gust":5.65},"clouds":{"all":81},"dt":1716188499,"sys":{"country":"ZW","sunrise":1716178264,"sunset":1716218456},"timezone":7200,"id":884979,"name":"Mutare","cod":200}
[2024-05-20T09:02:52.712+0200] {taskinstance.py:441} INFO - ::group::Post task execution logs
[2024-05-20T09:02:52.722+0200] {taskinstance.py:1206} INFO - Marking task as SUCCESS. dag_id=weather_api_dag, task_id=fetch_weather_data, run_id=scheduled__2024-05-19T00:00:00+00:00, execution_date=20240519T000000, start_date=20240520T070251, end_date=20240520T070252
[2024-05-20T09:02:52.766+0200] {local_task_job_runner.py:240} INFO - Task exited with return code 0
[2024-05-20T09:02:52.778+0200] {taskinstance.py:3498} INFO - 0 downstream tasks scheduled from follow-on schedule check
[2024-05-20T09:02:52.778+0200] {local_task_job_runner.py:222} INFO - ::endgroup::
