[2024-05-01T09:24:36.296+0200] {local_task_job_runner.py:120} INFO - ::group::Pre task execution logs
[2024-05-01T09:24:36.332+0200] {taskinstance.py:2073} INFO - Dependencies all met for dep_context=non-requeueable deps ti=<TaskInstance: airflow_tut_v02.sleep scheduled__2024-04-30T15:00:00+00:00 [queued]>
[2024-05-01T09:24:36.343+0200] {taskinstance.py:2073} INFO - Dependencies all met for dep_context=requeueable deps ti=<TaskInstance: airflow_tut_v02.sleep scheduled__2024-04-30T15:00:00+00:00 [queued]>
[2024-05-01T09:24:36.343+0200] {taskinstance.py:2303} INFO - Starting attempt 1 of 2
[2024-05-01T09:24:36.361+0200] {taskinstance.py:2327} INFO - Executing <Task(BashOperator): sleep> on 2024-04-30 15:00:00+00:00
[2024-05-01T09:24:36.369+0200] {standard_task_runner.py:63} INFO - Started process 277631 to run task
[2024-05-01T09:24:36.376+0200] {standard_task_runner.py:90} INFO - Running: ['airflow', 'tasks', 'run', 'airflow_tut_v02', 'sleep', 'scheduled__2024-04-30T15:00:00+00:00', '--job-id', '233', '--raw', '--subdir', '/home/munya/.local/lib/python3.11/site-packages/airflow/example_dags/dags.py', '--cfg-path', '/tmp/tmp__nh806q']
[2024-05-01T09:24:36.379+0200] {standard_task_runner.py:91} INFO - Job 233: Subtask sleep
[2024-05-01T09:24:36.432+0200] {task_command.py:426} INFO - Running <TaskInstance: airflow_tut_v02.sleep scheduled__2024-04-30T15:00:00+00:00 [running]> on host kali
[2024-05-01T09:24:36.541+0200] {taskinstance.py:2644} INFO - Exporting env vars: AIRFLOW_CTX_DAG_OWNER='Munyah' AIRFLOW_CTX_DAG_ID='airflow_tut_v02' AIRFLOW_CTX_TASK_ID='sleep' AIRFLOW_CTX_EXECUTION_DATE='2024-04-30T15:00:00+00:00' AIRFLOW_CTX_TRY_NUMBER='1' AIRFLOW_CTX_DAG_RUN_ID='scheduled__2024-04-30T15:00:00+00:00'
[2024-05-01T09:24:36.543+0200] {taskinstance.py:430} INFO - ::endgroup::
[2024-05-01T09:24:36.544+0200] {subprocess.py:63} INFO - Tmp dir root location: /tmp
[2024-05-01T09:24:36.544+0200] {subprocess.py:75} INFO - Running command: ['/usr/bin/bash', '-c', 'sleep 5']
[2024-05-01T09:24:36.562+0200] {subprocess.py:86} INFO - Output:
[2024-05-01T09:24:41.566+0200] {subprocess.py:97} INFO - Command exited with return code 0
[2024-05-01T09:24:41.568+0200] {taskinstance.py:441} INFO - ::group::Post task execution logs
[2024-05-01T09:24:41.875+0200] {taskinstance.py:1205} INFO - Marking task as SUCCESS. dag_id=airflow_tut_v02, task_id=sleep, execution_date=20240430T150000, start_date=20240501T072436, end_date=20240501T072441
[2024-05-01T09:24:41.946+0200] {local_task_job_runner.py:240} INFO - Task exited with return code 0
[2024-05-01T09:24:41.976+0200] {taskinstance.py:3482} INFO - 1 downstream tasks scheduled from follow-on schedule check
[2024-05-01T09:24:41.980+0200] {local_task_job_runner.py:222} INFO - ::endgroup::
