[2024-04-29T11:00:09.548+0200] {local_task_job_runner.py:120} INFO - ::group::Pre task execution logs
[2024-04-29T11:00:09.575+0200] {taskinstance.py:2073} INFO - Dependencies all met for dep_context=non-requeueable deps ti=<TaskInstance: airflow_tut_v02.sleep scheduled__2024-04-29T08:00:00+00:00 [queued]>
[2024-04-29T11:00:09.581+0200] {taskinstance.py:2073} INFO - Dependencies all met for dep_context=requeueable deps ti=<TaskInstance: airflow_tut_v02.sleep scheduled__2024-04-29T08:00:00+00:00 [queued]>
[2024-04-29T11:00:09.582+0200] {taskinstance.py:2303} INFO - Starting attempt 1 of 2
[2024-04-29T11:00:09.595+0200] {taskinstance.py:2327} INFO - Executing <Task(BashOperator): sleep> on 2024-04-29 08:00:00+00:00
[2024-04-29T11:00:09.601+0200] {standard_task_runner.py:63} INFO - Started process 21587 to run task
[2024-04-29T11:00:09.605+0200] {standard_task_runner.py:90} INFO - Running: ['airflow', 'tasks', 'run', 'airflow_tut_v02', 'sleep', 'scheduled__2024-04-29T08:00:00+00:00', '--job-id', '114', '--raw', '--subdir', 'DAGS_FOLDER/dags.py', '--cfg-path', '/tmp/tmpgocm8p87']
[2024-04-29T11:00:09.607+0200] {standard_task_runner.py:91} INFO - Job 114: Subtask sleep
[2024-04-29T11:00:09.640+0200] {task_command.py:426} INFO - Running <TaskInstance: airflow_tut_v02.sleep scheduled__2024-04-29T08:00:00+00:00 [running]> on host kali
[2024-04-29T11:00:09.727+0200] {taskinstance.py:2644} INFO - Exporting env vars: AIRFLOW_CTX_DAG_OWNER='Munyah' AIRFLOW_CTX_DAG_ID='airflow_tut_v02' AIRFLOW_CTX_TASK_ID='sleep' AIRFLOW_CTX_EXECUTION_DATE='2024-04-29T08:00:00+00:00' AIRFLOW_CTX_TRY_NUMBER='1' AIRFLOW_CTX_DAG_RUN_ID='scheduled__2024-04-29T08:00:00+00:00'
[2024-04-29T11:00:09.729+0200] {taskinstance.py:430} INFO - ::endgroup::
[2024-04-29T11:00:09.730+0200] {subprocess.py:63} INFO - Tmp dir root location: /tmp
[2024-04-29T11:00:09.731+0200] {subprocess.py:75} INFO - Running command: ['/usr/bin/bash', '-c', 'sleep 5']
[2024-04-29T11:00:09.742+0200] {subprocess.py:86} INFO - Output:
[2024-04-29T11:00:14.745+0200] {subprocess.py:97} INFO - Command exited with return code 0
[2024-04-29T11:00:14.748+0200] {taskinstance.py:441} INFO - ::group::Post task execution logs
[2024-04-29T11:00:15.304+0200] {taskinstance.py:1205} INFO - Marking task as SUCCESS. dag_id=airflow_tut_v02, task_id=sleep, execution_date=20240429T080000, start_date=20240429T090009, end_date=20240429T090015
[2024-04-29T11:00:15.455+0200] {local_task_job_runner.py:240} INFO - Task exited with return code 0
[2024-04-29T11:00:15.542+0200] {taskinstance.py:3482} INFO - 1 downstream tasks scheduled from follow-on schedule check
[2024-04-29T11:00:15.556+0200] {local_task_job_runner.py:222} INFO - ::endgroup::
