[2024-05-23T13:34:48.463+0200] {local_task_job_runner.py:120} INFO - ::group::Pre task execution logs
[2024-05-23T13:34:48.476+0200] {taskinstance.py:2076} INFO - Dependencies all met for dep_context=non-requeueable deps ti=<TaskInstance: doctors_api_dag.retrieve_doctors __airflow_temporary_run_2024-05-23T11:26:00.761014+00:00__ [queued]>
[2024-05-23T13:34:48.482+0200] {taskinstance.py:2076} INFO - Dependencies all met for dep_context=requeueable deps ti=<TaskInstance: doctors_api_dag.retrieve_doctors __airflow_temporary_run_2024-05-23T11:26:00.761014+00:00__ [queued]>
[2024-05-23T13:34:48.482+0200] {taskinstance.py:2306} INFO - Starting attempt 1 of 4
[2024-05-23T13:34:48.495+0200] {taskinstance.py:2330} INFO - Executing <Task(SimpleHttpOperator): retrieve_doctors> on 2024-05-23 11:26:00.760954+00:00
[2024-05-23T13:34:48.500+0200] {standard_task_runner.py:63} INFO - Started process 119774 to run task
[2024-05-23T13:34:48.504+0200] {standard_task_runner.py:90} INFO - Running: ['airflow', 'tasks', 'run', 'doctors_api_dag', 'retrieve_doctors', '__airflow_temporary_run_2024-05-23T11:26:00.761014+00:00__', '--job-id', '1511', '--raw', '--subdir', 'DAGS_FOLDER/eezimeds_doctors.py', '--cfg-path', '/tmp/tmp7ksk31yh']
[2024-05-23T13:34:48.506+0200] {standard_task_runner.py:91} INFO - Job 1511: Subtask retrieve_doctors
[2024-05-23T13:34:48.545+0200] {task_command.py:426} INFO - Running <TaskInstance: doctors_api_dag.retrieve_doctors __airflow_temporary_run_2024-05-23T11:26:00.761014+00:00__ [running]> on host kali
[2024-05-23T13:34:48.612+0200] {taskinstance.py:2648} INFO - Exporting env vars: AIRFLOW_CTX_DAG_OWNER='airflow' AIRFLOW_CTX_DAG_ID='doctors_api_dag' AIRFLOW_CTX_TASK_ID='retrieve_doctors' AIRFLOW_CTX_EXECUTION_DATE='2024-05-23T11:26:00.760954+00:00' AIRFLOW_CTX_TRY_NUMBER='1' AIRFLOW_CTX_DAG_RUN_ID='__airflow_temporary_run_2024-05-23T11:26:00.761014+00:00__'
[2024-05-23T13:34:48.614+0200] {taskinstance.py:430} INFO - ::endgroup::
[2024-05-23T13:34:48.614+0200] {http.py:169} INFO - Calling HTTP method
[2024-05-23T13:34:48.618+0200] {base.py:84} INFO - Using connection ID 'eezimeds_doctors' for task execution.
[2024-05-23T13:34:48.622+0200] {base.py:84} INFO - Using connection ID 'eezimeds_doctors' for task execution.
[2024-05-23T13:34:48.628+0200] {http.py:242} WARNING - HTTPSConnectionPool(host='eazimed-backend-web-mongo.azurewebsites.net', port=443): Max retries exceeded with url: //mongo/doctor (Caused by NewConnectionError('<urllib3.connection.HTTPSConnection object at 0x7f0499905110>: Failed to establish a new connection: [Errno -2] Name or service not known')) Tenacity will retry to execute the operation
[2024-05-23T13:34:48.628+0200] {taskinstance.py:441} INFO - ::group::Post task execution logs
[2024-05-23T13:34:48.628+0200] {taskinstance.py:2905} ERROR - Task failed with exception
Traceback (most recent call last):
  File "/home/munya/anaconda3/lib/python3.11/site-packages/urllib3/connection.py", line 174, in _new_conn
    conn = connection.create_connection(
           ^^^^^^^^^^^^^^^^^^^^^^^^^^^^^
  File "/home/munya/anaconda3/lib/python3.11/site-packages/urllib3/util/connection.py", line 72, in create_connection
    for res in socket.getaddrinfo(host, port, family, socket.SOCK_STREAM):
               ^^^^^^^^^^^^^^^^^^^^^^^^^^^^^^^^^^^^^^^^^^^^^^^^^^^^^^^^^^
  File "/home/munya/anaconda3/lib/python3.11/socket.py", line 962, in getaddrinfo
    for res in _socket.getaddrinfo(host, port, family, type, proto, flags):
               ^^^^^^^^^^^^^^^^^^^^^^^^^^^^^^^^^^^^^^^^^^^^^^^^^^^^^^^^^^^
socket.gaierror: [Errno -2] Name or service not known

During handling of the above exception, another exception occurred:

Traceback (most recent call last):
  File "/home/munya/anaconda3/lib/python3.11/site-packages/urllib3/connectionpool.py", line 715, in urlopen
    httplib_response = self._make_request(
                       ^^^^^^^^^^^^^^^^^^^
  File "/home/munya/anaconda3/lib/python3.11/site-packages/urllib3/connectionpool.py", line 404, in _make_request
    self._validate_conn(conn)
  File "/home/munya/anaconda3/lib/python3.11/site-packages/urllib3/connectionpool.py", line 1058, in _validate_conn
    conn.connect()
  File "/home/munya/anaconda3/lib/python3.11/site-packages/urllib3/connection.py", line 363, in connect
    self.sock = conn = self._new_conn()
                       ^^^^^^^^^^^^^^^^
  File "/home/munya/anaconda3/lib/python3.11/site-packages/urllib3/connection.py", line 186, in _new_conn
    raise NewConnectionError(
urllib3.exceptions.NewConnectionError: <urllib3.connection.HTTPSConnection object at 0x7f0499905110>: Failed to establish a new connection: [Errno -2] Name or service not known

During handling of the above exception, another exception occurred:

Traceback (most recent call last):
  File "/home/munya/anaconda3/lib/python3.11/site-packages/requests/adapters.py", line 486, in send
    resp = conn.urlopen(
           ^^^^^^^^^^^^^
  File "/home/munya/anaconda3/lib/python3.11/site-packages/urllib3/connectionpool.py", line 799, in urlopen
    retries = retries.increment(
              ^^^^^^^^^^^^^^^^^^
  File "/home/munya/anaconda3/lib/python3.11/site-packages/urllib3/util/retry.py", line 592, in increment
    raise MaxRetryError(_pool, url, error or ResponseError(cause))
urllib3.exceptions.MaxRetryError: HTTPSConnectionPool(host='eazimed-backend-web-mongo.azurewebsites.net', port=443): Max retries exceeded with url: //mongo/doctor (Caused by NewConnectionError('<urllib3.connection.HTTPSConnection object at 0x7f0499905110>: Failed to establish a new connection: [Errno -2] Name or service not known'))

During handling of the above exception, another exception occurred:

Traceback (most recent call last):
  File "/home/munya/anaconda3/lib/python3.11/site-packages/airflow/models/taskinstance.py", line 465, in _execute_task
    result = _execute_callable(context=context, **execute_callable_kwargs)
             ^^^^^^^^^^^^^^^^^^^^^^^^^^^^^^^^^^^^^^^^^^^^^^^^^^^^^^^^^^^^^
  File "/home/munya/anaconda3/lib/python3.11/site-packages/airflow/models/taskinstance.py", line 432, in _execute_callable
    return execute_callable(context=context, **execute_callable_kwargs)
           ^^^^^^^^^^^^^^^^^^^^^^^^^^^^^^^^^^^^^^^^^^^^^^^^^^^^^^^^^^^^
  File "/home/munya/anaconda3/lib/python3.11/site-packages/airflow/models/baseoperator.py", line 400, in wrapper
    return func(self, *args, **kwargs)
           ^^^^^^^^^^^^^^^^^^^^^^^^^^^
  File "/home/munya/anaconda3/lib/python3.11/site-packages/airflow/providers/http/operators/http.py", line 166, in execute
    return self.execute_sync(context=context)
           ^^^^^^^^^^^^^^^^^^^^^^^^^^^^^^^^^^
  File "/home/munya/anaconda3/lib/python3.11/site-packages/airflow/providers/http/operators/http.py", line 170, in execute_sync
    response = self.hook.run(self.endpoint, self.data, self.headers, self.extra_options)
               ^^^^^^^^^^^^^^^^^^^^^^^^^^^^^^^^^^^^^^^^^^^^^^^^^^^^^^^^^^^^^^^^^^^^^^^^^
  File "/home/munya/anaconda3/lib/python3.11/site-packages/airflow/providers/http/hooks/http.py", line 187, in run
    return self.run_and_check(session, prepped_request, extra_options)
           ^^^^^^^^^^^^^^^^^^^^^^^^^^^^^^^^^^^^^^^^^^^^^^^^^^^^^^^^^^^
  File "/home/munya/anaconda3/lib/python3.11/site-packages/airflow/providers/http/hooks/http.py", line 243, in run_and_check
    raise ex
  File "/home/munya/anaconda3/lib/python3.11/site-packages/airflow/providers/http/hooks/http.py", line 235, in run_and_check
    response = session.send(prepped_request, **send_kwargs)
               ^^^^^^^^^^^^^^^^^^^^^^^^^^^^^^^^^^^^^^^^^^^^
  File "/home/munya/anaconda3/lib/python3.11/site-packages/requests/sessions.py", line 703, in send
    r = adapter.send(request, **kwargs)
        ^^^^^^^^^^^^^^^^^^^^^^^^^^^^^^^
  File "/home/munya/anaconda3/lib/python3.11/site-packages/requests/adapters.py", line 519, in send
    raise ConnectionError(e, request=request)
requests.exceptions.ConnectionError: HTTPSConnectionPool(host='eazimed-backend-web-mongo.azurewebsites.net', port=443): Max retries exceeded with url: //mongo/doctor (Caused by NewConnectionError('<urllib3.connection.HTTPSConnection object at 0x7f0499905110>: Failed to establish a new connection: [Errno -2] Name or service not known'))
[2024-05-23T13:34:48.634+0200] {taskinstance.py:1206} INFO - Marking task as UP_FOR_RETRY. dag_id=doctors_api_dag, task_id=retrieve_doctors, run_id=__airflow_temporary_run_2024-05-23T11:26:00.761014+00:00__, execution_date=20240523T112600, start_date=20240523T113448, end_date=20240523T113448
[2024-05-23T13:34:48.644+0200] {standard_task_runner.py:110} ERROR - Failed to execute job 1511 for task retrieve_doctors (HTTPSConnectionPool(host='eazimed-backend-web-mongo.azurewebsites.net', port=443): Max retries exceeded with url: //mongo/doctor (Caused by NewConnectionError('<urllib3.connection.HTTPSConnection object at 0x7f0499905110>: Failed to establish a new connection: [Errno -2] Name or service not known')); 119774)
[2024-05-23T13:34:48.675+0200] {local_task_job_runner.py:240} INFO - Task exited with return code 1
[2024-05-23T13:34:48.688+0200] {taskinstance.py:3498} INFO - 0 downstream tasks scheduled from follow-on schedule check
[2024-05-23T13:34:48.688+0200] {local_task_job_runner.py:222} INFO - ::endgroup::
