[2024-04-29T10:43:48.925+0200] {local_task_job_runner.py:120} INFO - ::group::Pre task execution logs
[2024-04-29T10:43:48.948+0200] {taskinstance.py:2073} INFO - Dependencies all met for dep_context=non-requeueable deps ti=<TaskInstance: airflow_tut_v02.sleep scheduled__2024-04-28T04:00:00+00:00 [queued]>
[2024-04-29T10:43:48.957+0200] {taskinstance.py:2073} INFO - Dependencies all met for dep_context=requeueable deps ti=<TaskInstance: airflow_tut_v02.sleep scheduled__2024-04-28T04:00:00+00:00 [queued]>
[2024-04-29T10:43:48.957+0200] {taskinstance.py:2303} INFO - Starting attempt 1 of 2
[2024-04-29T10:43:48.974+0200] {taskinstance.py:2327} INFO - Executing <Task(BashOperator): sleep> on 2024-04-28 04:00:00+00:00
[2024-04-29T10:43:48.982+0200] {standard_task_runner.py:63} INFO - Started process 7675 to run task
[2024-04-29T10:43:48.986+0200] {standard_task_runner.py:90} INFO - Running: ['airflow', 'tasks', 'run', 'airflow_tut_v02', 'sleep', 'scheduled__2024-04-28T04:00:00+00:00', '--job-id', '28', '--raw', '--subdir', 'DAGS_FOLDER/dags.py', '--cfg-path', '/tmp/tmp2n8f7xxo']
[2024-04-29T10:43:48.989+0200] {standard_task_runner.py:91} INFO - Job 28: Subtask sleep
[2024-04-29T10:43:49.027+0200] {task_command.py:426} INFO - Running <TaskInstance: airflow_tut_v02.sleep scheduled__2024-04-28T04:00:00+00:00 [running]> on host kali
[2024-04-29T10:43:49.096+0200] {taskinstance.py:2644} INFO - Exporting env vars: AIRFLOW_CTX_DAG_OWNER='Munyah' AIRFLOW_CTX_DAG_ID='airflow_tut_v02' AIRFLOW_CTX_TASK_ID='sleep' AIRFLOW_CTX_EXECUTION_DATE='2024-04-28T04:00:00+00:00' AIRFLOW_CTX_TRY_NUMBER='1' AIRFLOW_CTX_DAG_RUN_ID='scheduled__2024-04-28T04:00:00+00:00'
[2024-04-29T10:43:49.097+0200] {taskinstance.py:430} INFO - ::endgroup::
[2024-04-29T10:43:49.098+0200] {subprocess.py:63} INFO - Tmp dir root location: /tmp
[2024-04-29T10:43:49.098+0200] {subprocess.py:75} INFO - Running command: ['/usr/bin/bash', '-c', 'sleep 5']
[2024-04-29T10:43:49.109+0200] {subprocess.py:86} INFO - Output:
[2024-04-29T10:43:54.112+0200] {subprocess.py:97} INFO - Command exited with return code 0
[2024-04-29T10:43:54.114+0200] {taskinstance.py:441} INFO - ::group::Post task execution logs
[2024-04-29T10:43:54.645+0200] {taskinstance.py:1205} INFO - Marking task as SUCCESS. dag_id=airflow_tut_v02, task_id=sleep, execution_date=20240428T040000, start_date=20240429T084348, end_date=20240429T084354
[2024-04-29T10:43:54.683+0200] {local_task_job_runner.py:240} INFO - Task exited with return code 0
[2024-04-29T10:43:54.695+0200] {taskinstance.py:3482} INFO - 1 downstream tasks scheduled from follow-on schedule check
[2024-04-29T10:43:54.697+0200] {local_task_job_runner.py:222} INFO - ::endgroup::
