[2024-05-09T07:57:23.675+0200] {local_task_job_runner.py:120} INFO - ::group::Pre task execution logs
[2024-05-09T07:57:23.683+0200] {taskinstance.py:2073} INFO - Dependencies all met for dep_context=non-requeueable deps ti=<TaskInstance: api_dag.is_api_active scheduled__2024-05-08T00:00:00+00:00 [queued]>
[2024-05-09T07:57:23.689+0200] {taskinstance.py:2073} INFO - Dependencies all met for dep_context=requeueable deps ti=<TaskInstance: api_dag.is_api_active scheduled__2024-05-08T00:00:00+00:00 [queued]>
[2024-05-09T07:57:23.689+0200] {taskinstance.py:2303} INFO - Starting attempt 1 of 1
[2024-05-09T07:57:23.700+0200] {taskinstance.py:2327} INFO - Executing <Task(HttpSensor): is_api_active> on 2024-05-08 00:00:00+00:00
[2024-05-09T07:57:23.706+0200] {standard_task_runner.py:63} INFO - Started process 17035 to run task
[2024-05-09T07:57:23.709+0200] {standard_task_runner.py:90} INFO - Running: ['airflow', 'tasks', 'run', 'api_dag', 'is_api_active', 'scheduled__2024-05-08T00:00:00+00:00', '--job-id', '851', '--raw', '--subdir', 'DAGS_FOLDER/api_dag.py', '--cfg-path', '/tmp/tmpal5xlsf2']
[2024-05-09T07:57:23.711+0200] {standard_task_runner.py:91} INFO - Job 851: Subtask is_api_active
[2024-05-09T07:57:23.742+0200] {task_command.py:426} INFO - Running <TaskInstance: api_dag.is_api_active scheduled__2024-05-08T00:00:00+00:00 [running]> on host kali
[2024-05-09T07:57:23.794+0200] {taskinstance.py:2644} INFO - Exporting env vars: AIRFLOW_CTX_DAG_OWNER='airflow' AIRFLOW_CTX_DAG_ID='api_dag' AIRFLOW_CTX_TASK_ID='is_api_active' AIRFLOW_CTX_EXECUTION_DATE='2024-05-08T00:00:00+00:00' AIRFLOW_CTX_TRY_NUMBER='1' AIRFLOW_CTX_DAG_RUN_ID='scheduled__2024-05-08T00:00:00+00:00'
[2024-05-09T07:57:23.796+0200] {taskinstance.py:430} INFO - ::endgroup::
[2024-05-09T07:57:23.796+0200] {baseoperator.py:399} WARNING - HttpSensor.execute cannot be called outside TaskInstance!
[2024-05-09T07:57:23.796+0200] {http.py:137} INFO - Poking: posts/
[2024-05-09T07:57:23.800+0200] {base.py:84} INFO - Using connection ID 'api_post' for task execution.
[2024-05-09T07:57:26.177+0200] {base.py:294} INFO - Success criteria met. Exiting.
[2024-05-09T07:57:26.178+0200] {taskinstance.py:441} INFO - ::group::Post task execution logs
[2024-05-09T07:57:26.181+0200] {taskinstance.py:1205} INFO - Marking task as SUCCESS. dag_id=api_dag, task_id=is_api_active, execution_date=20240508T000000, start_date=20240509T055723, end_date=20240509T055726
[2024-05-09T07:57:26.224+0200] {local_task_job_runner.py:240} INFO - Task exited with return code 0
[2024-05-09T07:57:26.235+0200] {taskinstance.py:3482} INFO - 0 downstream tasks scheduled from follow-on schedule check
[2024-05-09T07:57:26.235+0200] {local_task_job_runner.py:222} INFO - ::endgroup::
