[2024-05-23T09:54:00.580+0200] {local_task_job_runner.py:120} INFO - ::group::Pre task execution logs
[2024-05-23T09:54:00.598+0200] {taskinstance.py:2076} INFO - Dependencies all met for dep_context=non-requeueable deps ti=<TaskInstance: fetch_jobs.fetch_job_postings scheduled__2024-05-22T00:00:00+00:00 [queued]>
[2024-05-23T09:54:00.608+0200] {taskinstance.py:2076} INFO - Dependencies all met for dep_context=requeueable deps ti=<TaskInstance: fetch_jobs.fetch_job_postings scheduled__2024-05-22T00:00:00+00:00 [queued]>
[2024-05-23T09:54:00.608+0200] {taskinstance.py:2306} INFO - Starting attempt 1 of 2
[2024-05-23T09:54:00.630+0200] {taskinstance.py:2330} INFO - Executing <Task(SimpleHttpOperator): fetch_job_postings> on 2024-05-22 00:00:00+00:00
[2024-05-23T09:54:00.639+0200] {standard_task_runner.py:63} INFO - Started process 48515 to run task
[2024-05-23T09:54:00.644+0200] {standard_task_runner.py:90} INFO - Running: ['airflow', 'tasks', 'run', 'fetch_jobs', 'fetch_job_postings', 'scheduled__2024-05-22T00:00:00+00:00', '--job-id', '1404', '--raw', '--subdir', 'DAGS_FOLDER/job_postings_dag.py', '--cfg-path', '/tmp/tmp3hfvx684']
[2024-05-23T09:54:00.647+0200] {standard_task_runner.py:91} INFO - Job 1404: Subtask fetch_job_postings
[2024-05-23T09:54:00.713+0200] {task_command.py:426} INFO - Running <TaskInstance: fetch_jobs.fetch_job_postings scheduled__2024-05-22T00:00:00+00:00 [running]> on host kali
[2024-05-23T09:54:00.806+0200] {taskinstance.py:2648} INFO - Exporting env vars: AIRFLOW_CTX_DAG_OWNER='airflow-munya' AIRFLOW_CTX_DAG_ID='fetch_jobs' AIRFLOW_CTX_TASK_ID='fetch_job_postings' AIRFLOW_CTX_EXECUTION_DATE='2024-05-22T00:00:00+00:00' AIRFLOW_CTX_TRY_NUMBER='1' AIRFLOW_CTX_DAG_RUN_ID='scheduled__2024-05-22T00:00:00+00:00'
[2024-05-23T09:54:00.809+0200] {taskinstance.py:430} INFO - ::endgroup::
[2024-05-23T09:54:00.809+0200] {http.py:169} INFO - Calling HTTP method
[2024-05-23T09:54:00.815+0200] {base.py:84} INFO - Using connection ID 'odoo_api_connection' for task execution.
[2024-05-23T09:54:00.819+0200] {base.py:84} INFO - Using connection ID 'odoo_api_connection' for task execution.
[2024-05-23T09:54:00.824+0200] {http.py:242} WARNING - HTTPConnectionPool(host='localhost', port=3000): Max retries exceeded with url: /jobs/get_job_postings (Caused by NewConnectionError('<urllib3.connection.HTTPConnection object at 0x7efe20906c10>: Failed to establish a new connection: [Errno 111] Connection refused')) Tenacity will retry to execute the operation
[2024-05-23T09:54:00.824+0200] {taskinstance.py:441} INFO - ::group::Post task execution logs
[2024-05-23T09:54:00.825+0200] {taskinstance.py:2905} ERROR - Task failed with exception
Traceback (most recent call last):
  File "/home/munya/anaconda3/lib/python3.11/site-packages/urllib3/connection.py", line 174, in _new_conn
    conn = connection.create_connection(
           ^^^^^^^^^^^^^^^^^^^^^^^^^^^^^
  File "/home/munya/anaconda3/lib/python3.11/site-packages/urllib3/util/connection.py", line 95, in create_connection
    raise err
  File "/home/munya/anaconda3/lib/python3.11/site-packages/urllib3/util/connection.py", line 85, in create_connection
    sock.connect(sa)
ConnectionRefusedError: [Errno 111] Connection refused

During handling of the above exception, another exception occurred:

Traceback (most recent call last):
  File "/home/munya/anaconda3/lib/python3.11/site-packages/urllib3/connectionpool.py", line 715, in urlopen
    httplib_response = self._make_request(
                       ^^^^^^^^^^^^^^^^^^^
  File "/home/munya/anaconda3/lib/python3.11/site-packages/urllib3/connectionpool.py", line 416, in _make_request
    conn.request(method, url, **httplib_request_kw)
  File "/home/munya/anaconda3/lib/python3.11/site-packages/urllib3/connection.py", line 244, in request
    super(HTTPConnection, self).request(method, url, body=body, headers=headers)
  File "/home/munya/anaconda3/lib/python3.11/http/client.py", line 1294, in request
    self._send_request(method, url, body, headers, encode_chunked)
  File "/home/munya/anaconda3/lib/python3.11/http/client.py", line 1340, in _send_request
    self.endheaders(body, encode_chunked=encode_chunked)
  File "/home/munya/anaconda3/lib/python3.11/http/client.py", line 1289, in endheaders
    self._send_output(message_body, encode_chunked=encode_chunked)
  File "/home/munya/anaconda3/lib/python3.11/http/client.py", line 1048, in _send_output
    self.send(msg)
  File "/home/munya/anaconda3/lib/python3.11/http/client.py", line 986, in send
    self.connect()
  File "/home/munya/anaconda3/lib/python3.11/site-packages/urllib3/connection.py", line 205, in connect
    conn = self._new_conn()
           ^^^^^^^^^^^^^^^^
  File "/home/munya/anaconda3/lib/python3.11/site-packages/urllib3/connection.py", line 186, in _new_conn
    raise NewConnectionError(
urllib3.exceptions.NewConnectionError: <urllib3.connection.HTTPConnection object at 0x7efe20906c10>: Failed to establish a new connection: [Errno 111] Connection refused

During handling of the above exception, another exception occurred:

Traceback (most recent call last):
  File "/home/munya/anaconda3/lib/python3.11/site-packages/requests/adapters.py", line 486, in send
    resp = conn.urlopen(
           ^^^^^^^^^^^^^
  File "/home/munya/anaconda3/lib/python3.11/site-packages/urllib3/connectionpool.py", line 799, in urlopen
    retries = retries.increment(
              ^^^^^^^^^^^^^^^^^^
  File "/home/munya/anaconda3/lib/python3.11/site-packages/urllib3/util/retry.py", line 592, in increment
    raise MaxRetryError(_pool, url, error or ResponseError(cause))
urllib3.exceptions.MaxRetryError: HTTPConnectionPool(host='localhost', port=3000): Max retries exceeded with url: /jobs/get_job_postings (Caused by NewConnectionError('<urllib3.connection.HTTPConnection object at 0x7efe20906c10>: Failed to establish a new connection: [Errno 111] Connection refused'))

During handling of the above exception, another exception occurred:

Traceback (most recent call last):
  File "/home/munya/anaconda3/lib/python3.11/site-packages/airflow/models/taskinstance.py", line 465, in _execute_task
    result = _execute_callable(context=context, **execute_callable_kwargs)
             ^^^^^^^^^^^^^^^^^^^^^^^^^^^^^^^^^^^^^^^^^^^^^^^^^^^^^^^^^^^^^
  File "/home/munya/anaconda3/lib/python3.11/site-packages/airflow/models/taskinstance.py", line 432, in _execute_callable
    return execute_callable(context=context, **execute_callable_kwargs)
           ^^^^^^^^^^^^^^^^^^^^^^^^^^^^^^^^^^^^^^^^^^^^^^^^^^^^^^^^^^^^
  File "/home/munya/anaconda3/lib/python3.11/site-packages/airflow/models/baseoperator.py", line 400, in wrapper
    return func(self, *args, **kwargs)
           ^^^^^^^^^^^^^^^^^^^^^^^^^^^
  File "/home/munya/anaconda3/lib/python3.11/site-packages/airflow/providers/http/operators/http.py", line 166, in execute
    return self.execute_sync(context=context)
           ^^^^^^^^^^^^^^^^^^^^^^^^^^^^^^^^^^
  File "/home/munya/anaconda3/lib/python3.11/site-packages/airflow/providers/http/operators/http.py", line 170, in execute_sync
    response = self.hook.run(self.endpoint, self.data, self.headers, self.extra_options)
               ^^^^^^^^^^^^^^^^^^^^^^^^^^^^^^^^^^^^^^^^^^^^^^^^^^^^^^^^^^^^^^^^^^^^^^^^^
  File "/home/munya/anaconda3/lib/python3.11/site-packages/airflow/providers/http/hooks/http.py", line 187, in run
    return self.run_and_check(session, prepped_request, extra_options)
           ^^^^^^^^^^^^^^^^^^^^^^^^^^^^^^^^^^^^^^^^^^^^^^^^^^^^^^^^^^^
  File "/home/munya/anaconda3/lib/python3.11/site-packages/airflow/providers/http/hooks/http.py", line 243, in run_and_check
    raise ex
  File "/home/munya/anaconda3/lib/python3.11/site-packages/airflow/providers/http/hooks/http.py", line 235, in run_and_check
    response = session.send(prepped_request, **send_kwargs)
               ^^^^^^^^^^^^^^^^^^^^^^^^^^^^^^^^^^^^^^^^^^^^
  File "/home/munya/anaconda3/lib/python3.11/site-packages/requests/sessions.py", line 703, in send
    r = adapter.send(request, **kwargs)
        ^^^^^^^^^^^^^^^^^^^^^^^^^^^^^^^
  File "/home/munya/anaconda3/lib/python3.11/site-packages/requests/adapters.py", line 519, in send
    raise ConnectionError(e, request=request)
requests.exceptions.ConnectionError: HTTPConnectionPool(host='localhost', port=3000): Max retries exceeded with url: /jobs/get_job_postings (Caused by NewConnectionError('<urllib3.connection.HTTPConnection object at 0x7efe20906c10>: Failed to establish a new connection: [Errno 111] Connection refused'))
[2024-05-23T09:54:00.835+0200] {taskinstance.py:1206} INFO - Marking task as UP_FOR_RETRY. dag_id=fetch_jobs, task_id=fetch_job_postings, run_id=scheduled__2024-05-22T00:00:00+00:00, execution_date=20240522T000000, start_date=20240523T075400, end_date=20240523T075400
[2024-05-23T09:54:00.851+0200] {standard_task_runner.py:110} ERROR - Failed to execute job 1404 for task fetch_job_postings (HTTPConnectionPool(host='localhost', port=3000): Max retries exceeded with url: /jobs/get_job_postings (Caused by NewConnectionError('<urllib3.connection.HTTPConnection object at 0x7efe20906c10>: Failed to establish a new connection: [Errno 111] Connection refused')); 48515)
[2024-05-23T09:54:00.900+0200] {local_task_job_runner.py:240} INFO - Task exited with return code 1
[2024-05-23T09:54:00.917+0200] {taskinstance.py:3498} INFO - 0 downstream tasks scheduled from follow-on schedule check
[2024-05-23T09:54:00.917+0200] {local_task_job_runner.py:222} INFO - ::endgroup::
