[2024-05-10T14:52:35.961+0200] {local_task_job_runner.py:120} INFO - ::group::Pre task execution logs
[2024-05-10T14:52:35.986+0200] {taskinstance.py:2073} INFO - Dependencies all met for dep_context=non-requeueable deps ti=<TaskInstance: airflow_tut_v02.sleep scheduled__2024-05-10T08:00:00+00:00 [queued]>
[2024-05-10T14:52:35.993+0200] {taskinstance.py:2073} INFO - Dependencies all met for dep_context=requeueable deps ti=<TaskInstance: airflow_tut_v02.sleep scheduled__2024-05-10T08:00:00+00:00 [queued]>
[2024-05-10T14:52:35.993+0200] {taskinstance.py:2303} INFO - Starting attempt 1 of 2
[2024-05-10T14:52:36.010+0200] {taskinstance.py:2327} INFO - Executing <Task(BashOperator): sleep> on 2024-05-10 08:00:00+00:00
[2024-05-10T14:52:36.017+0200] {standard_task_runner.py:63} INFO - Started process 677137 to run task
[2024-05-10T14:52:36.022+0200] {standard_task_runner.py:90} INFO - Running: ['airflow', 'tasks', 'run', 'airflow_tut_v02', 'sleep', 'scheduled__2024-05-10T08:00:00+00:00', '--job-id', '1020', '--raw', '--subdir', '/home/munya/.local/lib/python3.11/site-packages/airflow/example_dags/dags.py', '--cfg-path', '/tmp/tmpj16rw6xf']
[2024-05-10T14:52:36.024+0200] {standard_task_runner.py:91} INFO - Job 1020: Subtask sleep
[2024-05-10T14:52:36.062+0200] {task_command.py:426} INFO - Running <TaskInstance: airflow_tut_v02.sleep scheduled__2024-05-10T08:00:00+00:00 [running]> on host kali
[2024-05-10T14:52:36.154+0200] {taskinstance.py:2644} INFO - Exporting env vars: AIRFLOW_CTX_DAG_OWNER='Munyah' AIRFLOW_CTX_DAG_ID='airflow_tut_v02' AIRFLOW_CTX_TASK_ID='sleep' AIRFLOW_CTX_EXECUTION_DATE='2024-05-10T08:00:00+00:00' AIRFLOW_CTX_TRY_NUMBER='1' AIRFLOW_CTX_DAG_RUN_ID='scheduled__2024-05-10T08:00:00+00:00'
[2024-05-10T14:52:36.156+0200] {taskinstance.py:430} INFO - ::endgroup::
[2024-05-10T14:52:36.157+0200] {subprocess.py:63} INFO - Tmp dir root location: /tmp
[2024-05-10T14:52:36.158+0200] {subprocess.py:75} INFO - Running command: ['/usr/bin/bash', '-c', 'sleep 5']
[2024-05-10T14:52:36.170+0200] {subprocess.py:86} INFO - Output:
[2024-05-10T14:52:41.177+0200] {subprocess.py:97} INFO - Command exited with return code 0
[2024-05-10T14:52:41.180+0200] {taskinstance.py:441} INFO - ::group::Post task execution logs
[2024-05-10T14:52:41.254+0200] {taskinstance.py:1205} INFO - Marking task as SUCCESS. dag_id=airflow_tut_v02, task_id=sleep, execution_date=20240510T080000, start_date=20240510T125235, end_date=20240510T125241
[2024-05-10T14:52:41.410+0200] {local_task_job_runner.py:240} INFO - Task exited with return code 0
[2024-05-10T14:52:41.554+0200] {taskinstance.py:3482} INFO - 1 downstream tasks scheduled from follow-on schedule check
[2024-05-10T14:52:41.563+0200] {local_task_job_runner.py:222} INFO - ::endgroup::
