[2024-05-18T12:18:44.733+0200] {local_task_job_runner.py:120} INFO - ::group::Pre task execution logs
[2024-05-18T12:18:44.753+0200] {taskinstance.py:2076} INFO - Dependencies all met for dep_context=non-requeueable deps ti=<TaskInstance: airflow2.sleep scheduled__2024-05-05T00:00:00+00:00 [queued]>
[2024-05-18T12:18:44.758+0200] {taskinstance.py:2076} INFO - Dependencies all met for dep_context=requeueable deps ti=<TaskInstance: airflow2.sleep scheduled__2024-05-05T00:00:00+00:00 [queued]>
[2024-05-18T12:18:44.758+0200] {taskinstance.py:2306} INFO - Starting attempt 1 of 2
[2024-05-18T12:18:44.770+0200] {taskinstance.py:2330} INFO - Executing <Task(BashOperator): sleep> on 2024-05-05 00:00:00+00:00
[2024-05-18T12:18:44.776+0200] {standard_task_runner.py:63} INFO - Started process 304195 to run task
[2024-05-18T12:18:44.779+0200] {standard_task_runner.py:90} INFO - Running: ['airflow', 'tasks', 'run', 'airflow2', 'sleep', 'scheduled__2024-05-05T00:00:00+00:00', '--job-id', '1117', '--raw', '--subdir', 'DAGS_FOLDER/first_dag.py', '--cfg-path', '/tmp/tmpkzt1noul']
[2024-05-18T12:18:44.782+0200] {standard_task_runner.py:91} INFO - Job 1117: Subtask sleep
[2024-05-18T12:18:44.819+0200] {task_command.py:426} INFO - Running <TaskInstance: airflow2.sleep scheduled__2024-05-05T00:00:00+00:00 [running]> on host kali
[2024-05-18T12:18:44.875+0200] {taskinstance.py:2648} INFO - Exporting env vars: AIRFLOW_CTX_DAG_OWNER='Munyah' AIRFLOW_CTX_DAG_ID='airflow2' AIRFLOW_CTX_TASK_ID='sleep' AIRFLOW_CTX_EXECUTION_DATE='2024-05-05T00:00:00+00:00' AIRFLOW_CTX_TRY_NUMBER='1' AIRFLOW_CTX_DAG_RUN_ID='scheduled__2024-05-05T00:00:00+00:00'
[2024-05-18T12:18:44.877+0200] {taskinstance.py:430} INFO - ::endgroup::
[2024-05-18T12:18:44.878+0200] {subprocess.py:63} INFO - Tmp dir root location: /tmp
[2024-05-18T12:18:44.880+0200] {subprocess.py:75} INFO - Running command: ['/usr/bin/bash', '-c', 'sleep 5']
[2024-05-18T12:18:44.891+0200] {subprocess.py:86} INFO - Output:
[2024-05-18T12:18:49.894+0200] {subprocess.py:97} INFO - Command exited with return code 0
[2024-05-18T12:18:49.897+0200] {taskinstance.py:441} INFO - ::group::Post task execution logs
[2024-05-18T12:18:49.957+0200] {taskinstance.py:1206} INFO - Marking task as SUCCESS. dag_id=airflow2, task_id=sleep, run_id=scheduled__2024-05-05T00:00:00+00:00, execution_date=20240505T000000, start_date=20240518T101844, end_date=20240518T101849
[2024-05-18T12:18:50.036+0200] {local_task_job_runner.py:240} INFO - Task exited with return code 0
[2024-05-18T12:18:50.120+0200] {taskinstance.py:3498} INFO - 1 downstream tasks scheduled from follow-on schedule check
[2024-05-18T12:18:50.126+0200] {local_task_job_runner.py:222} INFO - ::endgroup::
