[2024-05-08T14:06:01.142+0200] {local_task_job_runner.py:120} INFO - ::group::Pre task execution logs
[2024-05-08T14:06:01.150+0200] {taskinstance.py:2073} INFO - Dependencies all met for dep_context=non-requeueable deps ti=<TaskInstance: api_dag.is_api_active __airflow_temporary_run_2024-05-08T12:05:56.432998+00:00__ [queued]>
[2024-05-08T14:06:01.154+0200] {taskinstance.py:2073} INFO - Dependencies all met for dep_context=requeueable deps ti=<TaskInstance: api_dag.is_api_active __airflow_temporary_run_2024-05-08T12:05:56.432998+00:00__ [queued]>
[2024-05-08T14:06:01.154+0200] {taskinstance.py:2303} INFO - Starting attempt 1 of 1
[2024-05-08T14:06:01.165+0200] {taskinstance.py:2327} INFO - Executing <Task(HttpSensor): is_api_active> on 2024-05-08 12:05:56.432933+00:00
[2024-05-08T14:06:01.173+0200] {standard_task_runner.py:63} INFO - Started process 288583 to run task
[2024-05-08T14:06:01.176+0200] {standard_task_runner.py:90} INFO - Running: ['airflow', 'tasks', 'run', 'api_dag', 'is_api_active', '__airflow_temporary_run_2024-05-08T12:05:56.432998+00:00__', '--job-id', '840', '--raw', '--subdir', 'DAGS_FOLDER/api_dag.py', '--cfg-path', '/tmp/tmpdj73atik']
[2024-05-08T14:06:01.178+0200] {standard_task_runner.py:91} INFO - Job 840: Subtask is_api_active
[2024-05-08T14:06:01.210+0200] {task_command.py:426} INFO - Running <TaskInstance: api_dag.is_api_active __airflow_temporary_run_2024-05-08T12:05:56.432998+00:00__ [running]> on host kali
[2024-05-08T14:06:01.264+0200] {taskinstance.py:2644} INFO - Exporting env vars: AIRFLOW_CTX_DAG_OWNER='airflow' AIRFLOW_CTX_DAG_ID='api_dag' AIRFLOW_CTX_TASK_ID='is_api_active' AIRFLOW_CTX_EXECUTION_DATE='2024-05-08T12:05:56.432933+00:00' AIRFLOW_CTX_TRY_NUMBER='1' AIRFLOW_CTX_DAG_RUN_ID='__airflow_temporary_run_2024-05-08T12:05:56.432998+00:00__'
[2024-05-08T14:06:01.265+0200] {taskinstance.py:430} INFO - ::endgroup::
[2024-05-08T14:06:01.266+0200] {baseoperator.py:399} WARNING - HttpSensor.execute cannot be called outside TaskInstance!
[2024-05-08T14:06:01.266+0200] {http.py:137} INFO - Poking: posts/
[2024-05-08T14:06:01.270+0200] {base.py:84} INFO - Using connection ID 'api_post' for task execution.
[2024-05-08T14:06:15.784+0200] {base.py:294} INFO - Success criteria met. Exiting.
[2024-05-08T14:06:15.785+0200] {taskinstance.py:441} INFO - ::group::Post task execution logs
[2024-05-08T14:06:15.799+0200] {taskinstance.py:1205} INFO - Marking task as SUCCESS. dag_id=api_dag, task_id=is_api_active, execution_date=20240508T120556, start_date=20240508T120601, end_date=20240508T120615
[2024-05-08T14:06:15.867+0200] {local_task_job_runner.py:240} INFO - Task exited with return code 0
[2024-05-08T14:06:15.904+0200] {taskinstance.py:3482} INFO - 0 downstream tasks scheduled from follow-on schedule check
[2024-05-08T14:06:15.906+0200] {local_task_job_runner.py:222} INFO - ::endgroup::
