[2024-05-05T16:00:11.118+0200] {local_task_job_runner.py:120} INFO - ::group::Pre task execution logs
[2024-05-05T16:00:11.141+0200] {taskinstance.py:2073} INFO - Dependencies all met for dep_context=non-requeueable deps ti=<TaskInstance: airflow_tut_v02.sleep scheduled__2024-05-05T13:00:00+00:00 [queued]>
[2024-05-05T16:00:11.148+0200] {taskinstance.py:2073} INFO - Dependencies all met for dep_context=requeueable deps ti=<TaskInstance: airflow_tut_v02.sleep scheduled__2024-05-05T13:00:00+00:00 [queued]>
[2024-05-05T16:00:11.149+0200] {taskinstance.py:2303} INFO - Starting attempt 1 of 2
[2024-05-05T16:00:11.159+0200] {taskinstance.py:2327} INFO - Executing <Task(BashOperator): sleep> on 2024-05-05 13:00:00+00:00
[2024-05-05T16:00:11.166+0200] {standard_task_runner.py:63} INFO - Started process 906232 to run task
[2024-05-05T16:00:11.169+0200] {standard_task_runner.py:90} INFO - Running: ['airflow', 'tasks', 'run', 'airflow_tut_v02', 'sleep', 'scheduled__2024-05-05T13:00:00+00:00', '--job-id', '585', '--raw', '--subdir', '/home/munya/.local/lib/python3.11/site-packages/airflow/example_dags/dags.py', '--cfg-path', '/tmp/tmpmiyunp83']
[2024-05-05T16:00:11.172+0200] {standard_task_runner.py:91} INFO - Job 585: Subtask sleep
[2024-05-05T16:00:11.202+0200] {task_command.py:426} INFO - Running <TaskInstance: airflow_tut_v02.sleep scheduled__2024-05-05T13:00:00+00:00 [running]> on host kali
[2024-05-05T16:00:11.257+0200] {taskinstance.py:2644} INFO - Exporting env vars: AIRFLOW_CTX_DAG_OWNER='Munyah' AIRFLOW_CTX_DAG_ID='airflow_tut_v02' AIRFLOW_CTX_TASK_ID='sleep' AIRFLOW_CTX_EXECUTION_DATE='2024-05-05T13:00:00+00:00' AIRFLOW_CTX_TRY_NUMBER='1' AIRFLOW_CTX_DAG_RUN_ID='scheduled__2024-05-05T13:00:00+00:00'
[2024-05-05T16:00:11.258+0200] {taskinstance.py:430} INFO - ::endgroup::
[2024-05-05T16:00:11.258+0200] {subprocess.py:63} INFO - Tmp dir root location: /tmp
[2024-05-05T16:00:11.259+0200] {subprocess.py:75} INFO - Running command: ['/usr/bin/bash', '-c', 'sleep 5']
[2024-05-05T16:00:11.271+0200] {subprocess.py:86} INFO - Output:
[2024-05-05T16:00:16.273+0200] {subprocess.py:97} INFO - Command exited with return code 0
[2024-05-05T16:00:16.274+0200] {taskinstance.py:441} INFO - ::group::Post task execution logs
[2024-05-05T16:00:16.296+0200] {taskinstance.py:1205} INFO - Marking task as SUCCESS. dag_id=airflow_tut_v02, task_id=sleep, execution_date=20240505T130000, start_date=20240505T140011, end_date=20240505T140016
[2024-05-05T16:00:16.322+0200] {local_task_job_runner.py:240} INFO - Task exited with return code 0
[2024-05-05T16:00:16.338+0200] {taskinstance.py:3482} INFO - 1 downstream tasks scheduled from follow-on schedule check
[2024-05-05T16:00:16.341+0200] {local_task_job_runner.py:222} INFO - ::endgroup::
