[2024-05-09T12:45:23.339+0200] {local_task_job_runner.py:120} INFO - ::group::Pre task execution logs
[2024-05-09T12:45:23.378+0200] {taskinstance.py:2073} INFO - Dependencies all met for dep_context=non-requeueable deps ti=<TaskInstance: weather_api_dag.fetch_weather_data scheduled__2024-05-01T00:00:00+00:00 [queued]>
[2024-05-09T12:45:23.404+0200] {taskinstance.py:2073} INFO - Dependencies all met for dep_context=requeueable deps ti=<TaskInstance: weather_api_dag.fetch_weather_data scheduled__2024-05-01T00:00:00+00:00 [queued]>
[2024-05-09T12:45:23.404+0200] {taskinstance.py:2303} INFO - Starting attempt 1 of 2
[2024-05-09T12:45:23.462+0200] {taskinstance.py:2327} INFO - Executing <Task(HttpOperator): fetch_weather_data> on 2024-05-01 00:00:00+00:00
[2024-05-09T12:45:23.529+0200] {standard_task_runner.py:63} INFO - Started process 251911 to run task
[2024-05-09T12:45:23.555+0200] {standard_task_runner.py:90} INFO - Running: ['airflow', 'tasks', 'run', 'weather_api_dag', 'fetch_weather_data', 'scheduled__2024-05-01T00:00:00+00:00', '--job-id', '923', '--raw', '--subdir', 'DAGS_FOLDER/weather_data.py', '--cfg-path', '/tmp/tmph8qxq608']
[2024-05-09T12:45:23.623+0200] {standard_task_runner.py:91} INFO - Job 923: Subtask fetch_weather_data
[2024-05-09T12:45:23.954+0200] {task_command.py:426} INFO - Running <TaskInstance: weather_api_dag.fetch_weather_data scheduled__2024-05-01T00:00:00+00:00 [running]> on host kali
[2024-05-09T12:45:24.346+0200] {taskinstance.py:2644} INFO - Exporting env vars: AIRFLOW_CTX_DAG_OWNER='airflow' AIRFLOW_CTX_DAG_ID='weather_api_dag' AIRFLOW_CTX_TASK_ID='fetch_weather_data' AIRFLOW_CTX_EXECUTION_DATE='2024-05-01T00:00:00+00:00' AIRFLOW_CTX_TRY_NUMBER='1' AIRFLOW_CTX_DAG_RUN_ID='scheduled__2024-05-01T00:00:00+00:00'
[2024-05-09T12:45:24.357+0200] {taskinstance.py:430} INFO - ::endgroup::
[2024-05-09T12:45:24.358+0200] {http.py:169} INFO - Calling HTTP method
[2024-05-09T12:45:24.383+0200] {base.py:84} INFO - Using connection ID 'weather_api' for task execution.
[2024-05-09T12:45:24.400+0200] {base.py:84} INFO - Using connection ID 'weather_api' for task execution.
[2024-05-09T12:45:27.834+0200] {taskinstance.py:441} INFO - ::group::Post task execution logs
[2024-05-09T12:45:27.954+0200] {taskinstance.py:1205} INFO - Marking task as SUCCESS. dag_id=weather_api_dag, task_id=fetch_weather_data, execution_date=20240501T000000, start_date=20240509T104523, end_date=20240509T104527
[2024-05-09T12:45:28.048+0200] {local_task_job_runner.py:240} INFO - Task exited with return code 0
[2024-05-09T12:45:28.082+0200] {taskinstance.py:3482} INFO - 0 downstream tasks scheduled from follow-on schedule check
[2024-05-09T12:45:28.084+0200] {local_task_job_runner.py:222} INFO - ::endgroup::
[2024-05-09T12:50:05.322+0200] {local_task_job_runner.py:120} INFO - ::group::Pre task execution logs
[2024-05-09T12:50:05.344+0200] {taskinstance.py:2073} INFO - Dependencies all met for dep_context=non-requeueable deps ti=<TaskInstance: weather_api_dag.fetch_weather_data scheduled__2024-05-01T00:00:00+00:00 [queued]>
[2024-05-09T12:50:05.352+0200] {taskinstance.py:2073} INFO - Dependencies all met for dep_context=requeueable deps ti=<TaskInstance: weather_api_dag.fetch_weather_data scheduled__2024-05-01T00:00:00+00:00 [queued]>
[2024-05-09T12:50:05.353+0200] {taskinstance.py:2303} INFO - Starting attempt 1 of 2
[2024-05-09T12:50:05.373+0200] {taskinstance.py:2327} INFO - Executing <Task(HttpOperator): fetch_weather_data> on 2024-05-01 00:00:00+00:00
[2024-05-09T12:50:05.383+0200] {standard_task_runner.py:63} INFO - Started process 255631 to run task
[2024-05-09T12:50:05.392+0200] {standard_task_runner.py:90} INFO - Running: ['airflow', 'tasks', 'run', 'weather_api_dag', 'fetch_weather_data', 'scheduled__2024-05-01T00:00:00+00:00', '--job-id', '923', '--raw', '--subdir', 'DAGS_FOLDER/weather_data.py', '--cfg-path', '/tmp/tmp4e4y9a1l']
[2024-05-09T12:50:05.396+0200] {standard_task_runner.py:91} INFO - Job 923: Subtask fetch_weather_data
[2024-05-09T12:50:05.466+0200] {task_command.py:426} INFO - Running <TaskInstance: weather_api_dag.fetch_weather_data scheduled__2024-05-01T00:00:00+00:00 [running]> on host kali
[2024-05-09T12:50:05.614+0200] {taskinstance.py:2644} INFO - Exporting env vars: AIRFLOW_CTX_DAG_OWNER='airflow' AIRFLOW_CTX_DAG_ID='weather_api_dag' AIRFLOW_CTX_TASK_ID='fetch_weather_data' AIRFLOW_CTX_EXECUTION_DATE='2024-05-01T00:00:00+00:00' AIRFLOW_CTX_TRY_NUMBER='1' AIRFLOW_CTX_DAG_RUN_ID='scheduled__2024-05-01T00:00:00+00:00'
[2024-05-09T12:50:05.617+0200] {taskinstance.py:430} INFO - ::endgroup::
[2024-05-09T12:50:05.617+0200] {http.py:169} INFO - Calling HTTP method
[2024-05-09T12:50:05.628+0200] {base.py:84} INFO - Using connection ID 'weather_api' for task execution.
[2024-05-09T12:50:05.636+0200] {base.py:84} INFO - Using connection ID 'weather_api' for task execution.
[2024-05-09T12:50:11.007+0200] {http.py:208} INFO - {"coord":{"lon":32.6709,"lat":-18.9707},"weather":[{"id":800,"main":"Clear","description":"clear sky","icon":"01d"}],"base":"stations","main":{"temp":298.05,"feels_like":297.48,"temp_min":298.05,"temp_max":298.05,"pressure":1017,"humidity":34,"sea_level":1017,"grnd_level":897},"visibility":10000,"wind":{"speed":3.1,"deg":105,"gust":2.9},"clouds":{"all":3},"dt":1715251344,"sys":{"country":"ZW","sunrise":1715227613,"sunset":1715268279},"timezone":7200,"id":884979,"name":"Mutare","cod":200}
[2024-05-09T12:50:11.008+0200] {taskinstance.py:441} INFO - ::group::Post task execution logs
[2024-05-09T12:50:11.009+0200] {taskinstance.py:2890} ERROR - Task failed with exception
Traceback (most recent call last):
  File "/home/munya/.local/lib/python3.11/site-packages/airflow/models/taskinstance.py", line 465, in _execute_task
    result = _execute_callable(context=context, **execute_callable_kwargs)
             ^^^^^^^^^^^^^^^^^^^^^^^^^^^^^^^^^^^^^^^^^^^^^^^^^^^^^^^^^^^^^
  File "/home/munya/.local/lib/python3.11/site-packages/airflow/models/taskinstance.py", line 432, in _execute_callable
    return execute_callable(context=context, **execute_callable_kwargs)
           ^^^^^^^^^^^^^^^^^^^^^^^^^^^^^^^^^^^^^^^^^^^^^^^^^^^^^^^^^^^^
  File "/home/munya/.local/lib/python3.11/site-packages/airflow/models/baseoperator.py", line 400, in wrapper
    return func(self, *args, **kwargs)
           ^^^^^^^^^^^^^^^^^^^^^^^^^^^
  File "/home/munya/.local/lib/python3.11/site-packages/airflow/providers/http/operators/http.py", line 166, in execute
    return self.execute_sync(context=context)
           ^^^^^^^^^^^^^^^^^^^^^^^^^^^^^^^^^^
  File "/home/munya/.local/lib/python3.11/site-packages/airflow/providers/http/operators/http.py", line 172, in execute_sync
    return self.process_response(context=context, response=response)
           ^^^^^^^^^^^^^^^^^^^^^^^^^^^^^^^^^^^^^^^^^^^^^^^^^^^^^^^^^
  File "/home/munya/.local/lib/python3.11/site-packages/airflow/providers/http/operators/http.py", line 215, in process_response
    return self.response_filter(response, **kwargs)
           ^^^^^^^^^^^^^^^^^^^^^^^^^^^^^^^^^^^^^^^^
  File "/home/munya/airflow/dags/weather_data.py", line 21, in <lambda>
    response_filter=lambda response: json.loads(response.text),
                                     ^^^^
NameError: name 'json' is not defined
[2024-05-09T12:50:11.031+0200] {taskinstance.py:1205} INFO - Marking task as UP_FOR_RETRY. dag_id=weather_api_dag, task_id=fetch_weather_data, execution_date=20240501T000000, start_date=20240509T105005, end_date=20240509T105011
[2024-05-09T12:50:11.092+0200] {standard_task_runner.py:110} ERROR - Failed to execute job 923 for task fetch_weather_data (name 'json' is not defined; 255631)
[2024-05-09T12:50:11.162+0200] {local_task_job_runner.py:240} INFO - Task exited with return code 1
[2024-05-09T12:50:11.208+0200] {taskinstance.py:3482} INFO - 0 downstream tasks scheduled from follow-on schedule check
[2024-05-09T12:50:11.209+0200] {local_task_job_runner.py:222} INFO - ::endgroup::
