[2024-05-06T12:16:50.950+0200] {local_task_job_runner.py:120} INFO - ::group::Pre task execution logs
[2024-05-06T12:16:50.988+0200] {taskinstance.py:2073} INFO - Dependencies all met for dep_context=non-requeueable deps ti=<TaskInstance: airflow_tut_v02.print_hello scheduled__2024-05-06T01:00:00+00:00 [queued]>
[2024-05-06T12:16:51.007+0200] {taskinstance.py:2073} INFO - Dependencies all met for dep_context=requeueable deps ti=<TaskInstance: airflow_tut_v02.print_hello scheduled__2024-05-06T01:00:00+00:00 [queued]>
[2024-05-06T12:16:51.008+0200] {taskinstance.py:2303} INFO - Starting attempt 1 of 2
[2024-05-06T12:16:51.038+0200] {taskinstance.py:2327} INFO - Executing <Task(BashOperator): print_hello> on 2024-05-06 01:00:00+00:00
[2024-05-06T12:16:51.055+0200] {standard_task_runner.py:63} INFO - Started process 139153 to run task
[2024-05-06T12:16:51.061+0200] {standard_task_runner.py:90} INFO - Running: ['airflow', 'tasks', 'run', 'airflow_tut_v02', 'print_hello', 'scheduled__2024-05-06T01:00:00+00:00', '--job-id', '628', '--raw', '--subdir', '/home/munya/.local/lib/python3.11/site-packages/airflow/example_dags/dags.py', '--cfg-path', '/tmp/tmpt70l7d9t']
[2024-05-06T12:16:51.066+0200] {standard_task_runner.py:91} INFO - Job 628: Subtask print_hello
[2024-05-06T12:16:51.126+0200] {task_command.py:426} INFO - Running <TaskInstance: airflow_tut_v02.print_hello scheduled__2024-05-06T01:00:00+00:00 [running]> on host kali
[2024-05-06T12:16:51.242+0200] {taskinstance.py:2644} INFO - Exporting env vars: AIRFLOW_CTX_DAG_OWNER='Munyah' AIRFLOW_CTX_DAG_ID='airflow_tut_v02' AIRFLOW_CTX_TASK_ID='print_hello' AIRFLOW_CTX_EXECUTION_DATE='2024-05-06T01:00:00+00:00' AIRFLOW_CTX_TRY_NUMBER='1' AIRFLOW_CTX_DAG_RUN_ID='scheduled__2024-05-06T01:00:00+00:00'
[2024-05-06T12:16:51.245+0200] {taskinstance.py:430} INFO - ::endgroup::
[2024-05-06T12:16:51.246+0200] {subprocess.py:63} INFO - Tmp dir root location: /tmp
[2024-05-06T12:16:51.247+0200] {subprocess.py:75} INFO - Running command: ['/usr/bin/bash', '-c', 'echo "hello"']
[2024-05-06T12:16:51.272+0200] {subprocess.py:86} INFO - Output:
[2024-05-06T12:16:51.275+0200] {subprocess.py:93} INFO - hello
[2024-05-06T12:16:51.276+0200] {subprocess.py:97} INFO - Command exited with return code 0
[2024-05-06T12:16:51.277+0200] {taskinstance.py:441} INFO - ::group::Post task execution logs
[2024-05-06T12:16:51.315+0200] {taskinstance.py:1205} INFO - Marking task as SUCCESS. dag_id=airflow_tut_v02, task_id=print_hello, execution_date=20240506T010000, start_date=20240506T101650, end_date=20240506T101651
[2024-05-06T12:16:51.435+0200] {local_task_job_runner.py:240} INFO - Task exited with return code 0
[2024-05-06T12:16:51.496+0200] {taskinstance.py:3482} INFO - 1 downstream tasks scheduled from follow-on schedule check
[2024-05-06T12:16:51.502+0200] {local_task_job_runner.py:222} INFO - ::endgroup::
