[2024-05-22T17:02:19.172+0200] {local_task_job_runner.py:120} INFO - ::group::Pre task execution logs
[2024-05-22T17:02:19.180+0200] {taskinstance.py:2076} INFO - Dependencies all met for dep_context=non-requeueable deps ti=<TaskInstance: weather_api_dag.fetch_weather_data scheduled__2024-05-21T00:00:00+00:00 [queued]>
[2024-05-22T17:02:19.185+0200] {taskinstance.py:2076} INFO - Dependencies all met for dep_context=requeueable deps ti=<TaskInstance: weather_api_dag.fetch_weather_data scheduled__2024-05-21T00:00:00+00:00 [queued]>
[2024-05-22T17:02:19.186+0200] {taskinstance.py:2306} INFO - Starting attempt 1 of 2
[2024-05-22T17:02:19.196+0200] {taskinstance.py:2330} INFO - Executing <Task(HttpOperator): fetch_weather_data> on 2024-05-21 00:00:00+00:00
[2024-05-22T17:02:19.201+0200] {standard_task_runner.py:63} INFO - Started process 35111 to run task
[2024-05-22T17:02:19.205+0200] {standard_task_runner.py:90} INFO - Running: ['airflow', 'tasks', 'run', 'weather_api_dag', 'fetch_weather_data', 'scheduled__2024-05-21T00:00:00+00:00', '--job-id', '1376', '--raw', '--subdir', 'DAGS_FOLDER/weather_data.py', '--cfg-path', '/tmp/tmpfsdaa0br']
[2024-05-22T17:02:19.207+0200] {standard_task_runner.py:91} INFO - Job 1376: Subtask fetch_weather_data
[2024-05-22T17:02:19.237+0200] {task_command.py:426} INFO - Running <TaskInstance: weather_api_dag.fetch_weather_data scheduled__2024-05-21T00:00:00+00:00 [running]> on host kali
[2024-05-22T17:02:19.301+0200] {taskinstance.py:2648} INFO - Exporting env vars: AIRFLOW_CTX_DAG_OWNER='airflow' AIRFLOW_CTX_DAG_ID='weather_api_dag' AIRFLOW_CTX_TASK_ID='fetch_weather_data' AIRFLOW_CTX_EXECUTION_DATE='2024-05-21T00:00:00+00:00' AIRFLOW_CTX_TRY_NUMBER='1' AIRFLOW_CTX_DAG_RUN_ID='scheduled__2024-05-21T00:00:00+00:00'
[2024-05-22T17:02:19.303+0200] {taskinstance.py:430} INFO - ::endgroup::
[2024-05-22T17:02:19.303+0200] {http.py:169} INFO - Calling HTTP method
[2024-05-22T17:02:19.308+0200] {base.py:84} INFO - Using connection ID 'weather_api' for task execution.
[2024-05-22T17:02:19.312+0200] {base.py:84} INFO - Using connection ID 'weather_api' for task execution.
[2024-05-22T17:02:20.527+0200] {http.py:208} INFO - {"coord":{"lon":32.6709,"lat":-18.9707},"weather":[{"id":800,"main":"Clear","description":"clear sky","icon":"01d"}],"base":"stations","main":{"temp":293.28,"feels_like":292.55,"temp_min":293.28,"temp_max":293.28,"pressure":1021,"humidity":46,"sea_level":1021,"grnd_level":898},"visibility":10000,"wind":{"speed":3.34,"deg":106,"gust":7.37},"clouds":{"all":2},"dt":1716390140,"sys":{"country":"ZW","sunrise":1716351111,"sunset":1716391228},"timezone":7200,"id":884979,"name":"Mutare","cod":200}
[2024-05-22T17:02:20.529+0200] {taskinstance.py:441} INFO - ::group::Post task execution logs
[2024-05-22T17:02:20.542+0200] {taskinstance.py:1206} INFO - Marking task as SUCCESS. dag_id=weather_api_dag, task_id=fetch_weather_data, run_id=scheduled__2024-05-21T00:00:00+00:00, execution_date=20240521T000000, start_date=20240522T150219, end_date=20240522T150220
[2024-05-22T17:02:20.580+0200] {local_task_job_runner.py:240} INFO - Task exited with return code 0
[2024-05-22T17:02:20.597+0200] {taskinstance.py:3498} INFO - 0 downstream tasks scheduled from follow-on schedule check
[2024-05-22T17:02:20.597+0200] {local_task_job_runner.py:222} INFO - ::endgroup::
