[2024-05-23T18:43:38.685+0200] {local_task_job_runner.py:120} INFO - ::group::Pre task execution logs
[2024-05-23T18:43:38.703+0200] {taskinstance.py:2076} INFO - Dependencies all met for dep_context=non-requeueable deps ti=<TaskInstance: doctors_api_dag_without_xcom.retrieve_token __airflow_temporary_run_2024-05-23T16:43:34.524390+00:00__ [queued]>
[2024-05-23T18:43:38.709+0200] {taskinstance.py:2076} INFO - Dependencies all met for dep_context=requeueable deps ti=<TaskInstance: doctors_api_dag_without_xcom.retrieve_token __airflow_temporary_run_2024-05-23T16:43:34.524390+00:00__ [queued]>
[2024-05-23T18:43:38.709+0200] {taskinstance.py:2306} INFO - Starting attempt 1 of 4
[2024-05-23T18:43:38.720+0200] {taskinstance.py:2330} INFO - Executing <Task(PythonOperator): retrieve_token> on 2024-05-23 16:43:34.524349+00:00
[2024-05-23T18:43:38.727+0200] {standard_task_runner.py:63} INFO - Started process 430799 to run task
[2024-05-23T18:43:38.731+0200] {standard_task_runner.py:90} INFO - Running: ['airflow', 'tasks', 'run', 'doctors_api_dag_without_xcom', 'retrieve_token', '__airflow_temporary_run_2024-05-23T16:43:34.524390+00:00__', '--job-id', '1492', '--raw', '--subdir', 'DAGS_FOLDER/eezimeds_doctors.py', '--cfg-path', '/tmp/tmpcjz2dknt']
[2024-05-23T18:43:38.733+0200] {standard_task_runner.py:91} INFO - Job 1492: Subtask retrieve_token
[2024-05-23T18:43:38.765+0200] {task_command.py:426} INFO - Running <TaskInstance: doctors_api_dag_without_xcom.retrieve_token __airflow_temporary_run_2024-05-23T16:43:34.524390+00:00__ [running]> on host kali
[2024-05-23T18:43:38.820+0200] {taskinstance.py:2648} INFO - Exporting env vars: AIRFLOW_CTX_DAG_OWNER='airflow' AIRFLOW_CTX_DAG_ID='doctors_api_dag_without_xcom' AIRFLOW_CTX_TASK_ID='retrieve_token' AIRFLOW_CTX_EXECUTION_DATE='2024-05-23T16:43:34.524349+00:00' AIRFLOW_CTX_TRY_NUMBER='1' AIRFLOW_CTX_DAG_RUN_ID='__airflow_temporary_run_2024-05-23T16:43:34.524390+00:00__'
[2024-05-23T18:43:38.822+0200] {taskinstance.py:430} INFO - ::endgroup::
[2024-05-23T18:43:38.822+0200] {token_retrieval.py:44} INFO - Token is missing or expired, fetching a new one.
[2024-05-23T18:43:53.874+0200] {local_task_job_runner.py:310} WARNING - State of this instance has been externally set to None. Terminating instance.
[2024-05-23T18:43:53.876+0200] {local_task_job_runner.py:222} INFO - ::endgroup::
[2024-05-23T18:43:53.885+0200] {process_utils.py:132} INFO - Sending 15 to group 430799. PIDs of all processes in the group: [430799]
[2024-05-23T18:43:53.885+0200] {process_utils.py:87} INFO - Sending the signal 15 to group 430799
[2024-05-23T18:43:53.885+0200] {taskinstance.py:2611} ERROR - Received SIGTERM. Terminating subprocesses.
[2024-05-23T18:43:53.886+0200] {taskinstance.py:441} INFO - ::group::Post task execution logs
[2024-05-23T18:43:53.890+0200] {taskinstance.py:2905} ERROR - Task failed with exception
Traceback (most recent call last):
  File "/home/munya/anaconda3/lib/python3.11/site-packages/airflow/models/taskinstance.py", line 465, in _execute_task
    result = _execute_callable(context=context, **execute_callable_kwargs)
             ^^^^^^^^^^^^^^^^^^^^^^^^^^^^^^^^^^^^^^^^^^^^^^^^^^^^^^^^^^^^^
  File "/home/munya/anaconda3/lib/python3.11/site-packages/airflow/models/taskinstance.py", line 432, in _execute_callable
    return execute_callable(context=context, **execute_callable_kwargs)
           ^^^^^^^^^^^^^^^^^^^^^^^^^^^^^^^^^^^^^^^^^^^^^^^^^^^^^^^^^^^^
  File "/home/munya/anaconda3/lib/python3.11/site-packages/airflow/models/baseoperator.py", line 400, in wrapper
    return func(self, *args, **kwargs)
           ^^^^^^^^^^^^^^^^^^^^^^^^^^^
  File "/home/munya/anaconda3/lib/python3.11/site-packages/airflow/operators/python.py", line 235, in execute
    return_value = self.execute_callable()
                   ^^^^^^^^^^^^^^^^^^^^^^^
  File "/home/munya/anaconda3/lib/python3.11/site-packages/airflow/operators/python.py", line 252, in execute_callable
    return self.python_callable(*self.op_args, **self.op_kwargs)
           ^^^^^^^^^^^^^^^^^^^^^^^^^^^^^^^^^^^^^^^^^^^^^^^^^^^^^
  File "/home/munya/airflow/dags/eezimeds_doctors.py", line 28, in retrieve_token
    token = get_fresh_token()  # Call your actual implementation of get_fresh_token
            ^^^^^^^^^^^^^^^^^
  File "/home/munya/airflow/scripts/token_retrieval.py", line 53, in get_fresh_token
    return token_manager.get_token()
           ^^^^^^^^^^^^^^^^^^^^^^^^^
  File "/home/munya/airflow/scripts/token_retrieval.py", line 45, in get_token
    self.get_fresh_token()
  File "/home/munya/airflow/scripts/token_retrieval.py", line 22, in get_fresh_token
    response = requests.post(url, data=payload)
               ^^^^^^^^^^^^^^^^^^^^^^^^^^^^^^^^
  File "/home/munya/anaconda3/lib/python3.11/site-packages/requests/api.py", line 115, in post
    return request("post", url, data=data, json=json, **kwargs)
           ^^^^^^^^^^^^^^^^^^^^^^^^^^^^^^^^^^^^^^^^^^^^^^^^^^^^
  File "/home/munya/anaconda3/lib/python3.11/site-packages/requests/api.py", line 59, in request
    return session.request(method=method, url=url, **kwargs)
           ^^^^^^^^^^^^^^^^^^^^^^^^^^^^^^^^^^^^^^^^^^^^^^^^^
  File "/home/munya/anaconda3/lib/python3.11/site-packages/requests/sessions.py", line 589, in request
    resp = self.send(prep, **send_kwargs)
           ^^^^^^^^^^^^^^^^^^^^^^^^^^^^^^
  File "/home/munya/anaconda3/lib/python3.11/site-packages/requests/sessions.py", line 703, in send
    r = adapter.send(request, **kwargs)
        ^^^^^^^^^^^^^^^^^^^^^^^^^^^^^^^
  File "/home/munya/anaconda3/lib/python3.11/site-packages/requests/adapters.py", line 486, in send
    resp = conn.urlopen(
           ^^^^^^^^^^^^^
  File "/home/munya/anaconda3/lib/python3.11/site-packages/urllib3/connectionpool.py", line 715, in urlopen
    httplib_response = self._make_request(
                       ^^^^^^^^^^^^^^^^^^^
  File "/home/munya/anaconda3/lib/python3.11/site-packages/urllib3/connectionpool.py", line 467, in _make_request
    six.raise_from(e, None)
  File "<string>", line 3, in raise_from
  File "/home/munya/anaconda3/lib/python3.11/site-packages/urllib3/connectionpool.py", line 462, in _make_request
    httplib_response = conn.getresponse()
                       ^^^^^^^^^^^^^^^^^^
  File "/home/munya/anaconda3/lib/python3.11/http/client.py", line 1386, in getresponse
    response.begin()
  File "/home/munya/anaconda3/lib/python3.11/http/client.py", line 325, in begin
    version, status, reason = self._read_status()
                              ^^^^^^^^^^^^^^^^^^^
  File "/home/munya/anaconda3/lib/python3.11/http/client.py", line 286, in _read_status
    line = str(self.fp.readline(_MAXLINE + 1), "iso-8859-1")
               ^^^^^^^^^^^^^^^^^^^^^^^^^^^^^^
  File "/home/munya/anaconda3/lib/python3.11/socket.py", line 706, in readinto
    return self._sock.recv_into(b)
           ^^^^^^^^^^^^^^^^^^^^^^^
  File "/home/munya/anaconda3/lib/python3.11/ssl.py", line 1315, in recv_into
    return self.read(nbytes, buffer)
           ^^^^^^^^^^^^^^^^^^^^^^^^^
  File "/home/munya/anaconda3/lib/python3.11/ssl.py", line 1167, in read
    return self._sslobj.read(len, buffer)
           ^^^^^^^^^^^^^^^^^^^^^^^^^^^^^^
  File "/home/munya/anaconda3/lib/python3.11/site-packages/airflow/models/taskinstance.py", line 2613, in signal_handler
    raise AirflowTaskTerminated("Task received SIGTERM signal")
airflow.exceptions.AirflowTaskTerminated: Task received SIGTERM signal
[2024-05-23T18:43:53.898+0200] {taskinstance.py:1206} INFO - Marking task as UP_FOR_RETRY. dag_id=doctors_api_dag_without_xcom, task_id=retrieve_token, run_id=__airflow_temporary_run_2024-05-23T16:43:34.524390+00:00__, execution_date=20240523T164334, start_date=20240523T164338, end_date=20240523T164353
[2024-05-23T18:43:53.906+0200] {standard_task_runner.py:110} ERROR - Failed to execute job 1492 for task retrieve_token ((sqlite3.IntegrityError) FOREIGN KEY constraint failed
[SQL: INSERT INTO task_fail (task_id, dag_id, run_id, map_index, start_date, end_date, duration) VALUES (?, ?, ?, ?, ?, ?, ?)]
[parameters: ('retrieve_token', 'doctors_api_dag_without_xcom', '__airflow_temporary_run_2024-05-23T16:43:34.524390+00:00__', -1, '2024-05-23 16:43:38.704092', '2024-05-23 16:43:53.897971', 15)]
(Background on this error at: https://sqlalche.me/e/14/gkpj); 430799)
[2024-05-23T18:43:53.937+0200] {process_utils.py:80} INFO - Process psutil.Process(pid=430799, status='terminated', exitcode=1, started='18:43:37') (430799) terminated with exit code 1
