[2024-04-29T10:47:56.841+0200] {local_task_job_runner.py:120} INFO - ::group::Pre task execution logs
[2024-04-29T10:47:56.862+0200] {taskinstance.py:2073} INFO - Dependencies all met for dep_context=non-requeueable deps ti=<TaskInstance: airflow_tut_v02.sleep scheduled__2024-04-28T19:00:00+00:00 [queued]>
[2024-04-29T10:47:56.867+0200] {taskinstance.py:2073} INFO - Dependencies all met for dep_context=requeueable deps ti=<TaskInstance: airflow_tut_v02.sleep scheduled__2024-04-28T19:00:00+00:00 [queued]>
[2024-04-29T10:47:56.867+0200] {taskinstance.py:2303} INFO - Starting attempt 1 of 2
[2024-04-29T10:47:56.878+0200] {taskinstance.py:2327} INFO - Executing <Task(BashOperator): sleep> on 2024-04-28 19:00:00+00:00
[2024-04-29T10:47:56.883+0200] {standard_task_runner.py:63} INFO - Started process 11209 to run task
[2024-04-29T10:47:56.886+0200] {standard_task_runner.py:90} INFO - Running: ['airflow', 'tasks', 'run', 'airflow_tut_v02', 'sleep', 'scheduled__2024-04-28T19:00:00+00:00', '--job-id', '71', '--raw', '--subdir', 'DAGS_FOLDER/dags.py', '--cfg-path', '/tmp/tmp4zix2wbc']
[2024-04-29T10:47:56.888+0200] {standard_task_runner.py:91} INFO - Job 71: Subtask sleep
[2024-04-29T10:47:56.915+0200] {task_command.py:426} INFO - Running <TaskInstance: airflow_tut_v02.sleep scheduled__2024-04-28T19:00:00+00:00 [running]> on host kali
[2024-04-29T10:47:56.969+0200] {taskinstance.py:2644} INFO - Exporting env vars: AIRFLOW_CTX_DAG_OWNER='Munyah' AIRFLOW_CTX_DAG_ID='airflow_tut_v02' AIRFLOW_CTX_TASK_ID='sleep' AIRFLOW_CTX_EXECUTION_DATE='2024-04-28T19:00:00+00:00' AIRFLOW_CTX_TRY_NUMBER='1' AIRFLOW_CTX_DAG_RUN_ID='scheduled__2024-04-28T19:00:00+00:00'
[2024-04-29T10:47:56.970+0200] {taskinstance.py:430} INFO - ::endgroup::
[2024-04-29T10:47:56.971+0200] {subprocess.py:63} INFO - Tmp dir root location: /tmp
[2024-04-29T10:47:56.971+0200] {subprocess.py:75} INFO - Running command: ['/usr/bin/bash', '-c', 'sleep 5']
[2024-04-29T10:47:56.981+0200] {subprocess.py:86} INFO - Output:
[2024-04-29T10:48:01.984+0200] {subprocess.py:97} INFO - Command exited with return code 0
[2024-04-29T10:48:01.986+0200] {taskinstance.py:441} INFO - ::group::Post task execution logs
[2024-04-29T10:48:02.456+0200] {taskinstance.py:1205} INFO - Marking task as SUCCESS. dag_id=airflow_tut_v02, task_id=sleep, execution_date=20240428T190000, start_date=20240429T084756, end_date=20240429T084802
[2024-04-29T10:48:02.533+0200] {local_task_job_runner.py:240} INFO - Task exited with return code 0
[2024-04-29T10:48:02.581+0200] {taskinstance.py:3482} INFO - 1 downstream tasks scheduled from follow-on schedule check
[2024-04-29T10:48:02.585+0200] {local_task_job_runner.py:222} INFO - ::endgroup::
