[2024-04-29T10:47:41.657+0200] {local_task_job_runner.py:120} INFO - ::group::Pre task execution logs
[2024-04-29T10:47:41.681+0200] {taskinstance.py:2073} INFO - Dependencies all met for dep_context=non-requeueable deps ti=<TaskInstance: airflow_tut_v02.print_hello scheduled__2024-04-28T19:00:00+00:00 [queued]>
[2024-04-29T10:47:41.688+0200] {taskinstance.py:2073} INFO - Dependencies all met for dep_context=requeueable deps ti=<TaskInstance: airflow_tut_v02.print_hello scheduled__2024-04-28T19:00:00+00:00 [queued]>
[2024-04-29T10:47:41.688+0200] {taskinstance.py:2303} INFO - Starting attempt 1 of 2
[2024-04-29T10:47:41.698+0200] {taskinstance.py:2327} INFO - Executing <Task(BashOperator): print_hello> on 2024-04-28 19:00:00+00:00
[2024-04-29T10:47:41.704+0200] {standard_task_runner.py:63} INFO - Started process 10993 to run task
[2024-04-29T10:47:41.707+0200] {standard_task_runner.py:90} INFO - Running: ['airflow', 'tasks', 'run', 'airflow_tut_v02', 'print_hello', 'scheduled__2024-04-28T19:00:00+00:00', '--job-id', '68', '--raw', '--subdir', 'DAGS_FOLDER/dags.py', '--cfg-path', '/tmp/tmp6w81oaty']
[2024-04-29T10:47:41.709+0200] {standard_task_runner.py:91} INFO - Job 68: Subtask print_hello
[2024-04-29T10:47:41.738+0200] {task_command.py:426} INFO - Running <TaskInstance: airflow_tut_v02.print_hello scheduled__2024-04-28T19:00:00+00:00 [running]> on host kali
[2024-04-29T10:47:41.787+0200] {taskinstance.py:2644} INFO - Exporting env vars: AIRFLOW_CTX_DAG_OWNER='Munyah' AIRFLOW_CTX_DAG_ID='airflow_tut_v02' AIRFLOW_CTX_TASK_ID='print_hello' AIRFLOW_CTX_EXECUTION_DATE='2024-04-28T19:00:00+00:00' AIRFLOW_CTX_TRY_NUMBER='1' AIRFLOW_CTX_DAG_RUN_ID='scheduled__2024-04-28T19:00:00+00:00'
[2024-04-29T10:47:41.788+0200] {taskinstance.py:430} INFO - ::endgroup::
[2024-04-29T10:47:41.789+0200] {subprocess.py:63} INFO - Tmp dir root location: /tmp
[2024-04-29T10:47:41.789+0200] {subprocess.py:75} INFO - Running command: ['/usr/bin/bash', '-c', 'echo "hello"']
[2024-04-29T10:47:41.799+0200] {subprocess.py:86} INFO - Output:
[2024-04-29T10:47:41.800+0200] {subprocess.py:93} INFO - hello
[2024-04-29T10:47:41.801+0200] {subprocess.py:97} INFO - Command exited with return code 0
[2024-04-29T10:47:41.801+0200] {taskinstance.py:441} INFO - ::group::Post task execution logs
[2024-04-29T10:47:41.940+0200] {taskinstance.py:1205} INFO - Marking task as SUCCESS. dag_id=airflow_tut_v02, task_id=print_hello, execution_date=20240428T190000, start_date=20240429T084741, end_date=20240429T084741
[2024-04-29T10:47:41.960+0200] {local_task_job_runner.py:240} INFO - Task exited with return code 0
[2024-04-29T10:47:41.977+0200] {taskinstance.py:3482} INFO - 1 downstream tasks scheduled from follow-on schedule check
[2024-04-29T10:47:41.980+0200] {local_task_job_runner.py:222} INFO - ::endgroup::
