[2024-05-21T08:25:10.862+0200] {local_task_job_runner.py:120} INFO - ::group::Pre task execution logs
[2024-05-21T08:25:10.873+0200] {taskinstance.py:2076} INFO - Dependencies all met for dep_context=non-requeueable deps ti=<TaskInstance: weather_api_dag.fetch_weather_data scheduled__2024-05-20T00:00:00+00:00 [queued]>
[2024-05-21T08:25:10.883+0200] {taskinstance.py:2076} INFO - Dependencies all met for dep_context=requeueable deps ti=<TaskInstance: weather_api_dag.fetch_weather_data scheduled__2024-05-20T00:00:00+00:00 [queued]>
[2024-05-21T08:25:10.883+0200] {taskinstance.py:2306} INFO - Starting attempt 1 of 2
[2024-05-21T08:25:10.904+0200] {taskinstance.py:2330} INFO - Executing <Task(HttpOperator): fetch_weather_data> on 2024-05-20 00:00:00+00:00
[2024-05-21T08:25:10.913+0200] {standard_task_runner.py:63} INFO - Started process 349703 to run task
[2024-05-21T08:25:10.919+0200] {standard_task_runner.py:90} INFO - Running: ['airflow', 'tasks', 'run', 'weather_api_dag', 'fetch_weather_data', 'scheduled__2024-05-20T00:00:00+00:00', '--job-id', '1177', '--raw', '--subdir', 'DAGS_FOLDER/weather_data.py', '--cfg-path', '/tmp/tmpvv5kpyb_']
[2024-05-21T08:25:10.921+0200] {standard_task_runner.py:91} INFO - Job 1177: Subtask fetch_weather_data
[2024-05-21T08:25:10.979+0200] {task_command.py:426} INFO - Running <TaskInstance: weather_api_dag.fetch_weather_data scheduled__2024-05-20T00:00:00+00:00 [running]> on host kali
[2024-05-21T08:25:11.065+0200] {taskinstance.py:2648} INFO - Exporting env vars: AIRFLOW_CTX_DAG_OWNER='airflow' AIRFLOW_CTX_DAG_ID='weather_api_dag' AIRFLOW_CTX_TASK_ID='fetch_weather_data' AIRFLOW_CTX_EXECUTION_DATE='2024-05-20T00:00:00+00:00' AIRFLOW_CTX_TRY_NUMBER='1' AIRFLOW_CTX_DAG_RUN_ID='scheduled__2024-05-20T00:00:00+00:00'
[2024-05-21T08:25:11.067+0200] {taskinstance.py:430} INFO - ::endgroup::
[2024-05-21T08:25:11.068+0200] {http.py:169} INFO - Calling HTTP method
[2024-05-21T08:25:11.073+0200] {base.py:84} INFO - Using connection ID 'weather_api' for task execution.
[2024-05-21T08:25:11.079+0200] {base.py:84} INFO - Using connection ID 'weather_api' for task execution.
[2024-05-21T08:25:13.053+0200] {http.py:208} INFO - {"coord":{"lon":32.6709,"lat":-18.9707},"weather":[{"id":801,"main":"Clouds","description":"few clouds","icon":"02d"}],"base":"stations","main":{"temp":289.07,"feels_like":288.55,"temp_min":289.07,"temp_max":289.07,"pressure":1026,"humidity":70,"sea_level":1026,"grnd_level":901},"visibility":10000,"wind":{"speed":1.84,"deg":101,"gust":5.04},"clouds":{"all":20},"dt":1716272712,"sys":{"country":"ZW","sunrise":1716264687,"sunset":1716304842},"timezone":7200,"id":884979,"name":"Mutare","cod":200}
[2024-05-21T08:25:13.055+0200] {taskinstance.py:441} INFO - ::group::Post task execution logs
[2024-05-21T08:25:13.087+0200] {taskinstance.py:1206} INFO - Marking task as SUCCESS. dag_id=weather_api_dag, task_id=fetch_weather_data, run_id=scheduled__2024-05-20T00:00:00+00:00, execution_date=20240520T000000, start_date=20240521T062510, end_date=20240521T062513
[2024-05-21T08:25:13.188+0200] {local_task_job_runner.py:240} INFO - Task exited with return code 0
[2024-05-21T08:25:13.241+0200] {taskinstance.py:3498} INFO - 0 downstream tasks scheduled from follow-on schedule check
[2024-05-21T08:25:13.243+0200] {local_task_job_runner.py:222} INFO - ::endgroup::
