[2024-05-19T13:26:09.361+0200] {local_task_job_runner.py:120} INFO - ::group::Pre task execution logs
[2024-05-19T13:26:09.381+0200] {taskinstance.py:2076} INFO - Dependencies all met for dep_context=non-requeueable deps ti=<TaskInstance: airflow2.sleep scheduled__2024-05-12T00:00:00+00:00 [queued]>
[2024-05-19T13:26:09.386+0200] {taskinstance.py:2076} INFO - Dependencies all met for dep_context=requeueable deps ti=<TaskInstance: airflow2.sleep scheduled__2024-05-12T00:00:00+00:00 [queued]>
[2024-05-19T13:26:09.386+0200] {taskinstance.py:2306} INFO - Starting attempt 1 of 2
[2024-05-19T13:26:09.400+0200] {taskinstance.py:2330} INFO - Executing <Task(BashOperator): sleep> on 2024-05-12 00:00:00+00:00
[2024-05-19T13:26:09.406+0200] {standard_task_runner.py:63} INFO - Started process 85016 to run task
[2024-05-19T13:26:09.410+0200] {standard_task_runner.py:90} INFO - Running: ['airflow', 'tasks', 'run', 'airflow2', 'sleep', 'scheduled__2024-05-12T00:00:00+00:00', '--job-id', '1142', '--raw', '--subdir', 'DAGS_FOLDER/first_dag.py', '--cfg-path', '/tmp/tmp0hedss24']
[2024-05-19T13:26:09.412+0200] {standard_task_runner.py:91} INFO - Job 1142: Subtask sleep
[2024-05-19T13:26:09.447+0200] {task_command.py:426} INFO - Running <TaskInstance: airflow2.sleep scheduled__2024-05-12T00:00:00+00:00 [running]> on host kali
[2024-05-19T13:26:09.504+0200] {taskinstance.py:2648} INFO - Exporting env vars: AIRFLOW_CTX_DAG_OWNER='Munyah' AIRFLOW_CTX_DAG_ID='airflow2' AIRFLOW_CTX_TASK_ID='sleep' AIRFLOW_CTX_EXECUTION_DATE='2024-05-12T00:00:00+00:00' AIRFLOW_CTX_TRY_NUMBER='1' AIRFLOW_CTX_DAG_RUN_ID='scheduled__2024-05-12T00:00:00+00:00'
[2024-05-19T13:26:09.505+0200] {taskinstance.py:430} INFO - ::endgroup::
[2024-05-19T13:26:09.506+0200] {subprocess.py:63} INFO - Tmp dir root location: /tmp
[2024-05-19T13:26:09.506+0200] {subprocess.py:75} INFO - Running command: ['/usr/bin/bash', '-c', 'sleep 5']
[2024-05-19T13:26:09.519+0200] {subprocess.py:86} INFO - Output:
[2024-05-19T13:26:14.522+0200] {subprocess.py:97} INFO - Command exited with return code 0
[2024-05-19T13:26:14.523+0200] {taskinstance.py:441} INFO - ::group::Post task execution logs
[2024-05-19T13:26:14.547+0200] {taskinstance.py:1206} INFO - Marking task as SUCCESS. dag_id=airflow2, task_id=sleep, run_id=scheduled__2024-05-12T00:00:00+00:00, execution_date=20240512T000000, start_date=20240519T112609, end_date=20240519T112614
[2024-05-19T13:26:14.598+0200] {local_task_job_runner.py:240} INFO - Task exited with return code 0
[2024-05-19T13:26:14.613+0200] {taskinstance.py:3498} INFO - 1 downstream tasks scheduled from follow-on schedule check
[2024-05-19T13:26:14.615+0200] {local_task_job_runner.py:222} INFO - ::endgroup::
