[2024-05-10T08:00:19.702+0200] {local_task_job_runner.py:120} INFO - ::group::Pre task execution logs
[2024-05-10T08:00:19.714+0200] {taskinstance.py:2073} INFO - Dependencies all met for dep_context=non-requeueable deps ti=<TaskInstance: api_dag.save_post scheduled__2024-05-09T00:00:00+00:00 [queued]>
[2024-05-10T08:00:19.722+0200] {taskinstance.py:2073} INFO - Dependencies all met for dep_context=requeueable deps ti=<TaskInstance: api_dag.save_post scheduled__2024-05-09T00:00:00+00:00 [queued]>
[2024-05-10T08:00:19.723+0200] {taskinstance.py:2303} INFO - Starting attempt 1 of 1
[2024-05-10T08:00:19.738+0200] {taskinstance.py:2327} INFO - Executing <Task(PythonOperator): save_post> on 2024-05-09 00:00:00+00:00
[2024-05-10T08:00:19.747+0200] {standard_task_runner.py:63} INFO - Started process 299669 to run task
[2024-05-10T08:00:19.753+0200] {standard_task_runner.py:90} INFO - Running: ['airflow', 'tasks', 'run', 'api_dag', 'save_post', 'scheduled__2024-05-09T00:00:00+00:00', '--job-id', '971', '--raw', '--subdir', 'DAGS_FOLDER/api_dag.py', '--cfg-path', '/tmp/tmpzm46f1ly']
[2024-05-10T08:00:19.756+0200] {standard_task_runner.py:91} INFO - Job 971: Subtask save_post
[2024-05-10T08:00:19.798+0200] {task_command.py:426} INFO - Running <TaskInstance: api_dag.save_post scheduled__2024-05-09T00:00:00+00:00 [running]> on host kali
[2024-05-10T08:00:19.874+0200] {taskinstance.py:2644} INFO - Exporting env vars: AIRFLOW_CTX_DAG_OWNER='airflow' AIRFLOW_CTX_DAG_ID='api_dag' AIRFLOW_CTX_TASK_ID='save_post' AIRFLOW_CTX_EXECUTION_DATE='2024-05-09T00:00:00+00:00' AIRFLOW_CTX_TRY_NUMBER='1' AIRFLOW_CTX_DAG_RUN_ID='scheduled__2024-05-09T00:00:00+00:00'
[2024-05-10T08:00:19.877+0200] {taskinstance.py:430} INFO - ::endgroup::
[2024-05-10T08:00:19.879+0200] {taskinstance.py:441} INFO - ::group::Post task execution logs
[2024-05-10T08:00:19.879+0200] {taskinstance.py:2890} ERROR - Task failed with exception
Traceback (most recent call last):
  File "/home/munya/.local/lib/python3.11/site-packages/airflow/models/taskinstance.py", line 465, in _execute_task
    result = _execute_callable(context=context, **execute_callable_kwargs)
             ^^^^^^^^^^^^^^^^^^^^^^^^^^^^^^^^^^^^^^^^^^^^^^^^^^^^^^^^^^^^^
  File "/home/munya/.local/lib/python3.11/site-packages/airflow/models/taskinstance.py", line 432, in _execute_callable
    return execute_callable(context=context, **execute_callable_kwargs)
           ^^^^^^^^^^^^^^^^^^^^^^^^^^^^^^^^^^^^^^^^^^^^^^^^^^^^^^^^^^^^
  File "/home/munya/.local/lib/python3.11/site-packages/airflow/models/baseoperator.py", line 400, in wrapper
    return func(self, *args, **kwargs)
           ^^^^^^^^^^^^^^^^^^^^^^^^^^^
  File "/home/munya/.local/lib/python3.11/site-packages/airflow/operators/python.py", line 235, in execute
    return_value = self.execute_callable()
                   ^^^^^^^^^^^^^^^^^^^^^^^
  File "/home/munya/.local/lib/python3.11/site-packages/airflow/operators/python.py", line 252, in execute_callable
    return self.python_callable(*self.op_args, **self.op_kwargs)
           ^^^^^^^^^^^^^^^^^^^^^^^^^^^^^^^^^^^^^^^^^^^^^^^^^^^^^
  File "/home/munya/airflow/dags/api_dag.py", line 13, in save_posts
    with open('/Users/munya/airflow/data/post.json', 'w') as f:
         ^^^^^^^^^^^^^^^^^^^^^^^^^^^^^^^^^^^^^^^^^^^^^^^^
FileNotFoundError: [Errno 2] No such file or directory: '/Users/munya/airflow/data/post.json'
[2024-05-10T08:00:19.887+0200] {taskinstance.py:1205} INFO - Marking task as FAILED. dag_id=api_dag, task_id=save_post, execution_date=20240509T000000, start_date=20240510T060019, end_date=20240510T060019
[2024-05-10T08:00:19.898+0200] {standard_task_runner.py:110} ERROR - Failed to execute job 971 for task save_post ([Errno 2] No such file or directory: '/Users/munya/airflow/data/post.json'; 299669)
[2024-05-10T08:00:19.925+0200] {local_task_job_runner.py:240} INFO - Task exited with return code 1
[2024-05-10T08:00:19.969+0200] {taskinstance.py:3482} INFO - 0 downstream tasks scheduled from follow-on schedule check
[2024-05-10T08:00:19.970+0200] {local_task_job_runner.py:222} INFO - ::endgroup::
