[2024-05-22T17:02:24.465+0200] {local_task_job_runner.py:120} INFO - ::group::Pre task execution logs
[2024-05-22T17:02:24.472+0200] {taskinstance.py:2076} INFO - Dependencies all met for dep_context=non-requeueable deps ti=<TaskInstance: api_dag.is_api_active scheduled__2024-05-21T00:00:00+00:00 [queued]>
[2024-05-22T17:02:24.476+0200] {taskinstance.py:2076} INFO - Dependencies all met for dep_context=requeueable deps ti=<TaskInstance: api_dag.is_api_active scheduled__2024-05-21T00:00:00+00:00 [queued]>
[2024-05-22T17:02:24.476+0200] {taskinstance.py:2306} INFO - Starting attempt 1 of 1
[2024-05-22T17:02:24.486+0200] {taskinstance.py:2330} INFO - Executing <Task(HttpSensor): is_api_active> on 2024-05-21 00:00:00+00:00
[2024-05-22T17:02:24.491+0200] {standard_task_runner.py:63} INFO - Started process 35191 to run task
[2024-05-22T17:02:24.494+0200] {standard_task_runner.py:90} INFO - Running: ['airflow', 'tasks', 'run', 'api_dag', 'is_api_active', 'scheduled__2024-05-21T00:00:00+00:00', '--job-id', '1377', '--raw', '--subdir', 'DAGS_FOLDER/api_dag.py', '--cfg-path', '/tmp/tmparkoycao']
[2024-05-22T17:02:24.496+0200] {standard_task_runner.py:91} INFO - Job 1377: Subtask is_api_active
[2024-05-22T17:02:24.524+0200] {task_command.py:426} INFO - Running <TaskInstance: api_dag.is_api_active scheduled__2024-05-21T00:00:00+00:00 [running]> on host kali
[2024-05-22T17:02:24.582+0200] {taskinstance.py:2648} INFO - Exporting env vars: AIRFLOW_CTX_DAG_OWNER='airflow' AIRFLOW_CTX_DAG_ID='api_dag' AIRFLOW_CTX_TASK_ID='is_api_active' AIRFLOW_CTX_EXECUTION_DATE='2024-05-21T00:00:00+00:00' AIRFLOW_CTX_TRY_NUMBER='1' AIRFLOW_CTX_DAG_RUN_ID='scheduled__2024-05-21T00:00:00+00:00'
[2024-05-22T17:02:24.583+0200] {taskinstance.py:430} INFO - ::endgroup::
[2024-05-22T17:02:24.583+0200] {baseoperator.py:399} WARNING - HttpSensor.execute cannot be called outside TaskInstance!
[2024-05-22T17:02:24.584+0200] {http.py:137} INFO - Poking: posts/
[2024-05-22T17:02:24.587+0200] {base.py:84} INFO - Using connection ID 'api_post' for task execution.
[2024-05-22T17:02:26.179+0200] {base.py:294} INFO - Success criteria met. Exiting.
[2024-05-22T17:02:26.180+0200] {taskinstance.py:441} INFO - ::group::Post task execution logs
[2024-05-22T17:02:26.192+0200] {taskinstance.py:1206} INFO - Marking task as SUCCESS. dag_id=api_dag, task_id=is_api_active, run_id=scheduled__2024-05-21T00:00:00+00:00, execution_date=20240521T000000, start_date=20240522T150224, end_date=20240522T150226
[2024-05-22T17:02:26.240+0200] {local_task_job_runner.py:240} INFO - Task exited with return code 0
[2024-05-22T17:02:26.277+0200] {taskinstance.py:3498} INFO - 0 downstream tasks scheduled from follow-on schedule check
[2024-05-22T17:02:26.278+0200] {local_task_job_runner.py:222} INFO - ::endgroup::
