[2024-05-18T12:18:28.703+0200] {local_task_job_runner.py:120} INFO - ::group::Pre task execution logs
[2024-05-18T12:18:28.711+0200] {taskinstance.py:2076} INFO - Dependencies all met for dep_context=non-requeueable deps ti=<TaskInstance: api_dag.is_api_active scheduled__2024-05-17T00:00:00+00:00 [queued]>
[2024-05-18T12:18:28.716+0200] {taskinstance.py:2076} INFO - Dependencies all met for dep_context=requeueable deps ti=<TaskInstance: api_dag.is_api_active scheduled__2024-05-17T00:00:00+00:00 [queued]>
[2024-05-18T12:18:28.716+0200] {taskinstance.py:2306} INFO - Starting attempt 1 of 1
[2024-05-18T12:18:28.727+0200] {taskinstance.py:2330} INFO - Executing <Task(HttpSensor): is_api_active> on 2024-05-17 00:00:00+00:00
[2024-05-18T12:18:28.733+0200] {standard_task_runner.py:63} INFO - Started process 303920 to run task
[2024-05-18T12:18:28.736+0200] {standard_task_runner.py:90} INFO - Running: ['airflow', 'tasks', 'run', 'api_dag', 'is_api_active', 'scheduled__2024-05-17T00:00:00+00:00', '--job-id', '1114', '--raw', '--subdir', 'DAGS_FOLDER/api_dag.py', '--cfg-path', '/tmp/tmpi8i7ikf1']
[2024-05-18T12:18:28.738+0200] {standard_task_runner.py:91} INFO - Job 1114: Subtask is_api_active
[2024-05-18T12:18:28.772+0200] {task_command.py:426} INFO - Running <TaskInstance: api_dag.is_api_active scheduled__2024-05-17T00:00:00+00:00 [running]> on host kali
[2024-05-18T12:18:28.822+0200] {taskinstance.py:2648} INFO - Exporting env vars: AIRFLOW_CTX_DAG_OWNER='airflow' AIRFLOW_CTX_DAG_ID='api_dag' AIRFLOW_CTX_TASK_ID='is_api_active' AIRFLOW_CTX_EXECUTION_DATE='2024-05-17T00:00:00+00:00' AIRFLOW_CTX_TRY_NUMBER='1' AIRFLOW_CTX_DAG_RUN_ID='scheduled__2024-05-17T00:00:00+00:00'
[2024-05-18T12:18:28.823+0200] {taskinstance.py:430} INFO - ::endgroup::
[2024-05-18T12:18:28.824+0200] {baseoperator.py:399} WARNING - HttpSensor.execute cannot be called outside TaskInstance!
[2024-05-18T12:18:28.824+0200] {http.py:137} INFO - Poking: posts/
[2024-05-18T12:18:28.827+0200] {base.py:84} INFO - Using connection ID 'api_post' for task execution.
[2024-05-18T12:18:30.310+0200] {base.py:294} INFO - Success criteria met. Exiting.
[2024-05-18T12:18:30.311+0200] {taskinstance.py:441} INFO - ::group::Post task execution logs
[2024-05-18T12:18:30.314+0200] {taskinstance.py:1206} INFO - Marking task as SUCCESS. dag_id=api_dag, task_id=is_api_active, run_id=scheduled__2024-05-17T00:00:00+00:00, execution_date=20240517T000000, start_date=20240518T101828, end_date=20240518T101830
[2024-05-18T12:18:30.356+0200] {local_task_job_runner.py:240} INFO - Task exited with return code 0
[2024-05-18T12:18:30.380+0200] {taskinstance.py:3498} INFO - 0 downstream tasks scheduled from follow-on schedule check
[2024-05-18T12:18:30.381+0200] {local_task_job_runner.py:222} INFO - ::endgroup::
