[2024-05-18T12:19:21.285+0200] {local_task_job_runner.py:120} INFO - ::group::Pre task execution logs
[2024-05-18T12:19:21.298+0200] {taskinstance.py:2076} INFO - Dependencies all met for dep_context=non-requeueable deps ti=<TaskInstance: fetch_jobs.fetch_job_postings scheduled__2024-05-13T00:00:00+00:00 [queued]>
[2024-05-18T12:19:21.306+0200] {taskinstance.py:2076} INFO - Dependencies all met for dep_context=requeueable deps ti=<TaskInstance: fetch_jobs.fetch_job_postings scheduled__2024-05-13T00:00:00+00:00 [queued]>
[2024-05-18T12:19:21.306+0200] {taskinstance.py:2306} INFO - Starting attempt 1 of 2
[2024-05-18T12:19:21.322+0200] {taskinstance.py:2330} INFO - Executing <Task(SimpleHttpOperator): fetch_job_postings> on 2024-05-13 00:00:00+00:00
[2024-05-18T12:19:21.331+0200] {standard_task_runner.py:63} INFO - Started process 304861 to run task
[2024-05-18T12:19:21.336+0200] {standard_task_runner.py:90} INFO - Running: ['airflow', 'tasks', 'run', 'fetch_jobs', 'fetch_job_postings', 'scheduled__2024-05-13T00:00:00+00:00', '--job-id', '1123', '--raw', '--subdir', 'DAGS_FOLDER/job_postings_dag.py', '--cfg-path', '/tmp/tmpndzbjy93']
[2024-05-18T12:19:21.338+0200] {standard_task_runner.py:91} INFO - Job 1123: Subtask fetch_job_postings
[2024-05-18T12:19:21.378+0200] {task_command.py:426} INFO - Running <TaskInstance: fetch_jobs.fetch_job_postings scheduled__2024-05-13T00:00:00+00:00 [running]> on host kali
[2024-05-18T12:19:21.441+0200] {taskinstance.py:2648} INFO - Exporting env vars: AIRFLOW_CTX_DAG_OWNER='airflow-munya' AIRFLOW_CTX_DAG_ID='fetch_jobs' AIRFLOW_CTX_TASK_ID='fetch_job_postings' AIRFLOW_CTX_EXECUTION_DATE='2024-05-13T00:00:00+00:00' AIRFLOW_CTX_TRY_NUMBER='1' AIRFLOW_CTX_DAG_RUN_ID='scheduled__2024-05-13T00:00:00+00:00'
[2024-05-18T12:19:21.443+0200] {taskinstance.py:430} INFO - ::endgroup::
[2024-05-18T12:19:21.443+0200] {http.py:169} INFO - Calling HTTP method
[2024-05-18T12:19:21.447+0200] {base.py:84} INFO - Using connection ID 'odoo_api_connection' for task execution.
[2024-05-18T12:19:21.451+0200] {base.py:84} INFO - Using connection ID 'odoo_api_connection' for task execution.
[2024-05-18T12:19:24.324+0200] {http.py:208} INFO - {"success":true,"job_postings":[{"id":14,"name":"Branch Manager","department_id":[3,"Professional services"],"address_id":[1,"My Company"],"description":"We are seeking a skilled sales manager in our team.","requirements":"Bachelor's degree in Business Marketing."},{"id":29,"name":"Data Analytics","department_id":[1,"Administration"],"address_id":[1,"My Company"],"description":"We are hiring a skilled data Analytics.","requirements":"Bachelor's degree in Computer Science, experience with Python and Django."},{"id":45,"name":"Data Scientist","department_id":[1,"Administration"],"address_id":[2,"OdooBot"],"description":"We are hiring a skilled Data Scientist.","requirements":"Bachelor's degree in Data science and systems or Computer science, experience with Odoo openERP, Camunda 8, Nodejs, R, PowerBI etc."},{"id":15,"name":" Manager","department_id":[3,"Professional services"],"address_id":[1,"My Company"],"description":"We are seeking a skilled sales manager in our team.","requirements":"Bachelor's degree in Business Marketing."},{"id":20,"name":" Manufacturer","department_id":[3,"Professional services"],"address_id":[1,"My Company"],"description":"We are seeking a skilled sales manager in our team.","requirements":"Bachelor's degree in Business Marketing."},{"id":8,"name":"Sales Manager","department_id":[3,"Professional services"],"address_id":[1,"My Company"],"description":"We are seeking a skilled sales manager in our team.","requirements":"Bachelor's degree in Business Marketing."},{"id":4,"name":"Senior Software Dev","department_id":[3,"Professional services"],"address_id":[2,"OdooBot"],"description":"We are updating the Software Developer job details.","requirements":"Updated requirements for the Software Developer position."},{"id":46,"name":"Software Developer","department_id":[2,"Professional services / AI"],"address_id":[1,"My Company"],"description":"\n    <p data-last-history-steps=\"723942105204436\">\n        Perform assigned responsibilities, collaborate with team members, and adhere to company policies.\n        Strong communication, problem-solving, and work ethic required.\n        Adaptability, initiative, and willingness to learn are valued.</p><ul><li>nl</li><li>bfb</li><li>fb</li><li>bf</li></ul>","requirements":false}]}
[2024-05-18T12:19:24.325+0200] {taskinstance.py:441} INFO - ::group::Post task execution logs
[2024-05-18T12:19:24.338+0200] {taskinstance.py:1206} INFO - Marking task as SUCCESS. dag_id=fetch_jobs, task_id=fetch_job_postings, run_id=scheduled__2024-05-13T00:00:00+00:00, execution_date=20240513T000000, start_date=20240518T101921, end_date=20240518T101924
[2024-05-18T12:19:24.369+0200] {local_task_job_runner.py:240} INFO - Task exited with return code 0
[2024-05-18T12:19:24.383+0200] {taskinstance.py:3498} INFO - 0 downstream tasks scheduled from follow-on schedule check
[2024-05-18T12:19:24.384+0200] {local_task_job_runner.py:222} INFO - ::endgroup::
