[2024-05-23T10:25:36.936+0200] {local_task_job_runner.py:120} INFO - ::group::Pre task execution logs
[2024-05-23T10:25:36.948+0200] {taskinstance.py:2076} INFO - Dependencies all met for dep_context=non-requeueable deps ti=<TaskInstance: doctors_api_dag.retrieve_doctors scheduled__2024-05-23T08:20:00+00:00 [queued]>
[2024-05-23T10:25:36.953+0200] {taskinstance.py:2076} INFO - Dependencies all met for dep_context=requeueable deps ti=<TaskInstance: doctors_api_dag.retrieve_doctors scheduled__2024-05-23T08:20:00+00:00 [queued]>
[2024-05-23T10:25:36.954+0200] {taskinstance.py:2306} INFO - Starting attempt 2 of 4
[2024-05-23T10:25:36.966+0200] {taskinstance.py:2330} INFO - Executing <Task(SimpleHttpOperator): retrieve_doctors> on 2024-05-23 08:20:00+00:00
[2024-05-23T10:25:36.972+0200] {standard_task_runner.py:63} INFO - Started process 80351 to run task
[2024-05-23T10:25:36.978+0200] {standard_task_runner.py:90} INFO - Running: ['airflow', 'tasks', 'run', 'doctors_api_dag', 'retrieve_doctors', 'scheduled__2024-05-23T08:20:00+00:00', '--job-id', '1443', '--raw', '--subdir', 'DAGS_FOLDER/eezimeds_doctors.py', '--cfg-path', '/tmp/tmp7uo1_d2j']
[2024-05-23T10:25:36.980+0200] {standard_task_runner.py:91} INFO - Job 1443: Subtask retrieve_doctors
[2024-05-23T10:25:37.011+0200] {task_command.py:426} INFO - Running <TaskInstance: doctors_api_dag.retrieve_doctors scheduled__2024-05-23T08:20:00+00:00 [running]> on host kali
[2024-05-23T10:25:37.083+0200] {taskinstance.py:2648} INFO - Exporting env vars: AIRFLOW_CTX_DAG_OWNER='airflow' AIRFLOW_CTX_DAG_ID='doctors_api_dag' AIRFLOW_CTX_TASK_ID='retrieve_doctors' AIRFLOW_CTX_EXECUTION_DATE='2024-05-23T08:20:00+00:00' AIRFLOW_CTX_TRY_NUMBER='2' AIRFLOW_CTX_DAG_RUN_ID='scheduled__2024-05-23T08:20:00+00:00'
[2024-05-23T10:25:37.085+0200] {taskinstance.py:430} INFO - ::endgroup::
[2024-05-23T10:25:37.085+0200] {http.py:169} INFO - Calling HTTP method
[2024-05-23T10:25:37.089+0200] {base.py:84} INFO - Using connection ID 'eezimeds_doctors' for task execution.
[2024-05-23T10:25:37.093+0200] {base.py:84} INFO - Using connection ID 'eezimeds_doctors' for task execution.
[2024-05-23T10:25:40.179+0200] {http.py:199} ERROR - HTTP error: Unauthorized
[2024-05-23T10:25:40.179+0200] {http.py:200} ERROR - {"error":"unauthorized"}
[2024-05-23T10:25:40.179+0200] {taskinstance.py:441} INFO - ::group::Post task execution logs
[2024-05-23T10:25:40.185+0200] {taskinstance.py:2905} ERROR - Task failed with exception
Traceback (most recent call last):
  File "/home/munya/anaconda3/lib/python3.11/site-packages/airflow/providers/http/hooks/http.py", line 197, in check_response
    response.raise_for_status()
  File "/home/munya/anaconda3/lib/python3.11/site-packages/requests/models.py", line 1021, in raise_for_status
    raise HTTPError(http_error_msg, response=self)
requests.exceptions.HTTPError: 401 Client Error: Unauthorized for url: https://eazimed-backend-web-mongo.azurewebsites.net/mongo/doctor

During handling of the above exception, another exception occurred:

Traceback (most recent call last):
  File "/home/munya/anaconda3/lib/python3.11/site-packages/airflow/models/taskinstance.py", line 465, in _execute_task
    result = _execute_callable(context=context, **execute_callable_kwargs)
             ^^^^^^^^^^^^^^^^^^^^^^^^^^^^^^^^^^^^^^^^^^^^^^^^^^^^^^^^^^^^^
  File "/home/munya/anaconda3/lib/python3.11/site-packages/airflow/models/taskinstance.py", line 432, in _execute_callable
    return execute_callable(context=context, **execute_callable_kwargs)
           ^^^^^^^^^^^^^^^^^^^^^^^^^^^^^^^^^^^^^^^^^^^^^^^^^^^^^^^^^^^^
  File "/home/munya/anaconda3/lib/python3.11/site-packages/airflow/models/baseoperator.py", line 400, in wrapper
    return func(self, *args, **kwargs)
           ^^^^^^^^^^^^^^^^^^^^^^^^^^^
  File "/home/munya/anaconda3/lib/python3.11/site-packages/airflow/providers/http/operators/http.py", line 166, in execute
    return self.execute_sync(context=context)
           ^^^^^^^^^^^^^^^^^^^^^^^^^^^^^^^^^^
  File "/home/munya/anaconda3/lib/python3.11/site-packages/airflow/providers/http/operators/http.py", line 170, in execute_sync
    response = self.hook.run(self.endpoint, self.data, self.headers, self.extra_options)
               ^^^^^^^^^^^^^^^^^^^^^^^^^^^^^^^^^^^^^^^^^^^^^^^^^^^^^^^^^^^^^^^^^^^^^^^^^
  File "/home/munya/anaconda3/lib/python3.11/site-packages/airflow/providers/http/hooks/http.py", line 187, in run
    return self.run_and_check(session, prepped_request, extra_options)
           ^^^^^^^^^^^^^^^^^^^^^^^^^^^^^^^^^^^^^^^^^^^^^^^^^^^^^^^^^^^
  File "/home/munya/anaconda3/lib/python3.11/site-packages/airflow/providers/http/hooks/http.py", line 238, in run_and_check
    self.check_response(response)
  File "/home/munya/anaconda3/lib/python3.11/site-packages/airflow/providers/http/hooks/http.py", line 201, in check_response
    raise AirflowException(str(response.status_code) + ":" + response.reason)
airflow.exceptions.AirflowException: 401:Unauthorized
[2024-05-23T10:25:40.190+0200] {taskinstance.py:1206} INFO - Marking task as UP_FOR_RETRY. dag_id=doctors_api_dag, task_id=retrieve_doctors, run_id=scheduled__2024-05-23T08:20:00+00:00, execution_date=20240523T082000, start_date=20240523T082536, end_date=20240523T082540
[2024-05-23T10:25:40.200+0200] {standard_task_runner.py:110} ERROR - Failed to execute job 1443 for task retrieve_doctors (401:Unauthorized; 80351)
[2024-05-23T10:25:40.236+0200] {local_task_job_runner.py:240} INFO - Task exited with return code 1
[2024-05-23T10:25:40.250+0200] {taskinstance.py:3498} INFO - 0 downstream tasks scheduled from follow-on schedule check
[2024-05-23T10:25:40.250+0200] {local_task_job_runner.py:222} INFO - ::endgroup::
[2024-05-23T10:30:47.594+0200] {local_task_job_runner.py:120} INFO - ::group::Pre task execution logs
[2024-05-23T10:30:47.611+0200] {taskinstance.py:2076} INFO - Dependencies all met for dep_context=non-requeueable deps ti=<TaskInstance: doctors_api_dag.retrieve_doctors scheduled__2024-05-23T08:20:00+00:00 [queued]>
[2024-05-23T10:30:47.620+0200] {taskinstance.py:2076} INFO - Dependencies all met for dep_context=requeueable deps ti=<TaskInstance: doctors_api_dag.retrieve_doctors scheduled__2024-05-23T08:20:00+00:00 [queued]>
[2024-05-23T10:30:47.621+0200] {taskinstance.py:2306} INFO - Starting attempt 2 of 4
[2024-05-23T10:30:47.643+0200] {taskinstance.py:2330} INFO - Executing <Task(SimpleHttpOperator): retrieve_doctors> on 2024-05-23 08:20:00+00:00
[2024-05-23T10:30:47.651+0200] {standard_task_runner.py:63} INFO - Started process 85455 to run task
[2024-05-23T10:30:47.658+0200] {standard_task_runner.py:90} INFO - Running: ['airflow', 'tasks', 'run', 'doctors_api_dag', 'retrieve_doctors', 'scheduled__2024-05-23T08:20:00+00:00', '--job-id', '1458', '--raw', '--subdir', 'DAGS_FOLDER/eezimeds_doctors.py', '--cfg-path', '/tmp/tmpaykw05t2']
[2024-05-23T10:30:47.662+0200] {standard_task_runner.py:91} INFO - Job 1458: Subtask retrieve_doctors
[2024-05-23T10:30:47.718+0200] {task_command.py:426} INFO - Running <TaskInstance: doctors_api_dag.retrieve_doctors scheduled__2024-05-23T08:20:00+00:00 [running]> on host kali
[2024-05-23T10:30:47.829+0200] {taskinstance.py:2648} INFO - Exporting env vars: AIRFLOW_CTX_DAG_OWNER='airflow' AIRFLOW_CTX_DAG_ID='doctors_api_dag' AIRFLOW_CTX_TASK_ID='retrieve_doctors' AIRFLOW_CTX_EXECUTION_DATE='2024-05-23T08:20:00+00:00' AIRFLOW_CTX_TRY_NUMBER='2' AIRFLOW_CTX_DAG_RUN_ID='scheduled__2024-05-23T08:20:00+00:00'
[2024-05-23T10:30:47.831+0200] {taskinstance.py:430} INFO - ::endgroup::
[2024-05-23T10:30:47.831+0200] {http.py:169} INFO - Calling HTTP method
[2024-05-23T10:30:47.837+0200] {base.py:84} INFO - Using connection ID 'eezimeds_doctors' for task execution.
[2024-05-23T10:30:47.842+0200] {base.py:84} INFO - Using connection ID 'eezimeds_doctors' for task execution.
[2024-05-23T10:30:49.274+0200] {http.py:199} ERROR - HTTP error: Unauthorized
[2024-05-23T10:30:49.274+0200] {http.py:200} ERROR - {"error":"unauthorized"}
[2024-05-23T10:30:49.275+0200] {taskinstance.py:441} INFO - ::group::Post task execution logs
[2024-05-23T10:30:49.280+0200] {taskinstance.py:2905} ERROR - Task failed with exception
Traceback (most recent call last):
  File "/home/munya/anaconda3/lib/python3.11/site-packages/airflow/providers/http/hooks/http.py", line 197, in check_response
    response.raise_for_status()
  File "/home/munya/anaconda3/lib/python3.11/site-packages/requests/models.py", line 1021, in raise_for_status
    raise HTTPError(http_error_msg, response=self)
requests.exceptions.HTTPError: 401 Client Error: Unauthorized for url: https://eazimed-backend-web-mongo.azurewebsites.net//mongo/doctor

During handling of the above exception, another exception occurred:

Traceback (most recent call last):
  File "/home/munya/anaconda3/lib/python3.11/site-packages/airflow/models/taskinstance.py", line 465, in _execute_task
    result = _execute_callable(context=context, **execute_callable_kwargs)
             ^^^^^^^^^^^^^^^^^^^^^^^^^^^^^^^^^^^^^^^^^^^^^^^^^^^^^^^^^^^^^
  File "/home/munya/anaconda3/lib/python3.11/site-packages/airflow/models/taskinstance.py", line 432, in _execute_callable
    return execute_callable(context=context, **execute_callable_kwargs)
           ^^^^^^^^^^^^^^^^^^^^^^^^^^^^^^^^^^^^^^^^^^^^^^^^^^^^^^^^^^^^
  File "/home/munya/anaconda3/lib/python3.11/site-packages/airflow/models/baseoperator.py", line 400, in wrapper
    return func(self, *args, **kwargs)
           ^^^^^^^^^^^^^^^^^^^^^^^^^^^
  File "/home/munya/anaconda3/lib/python3.11/site-packages/airflow/providers/http/operators/http.py", line 166, in execute
    return self.execute_sync(context=context)
           ^^^^^^^^^^^^^^^^^^^^^^^^^^^^^^^^^^
  File "/home/munya/anaconda3/lib/python3.11/site-packages/airflow/providers/http/operators/http.py", line 170, in execute_sync
    response = self.hook.run(self.endpoint, self.data, self.headers, self.extra_options)
               ^^^^^^^^^^^^^^^^^^^^^^^^^^^^^^^^^^^^^^^^^^^^^^^^^^^^^^^^^^^^^^^^^^^^^^^^^
  File "/home/munya/anaconda3/lib/python3.11/site-packages/airflow/providers/http/hooks/http.py", line 187, in run
    return self.run_and_check(session, prepped_request, extra_options)
           ^^^^^^^^^^^^^^^^^^^^^^^^^^^^^^^^^^^^^^^^^^^^^^^^^^^^^^^^^^^
  File "/home/munya/anaconda3/lib/python3.11/site-packages/airflow/providers/http/hooks/http.py", line 238, in run_and_check
    self.check_response(response)
  File "/home/munya/anaconda3/lib/python3.11/site-packages/airflow/providers/http/hooks/http.py", line 201, in check_response
    raise AirflowException(str(response.status_code) + ":" + response.reason)
airflow.exceptions.AirflowException: 401:Unauthorized
[2024-05-23T10:30:49.285+0200] {taskinstance.py:1206} INFO - Marking task as UP_FOR_RETRY. dag_id=doctors_api_dag, task_id=retrieve_doctors, run_id=scheduled__2024-05-23T08:20:00+00:00, execution_date=20240523T082000, start_date=20240523T083047, end_date=20240523T083049
[2024-05-23T10:30:49.303+0200] {standard_task_runner.py:110} ERROR - Failed to execute job 1458 for task retrieve_doctors (401:Unauthorized; 85455)
[2024-05-23T10:30:49.316+0200] {local_task_job_runner.py:240} INFO - Task exited with return code 1
[2024-05-23T10:30:49.332+0200] {taskinstance.py:3498} INFO - 0 downstream tasks scheduled from follow-on schedule check
[2024-05-23T10:30:49.333+0200] {local_task_job_runner.py:222} INFO - ::endgroup::
