[2024-05-23T19:49:39.867+0200] {local_task_job_runner.py:120} INFO - ::group::Pre task execution logs
[2024-05-23T19:49:39.897+0200] {taskinstance.py:2076} INFO - Dependencies all met for dep_context=non-requeueable deps ti=<TaskInstance: doctors_api_dag_without_xcom.retrieve_token scheduled__2024-05-23T17:15:00+00:00 [queued]>
[2024-05-23T19:49:39.903+0200] {taskinstance.py:2076} INFO - Dependencies all met for dep_context=requeueable deps ti=<TaskInstance: doctors_api_dag_without_xcom.retrieve_token scheduled__2024-05-23T17:15:00+00:00 [queued]>
[2024-05-23T19:49:39.904+0200] {taskinstance.py:2306} INFO - Starting attempt 4 of 4
[2024-05-23T19:49:39.920+0200] {taskinstance.py:2330} INFO - Executing <Task(PythonOperator): retrieve_token> on 2024-05-23 17:15:00+00:00
[2024-05-23T19:49:39.929+0200] {standard_task_runner.py:63} INFO - Started process 473652 to run task
[2024-05-23T19:49:39.935+0200] {standard_task_runner.py:90} INFO - Running: ['airflow', 'tasks', 'run', 'doctors_api_dag_without_xcom', 'retrieve_token', 'scheduled__2024-05-23T17:15:00+00:00', '--job-id', '1514', '--raw', '--subdir', 'DAGS_FOLDER/eezimeds_doctors.py', '--cfg-path', '/tmp/tmp8252hqjm']
[2024-05-23T19:49:39.938+0200] {standard_task_runner.py:91} INFO - Job 1514: Subtask retrieve_token
[2024-05-23T19:49:39.992+0200] {task_command.py:426} INFO - Running <TaskInstance: doctors_api_dag_without_xcom.retrieve_token scheduled__2024-05-23T17:15:00+00:00 [running]> on host kali
[2024-05-23T19:49:40.090+0200] {taskinstance.py:2648} INFO - Exporting env vars: AIRFLOW_CTX_DAG_OWNER='airflow' AIRFLOW_CTX_DAG_ID='doctors_api_dag_without_xcom' AIRFLOW_CTX_TASK_ID='retrieve_token' AIRFLOW_CTX_EXECUTION_DATE='2024-05-23T17:15:00+00:00' AIRFLOW_CTX_TRY_NUMBER='4' AIRFLOW_CTX_DAG_RUN_ID='scheduled__2024-05-23T17:15:00+00:00'
[2024-05-23T19:49:40.092+0200] {taskinstance.py:430} INFO - ::endgroup::
[2024-05-23T19:49:40.093+0200] {token_retrieval.py:44} INFO - Token is missing or expired, fetching a new one.
[2024-05-23T19:49:40.100+0200] {logging_mixin.py:188} INFO - Error retrieving token: HTTPSConnectionPool(host='lemur-5.cloud-iam.com', port=443): Max retries exceeded with url: /auth/realms/eezimeds/protocol/openid-connect/token (Caused by NewConnectionError('<urllib3.connection.HTTPSConnection object at 0x7f45af6337d0>: Failed to establish a new connection: [Errno -2] Name or service not known'))
[2024-05-23T19:49:40.101+0200] {taskinstance.py:441} INFO - ::group::Post task execution logs
[2024-05-23T19:49:40.101+0200] {taskinstance.py:2905} ERROR - Task failed with exception
Traceback (most recent call last):
  File "/home/munya/anaconda3/lib/python3.11/site-packages/urllib3/connection.py", line 174, in _new_conn
    conn = connection.create_connection(
           ^^^^^^^^^^^^^^^^^^^^^^^^^^^^^
  File "/home/munya/anaconda3/lib/python3.11/site-packages/urllib3/util/connection.py", line 72, in create_connection
    for res in socket.getaddrinfo(host, port, family, socket.SOCK_STREAM):
               ^^^^^^^^^^^^^^^^^^^^^^^^^^^^^^^^^^^^^^^^^^^^^^^^^^^^^^^^^^
  File "/home/munya/anaconda3/lib/python3.11/socket.py", line 962, in getaddrinfo
    for res in _socket.getaddrinfo(host, port, family, type, proto, flags):
               ^^^^^^^^^^^^^^^^^^^^^^^^^^^^^^^^^^^^^^^^^^^^^^^^^^^^^^^^^^^
socket.gaierror: [Errno -2] Name or service not known

During handling of the above exception, another exception occurred:

Traceback (most recent call last):
  File "/home/munya/anaconda3/lib/python3.11/site-packages/urllib3/connectionpool.py", line 715, in urlopen
    httplib_response = self._make_request(
                       ^^^^^^^^^^^^^^^^^^^
  File "/home/munya/anaconda3/lib/python3.11/site-packages/urllib3/connectionpool.py", line 404, in _make_request
    self._validate_conn(conn)
  File "/home/munya/anaconda3/lib/python3.11/site-packages/urllib3/connectionpool.py", line 1058, in _validate_conn
    conn.connect()
  File "/home/munya/anaconda3/lib/python3.11/site-packages/urllib3/connection.py", line 363, in connect
    self.sock = conn = self._new_conn()
                       ^^^^^^^^^^^^^^^^
  File "/home/munya/anaconda3/lib/python3.11/site-packages/urllib3/connection.py", line 186, in _new_conn
    raise NewConnectionError(
urllib3.exceptions.NewConnectionError: <urllib3.connection.HTTPSConnection object at 0x7f45af6337d0>: Failed to establish a new connection: [Errno -2] Name or service not known

During handling of the above exception, another exception occurred:

Traceback (most recent call last):
  File "/home/munya/anaconda3/lib/python3.11/site-packages/requests/adapters.py", line 486, in send
    resp = conn.urlopen(
           ^^^^^^^^^^^^^
  File "/home/munya/anaconda3/lib/python3.11/site-packages/urllib3/connectionpool.py", line 799, in urlopen
    retries = retries.increment(
              ^^^^^^^^^^^^^^^^^^
  File "/home/munya/anaconda3/lib/python3.11/site-packages/urllib3/util/retry.py", line 592, in increment
    raise MaxRetryError(_pool, url, error or ResponseError(cause))
urllib3.exceptions.MaxRetryError: HTTPSConnectionPool(host='lemur-5.cloud-iam.com', port=443): Max retries exceeded with url: /auth/realms/eezimeds/protocol/openid-connect/token (Caused by NewConnectionError('<urllib3.connection.HTTPSConnection object at 0x7f45af6337d0>: Failed to establish a new connection: [Errno -2] Name or service not known'))

During handling of the above exception, another exception occurred:

Traceback (most recent call last):
  File "/home/munya/anaconda3/lib/python3.11/site-packages/airflow/models/taskinstance.py", line 465, in _execute_task
    result = _execute_callable(context=context, **execute_callable_kwargs)
             ^^^^^^^^^^^^^^^^^^^^^^^^^^^^^^^^^^^^^^^^^^^^^^^^^^^^^^^^^^^^^
  File "/home/munya/anaconda3/lib/python3.11/site-packages/airflow/models/taskinstance.py", line 432, in _execute_callable
    return execute_callable(context=context, **execute_callable_kwargs)
           ^^^^^^^^^^^^^^^^^^^^^^^^^^^^^^^^^^^^^^^^^^^^^^^^^^^^^^^^^^^^
  File "/home/munya/anaconda3/lib/python3.11/site-packages/airflow/models/baseoperator.py", line 400, in wrapper
    return func(self, *args, **kwargs)
           ^^^^^^^^^^^^^^^^^^^^^^^^^^^
  File "/home/munya/anaconda3/lib/python3.11/site-packages/airflow/operators/python.py", line 235, in execute
    return_value = self.execute_callable()
                   ^^^^^^^^^^^^^^^^^^^^^^^
  File "/home/munya/anaconda3/lib/python3.11/site-packages/airflow/operators/python.py", line 252, in execute_callable
    return self.python_callable(*self.op_args, **self.op_kwargs)
           ^^^^^^^^^^^^^^^^^^^^^^^^^^^^^^^^^^^^^^^^^^^^^^^^^^^^^
  File "/home/munya/airflow/dags/eezimeds_doctors.py", line 28, in retrieve_token
    token = get_fresh_token()  # Call your actual implementation of get_fresh_token
            ^^^^^^^^^^^^^^^^^
  File "/home/munya/airflow/scripts/token_retrieval.py", line 53, in get_fresh_token
    return token_manager.get_token()
           ^^^^^^^^^^^^^^^^^^^^^^^^^
  File "/home/munya/airflow/scripts/token_retrieval.py", line 45, in get_token
    self.get_fresh_token()
  File "/home/munya/airflow/scripts/token_retrieval.py", line 22, in get_fresh_token
    response = requests.post(url, data=payload)
               ^^^^^^^^^^^^^^^^^^^^^^^^^^^^^^^^
  File "/home/munya/anaconda3/lib/python3.11/site-packages/requests/api.py", line 115, in post
    return request("post", url, data=data, json=json, **kwargs)
           ^^^^^^^^^^^^^^^^^^^^^^^^^^^^^^^^^^^^^^^^^^^^^^^^^^^^
  File "/home/munya/anaconda3/lib/python3.11/site-packages/requests/api.py", line 59, in request
    return session.request(method=method, url=url, **kwargs)
           ^^^^^^^^^^^^^^^^^^^^^^^^^^^^^^^^^^^^^^^^^^^^^^^^^
  File "/home/munya/anaconda3/lib/python3.11/site-packages/requests/sessions.py", line 589, in request
    resp = self.send(prep, **send_kwargs)
           ^^^^^^^^^^^^^^^^^^^^^^^^^^^^^^
  File "/home/munya/anaconda3/lib/python3.11/site-packages/requests/sessions.py", line 703, in send
    r = adapter.send(request, **kwargs)
        ^^^^^^^^^^^^^^^^^^^^^^^^^^^^^^^
  File "/home/munya/anaconda3/lib/python3.11/site-packages/requests/adapters.py", line 519, in send
    raise ConnectionError(e, request=request)
requests.exceptions.ConnectionError: HTTPSConnectionPool(host='lemur-5.cloud-iam.com', port=443): Max retries exceeded with url: /auth/realms/eezimeds/protocol/openid-connect/token (Caused by NewConnectionError('<urllib3.connection.HTTPSConnection object at 0x7f45af6337d0>: Failed to establish a new connection: [Errno -2] Name or service not known'))
[2024-05-23T19:49:40.112+0200] {taskinstance.py:1206} INFO - Marking task as FAILED. dag_id=doctors_api_dag_without_xcom, task_id=retrieve_token, run_id=scheduled__2024-05-23T17:15:00+00:00, execution_date=20240523T171500, start_date=20240523T174939, end_date=20240523T174940
[2024-05-23T19:49:40.125+0200] {standard_task_runner.py:110} ERROR - Failed to execute job 1514 for task retrieve_token (HTTPSConnectionPool(host='lemur-5.cloud-iam.com', port=443): Max retries exceeded with url: /auth/realms/eezimeds/protocol/openid-connect/token (Caused by NewConnectionError('<urllib3.connection.HTTPSConnection object at 0x7f45af6337d0>: Failed to establish a new connection: [Errno -2] Name or service not known')); 473652)
[2024-05-23T19:49:40.146+0200] {local_task_job_runner.py:240} INFO - Task exited with return code 1
[2024-05-23T19:49:40.186+0200] {taskinstance.py:3498} INFO - 0 downstream tasks scheduled from follow-on schedule check
[2024-05-23T19:49:40.193+0200] {local_task_job_runner.py:222} INFO - ::endgroup::
