[2024-05-06T12:17:19.362+0200] {local_task_job_runner.py:120} INFO - ::group::Pre task execution logs
[2024-05-06T12:17:19.395+0200] {taskinstance.py:2073} INFO - Dependencies all met for dep_context=non-requeueable deps ti=<TaskInstance: airflow_tut_v02.sleep scheduled__2024-05-06T01:00:00+00:00 [queued]>
[2024-05-06T12:17:19.406+0200] {taskinstance.py:2073} INFO - Dependencies all met for dep_context=requeueable deps ti=<TaskInstance: airflow_tut_v02.sleep scheduled__2024-05-06T01:00:00+00:00 [queued]>
[2024-05-06T12:17:19.406+0200] {taskinstance.py:2303} INFO - Starting attempt 1 of 2
[2024-05-06T12:17:19.425+0200] {taskinstance.py:2327} INFO - Executing <Task(BashOperator): sleep> on 2024-05-06 01:00:00+00:00
[2024-05-06T12:17:19.433+0200] {standard_task_runner.py:63} INFO - Started process 139609 to run task
[2024-05-06T12:17:19.440+0200] {standard_task_runner.py:90} INFO - Running: ['airflow', 'tasks', 'run', 'airflow_tut_v02', 'sleep', 'scheduled__2024-05-06T01:00:00+00:00', '--job-id', '631', '--raw', '--subdir', '/home/munya/.local/lib/python3.11/site-packages/airflow/example_dags/dags.py', '--cfg-path', '/tmp/tmptrntoq1w']
[2024-05-06T12:17:19.444+0200] {standard_task_runner.py:91} INFO - Job 631: Subtask sleep
[2024-05-06T12:17:19.493+0200] {task_command.py:426} INFO - Running <TaskInstance: airflow_tut_v02.sleep scheduled__2024-05-06T01:00:00+00:00 [running]> on host kali
[2024-05-06T12:17:19.625+0200] {taskinstance.py:2644} INFO - Exporting env vars: AIRFLOW_CTX_DAG_OWNER='Munyah' AIRFLOW_CTX_DAG_ID='airflow_tut_v02' AIRFLOW_CTX_TASK_ID='sleep' AIRFLOW_CTX_EXECUTION_DATE='2024-05-06T01:00:00+00:00' AIRFLOW_CTX_TRY_NUMBER='1' AIRFLOW_CTX_DAG_RUN_ID='scheduled__2024-05-06T01:00:00+00:00'
[2024-05-06T12:17:19.627+0200] {taskinstance.py:430} INFO - ::endgroup::
[2024-05-06T12:17:19.628+0200] {subprocess.py:63} INFO - Tmp dir root location: /tmp
[2024-05-06T12:17:19.629+0200] {subprocess.py:75} INFO - Running command: ['/usr/bin/bash', '-c', 'sleep 5']
[2024-05-06T12:17:19.657+0200] {subprocess.py:86} INFO - Output:
[2024-05-06T12:17:24.661+0200] {subprocess.py:97} INFO - Command exited with return code 0
[2024-05-06T12:17:24.664+0200] {taskinstance.py:441} INFO - ::group::Post task execution logs
[2024-05-06T12:17:24.691+0200] {taskinstance.py:1205} INFO - Marking task as SUCCESS. dag_id=airflow_tut_v02, task_id=sleep, execution_date=20240506T010000, start_date=20240506T101719, end_date=20240506T101724
[2024-05-06T12:17:24.725+0200] {local_task_job_runner.py:240} INFO - Task exited with return code 0
[2024-05-06T12:17:24.738+0200] {taskinstance.py:3482} INFO - 1 downstream tasks scheduled from follow-on schedule check
[2024-05-06T12:17:24.741+0200] {local_task_job_runner.py:222} INFO - ::endgroup::
