[2024-05-10T14:52:11.574+0200] {local_task_job_runner.py:120} INFO - ::group::Pre task execution logs
[2024-05-10T14:52:11.592+0200] {taskinstance.py:2073} INFO - Dependencies all met for dep_context=non-requeueable deps ti=<TaskInstance: fetch_jobs.fetch_job_postings scheduled__2024-05-09T00:00:00+00:00 [queued]>
[2024-05-10T14:52:11.609+0200] {taskinstance.py:2073} INFO - Dependencies all met for dep_context=requeueable deps ti=<TaskInstance: fetch_jobs.fetch_job_postings scheduled__2024-05-09T00:00:00+00:00 [queued]>
[2024-05-10T14:52:11.609+0200] {taskinstance.py:2303} INFO - Starting attempt 1 of 2
[2024-05-10T14:52:11.657+0200] {taskinstance.py:2327} INFO - Executing <Task(SimpleHttpOperator): fetch_job_postings> on 2024-05-09 00:00:00+00:00
[2024-05-10T14:52:11.673+0200] {standard_task_runner.py:63} INFO - Started process 676728 to run task
[2024-05-10T14:52:11.680+0200] {standard_task_runner.py:90} INFO - Running: ['airflow', 'tasks', 'run', 'fetch_jobs', 'fetch_job_postings', 'scheduled__2024-05-09T00:00:00+00:00', '--job-id', '1017', '--raw', '--subdir', 'DAGS_FOLDER/job_postings_dag.py', '--cfg-path', '/tmp/tmpr5tat9uc']
[2024-05-10T14:52:11.683+0200] {standard_task_runner.py:91} INFO - Job 1017: Subtask fetch_job_postings
[2024-05-10T14:52:11.750+0200] {task_command.py:426} INFO - Running <TaskInstance: fetch_jobs.fetch_job_postings scheduled__2024-05-09T00:00:00+00:00 [running]> on host kali
[2024-05-10T14:52:11.826+0200] {taskinstance.py:2644} INFO - Exporting env vars: AIRFLOW_CTX_DAG_OWNER='airflow-munya' AIRFLOW_CTX_DAG_ID='fetch_jobs' AIRFLOW_CTX_TASK_ID='fetch_job_postings' AIRFLOW_CTX_EXECUTION_DATE='2024-05-09T00:00:00+00:00' AIRFLOW_CTX_TRY_NUMBER='1' AIRFLOW_CTX_DAG_RUN_ID='scheduled__2024-05-09T00:00:00+00:00'
[2024-05-10T14:52:11.827+0200] {taskinstance.py:430} INFO - ::endgroup::
[2024-05-10T14:52:11.828+0200] {http.py:169} INFO - Calling HTTP method
[2024-05-10T14:52:11.835+0200] {base.py:84} INFO - Using connection ID 'odoo_api_connection' for task execution.
[2024-05-10T14:52:11.840+0200] {base.py:84} INFO - Using connection ID 'odoo_api_connection' for task execution.
[2024-05-10T14:52:15.962+0200] {http.py:208} INFO - {"success":true,"job_postings":[{"id":14,"name":"Branch Manager","department_id":[3,"Professional services"],"address_id":[1,"My Company"],"description":"We are seeking a skilled sales manager in our team.","requirements":"Bachelor's degree in Business Marketing."},{"id":29,"name":"Data Analytics","department_id":[1,"Administration"],"address_id":[1,"My Company"],"description":"We are hiring a skilled data Analytics.","requirements":"Bachelor's degree in Computer Science, experience with Python and Django."},{"id":45,"name":"Data Scientist","department_id":[1,"Administration"],"address_id":[2,"OdooBot"],"description":"We are hiring a skilled Data Scientist.","requirements":"Bachelor's degree in Data science and systems or Computer science, experience with Odoo openERP, Camunda 8, Nodejs, R, PowerBI etc."},{"id":15,"name":" Manager","department_id":[3,"Professional services"],"address_id":[1,"My Company"],"description":"We are seeking a skilled sales manager in our team.","requirements":"Bachelor's degree in Business Marketing."},{"id":20,"name":" Manufacturer","department_id":[3,"Professional services"],"address_id":[1,"My Company"],"description":"We are seeking a skilled sales manager in our team.","requirements":"Bachelor's degree in Business Marketing."},{"id":8,"name":"Sales Manager","department_id":[3,"Professional services"],"address_id":[1,"My Company"],"description":"We are seeking a skilled sales manager in our team.","requirements":"Bachelor's degree in Business Marketing."},{"id":4,"name":"Senior Software Dev","department_id":[3,"Professional services"],"address_id":[2,"OdooBot"],"description":"We are updating the Software Developer job details.","requirements":"Updated requirements for the Software Developer position."},{"id":46,"name":"Software Developer","department_id":[2,"Professional services / AI"],"address_id":[1,"My Company"],"description":"\n    <p data-last-history-steps=\"723942105204436\">\n        Perform assigned responsibilities, collaborate with team members, and adhere to company policies.\n        Strong communication, problem-solving, and work ethic required.\n        Adaptability, initiative, and willingness to learn are valued.</p><ul><li>nl</li><li>bfb</li><li>fb</li><li>bf</li></ul>","requirements":false}]}
[2024-05-10T14:52:15.962+0200] {taskinstance.py:441} INFO - ::group::Post task execution logs
[2024-05-10T14:52:15.980+0200] {taskinstance.py:1205} INFO - Marking task as SUCCESS. dag_id=fetch_jobs, task_id=fetch_job_postings, execution_date=20240509T000000, start_date=20240510T125211, end_date=20240510T125215
[2024-05-10T14:52:16.071+0200] {local_task_job_runner.py:240} INFO - Task exited with return code 0
[2024-05-10T14:52:16.086+0200] {taskinstance.py:3482} INFO - 0 downstream tasks scheduled from follow-on schedule check
[2024-05-10T14:52:16.086+0200] {local_task_job_runner.py:222} INFO - ::endgroup::
