[2024-04-29T10:42:21.810+0200] {local_task_job_runner.py:120} INFO - ::group::Pre task execution logs
[2024-04-29T10:42:21.831+0200] {taskinstance.py:2073} INFO - Dependencies all met for dep_context=non-requeueable deps ti=<TaskInstance: airflow_tut_v02.print_hello scheduled__2024-04-28T01:00:00+00:00 [queued]>
[2024-04-29T10:42:21.837+0200] {taskinstance.py:2073} INFO - Dependencies all met for dep_context=requeueable deps ti=<TaskInstance: airflow_tut_v02.print_hello scheduled__2024-04-28T01:00:00+00:00 [queued]>
[2024-04-29T10:42:21.838+0200] {taskinstance.py:2303} INFO - Starting attempt 1 of 2
[2024-04-29T10:42:21.851+0200] {taskinstance.py:2327} INFO - Executing <Task(BashOperator): print_hello> on 2024-04-28 01:00:00+00:00
[2024-04-29T10:42:21.856+0200] {standard_task_runner.py:63} INFO - Started process 6178 to run task
[2024-04-29T10:42:21.861+0200] {standard_task_runner.py:90} INFO - Running: ['airflow', 'tasks', 'run', 'airflow_tut_v02', 'print_hello', 'scheduled__2024-04-28T01:00:00+00:00', '--job-id', '13', '--raw', '--subdir', 'DAGS_FOLDER/dags.py', '--cfg-path', '/tmp/tmp0_9gxz93']
[2024-04-29T10:42:21.863+0200] {standard_task_runner.py:91} INFO - Job 13: Subtask print_hello
[2024-04-29T10:42:21.907+0200] {task_command.py:426} INFO - Running <TaskInstance: airflow_tut_v02.print_hello scheduled__2024-04-28T01:00:00+00:00 [running]> on host kali
[2024-04-29T10:42:22.020+0200] {taskinstance.py:2644} INFO - Exporting env vars: AIRFLOW_CTX_DAG_OWNER='Munyah' AIRFLOW_CTX_DAG_ID='airflow_tut_v02' AIRFLOW_CTX_TASK_ID='print_hello' AIRFLOW_CTX_EXECUTION_DATE='2024-04-28T01:00:00+00:00' AIRFLOW_CTX_TRY_NUMBER='1' AIRFLOW_CTX_DAG_RUN_ID='scheduled__2024-04-28T01:00:00+00:00'
[2024-04-29T10:42:22.022+0200] {taskinstance.py:430} INFO - ::endgroup::
[2024-04-29T10:42:22.023+0200] {subprocess.py:63} INFO - Tmp dir root location: /tmp
[2024-04-29T10:42:22.024+0200] {subprocess.py:75} INFO - Running command: ['/usr/bin/bash', '-c', 'echo "hello"']
[2024-04-29T10:42:22.034+0200] {subprocess.py:86} INFO - Output:
[2024-04-29T10:42:22.035+0200] {subprocess.py:93} INFO - hello
[2024-04-29T10:42:22.036+0200] {subprocess.py:97} INFO - Command exited with return code 0
[2024-04-29T10:42:22.036+0200] {taskinstance.py:441} INFO - ::group::Post task execution logs
[2024-04-29T10:42:22.059+0200] {taskinstance.py:1205} INFO - Marking task as SUCCESS. dag_id=airflow_tut_v02, task_id=print_hello, execution_date=20240428T010000, start_date=20240429T084221, end_date=20240429T084222
[2024-04-29T10:42:22.114+0200] {local_task_job_runner.py:240} INFO - Task exited with return code 0
[2024-04-29T10:42:22.135+0200] {taskinstance.py:3482} INFO - 1 downstream tasks scheduled from follow-on schedule check
[2024-04-29T10:42:22.141+0200] {local_task_job_runner.py:222} INFO - ::endgroup::
