[2024-05-02T08:28:48.144+0200] {local_task_job_runner.py:120} INFO - ::group::Pre task execution logs
[2024-05-02T08:28:48.169+0200] {taskinstance.py:2073} INFO - Dependencies all met for dep_context=non-requeueable deps ti=<TaskInstance: airflow_tut_v02.sleep scheduled__2024-05-01T20:00:00+00:00 [queued]>
[2024-05-02T08:28:48.176+0200] {taskinstance.py:2073} INFO - Dependencies all met for dep_context=requeueable deps ti=<TaskInstance: airflow_tut_v02.sleep scheduled__2024-05-01T20:00:00+00:00 [queued]>
[2024-05-02T08:28:48.177+0200] {taskinstance.py:2303} INFO - Starting attempt 1 of 2
[2024-05-02T08:28:48.191+0200] {taskinstance.py:2327} INFO - Executing <Task(BashOperator): sleep> on 2024-05-01 20:00:00+00:00
[2024-05-02T08:28:48.198+0200] {standard_task_runner.py:63} INFO - Started process 237571 to run task
[2024-05-02T08:28:48.204+0200] {standard_task_runner.py:90} INFO - Running: ['airflow', 'tasks', 'run', 'airflow_tut_v02', 'sleep', 'scheduled__2024-05-01T20:00:00+00:00', '--job-id', '338', '--raw', '--subdir', '/home/munya/.local/lib/python3.11/site-packages/airflow/example_dags/dags.py', '--cfg-path', '/tmp/tmp2cnwbhfu']
[2024-05-02T08:28:48.206+0200] {standard_task_runner.py:91} INFO - Job 338: Subtask sleep
[2024-05-02T08:28:48.271+0200] {task_command.py:426} INFO - Running <TaskInstance: airflow_tut_v02.sleep scheduled__2024-05-01T20:00:00+00:00 [running]> on host kali
[2024-05-02T08:28:48.549+0200] {taskinstance.py:2644} INFO - Exporting env vars: AIRFLOW_CTX_DAG_OWNER='Munyah' AIRFLOW_CTX_DAG_ID='airflow_tut_v02' AIRFLOW_CTX_TASK_ID='sleep' AIRFLOW_CTX_EXECUTION_DATE='2024-05-01T20:00:00+00:00' AIRFLOW_CTX_TRY_NUMBER='1' AIRFLOW_CTX_DAG_RUN_ID='scheduled__2024-05-01T20:00:00+00:00'
[2024-05-02T08:28:48.550+0200] {taskinstance.py:430} INFO - ::endgroup::
[2024-05-02T08:28:48.551+0200] {subprocess.py:63} INFO - Tmp dir root location: /tmp
[2024-05-02T08:28:48.552+0200] {subprocess.py:75} INFO - Running command: ['/usr/bin/bash', '-c', 'sleep 5']
[2024-05-02T08:28:48.567+0200] {subprocess.py:86} INFO - Output:
[2024-05-02T08:28:53.570+0200] {subprocess.py:97} INFO - Command exited with return code 0
[2024-05-02T08:28:53.571+0200] {taskinstance.py:441} INFO - ::group::Post task execution logs
[2024-05-02T08:28:53.587+0200] {taskinstance.py:1205} INFO - Marking task as SUCCESS. dag_id=airflow_tut_v02, task_id=sleep, execution_date=20240501T200000, start_date=20240502T062848, end_date=20240502T062853
[2024-05-02T08:28:53.646+0200] {local_task_job_runner.py:240} INFO - Task exited with return code 0
[2024-05-02T08:28:53.657+0200] {taskinstance.py:3482} INFO - 1 downstream tasks scheduled from follow-on schedule check
[2024-05-02T08:28:53.660+0200] {local_task_job_runner.py:222} INFO - ::endgroup::
