[2024-05-11T11:14:51.963+0200] {processor.py:161} INFO - Started process (PID=127112) to work on /home/munya/.local/lib/python3.11/site-packages/airflow/example_dags/plugins/decreasing_priority_weight_strategy.py
[2024-05-11T11:14:51.964+0200] {processor.py:830} INFO - Processing file /home/munya/.local/lib/python3.11/site-packages/airflow/example_dags/plugins/decreasing_priority_weight_strategy.py for tasks to queue
[2024-05-11T11:14:51.965+0200] {logging_mixin.py:188} INFO - [2024-05-11T11:14:51.965+0200] {dagbag.py:540} INFO - Filling up the DagBag from /home/munya/.local/lib/python3.11/site-packages/airflow/example_dags/plugins/decreasing_priority_weight_strategy.py
[2024-05-11T11:14:51.967+0200] {processor.py:842} WARNING - No viable dags retrieved from /home/munya/.local/lib/python3.11/site-packages/airflow/example_dags/plugins/decreasing_priority_weight_strategy.py
[2024-05-11T11:14:51.977+0200] {processor.py:183} INFO - Processing /home/munya/.local/lib/python3.11/site-packages/airflow/example_dags/plugins/decreasing_priority_weight_strategy.py took 0.020 seconds
[2024-05-11T11:16:08.558+0200] {processor.py:161} INFO - Started process (PID=128692) to work on /home/munya/.local/lib/python3.11/site-packages/airflow/example_dags/plugins/decreasing_priority_weight_strategy.py
[2024-05-11T11:16:08.559+0200] {processor.py:830} INFO - Processing file /home/munya/.local/lib/python3.11/site-packages/airflow/example_dags/plugins/decreasing_priority_weight_strategy.py for tasks to queue
[2024-05-11T11:16:08.561+0200] {logging_mixin.py:188} INFO - [2024-05-11T11:16:08.561+0200] {dagbag.py:540} INFO - Filling up the DagBag from /home/munya/.local/lib/python3.11/site-packages/airflow/example_dags/plugins/decreasing_priority_weight_strategy.py
[2024-05-11T11:16:08.563+0200] {processor.py:842} WARNING - No viable dags retrieved from /home/munya/.local/lib/python3.11/site-packages/airflow/example_dags/plugins/decreasing_priority_weight_strategy.py
[2024-05-11T11:16:08.573+0200] {processor.py:183} INFO - Processing /home/munya/.local/lib/python3.11/site-packages/airflow/example_dags/plugins/decreasing_priority_weight_strategy.py took 0.022 seconds
[2024-05-11T11:17:06.188+0200] {processor.py:161} INFO - Started process (PID=129932) to work on /home/munya/.local/lib/python3.11/site-packages/airflow/example_dags/plugins/decreasing_priority_weight_strategy.py
[2024-05-11T11:17:06.189+0200] {processor.py:830} INFO - Processing file /home/munya/.local/lib/python3.11/site-packages/airflow/example_dags/plugins/decreasing_priority_weight_strategy.py for tasks to queue
[2024-05-11T11:17:06.191+0200] {logging_mixin.py:188} INFO - [2024-05-11T11:17:06.190+0200] {dagbag.py:540} INFO - Filling up the DagBag from /home/munya/.local/lib/python3.11/site-packages/airflow/example_dags/plugins/decreasing_priority_weight_strategy.py
[2024-05-11T11:17:06.192+0200] {processor.py:842} WARNING - No viable dags retrieved from /home/munya/.local/lib/python3.11/site-packages/airflow/example_dags/plugins/decreasing_priority_weight_strategy.py
[2024-05-11T11:17:06.200+0200] {processor.py:183} INFO - Processing /home/munya/.local/lib/python3.11/site-packages/airflow/example_dags/plugins/decreasing_priority_weight_strategy.py took 0.017 seconds
[2024-05-11T11:18:07.978+0200] {processor.py:161} INFO - Started process (PID=131218) to work on /home/munya/.local/lib/python3.11/site-packages/airflow/example_dags/plugins/decreasing_priority_weight_strategy.py
[2024-05-11T11:18:07.979+0200] {processor.py:830} INFO - Processing file /home/munya/.local/lib/python3.11/site-packages/airflow/example_dags/plugins/decreasing_priority_weight_strategy.py for tasks to queue
[2024-05-11T11:18:07.980+0200] {logging_mixin.py:188} INFO - [2024-05-11T11:18:07.980+0200] {dagbag.py:540} INFO - Filling up the DagBag from /home/munya/.local/lib/python3.11/site-packages/airflow/example_dags/plugins/decreasing_priority_weight_strategy.py
[2024-05-11T11:18:07.982+0200] {processor.py:842} WARNING - No viable dags retrieved from /home/munya/.local/lib/python3.11/site-packages/airflow/example_dags/plugins/decreasing_priority_weight_strategy.py
[2024-05-11T11:18:07.990+0200] {processor.py:183} INFO - Processing /home/munya/.local/lib/python3.11/site-packages/airflow/example_dags/plugins/decreasing_priority_weight_strategy.py took 0.017 seconds
[2024-05-11T11:19:12.988+0200] {processor.py:161} INFO - Started process (PID=132551) to work on /home/munya/.local/lib/python3.11/site-packages/airflow/example_dags/plugins/decreasing_priority_weight_strategy.py
[2024-05-11T11:19:12.989+0200] {processor.py:830} INFO - Processing file /home/munya/.local/lib/python3.11/site-packages/airflow/example_dags/plugins/decreasing_priority_weight_strategy.py for tasks to queue
[2024-05-11T11:19:12.990+0200] {logging_mixin.py:188} INFO - [2024-05-11T11:19:12.990+0200] {dagbag.py:540} INFO - Filling up the DagBag from /home/munya/.local/lib/python3.11/site-packages/airflow/example_dags/plugins/decreasing_priority_weight_strategy.py
[2024-05-11T11:19:12.992+0200] {processor.py:842} WARNING - No viable dags retrieved from /home/munya/.local/lib/python3.11/site-packages/airflow/example_dags/plugins/decreasing_priority_weight_strategy.py
[2024-05-11T11:19:13.000+0200] {processor.py:183} INFO - Processing /home/munya/.local/lib/python3.11/site-packages/airflow/example_dags/plugins/decreasing_priority_weight_strategy.py took 0.017 seconds
[2024-05-11T11:20:20.204+0200] {processor.py:161} INFO - Started process (PID=133911) to work on /home/munya/.local/lib/python3.11/site-packages/airflow/example_dags/plugins/decreasing_priority_weight_strategy.py
[2024-05-11T11:20:20.205+0200] {processor.py:830} INFO - Processing file /home/munya/.local/lib/python3.11/site-packages/airflow/example_dags/plugins/decreasing_priority_weight_strategy.py for tasks to queue
[2024-05-11T11:20:20.206+0200] {logging_mixin.py:188} INFO - [2024-05-11T11:20:20.206+0200] {dagbag.py:540} INFO - Filling up the DagBag from /home/munya/.local/lib/python3.11/site-packages/airflow/example_dags/plugins/decreasing_priority_weight_strategy.py
[2024-05-11T11:20:20.208+0200] {processor.py:842} WARNING - No viable dags retrieved from /home/munya/.local/lib/python3.11/site-packages/airflow/example_dags/plugins/decreasing_priority_weight_strategy.py
[2024-05-11T11:20:20.216+0200] {processor.py:183} INFO - Processing /home/munya/.local/lib/python3.11/site-packages/airflow/example_dags/plugins/decreasing_priority_weight_strategy.py took 0.017 seconds
[2024-05-11T11:21:24.648+0200] {processor.py:161} INFO - Started process (PID=135200) to work on /home/munya/.local/lib/python3.11/site-packages/airflow/example_dags/plugins/decreasing_priority_weight_strategy.py
[2024-05-11T11:21:24.648+0200] {processor.py:830} INFO - Processing file /home/munya/.local/lib/python3.11/site-packages/airflow/example_dags/plugins/decreasing_priority_weight_strategy.py for tasks to queue
[2024-05-11T11:21:24.650+0200] {logging_mixin.py:188} INFO - [2024-05-11T11:21:24.650+0200] {dagbag.py:540} INFO - Filling up the DagBag from /home/munya/.local/lib/python3.11/site-packages/airflow/example_dags/plugins/decreasing_priority_weight_strategy.py
[2024-05-11T11:21:24.652+0200] {processor.py:842} WARNING - No viable dags retrieved from /home/munya/.local/lib/python3.11/site-packages/airflow/example_dags/plugins/decreasing_priority_weight_strategy.py
[2024-05-11T11:21:24.660+0200] {processor.py:183} INFO - Processing /home/munya/.local/lib/python3.11/site-packages/airflow/example_dags/plugins/decreasing_priority_weight_strategy.py took 0.017 seconds
