[2024-04-30T09:58:11.336+0200] {local_task_job_runner.py:120} INFO - ::group::Pre task execution logs
[2024-04-30T09:58:11.363+0200] {taskinstance.py:2073} INFO - Dependencies all met for dep_context=non-requeueable deps ti=<TaskInstance: dag_with_python_operator_v02.greet manual__2024-04-30T07:37:48.041657+00:00 [queued]>
[2024-04-30T09:58:11.369+0200] {taskinstance.py:2073} INFO - Dependencies all met for dep_context=requeueable deps ti=<TaskInstance: dag_with_python_operator_v02.greet manual__2024-04-30T07:37:48.041657+00:00 [queued]>
[2024-04-30T09:58:11.370+0200] {taskinstance.py:2303} INFO - Starting attempt 5 of 6
[2024-04-30T09:58:11.387+0200] {taskinstance.py:2327} INFO - Executing <Task(PythonOperator): greet> on 2024-04-30 07:37:48.041657+00:00
[2024-04-30T09:58:11.394+0200] {standard_task_runner.py:63} INFO - Started process 443210 to run task
[2024-04-30T09:58:11.400+0200] {standard_task_runner.py:90} INFO - Running: ['airflow', 'tasks', 'run', 'dag_with_python_operator_v02', 'greet', 'manual__2024-04-30T07:37:48.041657+00:00', '--job-id', '200', '--raw', '--subdir', '/home/munya/.local/lib/python3.11/site-packages/airflow/example_dags/create_dag_with_python_operator.py', '--cfg-path', '/tmp/tmpslom2g73']
[2024-04-30T09:58:11.403+0200] {standard_task_runner.py:91} INFO - Job 200: Subtask greet
[2024-04-30T09:58:11.492+0200] {task_command.py:426} INFO - Running <TaskInstance: dag_with_python_operator_v02.greet manual__2024-04-30T07:37:48.041657+00:00 [running]> on host kali
[2024-04-30T09:58:11.588+0200] {taskinstance.py:2644} INFO - Exporting env vars: AIRFLOW_CTX_DAG_OWNER='CodeData' AIRFLOW_CTX_DAG_ID='dag_with_python_operator_v02' AIRFLOW_CTX_TASK_ID='greet' AIRFLOW_CTX_EXECUTION_DATE='2024-04-30T07:37:48.041657+00:00' AIRFLOW_CTX_TRY_NUMBER='5' AIRFLOW_CTX_DAG_RUN_ID='manual__2024-04-30T07:37:48.041657+00:00'
[2024-04-30T09:58:11.590+0200] {taskinstance.py:430} INFO - ::endgroup::
[2024-04-30T09:58:11.591+0200] {taskinstance.py:441} INFO - ::group::Post task execution logs
[2024-04-30T09:58:11.592+0200] {taskinstance.py:2890} ERROR - Task failed with exception
Traceback (most recent call last):
  File "/home/munya/.local/lib/python3.11/site-packages/airflow/models/taskinstance.py", line 465, in _execute_task
    result = _execute_callable(context=context, **execute_callable_kwargs)
             ^^^^^^^^^^^^^^^^^^^^^^^^^^^^^^^^^^^^^^^^^^^^^^^^^^^^^^^^^^^^^
  File "/home/munya/.local/lib/python3.11/site-packages/airflow/models/taskinstance.py", line 432, in _execute_callable
    return execute_callable(context=context, **execute_callable_kwargs)
           ^^^^^^^^^^^^^^^^^^^^^^^^^^^^^^^^^^^^^^^^^^^^^^^^^^^^^^^^^^^^
  File "/home/munya/.local/lib/python3.11/site-packages/airflow/models/baseoperator.py", line 400, in wrapper
    return func(self, *args, **kwargs)
           ^^^^^^^^^^^^^^^^^^^^^^^^^^^
  File "/home/munya/.local/lib/python3.11/site-packages/airflow/operators/python.py", line 235, in execute
    return_value = self.execute_callable()
                   ^^^^^^^^^^^^^^^^^^^^^^^
  File "/home/munya/.local/lib/python3.11/site-packages/airflow/operators/python.py", line 252, in execute_callable
    return self.python_callable(*self.op_args, **self.op_kwargs)
           ^^^^^^^^^^^^^^^^^^^^^^^^^^^^^^^^^^^^^^^^^^^^^^^^^^^^^
  File "/home/munya/.local/lib/python3.11/site-packages/airflow/example_dags/create_dag_with_python_operator.py", line 17, in greet
    name = ti.xcoms_pull(task_ids='get_name')
           ^^^^^^^^^^^^^
AttributeError: 'TaskInstance' object has no attribute 'xcoms_pull'
[2024-04-30T09:58:11.597+0200] {taskinstance.py:1205} INFO - Marking task as UP_FOR_RETRY. dag_id=dag_with_python_operator_v02, task_id=greet, execution_date=20240430T073748, start_date=20240430T075811, end_date=20240430T075811
[2024-04-30T09:58:11.606+0200] {standard_task_runner.py:110} ERROR - Failed to execute job 200 for task greet ('TaskInstance' object has no attribute 'xcoms_pull'; 443210)
[2024-04-30T09:58:11.618+0200] {local_task_job_runner.py:240} INFO - Task exited with return code 1
[2024-04-30T09:58:11.631+0200] {taskinstance.py:3482} INFO - 0 downstream tasks scheduled from follow-on schedule check
[2024-04-30T09:58:11.632+0200] {local_task_job_runner.py:222} INFO - ::endgroup::
