[2024-05-19T13:25:37.267+0200] {local_task_job_runner.py:120} INFO - ::group::Pre task execution logs
[2024-05-19T13:25:37.274+0200] {taskinstance.py:2076} INFO - Dependencies all met for dep_context=non-requeueable deps ti=<TaskInstance: weather_api_dag.fetch_weather_data scheduled__2024-05-18T00:00:00+00:00 [queued]>
[2024-05-19T13:25:37.278+0200] {taskinstance.py:2076} INFO - Dependencies all met for dep_context=requeueable deps ti=<TaskInstance: weather_api_dag.fetch_weather_data scheduled__2024-05-18T00:00:00+00:00 [queued]>
[2024-05-19T13:25:37.278+0200] {taskinstance.py:2306} INFO - Starting attempt 1 of 2
[2024-05-19T13:25:37.287+0200] {taskinstance.py:2330} INFO - Executing <Task(HttpOperator): fetch_weather_data> on 2024-05-18 00:00:00+00:00
[2024-05-19T13:25:37.294+0200] {standard_task_runner.py:63} INFO - Started process 84448 to run task
[2024-05-19T13:25:37.297+0200] {standard_task_runner.py:90} INFO - Running: ['airflow', 'tasks', 'run', 'weather_api_dag', 'fetch_weather_data', 'scheduled__2024-05-18T00:00:00+00:00', '--job-id', '1137', '--raw', '--subdir', 'DAGS_FOLDER/weather_data.py', '--cfg-path', '/tmp/tmphjru0wtd']
[2024-05-19T13:25:37.299+0200] {standard_task_runner.py:91} INFO - Job 1137: Subtask fetch_weather_data
[2024-05-19T13:25:37.327+0200] {task_command.py:426} INFO - Running <TaskInstance: weather_api_dag.fetch_weather_data scheduled__2024-05-18T00:00:00+00:00 [running]> on host kali
[2024-05-19T13:25:37.370+0200] {taskinstance.py:2648} INFO - Exporting env vars: AIRFLOW_CTX_DAG_OWNER='airflow' AIRFLOW_CTX_DAG_ID='weather_api_dag' AIRFLOW_CTX_TASK_ID='fetch_weather_data' AIRFLOW_CTX_EXECUTION_DATE='2024-05-18T00:00:00+00:00' AIRFLOW_CTX_TRY_NUMBER='1' AIRFLOW_CTX_DAG_RUN_ID='scheduled__2024-05-18T00:00:00+00:00'
[2024-05-19T13:25:37.371+0200] {taskinstance.py:430} INFO - ::endgroup::
[2024-05-19T13:25:37.372+0200] {http.py:169} INFO - Calling HTTP method
[2024-05-19T13:25:37.375+0200] {base.py:84} INFO - Using connection ID 'weather_api' for task execution.
[2024-05-19T13:25:37.377+0200] {base.py:84} INFO - Using connection ID 'weather_api' for task execution.
[2024-05-19T13:25:46.618+0200] {http.py:208} INFO - {"coord":{"lon":32.6709,"lat":-18.9707},"weather":[{"id":800,"main":"Clear","description":"clear sky","icon":"01d"}],"base":"stations","main":{"temp":297.2,"feels_like":296.47,"temp_min":297.2,"temp_max":297.2,"pressure":1020,"humidity":31,"sea_level":1020,"grnd_level":898},"visibility":10000,"wind":{"speed":5.26,"deg":115,"gust":7.31},"clouds":{"all":0},"dt":1716117947,"sys":{"country":"ZW","sunrise":1716091841,"sunset":1716132072},"timezone":7200,"id":884979,"name":"Mutare","cod":200}
[2024-05-19T13:25:46.620+0200] {taskinstance.py:441} INFO - ::group::Post task execution logs
[2024-05-19T13:25:46.634+0200] {taskinstance.py:1206} INFO - Marking task as SUCCESS. dag_id=weather_api_dag, task_id=fetch_weather_data, run_id=scheduled__2024-05-18T00:00:00+00:00, execution_date=20240518T000000, start_date=20240519T112537, end_date=20240519T112546
[2024-05-19T13:25:46.673+0200] {local_task_job_runner.py:240} INFO - Task exited with return code 0
[2024-05-19T13:25:46.684+0200] {taskinstance.py:3498} INFO - 0 downstream tasks scheduled from follow-on schedule check
[2024-05-19T13:25:46.684+0200] {local_task_job_runner.py:222} INFO - ::endgroup::
