[2024-05-20T08:57:36.347+0200] {local_task_job_runner.py:120} INFO - ::group::Pre task execution logs
[2024-05-20T08:57:36.354+0200] {taskinstance.py:2076} INFO - Dependencies all met for dep_context=non-requeueable deps ti=<TaskInstance: api_dag.get_posts scheduled__2024-05-19T00:00:00+00:00 [queued]>
[2024-05-20T08:57:36.359+0200] {taskinstance.py:2076} INFO - Dependencies all met for dep_context=requeueable deps ti=<TaskInstance: api_dag.get_posts scheduled__2024-05-19T00:00:00+00:00 [queued]>
[2024-05-20T08:57:36.359+0200] {taskinstance.py:2306} INFO - Starting attempt 1 of 1
[2024-05-20T08:57:36.369+0200] {taskinstance.py:2330} INFO - Executing <Task(SimpleHttpOperator): get_posts> on 2024-05-19 00:00:00+00:00
[2024-05-20T08:57:36.375+0200] {standard_task_runner.py:63} INFO - Started process 488618 to run task
[2024-05-20T08:57:36.379+0200] {standard_task_runner.py:90} INFO - Running: ['airflow', 'tasks', 'run', 'api_dag', 'get_posts', 'scheduled__2024-05-19T00:00:00+00:00', '--job-id', '1151', '--raw', '--subdir', 'DAGS_FOLDER/api_dag.py', '--cfg-path', '/tmp/tmp18ohmm5r']
[2024-05-20T08:57:36.381+0200] {standard_task_runner.py:91} INFO - Job 1151: Subtask get_posts
[2024-05-20T08:57:36.410+0200] {task_command.py:426} INFO - Running <TaskInstance: api_dag.get_posts scheduled__2024-05-19T00:00:00+00:00 [running]> on host kali
[2024-05-20T08:57:36.459+0200] {taskinstance.py:2648} INFO - Exporting env vars: AIRFLOW_CTX_DAG_OWNER='airflow' AIRFLOW_CTX_DAG_ID='api_dag' AIRFLOW_CTX_TASK_ID='get_posts' AIRFLOW_CTX_EXECUTION_DATE='2024-05-19T00:00:00+00:00' AIRFLOW_CTX_TRY_NUMBER='1' AIRFLOW_CTX_DAG_RUN_ID='scheduled__2024-05-19T00:00:00+00:00'
[2024-05-20T08:57:36.460+0200] {taskinstance.py:430} INFO - ::endgroup::
[2024-05-20T08:57:36.460+0200] {http.py:169} INFO - Calling HTTP method
[2024-05-20T08:57:36.463+0200] {base.py:84} INFO - Using connection ID 'api_post' for task execution.
[2024-05-20T08:57:36.466+0200] {base.py:84} INFO - Using connection ID 'api_post' for task execution.
[2024-05-20T08:57:36.469+0200] {http.py:242} WARNING - HTTPSConnectionPool(host='gorest.co.in', port=443): Max retries exceeded with url: /public/v2/posts/ (Caused by NewConnectionError('<urllib3.connection.HTTPSConnection object at 0x7f8f7e8b7a50>: Failed to establish a new connection: [Errno -2] Name or service not known')) Tenacity will retry to execute the operation
[2024-05-20T08:57:36.469+0200] {taskinstance.py:441} INFO - ::group::Post task execution logs
[2024-05-20T08:57:36.470+0200] {taskinstance.py:2905} ERROR - Task failed with exception
Traceback (most recent call last):
  File "/home/munya/anaconda3/lib/python3.11/site-packages/urllib3/connection.py", line 174, in _new_conn
    conn = connection.create_connection(
           ^^^^^^^^^^^^^^^^^^^^^^^^^^^^^
  File "/home/munya/anaconda3/lib/python3.11/site-packages/urllib3/util/connection.py", line 72, in create_connection
    for res in socket.getaddrinfo(host, port, family, socket.SOCK_STREAM):
               ^^^^^^^^^^^^^^^^^^^^^^^^^^^^^^^^^^^^^^^^^^^^^^^^^^^^^^^^^^
  File "/home/munya/anaconda3/lib/python3.11/socket.py", line 962, in getaddrinfo
    for res in _socket.getaddrinfo(host, port, family, type, proto, flags):
               ^^^^^^^^^^^^^^^^^^^^^^^^^^^^^^^^^^^^^^^^^^^^^^^^^^^^^^^^^^^
socket.gaierror: [Errno -2] Name or service not known

During handling of the above exception, another exception occurred:

Traceback (most recent call last):
  File "/home/munya/anaconda3/lib/python3.11/site-packages/urllib3/connectionpool.py", line 715, in urlopen
    httplib_response = self._make_request(
                       ^^^^^^^^^^^^^^^^^^^
  File "/home/munya/anaconda3/lib/python3.11/site-packages/urllib3/connectionpool.py", line 404, in _make_request
    self._validate_conn(conn)
  File "/home/munya/anaconda3/lib/python3.11/site-packages/urllib3/connectionpool.py", line 1058, in _validate_conn
    conn.connect()
  File "/home/munya/anaconda3/lib/python3.11/site-packages/urllib3/connection.py", line 363, in connect
    self.sock = conn = self._new_conn()
                       ^^^^^^^^^^^^^^^^
  File "/home/munya/anaconda3/lib/python3.11/site-packages/urllib3/connection.py", line 186, in _new_conn
    raise NewConnectionError(
urllib3.exceptions.NewConnectionError: <urllib3.connection.HTTPSConnection object at 0x7f8f7e8b7a50>: Failed to establish a new connection: [Errno -2] Name or service not known

During handling of the above exception, another exception occurred:

Traceback (most recent call last):
  File "/home/munya/anaconda3/lib/python3.11/site-packages/requests/adapters.py", line 486, in send
    resp = conn.urlopen(
           ^^^^^^^^^^^^^
  File "/home/munya/anaconda3/lib/python3.11/site-packages/urllib3/connectionpool.py", line 799, in urlopen
    retries = retries.increment(
              ^^^^^^^^^^^^^^^^^^
  File "/home/munya/anaconda3/lib/python3.11/site-packages/urllib3/util/retry.py", line 592, in increment
    raise MaxRetryError(_pool, url, error or ResponseError(cause))
urllib3.exceptions.MaxRetryError: HTTPSConnectionPool(host='gorest.co.in', port=443): Max retries exceeded with url: /public/v2/posts/ (Caused by NewConnectionError('<urllib3.connection.HTTPSConnection object at 0x7f8f7e8b7a50>: Failed to establish a new connection: [Errno -2] Name or service not known'))

During handling of the above exception, another exception occurred:

Traceback (most recent call last):
  File "/home/munya/anaconda3/lib/python3.11/site-packages/airflow/models/taskinstance.py", line 465, in _execute_task
    result = _execute_callable(context=context, **execute_callable_kwargs)
             ^^^^^^^^^^^^^^^^^^^^^^^^^^^^^^^^^^^^^^^^^^^^^^^^^^^^^^^^^^^^^
  File "/home/munya/anaconda3/lib/python3.11/site-packages/airflow/models/taskinstance.py", line 432, in _execute_callable
    return execute_callable(context=context, **execute_callable_kwargs)
           ^^^^^^^^^^^^^^^^^^^^^^^^^^^^^^^^^^^^^^^^^^^^^^^^^^^^^^^^^^^^
  File "/home/munya/anaconda3/lib/python3.11/site-packages/airflow/models/baseoperator.py", line 400, in wrapper
    return func(self, *args, **kwargs)
           ^^^^^^^^^^^^^^^^^^^^^^^^^^^
  File "/home/munya/anaconda3/lib/python3.11/site-packages/airflow/providers/http/operators/http.py", line 166, in execute
    return self.execute_sync(context=context)
           ^^^^^^^^^^^^^^^^^^^^^^^^^^^^^^^^^^
  File "/home/munya/anaconda3/lib/python3.11/site-packages/airflow/providers/http/operators/http.py", line 170, in execute_sync
    response = self.hook.run(self.endpoint, self.data, self.headers, self.extra_options)
               ^^^^^^^^^^^^^^^^^^^^^^^^^^^^^^^^^^^^^^^^^^^^^^^^^^^^^^^^^^^^^^^^^^^^^^^^^
  File "/home/munya/anaconda3/lib/python3.11/site-packages/airflow/providers/http/hooks/http.py", line 187, in run
    return self.run_and_check(session, prepped_request, extra_options)
           ^^^^^^^^^^^^^^^^^^^^^^^^^^^^^^^^^^^^^^^^^^^^^^^^^^^^^^^^^^^
  File "/home/munya/anaconda3/lib/python3.11/site-packages/airflow/providers/http/hooks/http.py", line 243, in run_and_check
    raise ex
  File "/home/munya/anaconda3/lib/python3.11/site-packages/airflow/providers/http/hooks/http.py", line 235, in run_and_check
    response = session.send(prepped_request, **send_kwargs)
               ^^^^^^^^^^^^^^^^^^^^^^^^^^^^^^^^^^^^^^^^^^^^
  File "/home/munya/anaconda3/lib/python3.11/site-packages/requests/sessions.py", line 703, in send
    r = adapter.send(request, **kwargs)
        ^^^^^^^^^^^^^^^^^^^^^^^^^^^^^^^
  File "/home/munya/anaconda3/lib/python3.11/site-packages/requests/adapters.py", line 519, in send
    raise ConnectionError(e, request=request)
requests.exceptions.ConnectionError: HTTPSConnectionPool(host='gorest.co.in', port=443): Max retries exceeded with url: /public/v2/posts/ (Caused by NewConnectionError('<urllib3.connection.HTTPSConnection object at 0x7f8f7e8b7a50>: Failed to establish a new connection: [Errno -2] Name or service not known'))
[2024-05-20T08:57:36.475+0200] {taskinstance.py:1206} INFO - Marking task as FAILED. dag_id=api_dag, task_id=get_posts, run_id=scheduled__2024-05-19T00:00:00+00:00, execution_date=20240519T000000, start_date=20240520T065736, end_date=20240520T065736
[2024-05-20T08:57:36.484+0200] {standard_task_runner.py:110} ERROR - Failed to execute job 1151 for task get_posts (HTTPSConnectionPool(host='gorest.co.in', port=443): Max retries exceeded with url: /public/v2/posts/ (Caused by NewConnectionError('<urllib3.connection.HTTPSConnection object at 0x7f8f7e8b7a50>: Failed to establish a new connection: [Errno -2] Name or service not known')); 488618)
[2024-05-20T08:57:36.511+0200] {local_task_job_runner.py:240} INFO - Task exited with return code 1
[2024-05-20T08:57:36.525+0200] {taskinstance.py:3498} INFO - 0 downstream tasks scheduled from follow-on schedule check
[2024-05-20T08:57:36.526+0200] {local_task_job_runner.py:222} INFO - ::endgroup::
