[2024-05-11T11:12:50.854+0200] {processor.py:161} INFO - Started process (PID=124569) to work on /home/munya/airflow/dags/job_postings_dag.py
[2024-05-11T11:12:50.855+0200] {processor.py:830} INFO - Processing file /home/munya/airflow/dags/job_postings_dag.py for tasks to queue
[2024-05-11T11:12:50.857+0200] {logging_mixin.py:188} INFO - [2024-05-11T11:12:50.856+0200] {dagbag.py:540} INFO - Filling up the DagBag from /home/munya/airflow/dags/job_postings_dag.py
[2024-05-11T11:12:50.868+0200] {processor.py:840} INFO - DAG(s) 'fetch_jobs' retrieved from /home/munya/airflow/dags/job_postings_dag.py
[2024-05-11T11:12:50.887+0200] {logging_mixin.py:188} INFO - [2024-05-11T11:12:50.887+0200] {dag.py:3096} INFO - Sync 1 DAGs
[2024-05-11T11:12:50.907+0200] {logging_mixin.py:188} INFO - [2024-05-11T11:12:50.906+0200] {dag.py:3954} INFO - Setting next_dagrun for fetch_jobs to 2024-05-11 00:00:00+00:00, run_after=2024-05-12 00:00:00+00:00
[2024-05-11T11:12:50.926+0200] {processor.py:183} INFO - Processing /home/munya/airflow/dags/job_postings_dag.py took 0.079 seconds
[2024-05-11T11:15:54.429+0200] {processor.py:161} INFO - Started process (PID=128417) to work on /home/munya/airflow/dags/job_postings_dag.py
[2024-05-11T11:15:54.434+0200] {processor.py:830} INFO - Processing file /home/munya/airflow/dags/job_postings_dag.py for tasks to queue
[2024-05-11T11:15:54.436+0200] {logging_mixin.py:188} INFO - [2024-05-11T11:15:54.436+0200] {dagbag.py:540} INFO - Filling up the DagBag from /home/munya/airflow/dags/job_postings_dag.py
[2024-05-11T11:15:54.447+0200] {processor.py:840} INFO - DAG(s) 'fetch_jobs' retrieved from /home/munya/airflow/dags/job_postings_dag.py
[2024-05-11T11:15:54.465+0200] {logging_mixin.py:188} INFO - [2024-05-11T11:15:54.464+0200] {dag.py:3096} INFO - Sync 1 DAGs
[2024-05-11T11:15:54.492+0200] {logging_mixin.py:188} INFO - [2024-05-11T11:15:54.491+0200] {dag.py:3954} INFO - Setting next_dagrun for fetch_jobs to 2024-05-11 00:00:00+00:00, run_after=2024-05-12 00:00:00+00:00
[2024-05-11T11:15:54.510+0200] {processor.py:183} INFO - Processing /home/munya/airflow/dags/job_postings_dag.py took 0.092 seconds
[2024-05-11T11:16:25.684+0200] {processor.py:161} INFO - Started process (PID=129068) to work on /home/munya/airflow/dags/job_postings_dag.py
[2024-05-11T11:16:25.685+0200] {processor.py:830} INFO - Processing file /home/munya/airflow/dags/job_postings_dag.py for tasks to queue
[2024-05-11T11:16:25.687+0200] {logging_mixin.py:188} INFO - [2024-05-11T11:16:25.687+0200] {dagbag.py:540} INFO - Filling up the DagBag from /home/munya/airflow/dags/job_postings_dag.py
[2024-05-11T11:16:25.696+0200] {processor.py:840} INFO - DAG(s) 'fetch_jobs' retrieved from /home/munya/airflow/dags/job_postings_dag.py
[2024-05-11T11:16:25.710+0200] {logging_mixin.py:188} INFO - [2024-05-11T11:16:25.710+0200] {dag.py:3096} INFO - Sync 1 DAGs
[2024-05-11T11:16:25.728+0200] {logging_mixin.py:188} INFO - [2024-05-11T11:16:25.728+0200] {dag.py:3954} INFO - Setting next_dagrun for fetch_jobs to 2024-05-11 00:00:00+00:00, run_after=2024-05-12 00:00:00+00:00
[2024-05-11T11:16:25.744+0200] {processor.py:183} INFO - Processing /home/munya/airflow/dags/job_postings_dag.py took 0.065 seconds
[2024-05-11T11:17:25.877+0200] {processor.py:161} INFO - Started process (PID=130343) to work on /home/munya/airflow/dags/job_postings_dag.py
[2024-05-11T11:17:25.878+0200] {processor.py:830} INFO - Processing file /home/munya/airflow/dags/job_postings_dag.py for tasks to queue
[2024-05-11T11:17:25.880+0200] {logging_mixin.py:188} INFO - [2024-05-11T11:17:25.880+0200] {dagbag.py:540} INFO - Filling up the DagBag from /home/munya/airflow/dags/job_postings_dag.py
[2024-05-11T11:17:25.887+0200] {processor.py:840} INFO - DAG(s) 'fetch_jobs' retrieved from /home/munya/airflow/dags/job_postings_dag.py
[2024-05-11T11:17:25.900+0200] {logging_mixin.py:188} INFO - [2024-05-11T11:17:25.900+0200] {dag.py:3096} INFO - Sync 1 DAGs
[2024-05-11T11:17:25.918+0200] {logging_mixin.py:188} INFO - [2024-05-11T11:17:25.917+0200] {dag.py:3954} INFO - Setting next_dagrun for fetch_jobs to 2024-05-11 00:00:00+00:00, run_after=2024-05-12 00:00:00+00:00
[2024-05-11T11:17:25.940+0200] {processor.py:183} INFO - Processing /home/munya/airflow/dags/job_postings_dag.py took 0.068 seconds
[2024-05-11T11:18:27.135+0200] {processor.py:161} INFO - Started process (PID=131626) to work on /home/munya/airflow/dags/job_postings_dag.py
[2024-05-11T11:18:27.136+0200] {processor.py:830} INFO - Processing file /home/munya/airflow/dags/job_postings_dag.py for tasks to queue
[2024-05-11T11:18:27.137+0200] {logging_mixin.py:188} INFO - [2024-05-11T11:18:27.137+0200] {dagbag.py:540} INFO - Filling up the DagBag from /home/munya/airflow/dags/job_postings_dag.py
[2024-05-11T11:18:27.144+0200] {processor.py:840} INFO - DAG(s) 'fetch_jobs' retrieved from /home/munya/airflow/dags/job_postings_dag.py
[2024-05-11T11:18:27.157+0200] {logging_mixin.py:188} INFO - [2024-05-11T11:18:27.157+0200] {dag.py:3096} INFO - Sync 1 DAGs
[2024-05-11T11:18:27.175+0200] {logging_mixin.py:188} INFO - [2024-05-11T11:18:27.174+0200] {dag.py:3954} INFO - Setting next_dagrun for fetch_jobs to 2024-05-11 00:00:00+00:00, run_after=2024-05-12 00:00:00+00:00
[2024-05-11T11:18:27.193+0200] {processor.py:183} INFO - Processing /home/munya/airflow/dags/job_postings_dag.py took 0.064 seconds
[2024-05-11T11:18:58.735+0200] {processor.py:161} INFO - Started process (PID=132262) to work on /home/munya/airflow/dags/job_postings_dag.py
[2024-05-11T11:18:58.736+0200] {processor.py:830} INFO - Processing file /home/munya/airflow/dags/job_postings_dag.py for tasks to queue
[2024-05-11T11:18:58.738+0200] {logging_mixin.py:188} INFO - [2024-05-11T11:18:58.738+0200] {dagbag.py:540} INFO - Filling up the DagBag from /home/munya/airflow/dags/job_postings_dag.py
[2024-05-11T11:18:58.745+0200] {processor.py:840} INFO - DAG(s) 'fetch_jobs' retrieved from /home/munya/airflow/dags/job_postings_dag.py
[2024-05-11T11:18:58.758+0200] {logging_mixin.py:188} INFO - [2024-05-11T11:18:58.758+0200] {dag.py:3096} INFO - Sync 1 DAGs
[2024-05-11T11:18:58.775+0200] {logging_mixin.py:188} INFO - [2024-05-11T11:18:58.775+0200] {dag.py:3954} INFO - Setting next_dagrun for fetch_jobs to 2024-05-11 00:00:00+00:00, run_after=2024-05-12 00:00:00+00:00
[2024-05-11T11:18:58.795+0200] {processor.py:183} INFO - Processing /home/munya/airflow/dags/job_postings_dag.py took 0.066 seconds
[2024-05-11T11:19:32.360+0200] {processor.py:161} INFO - Started process (PID=132954) to work on /home/munya/airflow/dags/job_postings_dag.py
[2024-05-11T11:19:32.361+0200] {processor.py:830} INFO - Processing file /home/munya/airflow/dags/job_postings_dag.py for tasks to queue
[2024-05-11T11:19:32.363+0200] {logging_mixin.py:188} INFO - [2024-05-11T11:19:32.362+0200] {dagbag.py:540} INFO - Filling up the DagBag from /home/munya/airflow/dags/job_postings_dag.py
[2024-05-11T11:19:32.369+0200] {processor.py:840} INFO - DAG(s) 'fetch_jobs' retrieved from /home/munya/airflow/dags/job_postings_dag.py
[2024-05-11T11:19:32.381+0200] {logging_mixin.py:188} INFO - [2024-05-11T11:19:32.381+0200] {dag.py:3096} INFO - Sync 1 DAGs
[2024-05-11T11:19:32.397+0200] {logging_mixin.py:188} INFO - [2024-05-11T11:19:32.397+0200] {dag.py:3954} INFO - Setting next_dagrun for fetch_jobs to 2024-05-11 00:00:00+00:00, run_after=2024-05-12 00:00:00+00:00
[2024-05-11T11:19:32.413+0200] {processor.py:183} INFO - Processing /home/munya/airflow/dags/job_postings_dag.py took 0.058 seconds
[2024-05-11T11:20:06.740+0200] {processor.py:161} INFO - Started process (PID=133644) to work on /home/munya/airflow/dags/job_postings_dag.py
[2024-05-11T11:20:06.741+0200] {processor.py:830} INFO - Processing file /home/munya/airflow/dags/job_postings_dag.py for tasks to queue
[2024-05-11T11:20:06.742+0200] {logging_mixin.py:188} INFO - [2024-05-11T11:20:06.742+0200] {dagbag.py:540} INFO - Filling up the DagBag from /home/munya/airflow/dags/job_postings_dag.py
[2024-05-11T11:20:06.749+0200] {processor.py:840} INFO - DAG(s) 'fetch_jobs' retrieved from /home/munya/airflow/dags/job_postings_dag.py
[2024-05-11T11:20:06.760+0200] {logging_mixin.py:188} INFO - [2024-05-11T11:20:06.760+0200] {dag.py:3096} INFO - Sync 1 DAGs
[2024-05-11T11:20:06.776+0200] {logging_mixin.py:188} INFO - [2024-05-11T11:20:06.775+0200] {dag.py:3954} INFO - Setting next_dagrun for fetch_jobs to 2024-05-11 00:00:00+00:00, run_after=2024-05-12 00:00:00+00:00
[2024-05-11T11:20:06.791+0200] {processor.py:183} INFO - Processing /home/munya/airflow/dags/job_postings_dag.py took 0.057 seconds
[2024-05-11T11:20:40.532+0200] {processor.py:161} INFO - Started process (PID=134314) to work on /home/munya/airflow/dags/job_postings_dag.py
[2024-05-11T11:20:40.535+0200] {processor.py:830} INFO - Processing file /home/munya/airflow/dags/job_postings_dag.py for tasks to queue
[2024-05-11T11:20:40.542+0200] {logging_mixin.py:188} INFO - [2024-05-11T11:20:40.541+0200] {dagbag.py:540} INFO - Filling up the DagBag from /home/munya/airflow/dags/job_postings_dag.py
[2024-05-11T11:20:40.573+0200] {processor.py:840} INFO - DAG(s) 'fetch_jobs' retrieved from /home/munya/airflow/dags/job_postings_dag.py
[2024-05-11T11:20:40.628+0200] {logging_mixin.py:188} INFO - [2024-05-11T11:20:40.627+0200] {dag.py:3096} INFO - Sync 1 DAGs
[2024-05-11T11:20:40.692+0200] {logging_mixin.py:188} INFO - [2024-05-11T11:20:40.692+0200] {dag.py:3954} INFO - Setting next_dagrun for fetch_jobs to 2024-05-11 00:00:00+00:00, run_after=2024-05-12 00:00:00+00:00
[2024-05-11T11:20:40.752+0200] {processor.py:183} INFO - Processing /home/munya/airflow/dags/job_postings_dag.py took 0.243 seconds
[2024-05-11T11:21:13.475+0200] {processor.py:161} INFO - Started process (PID=134983) to work on /home/munya/airflow/dags/job_postings_dag.py
[2024-05-11T11:21:13.476+0200] {processor.py:830} INFO - Processing file /home/munya/airflow/dags/job_postings_dag.py for tasks to queue
[2024-05-11T11:21:13.478+0200] {logging_mixin.py:188} INFO - [2024-05-11T11:21:13.477+0200] {dagbag.py:540} INFO - Filling up the DagBag from /home/munya/airflow/dags/job_postings_dag.py
[2024-05-11T11:21:13.486+0200] {processor.py:840} INFO - DAG(s) 'fetch_jobs' retrieved from /home/munya/airflow/dags/job_postings_dag.py
[2024-05-11T11:21:13.498+0200] {logging_mixin.py:188} INFO - [2024-05-11T11:21:13.498+0200] {dag.py:3096} INFO - Sync 1 DAGs
[2024-05-11T11:21:13.518+0200] {logging_mixin.py:188} INFO - [2024-05-11T11:21:13.517+0200] {dag.py:3954} INFO - Setting next_dagrun for fetch_jobs to 2024-05-11 00:00:00+00:00, run_after=2024-05-12 00:00:00+00:00
[2024-05-11T11:21:13.535+0200] {processor.py:183} INFO - Processing /home/munya/airflow/dags/job_postings_dag.py took 0.065 seconds
