[2024-05-08T14:06:21.824+0200] {local_task_job_runner.py:120} INFO - ::group::Pre task execution logs
[2024-05-08T14:06:21.834+0200] {taskinstance.py:2073} INFO - Dependencies all met for dep_context=non-requeueable deps ti=<TaskInstance: api_dag.get_posts __airflow_temporary_run_2024-05-08T12:05:56.432998+00:00__ [queued]>
[2024-05-08T14:06:21.839+0200] {taskinstance.py:2073} INFO - Dependencies all met for dep_context=requeueable deps ti=<TaskInstance: api_dag.get_posts __airflow_temporary_run_2024-05-08T12:05:56.432998+00:00__ [queued]>
[2024-05-08T14:06:21.840+0200] {taskinstance.py:2303} INFO - Starting attempt 1 of 1
[2024-05-08T14:06:21.852+0200] {taskinstance.py:2327} INFO - Executing <Task(SimpleHttpOperator): get_posts> on 2024-05-08 12:05:56.432933+00:00
[2024-05-08T14:06:21.859+0200] {standard_task_runner.py:63} INFO - Started process 288834 to run task
[2024-05-08T14:06:21.863+0200] {standard_task_runner.py:90} INFO - Running: ['airflow', 'tasks', 'run', 'api_dag', 'get_posts', '__airflow_temporary_run_2024-05-08T12:05:56.432998+00:00__', '--job-id', '841', '--raw', '--subdir', 'DAGS_FOLDER/api_dag.py', '--cfg-path', '/tmp/tmp9uek0dr3']
[2024-05-08T14:06:21.865+0200] {standard_task_runner.py:91} INFO - Job 841: Subtask get_posts
[2024-05-08T14:06:21.894+0200] {task_command.py:426} INFO - Running <TaskInstance: api_dag.get_posts __airflow_temporary_run_2024-05-08T12:05:56.432998+00:00__ [running]> on host kali
[2024-05-08T14:06:21.957+0200] {taskinstance.py:2644} INFO - Exporting env vars: AIRFLOW_CTX_DAG_OWNER='airflow' AIRFLOW_CTX_DAG_ID='api_dag' AIRFLOW_CTX_TASK_ID='get_posts' AIRFLOW_CTX_EXECUTION_DATE='2024-05-08T12:05:56.432933+00:00' AIRFLOW_CTX_TRY_NUMBER='1' AIRFLOW_CTX_DAG_RUN_ID='__airflow_temporary_run_2024-05-08T12:05:56.432998+00:00__'
[2024-05-08T14:06:21.959+0200] {taskinstance.py:430} INFO - ::endgroup::
[2024-05-08T14:06:21.960+0200] {http.py:169} INFO - Calling HTTP method
[2024-05-08T14:06:21.965+0200] {base.py:84} INFO - Using connection ID 'api_post' for task execution.
[2024-05-08T14:06:21.969+0200] {base.py:84} INFO - Using connection ID 'api_post' for task execution.
[2024-05-08T14:06:30.290+0200] {http.py:208} INFO - [{"id":122092,"user_id":6895837,"title":"Vociferor copia cornu verbum quaerat volva illum aetas ante.","body":"Vulgivagus cedo vesco. Et pecunia animi. Ater saepe ustilo. Auris bestia viscus. Ulciscor solum audio. Bellum distinctio peccatus. Cum desipio vita. Conduco ocer cubicularis. Cupio aut testimonium. Tero thermae aliquam. Inflammatio articulus vinum. Tenus deputo umbra. Vinco blandior adipisci. Timidus abutor excepturi."},{"id":122091,"user_id":6895837,"title":"Damno aestivus ventus cunae bellum.","body":"Qui certo contigo. Brevis adeo decor. Sumo villa tracto. Aestas volaticus aranea. Virtus sed deleo. Delego toties surgo. Thymbra absorbeo architecto. Decumbo pauper adversus. Adultus vero qui. Adsum cado cursim. Cultellus thalassinus theatrum. Theologus verecundia aliqua. Vero sint doloribus."},{"id":122090,"user_id":6895836,"title":"Sub et coaegresco turbo certe creator.","body":"Terror demonstro suadeo. Nostrum pecco claro. Canonicus vereor confero. Damno somnus a. Qui decimus ut. Trepide vindico suscipio. Arcesso arma auctor. Cruciamentum denuncio sed. Tubineus turpe voro. Cibus terra sonitus."},{"id":122089,"user_id":6895836,"title":"Quidem sed crastinus beatus conspergo ultio.","body":"Teres vero caries. Vigilo despecto amet. Dapifer compono illum. Adaugeo quia talio. Cognatus spiritus et. Caveo quisquam vicinus. Vel demonstro spargo. Ab id decretum. Trucido solutio bonus. Deserunt acervus vestrum. Aurum debitis crapula. Crastinus sub solum. Sunt sophismata tondeo. Arcesso ancilla comitatus. Ultra coerceo labore. Spero stillicidium temptatio. Tactus uxor sopor."},{"id":122088,"user_id":6895835,"title":"Ratione theca consequatur sunt viduata tamisium derideo.","body":"Curiositas acervus vespillo. Comparo circumvenio theca. Ipsam vilis quisquam. Eos fugiat ventus. Summopere abbas vado. Cervus calco timidus. Consequatur pel nihil. Eligendi conturbo texo. Curtus sollicito ambitus. Voluptas contego conservo. Ater utrimque pecus. Administratio distinctio autus. Sed vivo demulceo. Crux dedico decens. Censura usitas teres. Audax benigne convoco. Dolor earum et. Impedit tardus ut."},{"id":122087,"user_id":6895834,"title":"Et tersus sursum uxor careo conduco quo thorax.","body":"Eum cibus pecus. Tamdiu caelestis vulariter. Est terminatio pauper. Color civitas molestiae. Adsum averto aegrotatio. Admoneo auditor pauper. Consectetur combibo cur. Attonbitus arto demonstro. Tepidus vigilo quis. Abstergo aegrus terra. Dolores abscido auctor. Alius placeat subvenio. Delibero versus dolorem. Bos bardus advoco. Xiphias vobis non. Arbor thorax veritas. Ciminatio repellendus dolorem."},{"id":122086,"user_id":6895834,"title":"Cohaero bos dapifer verumtamen colloco doloremque strues curto.","body":"Ducimus communis inventore. Cultura iusto viduo. Vigilo arbor deprimo. Sui qui tollo. Capitulus triginta statim. Cognomen candidus vere. Adsuesco corrigo cedo. Benevolentia tolero caritas. Aperte distinctio eaque. Ullus catena decerno. Celo clam adsidue. Turpe ter utroque. Eum decens qui. Sed tergo verbum. Vitium curvo dolor. Claustrum fuga veritatis. Arcesso denique depraedor. Tepidus tero cursus."},{"id":122085,"user_id":6895832,"title":"Vinitor colligo cedo astrum est non adipiscor aduro.","body":"Curso caritas ater. Absque tracto unde. Conventus ante canto. Contabesco civis crebro. Crebro bis qui. Sordeo sustineo minus. Acidus conitor addo. Villa cognomen cavus. Dedico civis advenio. Somniculosus eos sonitus."},{"id":122084,"user_id":6895832,"title":"Quis arbustum occaecati utique coadunatio solitudo.","body":"Coaegresco utroque adulatio. Vir desidero valetudo. Tribuo aer sustineo. Decet voluptatibus abduco. Rerum territo earum. Corporis urbs corrupti. Absconditus ut supellex. Conqueror venustas tepesco. Sonitus dicta communis. Eum deinde argumentum. Hic arto tunc. Cupiditate curvus sophismata. Adduco aro peccatus. Cedo decretum cura."},{"id":122083,"user_id":6895830,"title":"Ea alii vos consequatur claustrum solio occaecati arbitro turpis.","body":"Dens velum varietas. Avaritia torqueo territo. Aestus adicio summisse. Corrumpo adeo volaticus. Thema vacuus sto. Cognatus consequatur cohors. Summisse terreo arbitro. Deporto urbs arx. Paulatim stillicidium toties. Ver arbitro totus. Delinquo sed cariosus. Aut ustilo angustus. Minus abstergo vomer. Amet minus succurro. Alo conculco minima. Socius subito degenero. Consequatur vinculum spargo. Comprehendo atrocitas arcus. Soluta agnosco cupiditate."}]
[2024-05-08T14:06:30.292+0200] {taskinstance.py:441} INFO - ::group::Post task execution logs
[2024-05-08T14:06:30.295+0200] {taskinstance.py:2890} ERROR - Task failed with exception
Traceback (most recent call last):
  File "/home/munya/.local/lib/python3.11/site-packages/airflow/models/taskinstance.py", line 486, in _execute_task
    task_instance.xcom_push(key=XCOM_RETURN_KEY, value=xcom_value, session=session)
  File "/home/munya/.local/lib/python3.11/site-packages/airflow/utils/session.py", line 76, in wrapper
    return func(*args, **kwargs)
           ^^^^^^^^^^^^^^^^^^^^^
  File "/home/munya/.local/lib/python3.11/site-packages/airflow/models/taskinstance.py", line 3182, in xcom_push
    XCom.set(
  File "/home/munya/.local/lib/python3.11/site-packages/airflow/utils/session.py", line 76, in wrapper
    return func(*args, **kwargs)
           ^^^^^^^^^^^^^^^^^^^^^
  File "/home/munya/.local/lib/python3.11/site-packages/airflow/models/xcom.py", line 224, in set
    raise ValueError(f"DAG run not found on DAG {dag_id!r} with ID {run_id!r}")
ValueError: DAG run not found on DAG 'api_dag' with ID '__airflow_temporary_run_2024-05-08T12:05:56.432998+00:00__'
[2024-05-08T14:06:30.303+0200] {taskinstance.py:1205} INFO - Marking task as FAILED. dag_id=api_dag, task_id=get_posts, execution_date=20240508T120556, start_date=20240508T120621, end_date=20240508T120630
[2024-05-08T14:06:30.311+0200] {standard_task_runner.py:110} ERROR - Failed to execute job 841 for task get_posts ((sqlite3.IntegrityError) FOREIGN KEY constraint failed
[SQL: INSERT INTO task_fail (task_id, dag_id, run_id, map_index, start_date, end_date, duration) VALUES (?, ?, ?, ?, ?, ?, ?)]
[parameters: ('get_posts', 'api_dag', '__airflow_temporary_run_2024-05-08T12:05:56.432998+00:00__', -1, '2024-05-08 12:06:21.834966', '2024-05-08 12:06:30.303008', 8)]
(Background on this error at: https://sqlalche.me/e/14/gkpj); 288834)
[2024-05-08T14:06:30.355+0200] {local_task_job_runner.py:240} INFO - Task exited with return code 1
[2024-05-08T14:06:30.358+0200] {local_task_job_runner.py:222} INFO - ::endgroup::
