[2024-05-11T11:13:25.340+0200] {processor.py:161} INFO - Started process (PID=125301) to work on /home/munya/.local/lib/python3.11/site-packages/airflow/example_dags/dags.py
[2024-05-11T11:13:25.342+0200] {processor.py:830} INFO - Processing file /home/munya/.local/lib/python3.11/site-packages/airflow/example_dags/dags.py for tasks to queue
[2024-05-11T11:13:25.348+0200] {logging_mixin.py:188} INFO - [2024-05-11T11:13:25.347+0200] {dagbag.py:540} INFO - Filling up the DagBag from /home/munya/.local/lib/python3.11/site-packages/airflow/example_dags/dags.py
[2024-05-11T11:13:25.376+0200] {processor.py:840} INFO - DAG(s) 'airflow_tut_v02' retrieved from /home/munya/.local/lib/python3.11/site-packages/airflow/example_dags/dags.py
[2024-05-11T11:13:25.425+0200] {logging_mixin.py:188} INFO - [2024-05-11T11:13:25.424+0200] {dag.py:3096} INFO - Sync 1 DAGs
[2024-05-11T11:13:25.488+0200] {logging_mixin.py:188} INFO - [2024-05-11T11:13:25.487+0200] {dag.py:3954} INFO - Setting next_dagrun for airflow_tut_v02 to 2024-05-11 04:00:00+00:00, run_after=2024-05-11 05:00:00+00:00
[2024-05-11T11:13:25.550+0200] {processor.py:183} INFO - Processing /home/munya/.local/lib/python3.11/site-packages/airflow/example_dags/dags.py took 0.230 seconds
[2024-05-11T11:15:59.192+0200] {processor.py:161} INFO - Started process (PID=128506) to work on /home/munya/.local/lib/python3.11/site-packages/airflow/example_dags/dags.py
[2024-05-11T11:15:59.193+0200] {processor.py:830} INFO - Processing file /home/munya/.local/lib/python3.11/site-packages/airflow/example_dags/dags.py for tasks to queue
[2024-05-11T11:15:59.195+0200] {logging_mixin.py:188} INFO - [2024-05-11T11:15:59.195+0200] {dagbag.py:540} INFO - Filling up the DagBag from /home/munya/.local/lib/python3.11/site-packages/airflow/example_dags/dags.py
[2024-05-11T11:15:59.203+0200] {processor.py:840} INFO - DAG(s) 'airflow_tut_v02' retrieved from /home/munya/.local/lib/python3.11/site-packages/airflow/example_dags/dags.py
[2024-05-11T11:15:59.218+0200] {logging_mixin.py:188} INFO - [2024-05-11T11:15:59.218+0200] {dag.py:3096} INFO - Sync 1 DAGs
[2024-05-11T11:15:59.236+0200] {logging_mixin.py:188} INFO - [2024-05-11T11:15:59.236+0200] {dag.py:3954} INFO - Setting next_dagrun for airflow_tut_v02 to 2024-05-11 09:00:00+00:00, run_after=2024-05-11 10:00:00+00:00
[2024-05-11T11:15:59.257+0200] {processor.py:183} INFO - Processing /home/munya/.local/lib/python3.11/site-packages/airflow/example_dags/dags.py took 0.070 seconds
[2024-05-11T11:16:57.117+0200] {processor.py:161} INFO - Started process (PID=129746) to work on /home/munya/.local/lib/python3.11/site-packages/airflow/example_dags/dags.py
[2024-05-11T11:16:57.118+0200] {processor.py:830} INFO - Processing file /home/munya/.local/lib/python3.11/site-packages/airflow/example_dags/dags.py for tasks to queue
[2024-05-11T11:16:57.119+0200] {logging_mixin.py:188} INFO - [2024-05-11T11:16:57.119+0200] {dagbag.py:540} INFO - Filling up the DagBag from /home/munya/.local/lib/python3.11/site-packages/airflow/example_dags/dags.py
[2024-05-11T11:16:57.127+0200] {processor.py:840} INFO - DAG(s) 'airflow_tut_v02' retrieved from /home/munya/.local/lib/python3.11/site-packages/airflow/example_dags/dags.py
[2024-05-11T11:16:57.141+0200] {logging_mixin.py:188} INFO - [2024-05-11T11:16:57.141+0200] {dag.py:3096} INFO - Sync 1 DAGs
[2024-05-11T11:16:57.161+0200] {logging_mixin.py:188} INFO - [2024-05-11T11:16:57.161+0200] {dag.py:3954} INFO - Setting next_dagrun for airflow_tut_v02 to 2024-05-11 09:00:00+00:00, run_after=2024-05-11 10:00:00+00:00
[2024-05-11T11:16:57.179+0200] {processor.py:183} INFO - Processing /home/munya/.local/lib/python3.11/site-packages/airflow/example_dags/dags.py took 0.068 seconds
[2024-05-11T11:17:58.978+0200] {processor.py:161} INFO - Started process (PID=130999) to work on /home/munya/.local/lib/python3.11/site-packages/airflow/example_dags/dags.py
[2024-05-11T11:17:58.979+0200] {processor.py:830} INFO - Processing file /home/munya/.local/lib/python3.11/site-packages/airflow/example_dags/dags.py for tasks to queue
[2024-05-11T11:17:58.980+0200] {logging_mixin.py:188} INFO - [2024-05-11T11:17:58.980+0200] {dagbag.py:540} INFO - Filling up the DagBag from /home/munya/.local/lib/python3.11/site-packages/airflow/example_dags/dags.py
[2024-05-11T11:17:58.987+0200] {processor.py:840} INFO - DAG(s) 'airflow_tut_v02' retrieved from /home/munya/.local/lib/python3.11/site-packages/airflow/example_dags/dags.py
[2024-05-11T11:17:58.999+0200] {logging_mixin.py:188} INFO - [2024-05-11T11:17:58.999+0200] {dag.py:3096} INFO - Sync 1 DAGs
[2024-05-11T11:17:59.016+0200] {logging_mixin.py:188} INFO - [2024-05-11T11:17:59.016+0200] {dag.py:3954} INFO - Setting next_dagrun for airflow_tut_v02 to 2024-05-11 09:00:00+00:00, run_after=2024-05-11 10:00:00+00:00
[2024-05-11T11:17:59.031+0200] {processor.py:183} INFO - Processing /home/munya/.local/lib/python3.11/site-packages/airflow/example_dags/dags.py took 0.058 seconds
[2024-05-11T11:19:05.024+0200] {processor.py:161} INFO - Started process (PID=132381) to work on /home/munya/.local/lib/python3.11/site-packages/airflow/example_dags/dags.py
[2024-05-11T11:19:05.026+0200] {processor.py:830} INFO - Processing file /home/munya/.local/lib/python3.11/site-packages/airflow/example_dags/dags.py for tasks to queue
[2024-05-11T11:19:05.032+0200] {logging_mixin.py:188} INFO - [2024-05-11T11:19:05.031+0200] {dagbag.py:540} INFO - Filling up the DagBag from /home/munya/.local/lib/python3.11/site-packages/airflow/example_dags/dags.py
[2024-05-11T11:19:05.059+0200] {processor.py:840} INFO - DAG(s) 'airflow_tut_v02' retrieved from /home/munya/.local/lib/python3.11/site-packages/airflow/example_dags/dags.py
[2024-05-11T11:19:05.112+0200] {logging_mixin.py:188} INFO - [2024-05-11T11:19:05.111+0200] {dag.py:3096} INFO - Sync 1 DAGs
[2024-05-11T11:19:05.212+0200] {logging_mixin.py:188} INFO - [2024-05-11T11:19:05.211+0200] {dag.py:3954} INFO - Setting next_dagrun for airflow_tut_v02 to 2024-05-11 09:00:00+00:00, run_after=2024-05-11 10:00:00+00:00
[2024-05-11T11:19:05.291+0200] {processor.py:183} INFO - Processing /home/munya/.local/lib/python3.11/site-packages/airflow/example_dags/dags.py took 0.286 seconds
[2024-05-11T11:20:11.204+0200] {processor.py:161} INFO - Started process (PID=133741) to work on /home/munya/.local/lib/python3.11/site-packages/airflow/example_dags/dags.py
[2024-05-11T11:20:11.205+0200] {processor.py:830} INFO - Processing file /home/munya/.local/lib/python3.11/site-packages/airflow/example_dags/dags.py for tasks to queue
[2024-05-11T11:20:11.206+0200] {logging_mixin.py:188} INFO - [2024-05-11T11:20:11.206+0200] {dagbag.py:540} INFO - Filling up the DagBag from /home/munya/.local/lib/python3.11/site-packages/airflow/example_dags/dags.py
[2024-05-11T11:20:11.214+0200] {processor.py:840} INFO - DAG(s) 'airflow_tut_v02' retrieved from /home/munya/.local/lib/python3.11/site-packages/airflow/example_dags/dags.py
[2024-05-11T11:20:11.226+0200] {logging_mixin.py:188} INFO - [2024-05-11T11:20:11.226+0200] {dag.py:3096} INFO - Sync 1 DAGs
[2024-05-11T11:20:11.242+0200] {logging_mixin.py:188} INFO - [2024-05-11T11:20:11.241+0200] {dag.py:3954} INFO - Setting next_dagrun for airflow_tut_v02 to 2024-05-11 09:00:00+00:00, run_after=2024-05-11 10:00:00+00:00
[2024-05-11T11:20:11.256+0200] {processor.py:183} INFO - Processing /home/munya/.local/lib/python3.11/site-packages/airflow/example_dags/dags.py took 0.057 seconds
[2024-05-11T11:21:16.081+0200] {processor.py:161} INFO - Started process (PID=135024) to work on /home/munya/.local/lib/python3.11/site-packages/airflow/example_dags/dags.py
[2024-05-11T11:21:16.082+0200] {processor.py:830} INFO - Processing file /home/munya/.local/lib/python3.11/site-packages/airflow/example_dags/dags.py for tasks to queue
[2024-05-11T11:21:16.084+0200] {logging_mixin.py:188} INFO - [2024-05-11T11:21:16.084+0200] {dagbag.py:540} INFO - Filling up the DagBag from /home/munya/.local/lib/python3.11/site-packages/airflow/example_dags/dags.py
[2024-05-11T11:21:16.093+0200] {processor.py:840} INFO - DAG(s) 'airflow_tut_v02' retrieved from /home/munya/.local/lib/python3.11/site-packages/airflow/example_dags/dags.py
[2024-05-11T11:21:16.107+0200] {logging_mixin.py:188} INFO - [2024-05-11T11:21:16.107+0200] {dag.py:3096} INFO - Sync 1 DAGs
[2024-05-11T11:21:16.126+0200] {logging_mixin.py:188} INFO - [2024-05-11T11:21:16.126+0200] {dag.py:3954} INFO - Setting next_dagrun for airflow_tut_v02 to 2024-05-11 09:00:00+00:00, run_after=2024-05-11 10:00:00+00:00
[2024-05-11T11:21:16.150+0200] {processor.py:183} INFO - Processing /home/munya/.local/lib/python3.11/site-packages/airflow/example_dags/dags.py took 0.074 seconds
