[2024-05-11T11:15:13.957+0200] {processor.py:161} INFO - Started process (PID=127603) to work on /home/munya/.local/lib/python3.11/site-packages/airflow/example_dags/example_task_group.py
[2024-05-11T11:15:13.959+0200] {processor.py:830} INFO - Processing file /home/munya/.local/lib/python3.11/site-packages/airflow/example_dags/example_task_group.py for tasks to queue
[2024-05-11T11:15:13.965+0200] {logging_mixin.py:188} INFO - [2024-05-11T11:15:13.964+0200] {dagbag.py:540} INFO - Filling up the DagBag from /home/munya/.local/lib/python3.11/site-packages/airflow/example_dags/example_task_group.py
[2024-05-11T11:15:14.000+0200] {processor.py:840} INFO - DAG(s) 'example_task_group' retrieved from /home/munya/.local/lib/python3.11/site-packages/airflow/example_dags/example_task_group.py
[2024-05-11T11:15:14.096+0200] {logging_mixin.py:188} INFO - [2024-05-11T11:15:14.095+0200] {dag.py:3096} INFO - Sync 1 DAGs
[2024-05-11T11:15:14.180+0200] {logging_mixin.py:188} INFO - [2024-05-11T11:15:14.180+0200] {dag.py:3954} INFO - Setting next_dagrun for example_task_group to 2024-05-10 00:00:00+00:00, run_after=2024-05-11 00:00:00+00:00
[2024-05-11T11:15:14.256+0200] {processor.py:183} INFO - Processing /home/munya/.local/lib/python3.11/site-packages/airflow/example_dags/example_task_group.py took 0.324 seconds
[2024-05-11T11:16:14.013+0200] {processor.py:161} INFO - Started process (PID=128804) to work on /home/munya/.local/lib/python3.11/site-packages/airflow/example_dags/example_task_group.py
[2024-05-11T11:16:14.014+0200] {processor.py:830} INFO - Processing file /home/munya/.local/lib/python3.11/site-packages/airflow/example_dags/example_task_group.py for tasks to queue
[2024-05-11T11:16:14.016+0200] {logging_mixin.py:188} INFO - [2024-05-11T11:16:14.016+0200] {dagbag.py:540} INFO - Filling up the DagBag from /home/munya/.local/lib/python3.11/site-packages/airflow/example_dags/example_task_group.py
[2024-05-11T11:16:14.022+0200] {processor.py:840} INFO - DAG(s) 'example_task_group' retrieved from /home/munya/.local/lib/python3.11/site-packages/airflow/example_dags/example_task_group.py
[2024-05-11T11:16:14.036+0200] {logging_mixin.py:188} INFO - [2024-05-11T11:16:14.036+0200] {dag.py:3096} INFO - Sync 1 DAGs
[2024-05-11T11:16:14.051+0200] {logging_mixin.py:188} INFO - [2024-05-11T11:16:14.051+0200] {dag.py:3954} INFO - Setting next_dagrun for example_task_group to 2024-05-10 00:00:00+00:00, run_after=2024-05-11 00:00:00+00:00
[2024-05-11T11:16:14.067+0200] {processor.py:183} INFO - Processing /home/munya/.local/lib/python3.11/site-packages/airflow/example_dags/example_task_group.py took 0.059 seconds
[2024-05-11T11:17:12.259+0200] {processor.py:161} INFO - Started process (PID=130081) to work on /home/munya/.local/lib/python3.11/site-packages/airflow/example_dags/example_task_group.py
[2024-05-11T11:17:12.260+0200] {processor.py:830} INFO - Processing file /home/munya/.local/lib/python3.11/site-packages/airflow/example_dags/example_task_group.py for tasks to queue
[2024-05-11T11:17:12.262+0200] {logging_mixin.py:188} INFO - [2024-05-11T11:17:12.261+0200] {dagbag.py:540} INFO - Filling up the DagBag from /home/munya/.local/lib/python3.11/site-packages/airflow/example_dags/example_task_group.py
[2024-05-11T11:17:12.268+0200] {processor.py:840} INFO - DAG(s) 'example_task_group' retrieved from /home/munya/.local/lib/python3.11/site-packages/airflow/example_dags/example_task_group.py
[2024-05-11T11:17:12.282+0200] {logging_mixin.py:188} INFO - [2024-05-11T11:17:12.282+0200] {dag.py:3096} INFO - Sync 1 DAGs
[2024-05-11T11:17:12.297+0200] {logging_mixin.py:188} INFO - [2024-05-11T11:17:12.296+0200] {dag.py:3954} INFO - Setting next_dagrun for example_task_group to 2024-05-10 00:00:00+00:00, run_after=2024-05-11 00:00:00+00:00
[2024-05-11T11:17:12.312+0200] {processor.py:183} INFO - Processing /home/munya/.local/lib/python3.11/site-packages/airflow/example_dags/example_task_group.py took 0.058 seconds
[2024-05-11T11:18:14.291+0200] {processor.py:161} INFO - Started process (PID=131365) to work on /home/munya/.local/lib/python3.11/site-packages/airflow/example_dags/example_task_group.py
[2024-05-11T11:18:14.292+0200] {processor.py:830} INFO - Processing file /home/munya/.local/lib/python3.11/site-packages/airflow/example_dags/example_task_group.py for tasks to queue
[2024-05-11T11:18:14.294+0200] {logging_mixin.py:188} INFO - [2024-05-11T11:18:14.293+0200] {dagbag.py:540} INFO - Filling up the DagBag from /home/munya/.local/lib/python3.11/site-packages/airflow/example_dags/example_task_group.py
[2024-05-11T11:18:14.301+0200] {processor.py:840} INFO - DAG(s) 'example_task_group' retrieved from /home/munya/.local/lib/python3.11/site-packages/airflow/example_dags/example_task_group.py
[2024-05-11T11:18:14.316+0200] {logging_mixin.py:188} INFO - [2024-05-11T11:18:14.316+0200] {dag.py:3096} INFO - Sync 1 DAGs
[2024-05-11T11:18:14.335+0200] {logging_mixin.py:188} INFO - [2024-05-11T11:18:14.335+0200] {dag.py:3954} INFO - Setting next_dagrun for example_task_group to 2024-05-10 00:00:00+00:00, run_after=2024-05-11 00:00:00+00:00
[2024-05-11T11:18:14.353+0200] {processor.py:183} INFO - Processing /home/munya/.local/lib/python3.11/site-packages/airflow/example_dags/example_task_group.py took 0.067 seconds
[2024-05-11T11:19:18.967+0200] {processor.py:161} INFO - Started process (PID=132683) to work on /home/munya/.local/lib/python3.11/site-packages/airflow/example_dags/example_task_group.py
[2024-05-11T11:19:18.968+0200] {processor.py:830} INFO - Processing file /home/munya/.local/lib/python3.11/site-packages/airflow/example_dags/example_task_group.py for tasks to queue
[2024-05-11T11:19:18.970+0200] {logging_mixin.py:188} INFO - [2024-05-11T11:19:18.969+0200] {dagbag.py:540} INFO - Filling up the DagBag from /home/munya/.local/lib/python3.11/site-packages/airflow/example_dags/example_task_group.py
[2024-05-11T11:19:18.976+0200] {processor.py:840} INFO - DAG(s) 'example_task_group' retrieved from /home/munya/.local/lib/python3.11/site-packages/airflow/example_dags/example_task_group.py
[2024-05-11T11:19:18.990+0200] {logging_mixin.py:188} INFO - [2024-05-11T11:19:18.990+0200] {dag.py:3096} INFO - Sync 1 DAGs
[2024-05-11T11:19:19.008+0200] {logging_mixin.py:188} INFO - [2024-05-11T11:19:19.007+0200] {dag.py:3954} INFO - Setting next_dagrun for example_task_group to 2024-05-10 00:00:00+00:00, run_after=2024-05-11 00:00:00+00:00
[2024-05-11T11:19:19.027+0200] {processor.py:183} INFO - Processing /home/munya/.local/lib/python3.11/site-packages/airflow/example_dags/example_task_group.py took 0.065 seconds
[2024-05-11T11:20:27.823+0200] {processor.py:161} INFO - Started process (PID=134062) to work on /home/munya/.local/lib/python3.11/site-packages/airflow/example_dags/example_task_group.py
[2024-05-11T11:20:27.826+0200] {processor.py:830} INFO - Processing file /home/munya/.local/lib/python3.11/site-packages/airflow/example_dags/example_task_group.py for tasks to queue
[2024-05-11T11:20:27.832+0200] {logging_mixin.py:188} INFO - [2024-05-11T11:20:27.831+0200] {dagbag.py:540} INFO - Filling up the DagBag from /home/munya/.local/lib/python3.11/site-packages/airflow/example_dags/example_task_group.py
[2024-05-11T11:20:27.856+0200] {processor.py:840} INFO - DAG(s) 'example_task_group' retrieved from /home/munya/.local/lib/python3.11/site-packages/airflow/example_dags/example_task_group.py
[2024-05-11T11:20:27.914+0200] {logging_mixin.py:188} INFO - [2024-05-11T11:20:27.913+0200] {dag.py:3096} INFO - Sync 1 DAGs
[2024-05-11T11:20:27.983+0200] {logging_mixin.py:188} INFO - [2024-05-11T11:20:27.982+0200] {dag.py:3954} INFO - Setting next_dagrun for example_task_group to 2024-05-10 00:00:00+00:00, run_after=2024-05-11 00:00:00+00:00
[2024-05-11T11:20:28.056+0200] {processor.py:183} INFO - Processing /home/munya/.local/lib/python3.11/site-packages/airflow/example_dags/example_task_group.py took 0.252 seconds
[2024-05-11T11:21:30.438+0200] {processor.py:161} INFO - Started process (PID=135340) to work on /home/munya/.local/lib/python3.11/site-packages/airflow/example_dags/example_task_group.py
[2024-05-11T11:21:30.441+0200] {processor.py:830} INFO - Processing file /home/munya/.local/lib/python3.11/site-packages/airflow/example_dags/example_task_group.py for tasks to queue
[2024-05-11T11:21:30.449+0200] {logging_mixin.py:188} INFO - [2024-05-11T11:21:30.448+0200] {dagbag.py:540} INFO - Filling up the DagBag from /home/munya/.local/lib/python3.11/site-packages/airflow/example_dags/example_task_group.py
[2024-05-11T11:21:30.482+0200] {processor.py:840} INFO - DAG(s) 'example_task_group' retrieved from /home/munya/.local/lib/python3.11/site-packages/airflow/example_dags/example_task_group.py
[2024-05-11T11:21:30.546+0200] {logging_mixin.py:188} INFO - [2024-05-11T11:21:30.545+0200] {dag.py:3096} INFO - Sync 1 DAGs
[2024-05-11T11:21:30.626+0200] {logging_mixin.py:188} INFO - [2024-05-11T11:21:30.625+0200] {dag.py:3954} INFO - Setting next_dagrun for example_task_group to 2024-05-10 00:00:00+00:00, run_after=2024-05-11 00:00:00+00:00
[2024-05-11T11:21:30.693+0200] {processor.py:183} INFO - Processing /home/munya/.local/lib/python3.11/site-packages/airflow/example_dags/example_task_group.py took 0.281 seconds
