[2024-05-11T11:15:21.591+0200] {processor.py:161} INFO - Started process (PID=127756) to work on /home/munya/.local/lib/python3.11/site-packages/airflow/example_dags/example_latest_only_with_trigger.py
[2024-05-11T11:15:21.591+0200] {processor.py:830} INFO - Processing file /home/munya/.local/lib/python3.11/site-packages/airflow/example_dags/example_latest_only_with_trigger.py for tasks to queue
[2024-05-11T11:15:21.593+0200] {logging_mixin.py:188} INFO - [2024-05-11T11:15:21.593+0200] {dagbag.py:540} INFO - Filling up the DagBag from /home/munya/.local/lib/python3.11/site-packages/airflow/example_dags/example_latest_only_with_trigger.py
[2024-05-11T11:15:21.598+0200] {processor.py:840} INFO - DAG(s) 'latest_only_with_trigger' retrieved from /home/munya/.local/lib/python3.11/site-packages/airflow/example_dags/example_latest_only_with_trigger.py
[2024-05-11T11:15:21.611+0200] {logging_mixin.py:188} INFO - [2024-05-11T11:15:21.611+0200] {dag.py:3096} INFO - Sync 1 DAGs
[2024-05-11T11:15:21.626+0200] {logging_mixin.py:188} INFO - [2024-05-11T11:15:21.626+0200] {dag.py:3954} INFO - Setting next_dagrun for latest_only_with_trigger to 2024-05-11 04:00:00+00:00, run_after=2024-05-11 08:00:00+00:00
[2024-05-11T11:15:21.643+0200] {processor.py:183} INFO - Processing /home/munya/.local/lib/python3.11/site-packages/airflow/example_dags/example_latest_only_with_trigger.py took 0.057 seconds
[2024-05-11T11:16:21.280+0200] {processor.py:161} INFO - Started process (PID=128974) to work on /home/munya/.local/lib/python3.11/site-packages/airflow/example_dags/example_latest_only_with_trigger.py
[2024-05-11T11:16:21.281+0200] {processor.py:830} INFO - Processing file /home/munya/.local/lib/python3.11/site-packages/airflow/example_dags/example_latest_only_with_trigger.py for tasks to queue
[2024-05-11T11:16:21.283+0200] {logging_mixin.py:188} INFO - [2024-05-11T11:16:21.283+0200] {dagbag.py:540} INFO - Filling up the DagBag from /home/munya/.local/lib/python3.11/site-packages/airflow/example_dags/example_latest_only_with_trigger.py
[2024-05-11T11:16:21.290+0200] {processor.py:840} INFO - DAG(s) 'latest_only_with_trigger' retrieved from /home/munya/.local/lib/python3.11/site-packages/airflow/example_dags/example_latest_only_with_trigger.py
[2024-05-11T11:16:21.306+0200] {logging_mixin.py:188} INFO - [2024-05-11T11:16:21.305+0200] {dag.py:3096} INFO - Sync 1 DAGs
[2024-05-11T11:16:21.325+0200] {logging_mixin.py:188} INFO - [2024-05-11T11:16:21.324+0200] {dag.py:3954} INFO - Setting next_dagrun for latest_only_with_trigger to 2024-05-11 04:00:00+00:00, run_after=2024-05-11 08:00:00+00:00
[2024-05-11T11:16:21.345+0200] {processor.py:183} INFO - Processing /home/munya/.local/lib/python3.11/site-packages/airflow/example_dags/example_latest_only_with_trigger.py took 0.071 seconds
[2024-05-11T11:17:19.299+0200] {processor.py:161} INFO - Started process (PID=130212) to work on /home/munya/.local/lib/python3.11/site-packages/airflow/example_dags/example_latest_only_with_trigger.py
[2024-05-11T11:17:19.300+0200] {processor.py:830} INFO - Processing file /home/munya/.local/lib/python3.11/site-packages/airflow/example_dags/example_latest_only_with_trigger.py for tasks to queue
[2024-05-11T11:17:19.302+0200] {logging_mixin.py:188} INFO - [2024-05-11T11:17:19.301+0200] {dagbag.py:540} INFO - Filling up the DagBag from /home/munya/.local/lib/python3.11/site-packages/airflow/example_dags/example_latest_only_with_trigger.py
[2024-05-11T11:17:19.307+0200] {processor.py:840} INFO - DAG(s) 'latest_only_with_trigger' retrieved from /home/munya/.local/lib/python3.11/site-packages/airflow/example_dags/example_latest_only_with_trigger.py
[2024-05-11T11:17:19.322+0200] {logging_mixin.py:188} INFO - [2024-05-11T11:17:19.322+0200] {dag.py:3096} INFO - Sync 1 DAGs
[2024-05-11T11:17:19.341+0200] {logging_mixin.py:188} INFO - [2024-05-11T11:17:19.341+0200] {dag.py:3954} INFO - Setting next_dagrun for latest_only_with_trigger to 2024-05-11 04:00:00+00:00, run_after=2024-05-11 08:00:00+00:00
[2024-05-11T11:17:19.365+0200] {processor.py:183} INFO - Processing /home/munya/.local/lib/python3.11/site-packages/airflow/example_dags/example_latest_only_with_trigger.py took 0.072 seconds
[2024-05-11T11:18:21.759+0200] {processor.py:161} INFO - Started process (PID=131526) to work on /home/munya/.local/lib/python3.11/site-packages/airflow/example_dags/example_latest_only_with_trigger.py
[2024-05-11T11:18:21.762+0200] {processor.py:830} INFO - Processing file /home/munya/.local/lib/python3.11/site-packages/airflow/example_dags/example_latest_only_with_trigger.py for tasks to queue
[2024-05-11T11:18:21.768+0200] {logging_mixin.py:188} INFO - [2024-05-11T11:18:21.766+0200] {dagbag.py:540} INFO - Filling up the DagBag from /home/munya/.local/lib/python3.11/site-packages/airflow/example_dags/example_latest_only_with_trigger.py
[2024-05-11T11:18:21.788+0200] {processor.py:840} INFO - DAG(s) 'latest_only_with_trigger' retrieved from /home/munya/.local/lib/python3.11/site-packages/airflow/example_dags/example_latest_only_with_trigger.py
[2024-05-11T11:18:21.839+0200] {logging_mixin.py:188} INFO - [2024-05-11T11:18:21.838+0200] {dag.py:3096} INFO - Sync 1 DAGs
[2024-05-11T11:18:21.903+0200] {logging_mixin.py:188} INFO - [2024-05-11T11:18:21.902+0200] {dag.py:3954} INFO - Setting next_dagrun for latest_only_with_trigger to 2024-05-11 04:00:00+00:00, run_after=2024-05-11 08:00:00+00:00
[2024-05-11T11:18:22.009+0200] {processor.py:183} INFO - Processing /home/munya/.local/lib/python3.11/site-packages/airflow/example_dags/example_latest_only_with_trigger.py took 0.269 seconds
[2024-05-11T11:19:26.988+0200] {processor.py:161} INFO - Started process (PID=132822) to work on /home/munya/.local/lib/python3.11/site-packages/airflow/example_dags/example_latest_only_with_trigger.py
[2024-05-11T11:19:26.989+0200] {processor.py:830} INFO - Processing file /home/munya/.local/lib/python3.11/site-packages/airflow/example_dags/example_latest_only_with_trigger.py for tasks to queue
[2024-05-11T11:19:26.991+0200] {logging_mixin.py:188} INFO - [2024-05-11T11:19:26.990+0200] {dagbag.py:540} INFO - Filling up the DagBag from /home/munya/.local/lib/python3.11/site-packages/airflow/example_dags/example_latest_only_with_trigger.py
[2024-05-11T11:19:26.996+0200] {processor.py:840} INFO - DAG(s) 'latest_only_with_trigger' retrieved from /home/munya/.local/lib/python3.11/site-packages/airflow/example_dags/example_latest_only_with_trigger.py
[2024-05-11T11:19:27.009+0200] {logging_mixin.py:188} INFO - [2024-05-11T11:19:27.009+0200] {dag.py:3096} INFO - Sync 1 DAGs
[2024-05-11T11:19:27.024+0200] {logging_mixin.py:188} INFO - [2024-05-11T11:19:27.024+0200] {dag.py:3954} INFO - Setting next_dagrun for latest_only_with_trigger to 2024-05-11 04:00:00+00:00, run_after=2024-05-11 08:00:00+00:00
[2024-05-11T11:19:27.040+0200] {processor.py:183} INFO - Processing /home/munya/.local/lib/python3.11/site-packages/airflow/example_dags/example_latest_only_with_trigger.py took 0.057 seconds
[2024-05-11T11:20:35.508+0200] {processor.py:161} INFO - Started process (PID=134210) to work on /home/munya/.local/lib/python3.11/site-packages/airflow/example_dags/example_latest_only_with_trigger.py
[2024-05-11T11:20:35.509+0200] {processor.py:830} INFO - Processing file /home/munya/.local/lib/python3.11/site-packages/airflow/example_dags/example_latest_only_with_trigger.py for tasks to queue
[2024-05-11T11:20:35.510+0200] {logging_mixin.py:188} INFO - [2024-05-11T11:20:35.510+0200] {dagbag.py:540} INFO - Filling up the DagBag from /home/munya/.local/lib/python3.11/site-packages/airflow/example_dags/example_latest_only_with_trigger.py
[2024-05-11T11:20:35.515+0200] {processor.py:840} INFO - DAG(s) 'latest_only_with_trigger' retrieved from /home/munya/.local/lib/python3.11/site-packages/airflow/example_dags/example_latest_only_with_trigger.py
[2024-05-11T11:20:35.528+0200] {logging_mixin.py:188} INFO - [2024-05-11T11:20:35.528+0200] {dag.py:3096} INFO - Sync 1 DAGs
[2024-05-11T11:20:35.543+0200] {logging_mixin.py:188} INFO - [2024-05-11T11:20:35.543+0200] {dag.py:3954} INFO - Setting next_dagrun for latest_only_with_trigger to 2024-05-11 04:00:00+00:00, run_after=2024-05-11 08:00:00+00:00
[2024-05-11T11:20:35.561+0200] {processor.py:183} INFO - Processing /home/munya/.local/lib/python3.11/site-packages/airflow/example_dags/example_latest_only_with_trigger.py took 0.058 seconds
[2024-05-11T11:21:39.384+0200] {processor.py:161} INFO - Started process (PID=135512) to work on /home/munya/.local/lib/python3.11/site-packages/airflow/example_dags/example_latest_only_with_trigger.py
[2024-05-11T11:21:39.385+0200] {processor.py:830} INFO - Processing file /home/munya/.local/lib/python3.11/site-packages/airflow/example_dags/example_latest_only_with_trigger.py for tasks to queue
[2024-05-11T11:21:39.386+0200] {logging_mixin.py:188} INFO - [2024-05-11T11:21:39.386+0200] {dagbag.py:540} INFO - Filling up the DagBag from /home/munya/.local/lib/python3.11/site-packages/airflow/example_dags/example_latest_only_with_trigger.py
[2024-05-11T11:21:39.392+0200] {processor.py:840} INFO - DAG(s) 'latest_only_with_trigger' retrieved from /home/munya/.local/lib/python3.11/site-packages/airflow/example_dags/example_latest_only_with_trigger.py
[2024-05-11T11:21:39.405+0200] {logging_mixin.py:188} INFO - [2024-05-11T11:21:39.405+0200] {dag.py:3096} INFO - Sync 1 DAGs
[2024-05-11T11:21:39.421+0200] {logging_mixin.py:188} INFO - [2024-05-11T11:21:39.421+0200] {dag.py:3954} INFO - Setting next_dagrun for latest_only_with_trigger to 2024-05-11 04:00:00+00:00, run_after=2024-05-11 08:00:00+00:00
[2024-05-11T11:21:39.453+0200] {processor.py:183} INFO - Processing /home/munya/.local/lib/python3.11/site-packages/airflow/example_dags/example_latest_only_with_trigger.py took 0.074 seconds
