[2024-05-11T11:10:51.762+0200] {processor.py:161} INFO - Started process (PID=121935) to work on /home/munya/.local/lib/python3.11/site-packages/airflow/example_dags/example_branch_python_dop_operator_3.py
[2024-05-11T11:10:51.763+0200] {processor.py:830} INFO - Processing file /home/munya/.local/lib/python3.11/site-packages/airflow/example_dags/example_branch_python_dop_operator_3.py for tasks to queue
[2024-05-11T11:10:51.765+0200] {logging_mixin.py:188} INFO - [2024-05-11T11:10:51.765+0200] {dagbag.py:540} INFO - Filling up the DagBag from /home/munya/.local/lib/python3.11/site-packages/airflow/example_dags/example_branch_python_dop_operator_3.py
[2024-05-11T11:10:51.778+0200] {processor.py:840} INFO - DAG(s) 'example_branch_dop_operator_v3' retrieved from /home/munya/.local/lib/python3.11/site-packages/airflow/example_dags/example_branch_python_dop_operator_3.py
[2024-05-11T11:10:51.793+0200] {logging_mixin.py:188} INFO - [2024-05-11T11:10:51.792+0200] {dag.py:3096} INFO - Sync 1 DAGs
[2024-05-11T11:10:51.818+0200] {logging_mixin.py:188} INFO - [2024-05-11T11:10:51.817+0200] {dag.py:3954} INFO - Setting next_dagrun for example_branch_dop_operator_v3 to 2024-05-11 09:09:00+00:00, run_after=2024-05-11 09:10:00+00:00
[2024-05-11T11:10:51.837+0200] {processor.py:183} INFO - Processing /home/munya/.local/lib/python3.11/site-packages/airflow/example_dags/example_branch_python_dop_operator_3.py took 0.083 seconds
[2024-05-11T11:15:44.574+0200] {processor.py:161} INFO - Started process (PID=128203) to work on /home/munya/.local/lib/python3.11/site-packages/airflow/example_dags/example_branch_python_dop_operator_3.py
[2024-05-11T11:15:44.575+0200] {processor.py:830} INFO - Processing file /home/munya/.local/lib/python3.11/site-packages/airflow/example_dags/example_branch_python_dop_operator_3.py for tasks to queue
[2024-05-11T11:15:44.577+0200] {logging_mixin.py:188} INFO - [2024-05-11T11:15:44.576+0200] {dagbag.py:540} INFO - Filling up the DagBag from /home/munya/.local/lib/python3.11/site-packages/airflow/example_dags/example_branch_python_dop_operator_3.py
[2024-05-11T11:15:44.589+0200] {processor.py:840} INFO - DAG(s) 'example_branch_dop_operator_v3' retrieved from /home/munya/.local/lib/python3.11/site-packages/airflow/example_dags/example_branch_python_dop_operator_3.py
[2024-05-11T11:15:44.606+0200] {logging_mixin.py:188} INFO - [2024-05-11T11:15:44.606+0200] {dag.py:3096} INFO - Sync 1 DAGs
[2024-05-11T11:15:44.623+0200] {logging_mixin.py:188} INFO - [2024-05-11T11:15:44.623+0200] {dag.py:3954} INFO - Setting next_dagrun for example_branch_dop_operator_v3 to 2024-05-11 09:14:00+00:00, run_after=2024-05-11 09:15:00+00:00
[2024-05-11T11:15:44.639+0200] {processor.py:183} INFO - Processing /home/munya/.local/lib/python3.11/site-packages/airflow/example_dags/example_branch_python_dop_operator_3.py took 0.072 seconds
[2024-05-11T11:16:46.972+0200] {processor.py:161} INFO - Started process (PID=129553) to work on /home/munya/.local/lib/python3.11/site-packages/airflow/example_dags/example_branch_python_dop_operator_3.py
[2024-05-11T11:16:46.973+0200] {processor.py:830} INFO - Processing file /home/munya/.local/lib/python3.11/site-packages/airflow/example_dags/example_branch_python_dop_operator_3.py for tasks to queue
[2024-05-11T11:16:46.975+0200] {logging_mixin.py:188} INFO - [2024-05-11T11:16:46.974+0200] {dagbag.py:540} INFO - Filling up the DagBag from /home/munya/.local/lib/python3.11/site-packages/airflow/example_dags/example_branch_python_dop_operator_3.py
[2024-05-11T11:16:46.983+0200] {processor.py:840} INFO - DAG(s) 'example_branch_dop_operator_v3' retrieved from /home/munya/.local/lib/python3.11/site-packages/airflow/example_dags/example_branch_python_dop_operator_3.py
[2024-05-11T11:16:46.997+0200] {logging_mixin.py:188} INFO - [2024-05-11T11:16:46.997+0200] {dag.py:3096} INFO - Sync 1 DAGs
[2024-05-11T11:16:47.018+0200] {logging_mixin.py:188} INFO - [2024-05-11T11:16:47.018+0200] {dag.py:3954} INFO - Setting next_dagrun for example_branch_dop_operator_v3 to 2024-05-11 09:15:00+00:00, run_after=2024-05-11 09:16:00+00:00
[2024-05-11T11:16:47.037+0200] {processor.py:183} INFO - Processing /home/munya/.local/lib/python3.11/site-packages/airflow/example_dags/example_branch_python_dop_operator_3.py took 0.071 seconds
[2024-05-11T11:17:47.703+0200] {processor.py:161} INFO - Started process (PID=130777) to work on /home/munya/.local/lib/python3.11/site-packages/airflow/example_dags/example_branch_python_dop_operator_3.py
[2024-05-11T11:17:47.705+0200] {processor.py:830} INFO - Processing file /home/munya/.local/lib/python3.11/site-packages/airflow/example_dags/example_branch_python_dop_operator_3.py for tasks to queue
[2024-05-11T11:17:47.707+0200] {logging_mixin.py:188} INFO - [2024-05-11T11:17:47.706+0200] {dagbag.py:540} INFO - Filling up the DagBag from /home/munya/.local/lib/python3.11/site-packages/airflow/example_dags/example_branch_python_dop_operator_3.py
[2024-05-11T11:17:47.718+0200] {processor.py:840} INFO - DAG(s) 'example_branch_dop_operator_v3' retrieved from /home/munya/.local/lib/python3.11/site-packages/airflow/example_dags/example_branch_python_dop_operator_3.py
[2024-05-11T11:17:47.737+0200] {logging_mixin.py:188} INFO - [2024-05-11T11:17:47.737+0200] {dag.py:3096} INFO - Sync 1 DAGs
[2024-05-11T11:17:47.758+0200] {logging_mixin.py:188} INFO - [2024-05-11T11:17:47.758+0200] {dag.py:3954} INFO - Setting next_dagrun for example_branch_dop_operator_v3 to 2024-05-11 09:16:00+00:00, run_after=2024-05-11 09:17:00+00:00
[2024-05-11T11:17:47.781+0200] {processor.py:183} INFO - Processing /home/munya/.local/lib/python3.11/site-packages/airflow/example_dags/example_branch_python_dop_operator_3.py took 0.085 seconds
[2024-05-11T11:18:49.791+0200] {processor.py:161} INFO - Started process (PID=132079) to work on /home/munya/.local/lib/python3.11/site-packages/airflow/example_dags/example_branch_python_dop_operator_3.py
[2024-05-11T11:18:49.794+0200] {processor.py:830} INFO - Processing file /home/munya/.local/lib/python3.11/site-packages/airflow/example_dags/example_branch_python_dop_operator_3.py for tasks to queue
[2024-05-11T11:18:49.801+0200] {logging_mixin.py:188} INFO - [2024-05-11T11:18:49.800+0200] {dagbag.py:540} INFO - Filling up the DagBag from /home/munya/.local/lib/python3.11/site-packages/airflow/example_dags/example_branch_python_dop_operator_3.py
[2024-05-11T11:18:49.837+0200] {processor.py:840} INFO - DAG(s) 'example_branch_dop_operator_v3' retrieved from /home/munya/.local/lib/python3.11/site-packages/airflow/example_dags/example_branch_python_dop_operator_3.py
[2024-05-11T11:18:49.898+0200] {logging_mixin.py:188} INFO - [2024-05-11T11:18:49.897+0200] {dag.py:3096} INFO - Sync 1 DAGs
[2024-05-11T11:18:49.980+0200] {logging_mixin.py:188} INFO - [2024-05-11T11:18:49.979+0200] {dag.py:3954} INFO - Setting next_dagrun for example_branch_dop_operator_v3 to 2024-05-11 09:17:00+00:00, run_after=2024-05-11 09:18:00+00:00
[2024-05-11T11:18:50.035+0200] {processor.py:183} INFO - Processing /home/munya/.local/lib/python3.11/site-packages/airflow/example_dags/example_branch_python_dop_operator_3.py took 0.268 seconds
[2024-05-11T11:19:55.744+0200] {processor.py:161} INFO - Started process (PID=133411) to work on /home/munya/.local/lib/python3.11/site-packages/airflow/example_dags/example_branch_python_dop_operator_3.py
[2024-05-11T11:19:55.745+0200] {processor.py:830} INFO - Processing file /home/munya/.local/lib/python3.11/site-packages/airflow/example_dags/example_branch_python_dop_operator_3.py for tasks to queue
[2024-05-11T11:19:55.747+0200] {logging_mixin.py:188} INFO - [2024-05-11T11:19:55.747+0200] {dagbag.py:540} INFO - Filling up the DagBag from /home/munya/.local/lib/python3.11/site-packages/airflow/example_dags/example_branch_python_dop_operator_3.py
[2024-05-11T11:19:55.755+0200] {processor.py:840} INFO - DAG(s) 'example_branch_dop_operator_v3' retrieved from /home/munya/.local/lib/python3.11/site-packages/airflow/example_dags/example_branch_python_dop_operator_3.py
[2024-05-11T11:19:55.768+0200] {logging_mixin.py:188} INFO - [2024-05-11T11:19:55.768+0200] {dag.py:3096} INFO - Sync 1 DAGs
[2024-05-11T11:19:55.787+0200] {logging_mixin.py:188} INFO - [2024-05-11T11:19:55.787+0200] {dag.py:3954} INFO - Setting next_dagrun for example_branch_dop_operator_v3 to 2024-05-11 09:18:00+00:00, run_after=2024-05-11 09:19:00+00:00
[2024-05-11T11:19:55.806+0200] {processor.py:183} INFO - Processing /home/munya/.local/lib/python3.11/site-packages/airflow/example_dags/example_branch_python_dop_operator_3.py took 0.067 seconds
[2024-05-11T11:21:03.290+0200] {processor.py:161} INFO - Started process (PID=134756) to work on /home/munya/.local/lib/python3.11/site-packages/airflow/example_dags/example_branch_python_dop_operator_3.py
[2024-05-11T11:21:03.291+0200] {processor.py:830} INFO - Processing file /home/munya/.local/lib/python3.11/site-packages/airflow/example_dags/example_branch_python_dop_operator_3.py for tasks to queue
[2024-05-11T11:21:03.293+0200] {logging_mixin.py:188} INFO - [2024-05-11T11:21:03.292+0200] {dagbag.py:540} INFO - Filling up the DagBag from /home/munya/.local/lib/python3.11/site-packages/airflow/example_dags/example_branch_python_dop_operator_3.py
[2024-05-11T11:21:03.300+0200] {processor.py:840} INFO - DAG(s) 'example_branch_dop_operator_v3' retrieved from /home/munya/.local/lib/python3.11/site-packages/airflow/example_dags/example_branch_python_dop_operator_3.py
[2024-05-11T11:21:03.317+0200] {logging_mixin.py:188} INFO - [2024-05-11T11:21:03.317+0200] {dag.py:3096} INFO - Sync 1 DAGs
[2024-05-11T11:21:03.338+0200] {logging_mixin.py:188} INFO - [2024-05-11T11:21:03.338+0200] {dag.py:3954} INFO - Setting next_dagrun for example_branch_dop_operator_v3 to 2024-05-11 09:20:00+00:00, run_after=2024-05-11 09:21:00+00:00
[2024-05-11T11:21:03.356+0200] {processor.py:183} INFO - Processing /home/munya/.local/lib/python3.11/site-packages/airflow/example_dags/example_branch_python_dop_operator_3.py took 0.071 seconds
