[2024-05-11T11:11:58.137+0200] {processor.py:161} INFO - Started process (PID=123428) to work on /home/munya/.local/lib/python3.11/site-packages/airflow/example_dags/example_branch_operator.py
[2024-05-11T11:11:58.138+0200] {processor.py:830} INFO - Processing file /home/munya/.local/lib/python3.11/site-packages/airflow/example_dags/example_branch_operator.py for tasks to queue
[2024-05-11T11:11:58.139+0200] {logging_mixin.py:188} INFO - [2024-05-11T11:11:58.139+0200] {dagbag.py:540} INFO - Filling up the DagBag from /home/munya/.local/lib/python3.11/site-packages/airflow/example_dags/example_branch_operator.py
[2024-05-11T11:11:58.156+0200] {processor.py:840} INFO - DAG(s) 'example_branch_operator' retrieved from /home/munya/.local/lib/python3.11/site-packages/airflow/example_dags/example_branch_operator.py
[2024-05-11T11:11:58.177+0200] {logging_mixin.py:188} INFO - [2024-05-11T11:11:58.177+0200] {dag.py:3096} INFO - Sync 1 DAGs
[2024-05-11T11:11:58.199+0200] {logging_mixin.py:188} INFO - [2024-05-11T11:11:58.198+0200] {dag.py:3954} INFO - Setting next_dagrun for example_branch_operator to 2024-05-10 00:00:00+00:00, run_after=2024-05-11 00:00:00+00:00
[2024-05-11T11:11:58.223+0200] {processor.py:183} INFO - Processing /home/munya/.local/lib/python3.11/site-packages/airflow/example_dags/example_branch_operator.py took 0.092 seconds
[2024-05-11T11:15:49.608+0200] {processor.py:161} INFO - Started process (PID=128317) to work on /home/munya/.local/lib/python3.11/site-packages/airflow/example_dags/example_branch_operator.py
[2024-05-11T11:15:49.609+0200] {processor.py:830} INFO - Processing file /home/munya/.local/lib/python3.11/site-packages/airflow/example_dags/example_branch_operator.py for tasks to queue
[2024-05-11T11:15:49.610+0200] {logging_mixin.py:188} INFO - [2024-05-11T11:15:49.610+0200] {dagbag.py:540} INFO - Filling up the DagBag from /home/munya/.local/lib/python3.11/site-packages/airflow/example_dags/example_branch_operator.py
[2024-05-11T11:15:49.625+0200] {processor.py:840} INFO - DAG(s) 'example_branch_operator' retrieved from /home/munya/.local/lib/python3.11/site-packages/airflow/example_dags/example_branch_operator.py
[2024-05-11T11:15:49.643+0200] {logging_mixin.py:188} INFO - [2024-05-11T11:15:49.643+0200] {dag.py:3096} INFO - Sync 1 DAGs
[2024-05-11T11:15:49.658+0200] {logging_mixin.py:188} INFO - [2024-05-11T11:15:49.658+0200] {dag.py:3954} INFO - Setting next_dagrun for example_branch_operator to 2024-05-10 00:00:00+00:00, run_after=2024-05-11 00:00:00+00:00
[2024-05-11T11:15:49.674+0200] {processor.py:183} INFO - Processing /home/munya/.local/lib/python3.11/site-packages/airflow/example_dags/example_branch_operator.py took 0.071 seconds
[2024-05-11T11:16:51.965+0200] {processor.py:161} INFO - Started process (PID=129655) to work on /home/munya/.local/lib/python3.11/site-packages/airflow/example_dags/example_branch_operator.py
[2024-05-11T11:16:51.966+0200] {processor.py:830} INFO - Processing file /home/munya/.local/lib/python3.11/site-packages/airflow/example_dags/example_branch_operator.py for tasks to queue
[2024-05-11T11:16:51.967+0200] {logging_mixin.py:188} INFO - [2024-05-11T11:16:51.967+0200] {dagbag.py:540} INFO - Filling up the DagBag from /home/munya/.local/lib/python3.11/site-packages/airflow/example_dags/example_branch_operator.py
[2024-05-11T11:16:51.984+0200] {processor.py:840} INFO - DAG(s) 'example_branch_operator' retrieved from /home/munya/.local/lib/python3.11/site-packages/airflow/example_dags/example_branch_operator.py
[2024-05-11T11:16:52.004+0200] {logging_mixin.py:188} INFO - [2024-05-11T11:16:52.004+0200] {dag.py:3096} INFO - Sync 1 DAGs
[2024-05-11T11:16:52.021+0200] {logging_mixin.py:188} INFO - [2024-05-11T11:16:52.021+0200] {dag.py:3954} INFO - Setting next_dagrun for example_branch_operator to 2024-05-10 00:00:00+00:00, run_after=2024-05-11 00:00:00+00:00
[2024-05-11T11:16:52.044+0200] {processor.py:183} INFO - Processing /home/munya/.local/lib/python3.11/site-packages/airflow/example_dags/example_branch_operator.py took 0.085 seconds
[2024-05-11T11:17:53.000+0200] {processor.py:161} INFO - Started process (PID=130882) to work on /home/munya/.local/lib/python3.11/site-packages/airflow/example_dags/example_branch_operator.py
[2024-05-11T11:17:53.001+0200] {processor.py:830} INFO - Processing file /home/munya/.local/lib/python3.11/site-packages/airflow/example_dags/example_branch_operator.py for tasks to queue
[2024-05-11T11:17:53.003+0200] {logging_mixin.py:188} INFO - [2024-05-11T11:17:53.003+0200] {dagbag.py:540} INFO - Filling up the DagBag from /home/munya/.local/lib/python3.11/site-packages/airflow/example_dags/example_branch_operator.py
[2024-05-11T11:17:53.019+0200] {processor.py:840} INFO - DAG(s) 'example_branch_operator' retrieved from /home/munya/.local/lib/python3.11/site-packages/airflow/example_dags/example_branch_operator.py
[2024-05-11T11:17:53.039+0200] {logging_mixin.py:188} INFO - [2024-05-11T11:17:53.039+0200] {dag.py:3096} INFO - Sync 1 DAGs
[2024-05-11T11:17:53.057+0200] {logging_mixin.py:188} INFO - [2024-05-11T11:17:53.057+0200] {dag.py:3954} INFO - Setting next_dagrun for example_branch_operator to 2024-05-10 00:00:00+00:00, run_after=2024-05-11 00:00:00+00:00
[2024-05-11T11:17:53.077+0200] {processor.py:183} INFO - Processing /home/munya/.local/lib/python3.11/site-packages/airflow/example_dags/example_branch_operator.py took 0.082 seconds
[2024-05-11T11:18:55.575+0200] {processor.py:161} INFO - Started process (PID=132196) to work on /home/munya/.local/lib/python3.11/site-packages/airflow/example_dags/example_branch_operator.py
[2024-05-11T11:18:55.576+0200] {processor.py:830} INFO - Processing file /home/munya/.local/lib/python3.11/site-packages/airflow/example_dags/example_branch_operator.py for tasks to queue
[2024-05-11T11:18:55.577+0200] {logging_mixin.py:188} INFO - [2024-05-11T11:18:55.577+0200] {dagbag.py:540} INFO - Filling up the DagBag from /home/munya/.local/lib/python3.11/site-packages/airflow/example_dags/example_branch_operator.py
[2024-05-11T11:18:55.592+0200] {processor.py:840} INFO - DAG(s) 'example_branch_operator' retrieved from /home/munya/.local/lib/python3.11/site-packages/airflow/example_dags/example_branch_operator.py
[2024-05-11T11:18:55.610+0200] {logging_mixin.py:188} INFO - [2024-05-11T11:18:55.610+0200] {dag.py:3096} INFO - Sync 1 DAGs
[2024-05-11T11:18:55.625+0200] {logging_mixin.py:188} INFO - [2024-05-11T11:18:55.625+0200] {dag.py:3954} INFO - Setting next_dagrun for example_branch_operator to 2024-05-10 00:00:00+00:00, run_after=2024-05-11 00:00:00+00:00
[2024-05-11T11:18:55.643+0200] {processor.py:183} INFO - Processing /home/munya/.local/lib/python3.11/site-packages/airflow/example_dags/example_branch_operator.py took 0.073 seconds
[2024-05-11T11:20:01.370+0200] {processor.py:161} INFO - Started process (PID=133523) to work on /home/munya/.local/lib/python3.11/site-packages/airflow/example_dags/example_branch_operator.py
[2024-05-11T11:20:01.378+0200] {processor.py:830} INFO - Processing file /home/munya/.local/lib/python3.11/site-packages/airflow/example_dags/example_branch_operator.py for tasks to queue
[2024-05-11T11:20:01.394+0200] {logging_mixin.py:188} INFO - [2024-05-11T11:20:01.392+0200] {dagbag.py:540} INFO - Filling up the DagBag from /home/munya/.local/lib/python3.11/site-packages/airflow/example_dags/example_branch_operator.py
[2024-05-11T11:20:01.600+0200] {processor.py:840} INFO - DAG(s) 'example_branch_operator' retrieved from /home/munya/.local/lib/python3.11/site-packages/airflow/example_dags/example_branch_operator.py
[2024-05-11T11:20:01.768+0200] {logging_mixin.py:188} INFO - [2024-05-11T11:20:01.767+0200] {dag.py:3096} INFO - Sync 1 DAGs
[2024-05-11T11:20:01.977+0200] {logging_mixin.py:188} INFO - [2024-05-11T11:20:01.977+0200] {dag.py:3954} INFO - Setting next_dagrun for example_branch_operator to 2024-05-10 00:00:00+00:00, run_after=2024-05-11 00:00:00+00:00
[2024-05-11T11:20:02.036+0200] {processor.py:183} INFO - Processing /home/munya/.local/lib/python3.11/site-packages/airflow/example_dags/example_branch_operator.py took 0.805 seconds
[2024-05-11T11:21:09.309+0200] {processor.py:161} INFO - Started process (PID=134898) to work on /home/munya/.local/lib/python3.11/site-packages/airflow/example_dags/example_branch_operator.py
[2024-05-11T11:21:09.310+0200] {processor.py:830} INFO - Processing file /home/munya/.local/lib/python3.11/site-packages/airflow/example_dags/example_branch_operator.py for tasks to queue
[2024-05-11T11:21:09.311+0200] {logging_mixin.py:188} INFO - [2024-05-11T11:21:09.311+0200] {dagbag.py:540} INFO - Filling up the DagBag from /home/munya/.local/lib/python3.11/site-packages/airflow/example_dags/example_branch_operator.py
[2024-05-11T11:21:09.329+0200] {processor.py:840} INFO - DAG(s) 'example_branch_operator' retrieved from /home/munya/.local/lib/python3.11/site-packages/airflow/example_dags/example_branch_operator.py
[2024-05-11T11:21:09.354+0200] {logging_mixin.py:188} INFO - [2024-05-11T11:21:09.353+0200] {dag.py:3096} INFO - Sync 1 DAGs
[2024-05-11T11:21:09.371+0200] {logging_mixin.py:188} INFO - [2024-05-11T11:21:09.371+0200] {dag.py:3954} INFO - Setting next_dagrun for example_branch_operator to 2024-05-10 00:00:00+00:00, run_after=2024-05-11 00:00:00+00:00
[2024-05-11T11:21:09.393+0200] {processor.py:183} INFO - Processing /home/munya/.local/lib/python3.11/site-packages/airflow/example_dags/example_branch_operator.py took 0.090 seconds
