[2024-05-11T11:11:08.875+0200] {processor.py:161} INFO - Started process (PID=122310) to work on /home/munya/.local/lib/python3.11/site-packages/airflow/example_dags/example_branch_operator_decorator.py
[2024-05-11T11:11:08.878+0200] {processor.py:830} INFO - Processing file /home/munya/.local/lib/python3.11/site-packages/airflow/example_dags/example_branch_operator_decorator.py for tasks to queue
[2024-05-11T11:11:08.885+0200] {logging_mixin.py:188} INFO - [2024-05-11T11:11:08.883+0200] {dagbag.py:540} INFO - Filling up the DagBag from /home/munya/.local/lib/python3.11/site-packages/airflow/example_dags/example_branch_operator_decorator.py
[2024-05-11T11:11:08.986+0200] {processor.py:840} INFO - DAG(s) 'example_branch_python_operator_decorator' retrieved from /home/munya/.local/lib/python3.11/site-packages/airflow/example_dags/example_branch_operator_decorator.py
[2024-05-11T11:11:09.058+0200] {logging_mixin.py:188} INFO - [2024-05-11T11:11:09.057+0200] {dag.py:3096} INFO - Sync 1 DAGs
[2024-05-11T11:11:09.145+0200] {logging_mixin.py:188} INFO - [2024-05-11T11:11:09.144+0200] {dag.py:3954} INFO - Setting next_dagrun for example_branch_python_operator_decorator to 2024-05-10 00:00:00+00:00, run_after=2024-05-11 00:00:00+00:00
[2024-05-11T11:11:09.242+0200] {processor.py:183} INFO - Processing /home/munya/.local/lib/python3.11/site-packages/airflow/example_dags/example_branch_operator_decorator.py took 0.388 seconds
[2024-05-11T11:15:46.304+0200] {processor.py:161} INFO - Started process (PID=128252) to work on /home/munya/.local/lib/python3.11/site-packages/airflow/example_dags/example_branch_operator_decorator.py
[2024-05-11T11:15:46.305+0200] {processor.py:830} INFO - Processing file /home/munya/.local/lib/python3.11/site-packages/airflow/example_dags/example_branch_operator_decorator.py for tasks to queue
[2024-05-11T11:15:46.306+0200] {logging_mixin.py:188} INFO - [2024-05-11T11:15:46.306+0200] {dagbag.py:540} INFO - Filling up the DagBag from /home/munya/.local/lib/python3.11/site-packages/airflow/example_dags/example_branch_operator_decorator.py
[2024-05-11T11:15:46.327+0200] {processor.py:840} INFO - DAG(s) 'example_branch_python_operator_decorator' retrieved from /home/munya/.local/lib/python3.11/site-packages/airflow/example_dags/example_branch_operator_decorator.py
[2024-05-11T11:15:46.348+0200] {logging_mixin.py:188} INFO - [2024-05-11T11:15:46.348+0200] {dag.py:3096} INFO - Sync 1 DAGs
[2024-05-11T11:15:46.365+0200] {logging_mixin.py:188} INFO - [2024-05-11T11:15:46.365+0200] {dag.py:3954} INFO - Setting next_dagrun for example_branch_python_operator_decorator to 2024-05-10 00:00:00+00:00, run_after=2024-05-11 00:00:00+00:00
[2024-05-11T11:15:46.387+0200] {processor.py:183} INFO - Processing /home/munya/.local/lib/python3.11/site-packages/airflow/example_dags/example_branch_operator_decorator.py took 0.089 seconds
[2024-05-11T11:16:49.357+0200] {processor.py:161} INFO - Started process (PID=129593) to work on /home/munya/.local/lib/python3.11/site-packages/airflow/example_dags/example_branch_operator_decorator.py
[2024-05-11T11:16:49.358+0200] {processor.py:830} INFO - Processing file /home/munya/.local/lib/python3.11/site-packages/airflow/example_dags/example_branch_operator_decorator.py for tasks to queue
[2024-05-11T11:16:49.360+0200] {logging_mixin.py:188} INFO - [2024-05-11T11:16:49.359+0200] {dagbag.py:540} INFO - Filling up the DagBag from /home/munya/.local/lib/python3.11/site-packages/airflow/example_dags/example_branch_operator_decorator.py
[2024-05-11T11:16:49.378+0200] {processor.py:840} INFO - DAG(s) 'example_branch_python_operator_decorator' retrieved from /home/munya/.local/lib/python3.11/site-packages/airflow/example_dags/example_branch_operator_decorator.py
[2024-05-11T11:16:49.397+0200] {logging_mixin.py:188} INFO - [2024-05-11T11:16:49.397+0200] {dag.py:3096} INFO - Sync 1 DAGs
[2024-05-11T11:16:49.413+0200] {logging_mixin.py:188} INFO - [2024-05-11T11:16:49.413+0200] {dag.py:3954} INFO - Setting next_dagrun for example_branch_python_operator_decorator to 2024-05-10 00:00:00+00:00, run_after=2024-05-11 00:00:00+00:00
[2024-05-11T11:16:49.430+0200] {processor.py:183} INFO - Processing /home/munya/.local/lib/python3.11/site-packages/airflow/example_dags/example_branch_operator_decorator.py took 0.078 seconds
[2024-05-11T11:17:50.073+0200] {processor.py:161} INFO - Started process (PID=130814) to work on /home/munya/.local/lib/python3.11/site-packages/airflow/example_dags/example_branch_operator_decorator.py
[2024-05-11T11:17:50.074+0200] {processor.py:830} INFO - Processing file /home/munya/.local/lib/python3.11/site-packages/airflow/example_dags/example_branch_operator_decorator.py for tasks to queue
[2024-05-11T11:17:50.075+0200] {logging_mixin.py:188} INFO - [2024-05-11T11:17:50.075+0200] {dagbag.py:540} INFO - Filling up the DagBag from /home/munya/.local/lib/python3.11/site-packages/airflow/example_dags/example_branch_operator_decorator.py
[2024-05-11T11:17:50.093+0200] {processor.py:840} INFO - DAG(s) 'example_branch_python_operator_decorator' retrieved from /home/munya/.local/lib/python3.11/site-packages/airflow/example_dags/example_branch_operator_decorator.py
[2024-05-11T11:17:50.112+0200] {logging_mixin.py:188} INFO - [2024-05-11T11:17:50.112+0200] {dag.py:3096} INFO - Sync 1 DAGs
[2024-05-11T11:17:50.128+0200] {logging_mixin.py:188} INFO - [2024-05-11T11:17:50.128+0200] {dag.py:3954} INFO - Setting next_dagrun for example_branch_python_operator_decorator to 2024-05-10 00:00:00+00:00, run_after=2024-05-11 00:00:00+00:00
[2024-05-11T11:17:50.145+0200] {processor.py:183} INFO - Processing /home/munya/.local/lib/python3.11/site-packages/airflow/example_dags/example_branch_operator_decorator.py took 0.077 seconds
[2024-05-11T11:18:52.169+0200] {processor.py:161} INFO - Started process (PID=132123) to work on /home/munya/.local/lib/python3.11/site-packages/airflow/example_dags/example_branch_operator_decorator.py
[2024-05-11T11:18:52.172+0200] {processor.py:830} INFO - Processing file /home/munya/.local/lib/python3.11/site-packages/airflow/example_dags/example_branch_operator_decorator.py for tasks to queue
[2024-05-11T11:18:52.179+0200] {logging_mixin.py:188} INFO - [2024-05-11T11:18:52.177+0200] {dagbag.py:540} INFO - Filling up the DagBag from /home/munya/.local/lib/python3.11/site-packages/airflow/example_dags/example_branch_operator_decorator.py
[2024-05-11T11:18:52.266+0200] {processor.py:840} INFO - DAG(s) 'example_branch_python_operator_decorator' retrieved from /home/munya/.local/lib/python3.11/site-packages/airflow/example_dags/example_branch_operator_decorator.py
[2024-05-11T11:18:52.342+0200] {logging_mixin.py:188} INFO - [2024-05-11T11:18:52.341+0200] {dag.py:3096} INFO - Sync 1 DAGs
[2024-05-11T11:18:52.410+0200] {logging_mixin.py:188} INFO - [2024-05-11T11:18:52.409+0200] {dag.py:3954} INFO - Setting next_dagrun for example_branch_python_operator_decorator to 2024-05-10 00:00:00+00:00, run_after=2024-05-11 00:00:00+00:00
[2024-05-11T11:18:52.492+0200] {processor.py:183} INFO - Processing /home/munya/.local/lib/python3.11/site-packages/airflow/example_dags/example_branch_operator_decorator.py took 0.347 seconds
[2024-05-11T11:19:57.272+0200] {processor.py:161} INFO - Started process (PID=133442) to work on /home/munya/.local/lib/python3.11/site-packages/airflow/example_dags/example_branch_operator_decorator.py
[2024-05-11T11:19:57.273+0200] {processor.py:830} INFO - Processing file /home/munya/.local/lib/python3.11/site-packages/airflow/example_dags/example_branch_operator_decorator.py for tasks to queue
[2024-05-11T11:19:57.275+0200] {logging_mixin.py:188} INFO - [2024-05-11T11:19:57.274+0200] {dagbag.py:540} INFO - Filling up the DagBag from /home/munya/.local/lib/python3.11/site-packages/airflow/example_dags/example_branch_operator_decorator.py
[2024-05-11T11:19:57.293+0200] {processor.py:840} INFO - DAG(s) 'example_branch_python_operator_decorator' retrieved from /home/munya/.local/lib/python3.11/site-packages/airflow/example_dags/example_branch_operator_decorator.py
[2024-05-11T11:19:57.311+0200] {logging_mixin.py:188} INFO - [2024-05-11T11:19:57.310+0200] {dag.py:3096} INFO - Sync 1 DAGs
[2024-05-11T11:19:57.326+0200] {logging_mixin.py:188} INFO - [2024-05-11T11:19:57.326+0200] {dag.py:3954} INFO - Setting next_dagrun for example_branch_python_operator_decorator to 2024-05-10 00:00:00+00:00, run_after=2024-05-11 00:00:00+00:00
[2024-05-11T11:19:57.343+0200] {processor.py:183} INFO - Processing /home/munya/.local/lib/python3.11/site-packages/airflow/example_dags/example_branch_operator_decorator.py took 0.075 seconds
[2024-05-11T11:21:05.701+0200] {processor.py:161} INFO - Started process (PID=134814) to work on /home/munya/.local/lib/python3.11/site-packages/airflow/example_dags/example_branch_operator_decorator.py
[2024-05-11T11:21:05.702+0200] {processor.py:830} INFO - Processing file /home/munya/.local/lib/python3.11/site-packages/airflow/example_dags/example_branch_operator_decorator.py for tasks to queue
[2024-05-11T11:21:05.704+0200] {logging_mixin.py:188} INFO - [2024-05-11T11:21:05.704+0200] {dagbag.py:540} INFO - Filling up the DagBag from /home/munya/.local/lib/python3.11/site-packages/airflow/example_dags/example_branch_operator_decorator.py
[2024-05-11T11:21:05.733+0200] {processor.py:840} INFO - DAG(s) 'example_branch_python_operator_decorator' retrieved from /home/munya/.local/lib/python3.11/site-packages/airflow/example_dags/example_branch_operator_decorator.py
[2024-05-11T11:21:05.764+0200] {logging_mixin.py:188} INFO - [2024-05-11T11:21:05.763+0200] {dag.py:3096} INFO - Sync 1 DAGs
[2024-05-11T11:21:05.782+0200] {logging_mixin.py:188} INFO - [2024-05-11T11:21:05.782+0200] {dag.py:3954} INFO - Setting next_dagrun for example_branch_python_operator_decorator to 2024-05-10 00:00:00+00:00, run_after=2024-05-11 00:00:00+00:00
[2024-05-11T11:21:05.800+0200] {processor.py:183} INFO - Processing /home/munya/.local/lib/python3.11/site-packages/airflow/example_dags/example_branch_operator_decorator.py took 0.109 seconds
