[2024-05-11T11:15:18.718+0200] {processor.py:161} INFO - Started process (PID=127701) to work on /home/munya/.local/lib/python3.11/site-packages/airflow/example_dags/example_time_delta_sensor_async.py
[2024-05-11T11:15:18.718+0200] {processor.py:830} INFO - Processing file /home/munya/.local/lib/python3.11/site-packages/airflow/example_dags/example_time_delta_sensor_async.py for tasks to queue
[2024-05-11T11:15:18.720+0200] {logging_mixin.py:188} INFO - [2024-05-11T11:15:18.720+0200] {dagbag.py:540} INFO - Filling up the DagBag from /home/munya/.local/lib/python3.11/site-packages/airflow/example_dags/example_time_delta_sensor_async.py
[2024-05-11T11:15:18.724+0200] {processor.py:840} INFO - DAG(s) 'example_time_delta_sensor_async' retrieved from /home/munya/.local/lib/python3.11/site-packages/airflow/example_dags/example_time_delta_sensor_async.py
[2024-05-11T11:15:18.737+0200] {logging_mixin.py:188} INFO - [2024-05-11T11:15:18.736+0200] {dag.py:3096} INFO - Sync 1 DAGs
[2024-05-11T11:15:18.746+0200] {logging_mixin.py:188} INFO - [2024-05-11T11:15:18.745+0200] {dag.py:3954} INFO - Setting next_dagrun for example_time_delta_sensor_async to None, run_after=None
[2024-05-11T11:15:18.762+0200] {processor.py:183} INFO - Processing /home/munya/.local/lib/python3.11/site-packages/airflow/example_dags/example_time_delta_sensor_async.py took 0.049 seconds
[2024-05-11T11:16:17.630+0200] {processor.py:161} INFO - Started process (PID=128886) to work on /home/munya/.local/lib/python3.11/site-packages/airflow/example_dags/example_time_delta_sensor_async.py
[2024-05-11T11:16:17.631+0200] {processor.py:830} INFO - Processing file /home/munya/.local/lib/python3.11/site-packages/airflow/example_dags/example_time_delta_sensor_async.py for tasks to queue
[2024-05-11T11:16:17.634+0200] {logging_mixin.py:188} INFO - [2024-05-11T11:16:17.633+0200] {dagbag.py:540} INFO - Filling up the DagBag from /home/munya/.local/lib/python3.11/site-packages/airflow/example_dags/example_time_delta_sensor_async.py
[2024-05-11T11:16:17.639+0200] {processor.py:840} INFO - DAG(s) 'example_time_delta_sensor_async' retrieved from /home/munya/.local/lib/python3.11/site-packages/airflow/example_dags/example_time_delta_sensor_async.py
[2024-05-11T11:16:17.657+0200] {logging_mixin.py:188} INFO - [2024-05-11T11:16:17.657+0200] {dag.py:3096} INFO - Sync 1 DAGs
[2024-05-11T11:16:17.671+0200] {logging_mixin.py:188} INFO - [2024-05-11T11:16:17.671+0200] {dag.py:3954} INFO - Setting next_dagrun for example_time_delta_sensor_async to None, run_after=None
[2024-05-11T11:16:17.696+0200] {processor.py:183} INFO - Processing /home/munya/.local/lib/python3.11/site-packages/airflow/example_dags/example_time_delta_sensor_async.py took 0.072 seconds
[2024-05-11T11:17:16.429+0200] {processor.py:161} INFO - Started process (PID=130172) to work on /home/munya/.local/lib/python3.11/site-packages/airflow/example_dags/example_time_delta_sensor_async.py
[2024-05-11T11:17:16.429+0200] {processor.py:830} INFO - Processing file /home/munya/.local/lib/python3.11/site-packages/airflow/example_dags/example_time_delta_sensor_async.py for tasks to queue
[2024-05-11T11:17:16.431+0200] {logging_mixin.py:188} INFO - [2024-05-11T11:17:16.431+0200] {dagbag.py:540} INFO - Filling up the DagBag from /home/munya/.local/lib/python3.11/site-packages/airflow/example_dags/example_time_delta_sensor_async.py
[2024-05-11T11:17:16.435+0200] {processor.py:840} INFO - DAG(s) 'example_time_delta_sensor_async' retrieved from /home/munya/.local/lib/python3.11/site-packages/airflow/example_dags/example_time_delta_sensor_async.py
[2024-05-11T11:17:16.448+0200] {logging_mixin.py:188} INFO - [2024-05-11T11:17:16.447+0200] {dag.py:3096} INFO - Sync 1 DAGs
[2024-05-11T11:17:16.456+0200] {logging_mixin.py:188} INFO - [2024-05-11T11:17:16.456+0200] {dag.py:3954} INFO - Setting next_dagrun for example_time_delta_sensor_async to None, run_after=None
[2024-05-11T11:17:16.472+0200] {processor.py:183} INFO - Processing /home/munya/.local/lib/python3.11/site-packages/airflow/example_dags/example_time_delta_sensor_async.py took 0.049 seconds
[2024-05-11T11:18:18.155+0200] {processor.py:161} INFO - Started process (PID=131452) to work on /home/munya/.local/lib/python3.11/site-packages/airflow/example_dags/example_time_delta_sensor_async.py
[2024-05-11T11:18:18.157+0200] {processor.py:830} INFO - Processing file /home/munya/.local/lib/python3.11/site-packages/airflow/example_dags/example_time_delta_sensor_async.py for tasks to queue
[2024-05-11T11:18:18.163+0200] {logging_mixin.py:188} INFO - [2024-05-11T11:18:18.161+0200] {dagbag.py:540} INFO - Filling up the DagBag from /home/munya/.local/lib/python3.11/site-packages/airflow/example_dags/example_time_delta_sensor_async.py
[2024-05-11T11:18:18.177+0200] {processor.py:840} INFO - DAG(s) 'example_time_delta_sensor_async' retrieved from /home/munya/.local/lib/python3.11/site-packages/airflow/example_dags/example_time_delta_sensor_async.py
[2024-05-11T11:18:18.224+0200] {logging_mixin.py:188} INFO - [2024-05-11T11:18:18.223+0200] {dag.py:3096} INFO - Sync 1 DAGs
[2024-05-11T11:18:18.258+0200] {logging_mixin.py:188} INFO - [2024-05-11T11:18:18.257+0200] {dag.py:3954} INFO - Setting next_dagrun for example_time_delta_sensor_async to None, run_after=None
[2024-05-11T11:18:18.311+0200] {processor.py:183} INFO - Processing /home/munya/.local/lib/python3.11/site-packages/airflow/example_dags/example_time_delta_sensor_async.py took 0.175 seconds
[2024-05-11T11:19:23.804+0200] {processor.py:161} INFO - Started process (PID=132784) to work on /home/munya/.local/lib/python3.11/site-packages/airflow/example_dags/example_time_delta_sensor_async.py
[2024-05-11T11:19:23.805+0200] {processor.py:830} INFO - Processing file /home/munya/.local/lib/python3.11/site-packages/airflow/example_dags/example_time_delta_sensor_async.py for tasks to queue
[2024-05-11T11:19:23.807+0200] {logging_mixin.py:188} INFO - [2024-05-11T11:19:23.806+0200] {dagbag.py:540} INFO - Filling up the DagBag from /home/munya/.local/lib/python3.11/site-packages/airflow/example_dags/example_time_delta_sensor_async.py
[2024-05-11T11:19:23.811+0200] {processor.py:840} INFO - DAG(s) 'example_time_delta_sensor_async' retrieved from /home/munya/.local/lib/python3.11/site-packages/airflow/example_dags/example_time_delta_sensor_async.py
[2024-05-11T11:19:23.824+0200] {logging_mixin.py:188} INFO - [2024-05-11T11:19:23.824+0200] {dag.py:3096} INFO - Sync 1 DAGs
[2024-05-11T11:19:23.834+0200] {logging_mixin.py:188} INFO - [2024-05-11T11:19:23.834+0200] {dag.py:3954} INFO - Setting next_dagrun for example_time_delta_sensor_async to None, run_after=None
[2024-05-11T11:19:23.854+0200] {processor.py:183} INFO - Processing /home/munya/.local/lib/python3.11/site-packages/airflow/example_dags/example_time_delta_sensor_async.py took 0.056 seconds
[2024-05-11T11:20:32.612+0200] {processor.py:161} INFO - Started process (PID=134144) to work on /home/munya/.local/lib/python3.11/site-packages/airflow/example_dags/example_time_delta_sensor_async.py
[2024-05-11T11:20:32.612+0200] {processor.py:830} INFO - Processing file /home/munya/.local/lib/python3.11/site-packages/airflow/example_dags/example_time_delta_sensor_async.py for tasks to queue
[2024-05-11T11:20:32.614+0200] {logging_mixin.py:188} INFO - [2024-05-11T11:20:32.614+0200] {dagbag.py:540} INFO - Filling up the DagBag from /home/munya/.local/lib/python3.11/site-packages/airflow/example_dags/example_time_delta_sensor_async.py
[2024-05-11T11:20:32.618+0200] {processor.py:840} INFO - DAG(s) 'example_time_delta_sensor_async' retrieved from /home/munya/.local/lib/python3.11/site-packages/airflow/example_dags/example_time_delta_sensor_async.py
[2024-05-11T11:20:32.631+0200] {logging_mixin.py:188} INFO - [2024-05-11T11:20:32.630+0200] {dag.py:3096} INFO - Sync 1 DAGs
[2024-05-11T11:20:32.640+0200] {logging_mixin.py:188} INFO - [2024-05-11T11:20:32.639+0200] {dag.py:3954} INFO - Setting next_dagrun for example_time_delta_sensor_async to None, run_after=None
[2024-05-11T11:20:32.656+0200] {processor.py:183} INFO - Processing /home/munya/.local/lib/python3.11/site-packages/airflow/example_dags/example_time_delta_sensor_async.py took 0.050 seconds
[2024-05-11T11:21:35.832+0200] {processor.py:161} INFO - Started process (PID=135444) to work on /home/munya/.local/lib/python3.11/site-packages/airflow/example_dags/example_time_delta_sensor_async.py
[2024-05-11T11:21:35.833+0200] {processor.py:830} INFO - Processing file /home/munya/.local/lib/python3.11/site-packages/airflow/example_dags/example_time_delta_sensor_async.py for tasks to queue
[2024-05-11T11:21:35.834+0200] {logging_mixin.py:188} INFO - [2024-05-11T11:21:35.834+0200] {dagbag.py:540} INFO - Filling up the DagBag from /home/munya/.local/lib/python3.11/site-packages/airflow/example_dags/example_time_delta_sensor_async.py
[2024-05-11T11:21:35.839+0200] {processor.py:840} INFO - DAG(s) 'example_time_delta_sensor_async' retrieved from /home/munya/.local/lib/python3.11/site-packages/airflow/example_dags/example_time_delta_sensor_async.py
[2024-05-11T11:21:35.853+0200] {logging_mixin.py:188} INFO - [2024-05-11T11:21:35.853+0200] {dag.py:3096} INFO - Sync 1 DAGs
[2024-05-11T11:21:35.865+0200] {logging_mixin.py:188} INFO - [2024-05-11T11:21:35.864+0200] {dag.py:3954} INFO - Setting next_dagrun for example_time_delta_sensor_async to None, run_after=None
[2024-05-11T11:21:35.885+0200] {processor.py:183} INFO - Processing /home/munya/.local/lib/python3.11/site-packages/airflow/example_dags/example_time_delta_sensor_async.py took 0.059 seconds
