[2024-05-11T11:10:50.586+0200] {processor.py:161} INFO - Started process (PID=121910) to work on /home/munya/.local/lib/python3.11/site-packages/airflow/example_dags/example_branch_datetime_operator.py
[2024-05-11T11:10:50.587+0200] {processor.py:830} INFO - Processing file /home/munya/.local/lib/python3.11/site-packages/airflow/example_dags/example_branch_datetime_operator.py for tasks to queue
[2024-05-11T11:10:50.589+0200] {logging_mixin.py:188} INFO - [2024-05-11T11:10:50.588+0200] {dagbag.py:540} INFO - Filling up the DagBag from /home/munya/.local/lib/python3.11/site-packages/airflow/example_dags/example_branch_datetime_operator.py
[2024-05-11T11:10:50.597+0200] {processor.py:840} INFO - DAG(s) 'example_branch_datetime_operator', 'example_branch_datetime_operator_3', 'example_branch_datetime_operator_2' retrieved from /home/munya/.local/lib/python3.11/site-packages/airflow/example_dags/example_branch_datetime_operator.py
[2024-05-11T11:10:50.614+0200] {logging_mixin.py:188} INFO - [2024-05-11T11:10:50.614+0200] {dag.py:3096} INFO - Sync 3 DAGs
[2024-05-11T11:10:50.633+0200] {logging_mixin.py:188} INFO - [2024-05-11T11:10:50.633+0200] {dag.py:3954} INFO - Setting next_dagrun for example_branch_datetime_operator to 2024-05-10 00:00:00+00:00, run_after=2024-05-11 00:00:00+00:00
[2024-05-11T11:10:50.636+0200] {logging_mixin.py:188} INFO - [2024-05-11T11:10:50.636+0200] {dag.py:3954} INFO - Setting next_dagrun for example_branch_datetime_operator_2 to 2024-05-10 00:00:00+00:00, run_after=2024-05-11 00:00:00+00:00
[2024-05-11T11:10:50.638+0200] {logging_mixin.py:188} INFO - [2024-05-11T11:10:50.638+0200] {dag.py:3954} INFO - Setting next_dagrun for example_branch_datetime_operator_3 to 2024-05-10 00:00:00+00:00, run_after=2024-05-11 00:00:00+00:00
[2024-05-11T11:10:50.652+0200] {processor.py:183} INFO - Processing /home/munya/.local/lib/python3.11/site-packages/airflow/example_dags/example_branch_datetime_operator.py took 0.070 seconds
[2024-05-11T11:15:43.437+0200] {processor.py:161} INFO - Started process (PID=128170) to work on /home/munya/.local/lib/python3.11/site-packages/airflow/example_dags/example_branch_datetime_operator.py
[2024-05-11T11:15:43.438+0200] {processor.py:830} INFO - Processing file /home/munya/.local/lib/python3.11/site-packages/airflow/example_dags/example_branch_datetime_operator.py for tasks to queue
[2024-05-11T11:15:43.440+0200] {logging_mixin.py:188} INFO - [2024-05-11T11:15:43.439+0200] {dagbag.py:540} INFO - Filling up the DagBag from /home/munya/.local/lib/python3.11/site-packages/airflow/example_dags/example_branch_datetime_operator.py
[2024-05-11T11:15:43.448+0200] {processor.py:840} INFO - DAG(s) 'example_branch_datetime_operator_3', 'example_branch_datetime_operator', 'example_branch_datetime_operator_2' retrieved from /home/munya/.local/lib/python3.11/site-packages/airflow/example_dags/example_branch_datetime_operator.py
[2024-05-11T11:15:43.465+0200] {logging_mixin.py:188} INFO - [2024-05-11T11:15:43.465+0200] {dag.py:3096} INFO - Sync 3 DAGs
[2024-05-11T11:15:43.481+0200] {logging_mixin.py:188} INFO - [2024-05-11T11:15:43.481+0200] {dag.py:3954} INFO - Setting next_dagrun for example_branch_datetime_operator to 2024-05-10 00:00:00+00:00, run_after=2024-05-11 00:00:00+00:00
[2024-05-11T11:15:43.485+0200] {logging_mixin.py:188} INFO - [2024-05-11T11:15:43.485+0200] {dag.py:3954} INFO - Setting next_dagrun for example_branch_datetime_operator_2 to 2024-05-10 00:00:00+00:00, run_after=2024-05-11 00:00:00+00:00
[2024-05-11T11:15:43.487+0200] {logging_mixin.py:188} INFO - [2024-05-11T11:15:43.486+0200] {dag.py:3954} INFO - Setting next_dagrun for example_branch_datetime_operator_3 to 2024-05-10 00:00:00+00:00, run_after=2024-05-11 00:00:00+00:00
[2024-05-11T11:15:43.503+0200] {processor.py:183} INFO - Processing /home/munya/.local/lib/python3.11/site-packages/airflow/example_dags/example_branch_datetime_operator.py took 0.071 seconds
[2024-05-11T11:16:46.544+0200] {processor.py:161} INFO - Started process (PID=129548) to work on /home/munya/.local/lib/python3.11/site-packages/airflow/example_dags/example_branch_datetime_operator.py
[2024-05-11T11:16:46.545+0200] {processor.py:830} INFO - Processing file /home/munya/.local/lib/python3.11/site-packages/airflow/example_dags/example_branch_datetime_operator.py for tasks to queue
[2024-05-11T11:16:46.547+0200] {logging_mixin.py:188} INFO - [2024-05-11T11:16:46.546+0200] {dagbag.py:540} INFO - Filling up the DagBag from /home/munya/.local/lib/python3.11/site-packages/airflow/example_dags/example_branch_datetime_operator.py
[2024-05-11T11:16:46.560+0200] {processor.py:840} INFO - DAG(s) 'example_branch_datetime_operator', 'example_branch_datetime_operator_3', 'example_branch_datetime_operator_2' retrieved from /home/munya/.local/lib/python3.11/site-packages/airflow/example_dags/example_branch_datetime_operator.py
[2024-05-11T11:16:46.581+0200] {logging_mixin.py:188} INFO - [2024-05-11T11:16:46.580+0200] {dag.py:3096} INFO - Sync 3 DAGs
[2024-05-11T11:16:46.599+0200] {logging_mixin.py:188} INFO - [2024-05-11T11:16:46.599+0200] {dag.py:3954} INFO - Setting next_dagrun for example_branch_datetime_operator to 2024-05-10 00:00:00+00:00, run_after=2024-05-11 00:00:00+00:00
[2024-05-11T11:16:46.603+0200] {logging_mixin.py:188} INFO - [2024-05-11T11:16:46.603+0200] {dag.py:3954} INFO - Setting next_dagrun for example_branch_datetime_operator_2 to 2024-05-10 00:00:00+00:00, run_after=2024-05-11 00:00:00+00:00
[2024-05-11T11:16:46.605+0200] {logging_mixin.py:188} INFO - [2024-05-11T11:16:46.605+0200] {dag.py:3954} INFO - Setting next_dagrun for example_branch_datetime_operator_3 to 2024-05-10 00:00:00+00:00, run_after=2024-05-11 00:00:00+00:00
[2024-05-11T11:16:46.621+0200] {processor.py:183} INFO - Processing /home/munya/.local/lib/python3.11/site-packages/airflow/example_dags/example_branch_datetime_operator.py took 0.082 seconds
[2024-05-11T11:17:46.677+0200] {processor.py:161} INFO - Started process (PID=130756) to work on /home/munya/.local/lib/python3.11/site-packages/airflow/example_dags/example_branch_datetime_operator.py
[2024-05-11T11:17:46.680+0200] {processor.py:830} INFO - Processing file /home/munya/.local/lib/python3.11/site-packages/airflow/example_dags/example_branch_datetime_operator.py for tasks to queue
[2024-05-11T11:17:46.685+0200] {logging_mixin.py:188} INFO - [2024-05-11T11:17:46.684+0200] {dagbag.py:540} INFO - Filling up the DagBag from /home/munya/.local/lib/python3.11/site-packages/airflow/example_dags/example_branch_datetime_operator.py
[2024-05-11T11:17:46.729+0200] {processor.py:840} INFO - DAG(s) 'example_branch_datetime_operator', 'example_branch_datetime_operator_3', 'example_branch_datetime_operator_2' retrieved from /home/munya/.local/lib/python3.11/site-packages/airflow/example_dags/example_branch_datetime_operator.py
[2024-05-11T11:17:46.804+0200] {logging_mixin.py:188} INFO - [2024-05-11T11:17:46.803+0200] {dag.py:3096} INFO - Sync 3 DAGs
[2024-05-11T11:17:46.879+0200] {logging_mixin.py:188} INFO - [2024-05-11T11:17:46.878+0200] {dag.py:3954} INFO - Setting next_dagrun for example_branch_datetime_operator to 2024-05-10 00:00:00+00:00, run_after=2024-05-11 00:00:00+00:00
[2024-05-11T11:17:46.900+0200] {logging_mixin.py:188} INFO - [2024-05-11T11:17:46.899+0200] {dag.py:3954} INFO - Setting next_dagrun for example_branch_datetime_operator_2 to 2024-05-10 00:00:00+00:00, run_after=2024-05-11 00:00:00+00:00
[2024-05-11T11:17:46.913+0200] {logging_mixin.py:188} INFO - [2024-05-11T11:17:46.912+0200] {dag.py:3954} INFO - Setting next_dagrun for example_branch_datetime_operator_3 to 2024-05-10 00:00:00+00:00, run_after=2024-05-11 00:00:00+00:00
[2024-05-11T11:17:46.989+0200] {processor.py:183} INFO - Processing /home/munya/.local/lib/python3.11/site-packages/airflow/example_dags/example_branch_datetime_operator.py took 0.331 seconds
[2024-05-11T11:18:48.594+0200] {processor.py:161} INFO - Started process (PID=132064) to work on /home/munya/.local/lib/python3.11/site-packages/airflow/example_dags/example_branch_datetime_operator.py
[2024-05-11T11:18:48.595+0200] {processor.py:830} INFO - Processing file /home/munya/.local/lib/python3.11/site-packages/airflow/example_dags/example_branch_datetime_operator.py for tasks to queue
[2024-05-11T11:18:48.597+0200] {logging_mixin.py:188} INFO - [2024-05-11T11:18:48.597+0200] {dagbag.py:540} INFO - Filling up the DagBag from /home/munya/.local/lib/python3.11/site-packages/airflow/example_dags/example_branch_datetime_operator.py
[2024-05-11T11:18:48.612+0200] {processor.py:840} INFO - DAG(s) 'example_branch_datetime_operator_2', 'example_branch_datetime_operator_3', 'example_branch_datetime_operator' retrieved from /home/munya/.local/lib/python3.11/site-packages/airflow/example_dags/example_branch_datetime_operator.py
[2024-05-11T11:18:48.633+0200] {logging_mixin.py:188} INFO - [2024-05-11T11:18:48.633+0200] {dag.py:3096} INFO - Sync 3 DAGs
[2024-05-11T11:18:48.649+0200] {logging_mixin.py:188} INFO - [2024-05-11T11:18:48.649+0200] {dag.py:3954} INFO - Setting next_dagrun for example_branch_datetime_operator to 2024-05-10 00:00:00+00:00, run_after=2024-05-11 00:00:00+00:00
[2024-05-11T11:18:48.653+0200] {logging_mixin.py:188} INFO - [2024-05-11T11:18:48.653+0200] {dag.py:3954} INFO - Setting next_dagrun for example_branch_datetime_operator_2 to 2024-05-10 00:00:00+00:00, run_after=2024-05-11 00:00:00+00:00
[2024-05-11T11:18:48.655+0200] {logging_mixin.py:188} INFO - [2024-05-11T11:18:48.655+0200] {dag.py:3954} INFO - Setting next_dagrun for example_branch_datetime_operator_3 to 2024-05-10 00:00:00+00:00, run_after=2024-05-11 00:00:00+00:00
[2024-05-11T11:18:48.669+0200] {processor.py:183} INFO - Processing /home/munya/.local/lib/python3.11/site-packages/airflow/example_dags/example_branch_datetime_operator.py took 0.080 seconds
[2024-05-11T11:19:54.610+0200] {processor.py:161} INFO - Started process (PID=133399) to work on /home/munya/.local/lib/python3.11/site-packages/airflow/example_dags/example_branch_datetime_operator.py
[2024-05-11T11:19:54.611+0200] {processor.py:830} INFO - Processing file /home/munya/.local/lib/python3.11/site-packages/airflow/example_dags/example_branch_datetime_operator.py for tasks to queue
[2024-05-11T11:19:54.613+0200] {logging_mixin.py:188} INFO - [2024-05-11T11:19:54.612+0200] {dagbag.py:540} INFO - Filling up the DagBag from /home/munya/.local/lib/python3.11/site-packages/airflow/example_dags/example_branch_datetime_operator.py
[2024-05-11T11:19:54.622+0200] {processor.py:840} INFO - DAG(s) 'example_branch_datetime_operator', 'example_branch_datetime_operator_3', 'example_branch_datetime_operator_2' retrieved from /home/munya/.local/lib/python3.11/site-packages/airflow/example_dags/example_branch_datetime_operator.py
[2024-05-11T11:19:54.642+0200] {logging_mixin.py:188} INFO - [2024-05-11T11:19:54.641+0200] {dag.py:3096} INFO - Sync 3 DAGs
[2024-05-11T11:19:54.661+0200] {logging_mixin.py:188} INFO - [2024-05-11T11:19:54.661+0200] {dag.py:3954} INFO - Setting next_dagrun for example_branch_datetime_operator to 2024-05-10 00:00:00+00:00, run_after=2024-05-11 00:00:00+00:00
[2024-05-11T11:19:54.665+0200] {logging_mixin.py:188} INFO - [2024-05-11T11:19:54.665+0200] {dag.py:3954} INFO - Setting next_dagrun for example_branch_datetime_operator_2 to 2024-05-10 00:00:00+00:00, run_after=2024-05-11 00:00:00+00:00
[2024-05-11T11:19:54.667+0200] {logging_mixin.py:188} INFO - [2024-05-11T11:19:54.667+0200] {dag.py:3954} INFO - Setting next_dagrun for example_branch_datetime_operator_3 to 2024-05-10 00:00:00+00:00, run_after=2024-05-11 00:00:00+00:00
[2024-05-11T11:19:54.685+0200] {processor.py:183} INFO - Processing /home/munya/.local/lib/python3.11/site-packages/airflow/example_dags/example_branch_datetime_operator.py took 0.080 seconds
[2024-05-11T11:21:02.157+0200] {processor.py:161} INFO - Started process (PID=134735) to work on /home/munya/.local/lib/python3.11/site-packages/airflow/example_dags/example_branch_datetime_operator.py
[2024-05-11T11:21:02.158+0200] {processor.py:830} INFO - Processing file /home/munya/.local/lib/python3.11/site-packages/airflow/example_dags/example_branch_datetime_operator.py for tasks to queue
[2024-05-11T11:21:02.159+0200] {logging_mixin.py:188} INFO - [2024-05-11T11:21:02.159+0200] {dagbag.py:540} INFO - Filling up the DagBag from /home/munya/.local/lib/python3.11/site-packages/airflow/example_dags/example_branch_datetime_operator.py
[2024-05-11T11:21:02.168+0200] {processor.py:840} INFO - DAG(s) 'example_branch_datetime_operator_2', 'example_branch_datetime_operator', 'example_branch_datetime_operator_3' retrieved from /home/munya/.local/lib/python3.11/site-packages/airflow/example_dags/example_branch_datetime_operator.py
[2024-05-11T11:21:02.185+0200] {logging_mixin.py:188} INFO - [2024-05-11T11:21:02.185+0200] {dag.py:3096} INFO - Sync 3 DAGs
[2024-05-11T11:21:02.201+0200] {logging_mixin.py:188} INFO - [2024-05-11T11:21:02.201+0200] {dag.py:3954} INFO - Setting next_dagrun for example_branch_datetime_operator to 2024-05-10 00:00:00+00:00, run_after=2024-05-11 00:00:00+00:00
[2024-05-11T11:21:02.205+0200] {logging_mixin.py:188} INFO - [2024-05-11T11:21:02.204+0200] {dag.py:3954} INFO - Setting next_dagrun for example_branch_datetime_operator_2 to 2024-05-10 00:00:00+00:00, run_after=2024-05-11 00:00:00+00:00
[2024-05-11T11:21:02.206+0200] {logging_mixin.py:188} INFO - [2024-05-11T11:21:02.206+0200] {dag.py:3954} INFO - Setting next_dagrun for example_branch_datetime_operator_3 to 2024-05-10 00:00:00+00:00, run_after=2024-05-11 00:00:00+00:00
[2024-05-11T11:21:02.220+0200] {processor.py:183} INFO - Processing /home/munya/.local/lib/python3.11/site-packages/airflow/example_dags/example_branch_datetime_operator.py took 0.068 seconds
