[2024-05-11T11:15:16.447+0200] {processor.py:161} INFO - Started process (PID=127648) to work on /home/munya/.local/lib/python3.11/site-packages/airflow/example_dags/example_trigger_controller_dag.py
[2024-05-11T11:15:16.448+0200] {processor.py:830} INFO - Processing file /home/munya/.local/lib/python3.11/site-packages/airflow/example_dags/example_trigger_controller_dag.py for tasks to queue
[2024-05-11T11:15:16.450+0200] {logging_mixin.py:188} INFO - [2024-05-11T11:15:16.449+0200] {dagbag.py:540} INFO - Filling up the DagBag from /home/munya/.local/lib/python3.11/site-packages/airflow/example_dags/example_trigger_controller_dag.py
[2024-05-11T11:15:16.454+0200] {processor.py:840} INFO - DAG(s) 'example_trigger_controller_dag' retrieved from /home/munya/.local/lib/python3.11/site-packages/airflow/example_dags/example_trigger_controller_dag.py
[2024-05-11T11:15:16.466+0200] {logging_mixin.py:188} INFO - [2024-05-11T11:15:16.466+0200] {dag.py:3096} INFO - Sync 1 DAGs
[2024-05-11T11:15:16.481+0200] {logging_mixin.py:188} INFO - [2024-05-11T11:15:16.481+0200] {dag.py:3954} INFO - Setting next_dagrun for example_trigger_controller_dag to 2021-01-01 00:00:00+00:00, run_after=2021-01-01 00:00:00+00:00
[2024-05-11T11:15:16.496+0200] {processor.py:183} INFO - Processing /home/munya/.local/lib/python3.11/site-packages/airflow/example_dags/example_trigger_controller_dag.py took 0.054 seconds
[2024-05-11T11:16:16.293+0200] {processor.py:161} INFO - Started process (PID=128862) to work on /home/munya/.local/lib/python3.11/site-packages/airflow/example_dags/example_trigger_controller_dag.py
[2024-05-11T11:16:16.294+0200] {processor.py:830} INFO - Processing file /home/munya/.local/lib/python3.11/site-packages/airflow/example_dags/example_trigger_controller_dag.py for tasks to queue
[2024-05-11T11:16:16.296+0200] {logging_mixin.py:188} INFO - [2024-05-11T11:16:16.295+0200] {dagbag.py:540} INFO - Filling up the DagBag from /home/munya/.local/lib/python3.11/site-packages/airflow/example_dags/example_trigger_controller_dag.py
[2024-05-11T11:16:16.300+0200] {processor.py:840} INFO - DAG(s) 'example_trigger_controller_dag' retrieved from /home/munya/.local/lib/python3.11/site-packages/airflow/example_dags/example_trigger_controller_dag.py
[2024-05-11T11:16:16.314+0200] {logging_mixin.py:188} INFO - [2024-05-11T11:16:16.314+0200] {dag.py:3096} INFO - Sync 1 DAGs
[2024-05-11T11:16:16.332+0200] {logging_mixin.py:188} INFO - [2024-05-11T11:16:16.332+0200] {dag.py:3954} INFO - Setting next_dagrun for example_trigger_controller_dag to 2021-01-01 00:00:00+00:00, run_after=2021-01-01 00:00:00+00:00
[2024-05-11T11:16:16.350+0200] {processor.py:183} INFO - Processing /home/munya/.local/lib/python3.11/site-packages/airflow/example_dags/example_trigger_controller_dag.py took 0.064 seconds
[2024-05-11T11:17:14.154+0200] {processor.py:161} INFO - Started process (PID=130101) to work on /home/munya/.local/lib/python3.11/site-packages/airflow/example_dags/example_trigger_controller_dag.py
[2024-05-11T11:17:14.155+0200] {processor.py:830} INFO - Processing file /home/munya/.local/lib/python3.11/site-packages/airflow/example_dags/example_trigger_controller_dag.py for tasks to queue
[2024-05-11T11:17:14.157+0200] {logging_mixin.py:188} INFO - [2024-05-11T11:17:14.156+0200] {dagbag.py:540} INFO - Filling up the DagBag from /home/munya/.local/lib/python3.11/site-packages/airflow/example_dags/example_trigger_controller_dag.py
[2024-05-11T11:17:14.162+0200] {processor.py:840} INFO - DAG(s) 'example_trigger_controller_dag' retrieved from /home/munya/.local/lib/python3.11/site-packages/airflow/example_dags/example_trigger_controller_dag.py
[2024-05-11T11:17:14.175+0200] {logging_mixin.py:188} INFO - [2024-05-11T11:17:14.175+0200] {dag.py:3096} INFO - Sync 1 DAGs
[2024-05-11T11:17:14.201+0200] {logging_mixin.py:188} INFO - [2024-05-11T11:17:14.201+0200] {dag.py:3954} INFO - Setting next_dagrun for example_trigger_controller_dag to 2021-01-01 00:00:00+00:00, run_after=2021-01-01 00:00:00+00:00
[2024-05-11T11:17:14.220+0200] {processor.py:183} INFO - Processing /home/munya/.local/lib/python3.11/site-packages/airflow/example_dags/example_trigger_controller_dag.py took 0.071 seconds
[2024-05-11T11:18:16.563+0200] {processor.py:161} INFO - Started process (PID=131408) to work on /home/munya/.local/lib/python3.11/site-packages/airflow/example_dags/example_trigger_controller_dag.py
[2024-05-11T11:18:16.564+0200] {processor.py:830} INFO - Processing file /home/munya/.local/lib/python3.11/site-packages/airflow/example_dags/example_trigger_controller_dag.py for tasks to queue
[2024-05-11T11:18:16.565+0200] {logging_mixin.py:188} INFO - [2024-05-11T11:18:16.565+0200] {dagbag.py:540} INFO - Filling up the DagBag from /home/munya/.local/lib/python3.11/site-packages/airflow/example_dags/example_trigger_controller_dag.py
[2024-05-11T11:18:16.570+0200] {processor.py:840} INFO - DAG(s) 'example_trigger_controller_dag' retrieved from /home/munya/.local/lib/python3.11/site-packages/airflow/example_dags/example_trigger_controller_dag.py
[2024-05-11T11:18:16.582+0200] {logging_mixin.py:188} INFO - [2024-05-11T11:18:16.582+0200] {dag.py:3096} INFO - Sync 1 DAGs
[2024-05-11T11:18:16.596+0200] {logging_mixin.py:188} INFO - [2024-05-11T11:18:16.596+0200] {dag.py:3954} INFO - Setting next_dagrun for example_trigger_controller_dag to 2021-01-01 00:00:00+00:00, run_after=2021-01-01 00:00:00+00:00
[2024-05-11T11:18:16.613+0200] {processor.py:183} INFO - Processing /home/munya/.local/lib/python3.11/site-packages/airflow/example_dags/example_trigger_controller_dag.py took 0.055 seconds
[2024-05-11T11:19:21.027+0200] {processor.py:161} INFO - Started process (PID=132707) to work on /home/munya/.local/lib/python3.11/site-packages/airflow/example_dags/example_trigger_controller_dag.py
[2024-05-11T11:19:21.030+0200] {processor.py:830} INFO - Processing file /home/munya/.local/lib/python3.11/site-packages/airflow/example_dags/example_trigger_controller_dag.py for tasks to queue
[2024-05-11T11:19:21.036+0200] {logging_mixin.py:188} INFO - [2024-05-11T11:19:21.035+0200] {dagbag.py:540} INFO - Filling up the DagBag from /home/munya/.local/lib/python3.11/site-packages/airflow/example_dags/example_trigger_controller_dag.py
[2024-05-11T11:19:21.057+0200] {processor.py:840} INFO - DAG(s) 'example_trigger_controller_dag' retrieved from /home/munya/.local/lib/python3.11/site-packages/airflow/example_dags/example_trigger_controller_dag.py
[2024-05-11T11:19:21.120+0200] {logging_mixin.py:188} INFO - [2024-05-11T11:19:21.120+0200] {dag.py:3096} INFO - Sync 1 DAGs
[2024-05-11T11:19:21.187+0200] {logging_mixin.py:188} INFO - [2024-05-11T11:19:21.186+0200] {dag.py:3954} INFO - Setting next_dagrun for example_trigger_controller_dag to 2021-01-01 00:00:00+00:00, run_after=2021-01-01 00:00:00+00:00
[2024-05-11T11:19:21.245+0200] {processor.py:183} INFO - Processing /home/munya/.local/lib/python3.11/site-packages/airflow/example_dags/example_trigger_controller_dag.py took 0.240 seconds
[2024-05-11T11:20:30.341+0200] {processor.py:161} INFO - Started process (PID=134112) to work on /home/munya/.local/lib/python3.11/site-packages/airflow/example_dags/example_trigger_controller_dag.py
[2024-05-11T11:20:30.342+0200] {processor.py:830} INFO - Processing file /home/munya/.local/lib/python3.11/site-packages/airflow/example_dags/example_trigger_controller_dag.py for tasks to queue
[2024-05-11T11:20:30.343+0200] {logging_mixin.py:188} INFO - [2024-05-11T11:20:30.343+0200] {dagbag.py:540} INFO - Filling up the DagBag from /home/munya/.local/lib/python3.11/site-packages/airflow/example_dags/example_trigger_controller_dag.py
[2024-05-11T11:20:30.348+0200] {processor.py:840} INFO - DAG(s) 'example_trigger_controller_dag' retrieved from /home/munya/.local/lib/python3.11/site-packages/airflow/example_dags/example_trigger_controller_dag.py
[2024-05-11T11:20:30.360+0200] {logging_mixin.py:188} INFO - [2024-05-11T11:20:30.360+0200] {dag.py:3096} INFO - Sync 1 DAGs
[2024-05-11T11:20:30.374+0200] {logging_mixin.py:188} INFO - [2024-05-11T11:20:30.374+0200] {dag.py:3954} INFO - Setting next_dagrun for example_trigger_controller_dag to 2021-01-01 00:00:00+00:00, run_after=2021-01-01 00:00:00+00:00
[2024-05-11T11:20:30.391+0200] {processor.py:183} INFO - Processing /home/munya/.local/lib/python3.11/site-packages/airflow/example_dags/example_trigger_controller_dag.py took 0.055 seconds
[2024-05-11T11:21:32.840+0200] {processor.py:161} INFO - Started process (PID=135382) to work on /home/munya/.local/lib/python3.11/site-packages/airflow/example_dags/example_trigger_controller_dag.py
[2024-05-11T11:21:32.845+0200] {processor.py:830} INFO - Processing file /home/munya/.local/lib/python3.11/site-packages/airflow/example_dags/example_trigger_controller_dag.py for tasks to queue
[2024-05-11T11:21:32.851+0200] {logging_mixin.py:188} INFO - [2024-05-11T11:21:32.850+0200] {dagbag.py:540} INFO - Filling up the DagBag from /home/munya/.local/lib/python3.11/site-packages/airflow/example_dags/example_trigger_controller_dag.py
[2024-05-11T11:21:32.871+0200] {processor.py:840} INFO - DAG(s) 'example_trigger_controller_dag' retrieved from /home/munya/.local/lib/python3.11/site-packages/airflow/example_dags/example_trigger_controller_dag.py
[2024-05-11T11:21:32.935+0200] {logging_mixin.py:188} INFO - [2024-05-11T11:21:32.935+0200] {dag.py:3096} INFO - Sync 1 DAGs
[2024-05-11T11:21:33.091+0200] {logging_mixin.py:188} INFO - [2024-05-11T11:21:33.082+0200] {dag.py:3954} INFO - Setting next_dagrun for example_trigger_controller_dag to 2021-01-01 00:00:00+00:00, run_after=2021-01-01 00:00:00+00:00
[2024-05-11T11:21:33.342+0200] {processor.py:183} INFO - Processing /home/munya/.local/lib/python3.11/site-packages/airflow/example_dags/example_trigger_controller_dag.py took 0.529 seconds
