[2024-05-11T11:12:19.823+0200] {processor.py:161} INFO - Started process (PID=123904) to work on /home/munya/.local/lib/python3.11/site-packages/airflow/example_dags/example_branch_day_of_week_operator.py
[2024-05-11T11:12:19.824+0200] {processor.py:830} INFO - Processing file /home/munya/.local/lib/python3.11/site-packages/airflow/example_dags/example_branch_day_of_week_operator.py for tasks to queue
[2024-05-11T11:12:19.825+0200] {logging_mixin.py:188} INFO - [2024-05-11T11:12:19.825+0200] {dagbag.py:540} INFO - Filling up the DagBag from /home/munya/.local/lib/python3.11/site-packages/airflow/example_dags/example_branch_day_of_week_operator.py
[2024-05-11T11:12:19.832+0200] {processor.py:840} INFO - DAG(s) 'example_weekday_branch_operator' retrieved from /home/munya/.local/lib/python3.11/site-packages/airflow/example_dags/example_branch_day_of_week_operator.py
[2024-05-11T11:12:19.845+0200] {logging_mixin.py:188} INFO - [2024-05-11T11:12:19.845+0200] {dag.py:3096} INFO - Sync 1 DAGs
[2024-05-11T11:12:19.861+0200] {logging_mixin.py:188} INFO - [2024-05-11T11:12:19.861+0200] {dag.py:3954} INFO - Setting next_dagrun for example_weekday_branch_operator to 2024-05-10 00:00:00+00:00, run_after=2024-05-11 00:00:00+00:00
[2024-05-11T11:12:19.878+0200] {processor.py:183} INFO - Processing /home/munya/.local/lib/python3.11/site-packages/airflow/example_dags/example_branch_day_of_week_operator.py took 0.060 seconds
[2024-05-11T11:16:23.930+0200] {processor.py:161} INFO - Started process (PID=129042) to work on /home/munya/.local/lib/python3.11/site-packages/airflow/example_dags/example_branch_day_of_week_operator.py
[2024-05-11T11:16:23.931+0200] {processor.py:830} INFO - Processing file /home/munya/.local/lib/python3.11/site-packages/airflow/example_dags/example_branch_day_of_week_operator.py for tasks to queue
[2024-05-11T11:16:23.933+0200] {logging_mixin.py:188} INFO - [2024-05-11T11:16:23.933+0200] {dagbag.py:540} INFO - Filling up the DagBag from /home/munya/.local/lib/python3.11/site-packages/airflow/example_dags/example_branch_day_of_week_operator.py
[2024-05-11T11:16:23.940+0200] {processor.py:840} INFO - DAG(s) 'example_weekday_branch_operator' retrieved from /home/munya/.local/lib/python3.11/site-packages/airflow/example_dags/example_branch_day_of_week_operator.py
[2024-05-11T11:16:23.954+0200] {logging_mixin.py:188} INFO - [2024-05-11T11:16:23.954+0200] {dag.py:3096} INFO - Sync 1 DAGs
[2024-05-11T11:16:23.971+0200] {logging_mixin.py:188} INFO - [2024-05-11T11:16:23.971+0200] {dag.py:3954} INFO - Setting next_dagrun for example_weekday_branch_operator to 2024-05-10 00:00:00+00:00, run_after=2024-05-11 00:00:00+00:00
[2024-05-11T11:16:23.988+0200] {processor.py:183} INFO - Processing /home/munya/.local/lib/python3.11/site-packages/airflow/example_dags/example_branch_day_of_week_operator.py took 0.065 seconds
[2024-05-11T11:17:23.025+0200] {processor.py:161} INFO - Started process (PID=130280) to work on /home/munya/.local/lib/python3.11/site-packages/airflow/example_dags/example_branch_day_of_week_operator.py
[2024-05-11T11:17:23.028+0200] {processor.py:830} INFO - Processing file /home/munya/.local/lib/python3.11/site-packages/airflow/example_dags/example_branch_day_of_week_operator.py for tasks to queue
[2024-05-11T11:17:23.034+0200] {logging_mixin.py:188} INFO - [2024-05-11T11:17:23.032+0200] {dagbag.py:540} INFO - Filling up the DagBag from /home/munya/.local/lib/python3.11/site-packages/airflow/example_dags/example_branch_day_of_week_operator.py
[2024-05-11T11:17:23.058+0200] {processor.py:840} INFO - DAG(s) 'example_weekday_branch_operator' retrieved from /home/munya/.local/lib/python3.11/site-packages/airflow/example_dags/example_branch_day_of_week_operator.py
[2024-05-11T11:17:23.107+0200] {logging_mixin.py:188} INFO - [2024-05-11T11:17:23.106+0200] {dag.py:3096} INFO - Sync 1 DAGs
[2024-05-11T11:17:23.166+0200] {logging_mixin.py:188} INFO - [2024-05-11T11:17:23.165+0200] {dag.py:3954} INFO - Setting next_dagrun for example_weekday_branch_operator to 2024-05-10 00:00:00+00:00, run_after=2024-05-11 00:00:00+00:00
[2024-05-11T11:17:23.218+0200] {processor.py:183} INFO - Processing /home/munya/.local/lib/python3.11/site-packages/airflow/example_dags/example_branch_day_of_week_operator.py took 0.211 seconds
[2024-05-11T11:18:25.405+0200] {processor.py:161} INFO - Started process (PID=131575) to work on /home/munya/.local/lib/python3.11/site-packages/airflow/example_dags/example_branch_day_of_week_operator.py
[2024-05-11T11:18:25.406+0200] {processor.py:830} INFO - Processing file /home/munya/.local/lib/python3.11/site-packages/airflow/example_dags/example_branch_day_of_week_operator.py for tasks to queue
[2024-05-11T11:18:25.408+0200] {logging_mixin.py:188} INFO - [2024-05-11T11:18:25.407+0200] {dagbag.py:540} INFO - Filling up the DagBag from /home/munya/.local/lib/python3.11/site-packages/airflow/example_dags/example_branch_day_of_week_operator.py
[2024-05-11T11:18:25.414+0200] {processor.py:840} INFO - DAG(s) 'example_weekday_branch_operator' retrieved from /home/munya/.local/lib/python3.11/site-packages/airflow/example_dags/example_branch_day_of_week_operator.py
[2024-05-11T11:18:25.428+0200] {logging_mixin.py:188} INFO - [2024-05-11T11:18:25.428+0200] {dag.py:3096} INFO - Sync 1 DAGs
[2024-05-11T11:18:25.444+0200] {logging_mixin.py:188} INFO - [2024-05-11T11:18:25.443+0200] {dag.py:3954} INFO - Setting next_dagrun for example_weekday_branch_operator to 2024-05-10 00:00:00+00:00, run_after=2024-05-11 00:00:00+00:00
[2024-05-11T11:18:25.460+0200] {processor.py:183} INFO - Processing /home/munya/.local/lib/python3.11/site-packages/airflow/example_dags/example_branch_day_of_week_operator.py took 0.060 seconds
[2024-05-11T11:19:30.087+0200] {processor.py:161} INFO - Started process (PID=132899) to work on /home/munya/.local/lib/python3.11/site-packages/airflow/example_dags/example_branch_day_of_week_operator.py
[2024-05-11T11:19:30.088+0200] {processor.py:830} INFO - Processing file /home/munya/.local/lib/python3.11/site-packages/airflow/example_dags/example_branch_day_of_week_operator.py for tasks to queue
[2024-05-11T11:19:30.090+0200] {logging_mixin.py:188} INFO - [2024-05-11T11:19:30.090+0200] {dagbag.py:540} INFO - Filling up the DagBag from /home/munya/.local/lib/python3.11/site-packages/airflow/example_dags/example_branch_day_of_week_operator.py
[2024-05-11T11:19:30.097+0200] {processor.py:840} INFO - DAG(s) 'example_weekday_branch_operator' retrieved from /home/munya/.local/lib/python3.11/site-packages/airflow/example_dags/example_branch_day_of_week_operator.py
[2024-05-11T11:19:30.113+0200] {logging_mixin.py:188} INFO - [2024-05-11T11:19:30.113+0200] {dag.py:3096} INFO - Sync 1 DAGs
[2024-05-11T11:19:30.132+0200] {logging_mixin.py:188} INFO - [2024-05-11T11:19:30.131+0200] {dag.py:3954} INFO - Setting next_dagrun for example_weekday_branch_operator to 2024-05-10 00:00:00+00:00, run_after=2024-05-11 00:00:00+00:00
[2024-05-11T11:19:30.150+0200] {processor.py:183} INFO - Processing /home/munya/.local/lib/python3.11/site-packages/airflow/example_dags/example_branch_day_of_week_operator.py took 0.071 seconds
[2024-05-11T11:20:38.404+0200] {processor.py:161} INFO - Started process (PID=134279) to work on /home/munya/.local/lib/python3.11/site-packages/airflow/example_dags/example_branch_day_of_week_operator.py
[2024-05-11T11:20:38.407+0200] {processor.py:830} INFO - Processing file /home/munya/.local/lib/python3.11/site-packages/airflow/example_dags/example_branch_day_of_week_operator.py for tasks to queue
[2024-05-11T11:20:38.412+0200] {logging_mixin.py:188} INFO - [2024-05-11T11:20:38.411+0200] {dagbag.py:540} INFO - Filling up the DagBag from /home/munya/.local/lib/python3.11/site-packages/airflow/example_dags/example_branch_day_of_week_operator.py
[2024-05-11T11:20:38.437+0200] {processor.py:840} INFO - DAG(s) 'example_weekday_branch_operator' retrieved from /home/munya/.local/lib/python3.11/site-packages/airflow/example_dags/example_branch_day_of_week_operator.py
[2024-05-11T11:20:38.488+0200] {logging_mixin.py:188} INFO - [2024-05-11T11:20:38.488+0200] {dag.py:3096} INFO - Sync 1 DAGs
[2024-05-11T11:20:38.549+0200] {logging_mixin.py:188} INFO - [2024-05-11T11:20:38.549+0200] {dag.py:3954} INFO - Setting next_dagrun for example_weekday_branch_operator to 2024-05-10 00:00:00+00:00, run_after=2024-05-11 00:00:00+00:00
[2024-05-11T11:20:38.607+0200] {processor.py:183} INFO - Processing /home/munya/.local/lib/python3.11/site-packages/airflow/example_dags/example_branch_day_of_week_operator.py took 0.222 seconds
[2024-05-11T11:21:41.831+0200] {processor.py:161} INFO - Started process (PID=135555) to work on /home/munya/.local/lib/python3.11/site-packages/airflow/example_dags/example_branch_day_of_week_operator.py
[2024-05-11T11:21:41.834+0200] {processor.py:830} INFO - Processing file /home/munya/.local/lib/python3.11/site-packages/airflow/example_dags/example_branch_day_of_week_operator.py for tasks to queue
[2024-05-11T11:21:41.840+0200] {logging_mixin.py:188} INFO - [2024-05-11T11:21:41.838+0200] {dagbag.py:540} INFO - Filling up the DagBag from /home/munya/.local/lib/python3.11/site-packages/airflow/example_dags/example_branch_day_of_week_operator.py
[2024-05-11T11:21:41.868+0200] {processor.py:840} INFO - DAG(s) 'example_weekday_branch_operator' retrieved from /home/munya/.local/lib/python3.11/site-packages/airflow/example_dags/example_branch_day_of_week_operator.py
[2024-05-11T11:21:41.921+0200] {logging_mixin.py:188} INFO - [2024-05-11T11:21:41.920+0200] {dag.py:3096} INFO - Sync 1 DAGs
[2024-05-11T11:21:42.019+0200] {logging_mixin.py:188} INFO - [2024-05-11T11:21:42.018+0200] {dag.py:3954} INFO - Setting next_dagrun for example_weekday_branch_operator to 2024-05-10 00:00:00+00:00, run_after=2024-05-11 00:00:00+00:00
[2024-05-11T11:21:42.078+0200] {processor.py:183} INFO - Processing /home/munya/.local/lib/python3.11/site-packages/airflow/example_dags/example_branch_day_of_week_operator.py took 0.267 seconds
