[2024-05-11T11:10:55.387+0200] {processor.py:161} INFO - Started process (PID=122017) to work on /home/munya/.local/lib/python3.11/site-packages/airflow/example_dags/example_datasets.py
[2024-05-11T11:10:55.388+0200] {processor.py:830} INFO - Processing file /home/munya/.local/lib/python3.11/site-packages/airflow/example_dags/example_datasets.py for tasks to queue
[2024-05-11T11:10:55.390+0200] {logging_mixin.py:188} INFO - [2024-05-11T11:10:55.389+0200] {dagbag.py:540} INFO - Filling up the DagBag from /home/munya/.local/lib/python3.11/site-packages/airflow/example_dags/example_datasets.py
[2024-05-11T11:10:55.401+0200] {processor.py:840} INFO - DAG(s) 'dataset_consumes_1', 'consume_1_or_both_2_and_3_with_dataset_expressions', 'consume_1_and_2_with_dataset_expressions', 'dataset_consumes_1_never_scheduled', 'dataset_produces_2', 'dataset_consumes_1_and_2', 'consume_1_or_2_with_dataset_expressions', 'dataset_produces_1', 'dataset_consumes_unknown_never_scheduled', 'conditional_dataset_and_time_based_timetable' retrieved from /home/munya/.local/lib/python3.11/site-packages/airflow/example_dags/example_datasets.py
[2024-05-11T11:10:55.430+0200] {logging_mixin.py:188} INFO - [2024-05-11T11:10:55.429+0200] {dag.py:3096} INFO - Sync 10 DAGs
[2024-05-11T11:10:55.450+0200] {logging_mixin.py:188} INFO - [2024-05-11T11:10:55.450+0200] {dag.py:3954} INFO - Setting next_dagrun for conditional_dataset_and_time_based_timetable to 2024-05-08 01:00:00+00:00, run_after=2024-05-08 01:00:00+00:00
[2024-05-11T11:10:55.453+0200] {logging_mixin.py:188} INFO - [2024-05-11T11:10:55.452+0200] {dag.py:3954} INFO - Setting next_dagrun for consume_1_and_2_with_dataset_expressions to None, run_after=None
[2024-05-11T11:10:55.455+0200] {logging_mixin.py:188} INFO - [2024-05-11T11:10:55.454+0200] {dag.py:3954} INFO - Setting next_dagrun for consume_1_or_2_with_dataset_expressions to None, run_after=None
[2024-05-11T11:10:55.455+0200] {logging_mixin.py:188} INFO - [2024-05-11T11:10:55.455+0200] {dag.py:3954} INFO - Setting next_dagrun for consume_1_or_both_2_and_3_with_dataset_expressions to None, run_after=None
[2024-05-11T11:10:55.456+0200] {logging_mixin.py:188} INFO - [2024-05-11T11:10:55.456+0200] {dag.py:3954} INFO - Setting next_dagrun for dataset_consumes_1 to None, run_after=None
[2024-05-11T11:10:55.457+0200] {logging_mixin.py:188} INFO - [2024-05-11T11:10:55.457+0200] {dag.py:3954} INFO - Setting next_dagrun for dataset_consumes_1_and_2 to None, run_after=None
[2024-05-11T11:10:55.458+0200] {logging_mixin.py:188} INFO - [2024-05-11T11:10:55.458+0200] {dag.py:3954} INFO - Setting next_dagrun for dataset_consumes_1_never_scheduled to None, run_after=None
[2024-05-11T11:10:55.458+0200] {logging_mixin.py:188} INFO - [2024-05-11T11:10:55.458+0200] {dag.py:3954} INFO - Setting next_dagrun for dataset_consumes_unknown_never_scheduled to None, run_after=None
[2024-05-11T11:10:55.460+0200] {logging_mixin.py:188} INFO - [2024-05-11T11:10:55.460+0200] {dag.py:3954} INFO - Setting next_dagrun for dataset_produces_1 to 2024-05-10 00:00:00+00:00, run_after=2024-05-11 00:00:00+00:00
[2024-05-11T11:10:55.461+0200] {logging_mixin.py:188} INFO - [2024-05-11T11:10:55.460+0200] {dag.py:3954} INFO - Setting next_dagrun for dataset_produces_2 to None, run_after=None
[2024-05-11T11:10:55.486+0200] {processor.py:183} INFO - Processing /home/munya/.local/lib/python3.11/site-packages/airflow/example_dags/example_datasets.py took 0.104 seconds
[2024-05-11T11:15:45.706+0200] {processor.py:161} INFO - Started process (PID=128231) to work on /home/munya/.local/lib/python3.11/site-packages/airflow/example_dags/example_datasets.py
[2024-05-11T11:15:45.706+0200] {processor.py:830} INFO - Processing file /home/munya/.local/lib/python3.11/site-packages/airflow/example_dags/example_datasets.py for tasks to queue
[2024-05-11T11:15:45.708+0200] {logging_mixin.py:188} INFO - [2024-05-11T11:15:45.708+0200] {dagbag.py:540} INFO - Filling up the DagBag from /home/munya/.local/lib/python3.11/site-packages/airflow/example_dags/example_datasets.py
[2024-05-11T11:15:45.722+0200] {processor.py:840} INFO - DAG(s) 'dataset_consumes_unknown_never_scheduled', 'consume_1_and_2_with_dataset_expressions', 'dataset_produces_2', 'dataset_consumes_1_and_2', 'dataset_consumes_1', 'dataset_produces_1', 'consume_1_or_both_2_and_3_with_dataset_expressions', 'conditional_dataset_and_time_based_timetable', 'dataset_consumes_1_never_scheduled', 'consume_1_or_2_with_dataset_expressions' retrieved from /home/munya/.local/lib/python3.11/site-packages/airflow/example_dags/example_datasets.py
[2024-05-11T11:15:45.767+0200] {logging_mixin.py:188} INFO - [2024-05-11T11:15:45.767+0200] {dag.py:3096} INFO - Sync 10 DAGs
[2024-05-11T11:15:45.792+0200] {logging_mixin.py:188} INFO - [2024-05-11T11:15:45.792+0200] {dag.py:3954} INFO - Setting next_dagrun for conditional_dataset_and_time_based_timetable to 2024-05-08 01:00:00+00:00, run_after=2024-05-08 01:00:00+00:00
[2024-05-11T11:15:45.795+0200] {logging_mixin.py:188} INFO - [2024-05-11T11:15:45.795+0200] {dag.py:3954} INFO - Setting next_dagrun for consume_1_and_2_with_dataset_expressions to None, run_after=None
[2024-05-11T11:15:45.796+0200] {logging_mixin.py:188} INFO - [2024-05-11T11:15:45.796+0200] {dag.py:3954} INFO - Setting next_dagrun for consume_1_or_2_with_dataset_expressions to None, run_after=None
[2024-05-11T11:15:45.798+0200] {logging_mixin.py:188} INFO - [2024-05-11T11:15:45.797+0200] {dag.py:3954} INFO - Setting next_dagrun for consume_1_or_both_2_and_3_with_dataset_expressions to None, run_after=None
[2024-05-11T11:15:45.799+0200] {logging_mixin.py:188} INFO - [2024-05-11T11:15:45.798+0200] {dag.py:3954} INFO - Setting next_dagrun for dataset_consumes_1 to None, run_after=None
[2024-05-11T11:15:45.800+0200] {logging_mixin.py:188} INFO - [2024-05-11T11:15:45.800+0200] {dag.py:3954} INFO - Setting next_dagrun for dataset_consumes_1_and_2 to None, run_after=None
[2024-05-11T11:15:45.801+0200] {logging_mixin.py:188} INFO - [2024-05-11T11:15:45.801+0200] {dag.py:3954} INFO - Setting next_dagrun for dataset_consumes_1_never_scheduled to None, run_after=None
[2024-05-11T11:15:45.803+0200] {logging_mixin.py:188} INFO - [2024-05-11T11:15:45.803+0200] {dag.py:3954} INFO - Setting next_dagrun for dataset_consumes_unknown_never_scheduled to None, run_after=None
[2024-05-11T11:15:45.805+0200] {logging_mixin.py:188} INFO - [2024-05-11T11:15:45.805+0200] {dag.py:3954} INFO - Setting next_dagrun for dataset_produces_1 to 2024-05-10 00:00:00+00:00, run_after=2024-05-11 00:00:00+00:00
[2024-05-11T11:15:45.806+0200] {logging_mixin.py:188} INFO - [2024-05-11T11:15:45.806+0200] {dag.py:3954} INFO - Setting next_dagrun for dataset_produces_2 to None, run_after=None
[2024-05-11T11:15:45.836+0200] {processor.py:183} INFO - Processing /home/munya/.local/lib/python3.11/site-packages/airflow/example_dags/example_datasets.py took 0.136 seconds
[2024-05-11T11:16:48.115+0200] {processor.py:161} INFO - Started process (PID=129571) to work on /home/munya/.local/lib/python3.11/site-packages/airflow/example_dags/example_datasets.py
[2024-05-11T11:16:48.116+0200] {processor.py:830} INFO - Processing file /home/munya/.local/lib/python3.11/site-packages/airflow/example_dags/example_datasets.py for tasks to queue
[2024-05-11T11:16:48.118+0200] {logging_mixin.py:188} INFO - [2024-05-11T11:16:48.117+0200] {dagbag.py:540} INFO - Filling up the DagBag from /home/munya/.local/lib/python3.11/site-packages/airflow/example_dags/example_datasets.py
[2024-05-11T11:16:48.134+0200] {processor.py:840} INFO - DAG(s) 'dataset_consumes_1', 'conditional_dataset_and_time_based_timetable', 'dataset_consumes_unknown_never_scheduled', 'dataset_consumes_1_never_scheduled', 'consume_1_and_2_with_dataset_expressions', 'dataset_consumes_1_and_2', 'dataset_produces_1', 'consume_1_or_both_2_and_3_with_dataset_expressions', 'consume_1_or_2_with_dataset_expressions', 'dataset_produces_2' retrieved from /home/munya/.local/lib/python3.11/site-packages/airflow/example_dags/example_datasets.py
[2024-05-11T11:16:48.174+0200] {logging_mixin.py:188} INFO - [2024-05-11T11:16:48.174+0200] {dag.py:3096} INFO - Sync 10 DAGs
[2024-05-11T11:16:48.193+0200] {logging_mixin.py:188} INFO - [2024-05-11T11:16:48.192+0200] {dag.py:3954} INFO - Setting next_dagrun for conditional_dataset_and_time_based_timetable to 2024-05-08 01:00:00+00:00, run_after=2024-05-08 01:00:00+00:00
[2024-05-11T11:16:48.195+0200] {logging_mixin.py:188} INFO - [2024-05-11T11:16:48.195+0200] {dag.py:3954} INFO - Setting next_dagrun for consume_1_and_2_with_dataset_expressions to None, run_after=None
[2024-05-11T11:16:48.196+0200] {logging_mixin.py:188} INFO - [2024-05-11T11:16:48.196+0200] {dag.py:3954} INFO - Setting next_dagrun for consume_1_or_2_with_dataset_expressions to None, run_after=None
[2024-05-11T11:16:48.197+0200] {logging_mixin.py:188} INFO - [2024-05-11T11:16:48.197+0200] {dag.py:3954} INFO - Setting next_dagrun for consume_1_or_both_2_and_3_with_dataset_expressions to None, run_after=None
[2024-05-11T11:16:48.198+0200] {logging_mixin.py:188} INFO - [2024-05-11T11:16:48.197+0200] {dag.py:3954} INFO - Setting next_dagrun for dataset_consumes_1 to None, run_after=None
[2024-05-11T11:16:48.198+0200] {logging_mixin.py:188} INFO - [2024-05-11T11:16:48.198+0200] {dag.py:3954} INFO - Setting next_dagrun for dataset_consumes_1_and_2 to None, run_after=None
[2024-05-11T11:16:48.199+0200] {logging_mixin.py:188} INFO - [2024-05-11T11:16:48.199+0200] {dag.py:3954} INFO - Setting next_dagrun for dataset_consumes_1_never_scheduled to None, run_after=None
[2024-05-11T11:16:48.200+0200] {logging_mixin.py:188} INFO - [2024-05-11T11:16:48.200+0200] {dag.py:3954} INFO - Setting next_dagrun for dataset_consumes_unknown_never_scheduled to None, run_after=None
[2024-05-11T11:16:48.201+0200] {logging_mixin.py:188} INFO - [2024-05-11T11:16:48.201+0200] {dag.py:3954} INFO - Setting next_dagrun for dataset_produces_1 to 2024-05-10 00:00:00+00:00, run_after=2024-05-11 00:00:00+00:00
[2024-05-11T11:16:48.202+0200] {logging_mixin.py:188} INFO - [2024-05-11T11:16:48.202+0200] {dag.py:3954} INFO - Setting next_dagrun for dataset_produces_2 to None, run_after=None
[2024-05-11T11:16:48.226+0200] {processor.py:183} INFO - Processing /home/munya/.local/lib/python3.11/site-packages/airflow/example_dags/example_datasets.py took 0.116 seconds
[2024-05-11T11:17:48.839+0200] {processor.py:161} INFO - Started process (PID=130783) to work on /home/munya/.local/lib/python3.11/site-packages/airflow/example_dags/example_datasets.py
[2024-05-11T11:17:48.839+0200] {processor.py:830} INFO - Processing file /home/munya/.local/lib/python3.11/site-packages/airflow/example_dags/example_datasets.py for tasks to queue
[2024-05-11T11:17:48.841+0200] {logging_mixin.py:188} INFO - [2024-05-11T11:17:48.841+0200] {dagbag.py:540} INFO - Filling up the DagBag from /home/munya/.local/lib/python3.11/site-packages/airflow/example_dags/example_datasets.py
[2024-05-11T11:17:48.852+0200] {processor.py:840} INFO - DAG(s) 'dataset_consumes_1_never_scheduled', 'dataset_produces_1', 'dataset_consumes_1', 'consume_1_or_2_with_dataset_expressions', 'consume_1_or_both_2_and_3_with_dataset_expressions', 'consume_1_and_2_with_dataset_expressions', 'dataset_produces_2', 'dataset_consumes_1_and_2', 'dataset_consumes_unknown_never_scheduled', 'conditional_dataset_and_time_based_timetable' retrieved from /home/munya/.local/lib/python3.11/site-packages/airflow/example_dags/example_datasets.py
[2024-05-11T11:17:48.881+0200] {logging_mixin.py:188} INFO - [2024-05-11T11:17:48.881+0200] {dag.py:3096} INFO - Sync 10 DAGs
[2024-05-11T11:17:48.901+0200] {logging_mixin.py:188} INFO - [2024-05-11T11:17:48.901+0200] {dag.py:3954} INFO - Setting next_dagrun for conditional_dataset_and_time_based_timetable to 2024-05-08 01:00:00+00:00, run_after=2024-05-08 01:00:00+00:00
[2024-05-11T11:17:48.904+0200] {logging_mixin.py:188} INFO - [2024-05-11T11:17:48.903+0200] {dag.py:3954} INFO - Setting next_dagrun for consume_1_and_2_with_dataset_expressions to None, run_after=None
[2024-05-11T11:17:48.905+0200] {logging_mixin.py:188} INFO - [2024-05-11T11:17:48.905+0200] {dag.py:3954} INFO - Setting next_dagrun for consume_1_or_2_with_dataset_expressions to None, run_after=None
[2024-05-11T11:17:48.906+0200] {logging_mixin.py:188} INFO - [2024-05-11T11:17:48.906+0200] {dag.py:3954} INFO - Setting next_dagrun for consume_1_or_both_2_and_3_with_dataset_expressions to None, run_after=None
[2024-05-11T11:17:48.907+0200] {logging_mixin.py:188} INFO - [2024-05-11T11:17:48.907+0200] {dag.py:3954} INFO - Setting next_dagrun for dataset_consumes_1 to None, run_after=None
[2024-05-11T11:17:48.908+0200] {logging_mixin.py:188} INFO - [2024-05-11T11:17:48.908+0200] {dag.py:3954} INFO - Setting next_dagrun for dataset_consumes_1_and_2 to None, run_after=None
[2024-05-11T11:17:48.909+0200] {logging_mixin.py:188} INFO - [2024-05-11T11:17:48.909+0200] {dag.py:3954} INFO - Setting next_dagrun for dataset_consumes_1_never_scheduled to None, run_after=None
[2024-05-11T11:17:48.910+0200] {logging_mixin.py:188} INFO - [2024-05-11T11:17:48.910+0200] {dag.py:3954} INFO - Setting next_dagrun for dataset_consumes_unknown_never_scheduled to None, run_after=None
[2024-05-11T11:17:48.913+0200] {logging_mixin.py:188} INFO - [2024-05-11T11:17:48.912+0200] {dag.py:3954} INFO - Setting next_dagrun for dataset_produces_1 to 2024-05-10 00:00:00+00:00, run_after=2024-05-11 00:00:00+00:00
[2024-05-11T11:17:48.913+0200] {logging_mixin.py:188} INFO - [2024-05-11T11:17:48.913+0200] {dag.py:3954} INFO - Setting next_dagrun for dataset_produces_2 to None, run_after=None
[2024-05-11T11:17:48.940+0200] {processor.py:183} INFO - Processing /home/munya/.local/lib/python3.11/site-packages/airflow/example_dags/example_datasets.py took 0.106 seconds
[2024-05-11T11:18:51.185+0200] {processor.py:161} INFO - Started process (PID=132112) to work on /home/munya/.local/lib/python3.11/site-packages/airflow/example_dags/example_datasets.py
[2024-05-11T11:18:51.187+0200] {processor.py:830} INFO - Processing file /home/munya/.local/lib/python3.11/site-packages/airflow/example_dags/example_datasets.py for tasks to queue
[2024-05-11T11:18:51.193+0200] {logging_mixin.py:188} INFO - [2024-05-11T11:18:51.192+0200] {dagbag.py:540} INFO - Filling up the DagBag from /home/munya/.local/lib/python3.11/site-packages/airflow/example_dags/example_datasets.py
[2024-05-11T11:18:51.250+0200] {processor.py:840} INFO - DAG(s) 'consume_1_or_both_2_and_3_with_dataset_expressions', 'dataset_consumes_1', 'dataset_produces_2', 'consume_1_or_2_with_dataset_expressions', 'dataset_consumes_1_never_scheduled', 'dataset_consumes_unknown_never_scheduled', 'consume_1_and_2_with_dataset_expressions', 'conditional_dataset_and_time_based_timetable', 'dataset_produces_1', 'dataset_consumes_1_and_2' retrieved from /home/munya/.local/lib/python3.11/site-packages/airflow/example_dags/example_datasets.py
[2024-05-11T11:18:51.374+0200] {logging_mixin.py:188} INFO - [2024-05-11T11:18:51.373+0200] {dag.py:3096} INFO - Sync 10 DAGs
[2024-05-11T11:18:51.442+0200] {logging_mixin.py:188} INFO - [2024-05-11T11:18:51.441+0200] {dag.py:3954} INFO - Setting next_dagrun for conditional_dataset_and_time_based_timetable to 2024-05-08 01:00:00+00:00, run_after=2024-05-08 01:00:00+00:00
[2024-05-11T11:18:51.451+0200] {logging_mixin.py:188} INFO - [2024-05-11T11:18:51.451+0200] {dag.py:3954} INFO - Setting next_dagrun for consume_1_and_2_with_dataset_expressions to None, run_after=None
[2024-05-11T11:18:51.459+0200] {logging_mixin.py:188} INFO - [2024-05-11T11:18:51.458+0200] {dag.py:3954} INFO - Setting next_dagrun for consume_1_or_2_with_dataset_expressions to None, run_after=None
[2024-05-11T11:18:51.462+0200] {logging_mixin.py:188} INFO - [2024-05-11T11:18:51.461+0200] {dag.py:3954} INFO - Setting next_dagrun for consume_1_or_both_2_and_3_with_dataset_expressions to None, run_after=None
[2024-05-11T11:18:51.465+0200] {logging_mixin.py:188} INFO - [2024-05-11T11:18:51.464+0200] {dag.py:3954} INFO - Setting next_dagrun for dataset_consumes_1 to None, run_after=None
[2024-05-11T11:18:51.468+0200] {logging_mixin.py:188} INFO - [2024-05-11T11:18:51.468+0200] {dag.py:3954} INFO - Setting next_dagrun for dataset_consumes_1_and_2 to None, run_after=None
[2024-05-11T11:18:51.471+0200] {logging_mixin.py:188} INFO - [2024-05-11T11:18:51.471+0200] {dag.py:3954} INFO - Setting next_dagrun for dataset_consumes_1_never_scheduled to None, run_after=None
[2024-05-11T11:18:51.474+0200] {logging_mixin.py:188} INFO - [2024-05-11T11:18:51.474+0200] {dag.py:3954} INFO - Setting next_dagrun for dataset_consumes_unknown_never_scheduled to None, run_after=None
[2024-05-11T11:18:51.481+0200] {logging_mixin.py:188} INFO - [2024-05-11T11:18:51.480+0200] {dag.py:3954} INFO - Setting next_dagrun for dataset_produces_1 to 2024-05-10 00:00:00+00:00, run_after=2024-05-11 00:00:00+00:00
[2024-05-11T11:18:51.484+0200] {logging_mixin.py:188} INFO - [2024-05-11T11:18:51.483+0200] {dag.py:3954} INFO - Setting next_dagrun for dataset_produces_2 to None, run_after=None
[2024-05-11T11:18:51.585+0200] {processor.py:183} INFO - Processing /home/munya/.local/lib/python3.11/site-packages/airflow/example_dags/example_datasets.py took 0.419 seconds
[2024-05-11T11:19:56.339+0200] {processor.py:161} INFO - Started process (PID=133421) to work on /home/munya/.local/lib/python3.11/site-packages/airflow/example_dags/example_datasets.py
[2024-05-11T11:19:56.339+0200] {processor.py:830} INFO - Processing file /home/munya/.local/lib/python3.11/site-packages/airflow/example_dags/example_datasets.py for tasks to queue
[2024-05-11T11:19:56.341+0200] {logging_mixin.py:188} INFO - [2024-05-11T11:19:56.341+0200] {dagbag.py:540} INFO - Filling up the DagBag from /home/munya/.local/lib/python3.11/site-packages/airflow/example_dags/example_datasets.py
[2024-05-11T11:19:56.352+0200] {processor.py:840} INFO - DAG(s) 'dataset_produces_2', 'consume_1_and_2_with_dataset_expressions', 'consume_1_or_2_with_dataset_expressions', 'dataset_consumes_1_and_2', 'conditional_dataset_and_time_based_timetable', 'dataset_produces_1', 'dataset_consumes_1', 'consume_1_or_both_2_and_3_with_dataset_expressions', 'dataset_consumes_1_never_scheduled', 'dataset_consumes_unknown_never_scheduled' retrieved from /home/munya/.local/lib/python3.11/site-packages/airflow/example_dags/example_datasets.py
[2024-05-11T11:19:56.380+0200] {logging_mixin.py:188} INFO - [2024-05-11T11:19:56.380+0200] {dag.py:3096} INFO - Sync 10 DAGs
[2024-05-11T11:19:56.398+0200] {logging_mixin.py:188} INFO - [2024-05-11T11:19:56.398+0200] {dag.py:3954} INFO - Setting next_dagrun for conditional_dataset_and_time_based_timetable to 2024-05-08 01:00:00+00:00, run_after=2024-05-08 01:00:00+00:00
[2024-05-11T11:19:56.400+0200] {logging_mixin.py:188} INFO - [2024-05-11T11:19:56.400+0200] {dag.py:3954} INFO - Setting next_dagrun for consume_1_and_2_with_dataset_expressions to None, run_after=None
[2024-05-11T11:19:56.401+0200] {logging_mixin.py:188} INFO - [2024-05-11T11:19:56.401+0200] {dag.py:3954} INFO - Setting next_dagrun for consume_1_or_2_with_dataset_expressions to None, run_after=None
[2024-05-11T11:19:56.402+0200] {logging_mixin.py:188} INFO - [2024-05-11T11:19:56.402+0200] {dag.py:3954} INFO - Setting next_dagrun for consume_1_or_both_2_and_3_with_dataset_expressions to None, run_after=None
[2024-05-11T11:19:56.402+0200] {logging_mixin.py:188} INFO - [2024-05-11T11:19:56.402+0200] {dag.py:3954} INFO - Setting next_dagrun for dataset_consumes_1 to None, run_after=None
[2024-05-11T11:19:56.403+0200] {logging_mixin.py:188} INFO - [2024-05-11T11:19:56.403+0200] {dag.py:3954} INFO - Setting next_dagrun for dataset_consumes_1_and_2 to None, run_after=None
[2024-05-11T11:19:56.404+0200] {logging_mixin.py:188} INFO - [2024-05-11T11:19:56.404+0200] {dag.py:3954} INFO - Setting next_dagrun for dataset_consumes_1_never_scheduled to None, run_after=None
[2024-05-11T11:19:56.405+0200] {logging_mixin.py:188} INFO - [2024-05-11T11:19:56.404+0200] {dag.py:3954} INFO - Setting next_dagrun for dataset_consumes_unknown_never_scheduled to None, run_after=None
[2024-05-11T11:19:56.406+0200] {logging_mixin.py:188} INFO - [2024-05-11T11:19:56.406+0200] {dag.py:3954} INFO - Setting next_dagrun for dataset_produces_1 to 2024-05-10 00:00:00+00:00, run_after=2024-05-11 00:00:00+00:00
[2024-05-11T11:19:56.407+0200] {logging_mixin.py:188} INFO - [2024-05-11T11:19:56.407+0200] {dag.py:3954} INFO - Setting next_dagrun for dataset_produces_2 to None, run_after=None
[2024-05-11T11:19:56.431+0200] {processor.py:183} INFO - Processing /home/munya/.local/lib/python3.11/site-packages/airflow/example_dags/example_datasets.py took 0.097 seconds
[2024-05-11T11:21:04.428+0200] {processor.py:161} INFO - Started process (PID=134796) to work on /home/munya/.local/lib/python3.11/site-packages/airflow/example_dags/example_datasets.py
[2024-05-11T11:21:04.429+0200] {processor.py:830} INFO - Processing file /home/munya/.local/lib/python3.11/site-packages/airflow/example_dags/example_datasets.py for tasks to queue
[2024-05-11T11:21:04.430+0200] {logging_mixin.py:188} INFO - [2024-05-11T11:21:04.430+0200] {dagbag.py:540} INFO - Filling up the DagBag from /home/munya/.local/lib/python3.11/site-packages/airflow/example_dags/example_datasets.py
[2024-05-11T11:21:04.442+0200] {processor.py:840} INFO - DAG(s) 'consume_1_or_2_with_dataset_expressions', 'consume_1_or_both_2_and_3_with_dataset_expressions', 'dataset_produces_1', 'dataset_consumes_unknown_never_scheduled', 'dataset_produces_2', 'dataset_consumes_1_never_scheduled', 'conditional_dataset_and_time_based_timetable', 'dataset_consumes_1_and_2', 'dataset_consumes_1', 'consume_1_and_2_with_dataset_expressions' retrieved from /home/munya/.local/lib/python3.11/site-packages/airflow/example_dags/example_datasets.py
[2024-05-11T11:21:04.474+0200] {logging_mixin.py:188} INFO - [2024-05-11T11:21:04.474+0200] {dag.py:3096} INFO - Sync 10 DAGs
[2024-05-11T11:21:04.493+0200] {logging_mixin.py:188} INFO - [2024-05-11T11:21:04.493+0200] {dag.py:3954} INFO - Setting next_dagrun for conditional_dataset_and_time_based_timetable to 2024-05-08 01:00:00+00:00, run_after=2024-05-08 01:00:00+00:00
[2024-05-11T11:21:04.496+0200] {logging_mixin.py:188} INFO - [2024-05-11T11:21:04.496+0200] {dag.py:3954} INFO - Setting next_dagrun for consume_1_and_2_with_dataset_expressions to None, run_after=None
[2024-05-11T11:21:04.497+0200] {logging_mixin.py:188} INFO - [2024-05-11T11:21:04.497+0200] {dag.py:3954} INFO - Setting next_dagrun for consume_1_or_2_with_dataset_expressions to None, run_after=None
[2024-05-11T11:21:04.498+0200] {logging_mixin.py:188} INFO - [2024-05-11T11:21:04.498+0200] {dag.py:3954} INFO - Setting next_dagrun for consume_1_or_both_2_and_3_with_dataset_expressions to None, run_after=None
[2024-05-11T11:21:04.500+0200] {logging_mixin.py:188} INFO - [2024-05-11T11:21:04.499+0200] {dag.py:3954} INFO - Setting next_dagrun for dataset_consumes_1 to None, run_after=None
[2024-05-11T11:21:04.501+0200] {logging_mixin.py:188} INFO - [2024-05-11T11:21:04.500+0200] {dag.py:3954} INFO - Setting next_dagrun for dataset_consumes_1_and_2 to None, run_after=None
[2024-05-11T11:21:04.502+0200] {logging_mixin.py:188} INFO - [2024-05-11T11:21:04.501+0200] {dag.py:3954} INFO - Setting next_dagrun for dataset_consumes_1_never_scheduled to None, run_after=None
[2024-05-11T11:21:04.503+0200] {logging_mixin.py:188} INFO - [2024-05-11T11:21:04.502+0200] {dag.py:3954} INFO - Setting next_dagrun for dataset_consumes_unknown_never_scheduled to None, run_after=None
[2024-05-11T11:21:04.505+0200] {logging_mixin.py:188} INFO - [2024-05-11T11:21:04.504+0200] {dag.py:3954} INFO - Setting next_dagrun for dataset_produces_1 to 2024-05-10 00:00:00+00:00, run_after=2024-05-11 00:00:00+00:00
[2024-05-11T11:21:04.506+0200] {logging_mixin.py:188} INFO - [2024-05-11T11:21:04.505+0200] {dag.py:3954} INFO - Setting next_dagrun for dataset_produces_2 to None, run_after=None
[2024-05-11T11:21:04.542+0200] {processor.py:183} INFO - Processing /home/munya/.local/lib/python3.11/site-packages/airflow/example_dags/example_datasets.py took 0.119 seconds
