[2024-05-11T11:11:27.587+0200] {processor.py:161} INFO - Started process (PID=122722) to work on /home/munya/.local/lib/python3.11/site-packages/airflow/example_dags/example_dag_decorator.py
[2024-05-11T11:11:27.587+0200] {processor.py:830} INFO - Processing file /home/munya/.local/lib/python3.11/site-packages/airflow/example_dags/example_dag_decorator.py for tasks to queue
[2024-05-11T11:11:27.589+0200] {logging_mixin.py:188} INFO - [2024-05-11T11:11:27.589+0200] {dagbag.py:540} INFO - Filling up the DagBag from /home/munya/.local/lib/python3.11/site-packages/airflow/example_dags/example_dag_decorator.py
[2024-05-11T11:11:27.680+0200] {processor.py:840} INFO - DAG(s) 'example_dag_decorator' retrieved from /home/munya/.local/lib/python3.11/site-packages/airflow/example_dags/example_dag_decorator.py
[2024-05-11T11:11:27.755+0200] {logging_mixin.py:188} INFO - [2024-05-11T11:11:27.755+0200] {dag.py:3096} INFO - Sync 1 DAGs
[2024-05-11T11:11:27.763+0200] {logging_mixin.py:188} INFO - [2024-05-11T11:11:27.763+0200] {dag.py:3954} INFO - Setting next_dagrun for example_dag_decorator to None, run_after=None
[2024-05-11T11:11:27.778+0200] {processor.py:183} INFO - Processing /home/munya/.local/lib/python3.11/site-packages/airflow/example_dags/example_dag_decorator.py took 0.196 seconds
[2024-05-11T11:15:47.232+0200] {processor.py:161} INFO - Started process (PID=128261) to work on /home/munya/.local/lib/python3.11/site-packages/airflow/example_dags/example_dag_decorator.py
[2024-05-11T11:15:47.233+0200] {processor.py:830} INFO - Processing file /home/munya/.local/lib/python3.11/site-packages/airflow/example_dags/example_dag_decorator.py for tasks to queue
[2024-05-11T11:15:47.235+0200] {logging_mixin.py:188} INFO - [2024-05-11T11:15:47.235+0200] {dagbag.py:540} INFO - Filling up the DagBag from /home/munya/.local/lib/python3.11/site-packages/airflow/example_dags/example_dag_decorator.py
[2024-05-11T11:15:47.319+0200] {processor.py:840} INFO - DAG(s) 'example_dag_decorator' retrieved from /home/munya/.local/lib/python3.11/site-packages/airflow/example_dags/example_dag_decorator.py
[2024-05-11T11:15:47.395+0200] {logging_mixin.py:188} INFO - [2024-05-11T11:15:47.395+0200] {dag.py:3096} INFO - Sync 1 DAGs
[2024-05-11T11:15:47.402+0200] {logging_mixin.py:188} INFO - [2024-05-11T11:15:47.402+0200] {dag.py:3954} INFO - Setting next_dagrun for example_dag_decorator to None, run_after=None
[2024-05-11T11:15:47.420+0200] {processor.py:183} INFO - Processing /home/munya/.local/lib/python3.11/site-packages/airflow/example_dags/example_dag_decorator.py took 0.194 seconds
[2024-05-11T11:16:50.490+0200] {processor.py:161} INFO - Started process (PID=129629) to work on /home/munya/.local/lib/python3.11/site-packages/airflow/example_dags/example_dag_decorator.py
[2024-05-11T11:16:50.491+0200] {processor.py:830} INFO - Processing file /home/munya/.local/lib/python3.11/site-packages/airflow/example_dags/example_dag_decorator.py for tasks to queue
[2024-05-11T11:16:50.493+0200] {logging_mixin.py:188} INFO - [2024-05-11T11:16:50.493+0200] {dagbag.py:540} INFO - Filling up the DagBag from /home/munya/.local/lib/python3.11/site-packages/airflow/example_dags/example_dag_decorator.py
[2024-05-11T11:16:50.584+0200] {processor.py:840} INFO - DAG(s) 'example_dag_decorator' retrieved from /home/munya/.local/lib/python3.11/site-packages/airflow/example_dags/example_dag_decorator.py
[2024-05-11T11:16:50.669+0200] {logging_mixin.py:188} INFO - [2024-05-11T11:16:50.669+0200] {dag.py:3096} INFO - Sync 1 DAGs
[2024-05-11T11:16:50.679+0200] {logging_mixin.py:188} INFO - [2024-05-11T11:16:50.679+0200] {dag.py:3954} INFO - Setting next_dagrun for example_dag_decorator to None, run_after=None
[2024-05-11T11:16:50.699+0200] {processor.py:183} INFO - Processing /home/munya/.local/lib/python3.11/site-packages/airflow/example_dags/example_dag_decorator.py took 0.214 seconds
[2024-05-11T11:17:50.618+0200] {processor.py:161} INFO - Started process (PID=130816) to work on /home/munya/.local/lib/python3.11/site-packages/airflow/example_dags/example_dag_decorator.py
[2024-05-11T11:17:50.619+0200] {processor.py:830} INFO - Processing file /home/munya/.local/lib/python3.11/site-packages/airflow/example_dags/example_dag_decorator.py for tasks to queue
[2024-05-11T11:17:50.621+0200] {logging_mixin.py:188} INFO - [2024-05-11T11:17:50.621+0200] {dagbag.py:540} INFO - Filling up the DagBag from /home/munya/.local/lib/python3.11/site-packages/airflow/example_dags/example_dag_decorator.py
[2024-05-11T11:17:50.698+0200] {processor.py:840} INFO - DAG(s) 'example_dag_decorator' retrieved from /home/munya/.local/lib/python3.11/site-packages/airflow/example_dags/example_dag_decorator.py
[2024-05-11T11:17:50.773+0200] {logging_mixin.py:188} INFO - [2024-05-11T11:17:50.773+0200] {dag.py:3096} INFO - Sync 1 DAGs
[2024-05-11T11:17:50.780+0200] {logging_mixin.py:188} INFO - [2024-05-11T11:17:50.780+0200] {dag.py:3954} INFO - Setting next_dagrun for example_dag_decorator to None, run_after=None
[2024-05-11T11:17:50.797+0200] {processor.py:183} INFO - Processing /home/munya/.local/lib/python3.11/site-packages/airflow/example_dags/example_dag_decorator.py took 0.183 seconds
[2024-05-11T11:18:52.819+0200] {processor.py:161} INFO - Started process (PID=132158) to work on /home/munya/.local/lib/python3.11/site-packages/airflow/example_dags/example_dag_decorator.py
[2024-05-11T11:18:52.823+0200] {processor.py:830} INFO - Processing file /home/munya/.local/lib/python3.11/site-packages/airflow/example_dags/example_dag_decorator.py for tasks to queue
[2024-05-11T11:18:52.830+0200] {logging_mixin.py:188} INFO - [2024-05-11T11:18:52.828+0200] {dagbag.py:540} INFO - Filling up the DagBag from /home/munya/.local/lib/python3.11/site-packages/airflow/example_dags/example_dag_decorator.py
[2024-05-11T11:18:53.148+0200] {processor.py:840} INFO - DAG(s) 'example_dag_decorator' retrieved from /home/munya/.local/lib/python3.11/site-packages/airflow/example_dags/example_dag_decorator.py
[2024-05-11T11:18:53.302+0200] {logging_mixin.py:188} INFO - [2024-05-11T11:18:53.301+0200] {dag.py:3096} INFO - Sync 1 DAGs
[2024-05-11T11:18:53.310+0200] {logging_mixin.py:188} INFO - [2024-05-11T11:18:53.309+0200] {dag.py:3954} INFO - Setting next_dagrun for example_dag_decorator to None, run_after=None
[2024-05-11T11:18:53.328+0200] {processor.py:183} INFO - Processing /home/munya/.local/lib/python3.11/site-packages/airflow/example_dags/example_dag_decorator.py took 0.535 seconds
[2024-05-11T11:19:58.407+0200] {processor.py:161} INFO - Started process (PID=133477) to work on /home/munya/.local/lib/python3.11/site-packages/airflow/example_dags/example_dag_decorator.py
[2024-05-11T11:19:58.407+0200] {processor.py:830} INFO - Processing file /home/munya/.local/lib/python3.11/site-packages/airflow/example_dags/example_dag_decorator.py for tasks to queue
[2024-05-11T11:19:58.409+0200] {logging_mixin.py:188} INFO - [2024-05-11T11:19:58.409+0200] {dagbag.py:540} INFO - Filling up the DagBag from /home/munya/.local/lib/python3.11/site-packages/airflow/example_dags/example_dag_decorator.py
[2024-05-11T11:19:58.487+0200] {processor.py:840} INFO - DAG(s) 'example_dag_decorator' retrieved from /home/munya/.local/lib/python3.11/site-packages/airflow/example_dags/example_dag_decorator.py
[2024-05-11T11:19:58.561+0200] {logging_mixin.py:188} INFO - [2024-05-11T11:19:58.560+0200] {dag.py:3096} INFO - Sync 1 DAGs
[2024-05-11T11:19:58.568+0200] {logging_mixin.py:188} INFO - [2024-05-11T11:19:58.567+0200] {dag.py:3954} INFO - Setting next_dagrun for example_dag_decorator to None, run_after=None
[2024-05-11T11:19:58.583+0200] {processor.py:183} INFO - Processing /home/munya/.local/lib/python3.11/site-packages/airflow/example_dags/example_dag_decorator.py took 0.181 seconds
[2024-05-11T11:21:06.930+0200] {processor.py:161} INFO - Started process (PID=134846) to work on /home/munya/.local/lib/python3.11/site-packages/airflow/example_dags/example_dag_decorator.py
[2024-05-11T11:21:06.931+0200] {processor.py:830} INFO - Processing file /home/munya/.local/lib/python3.11/site-packages/airflow/example_dags/example_dag_decorator.py for tasks to queue
[2024-05-11T11:21:06.933+0200] {logging_mixin.py:188} INFO - [2024-05-11T11:21:06.932+0200] {dagbag.py:540} INFO - Filling up the DagBag from /home/munya/.local/lib/python3.11/site-packages/airflow/example_dags/example_dag_decorator.py
[2024-05-11T11:21:07.010+0200] {processor.py:840} INFO - DAG(s) 'example_dag_decorator' retrieved from /home/munya/.local/lib/python3.11/site-packages/airflow/example_dags/example_dag_decorator.py
[2024-05-11T11:21:07.085+0200] {logging_mixin.py:188} INFO - [2024-05-11T11:21:07.084+0200] {dag.py:3096} INFO - Sync 1 DAGs
[2024-05-11T11:21:07.092+0200] {logging_mixin.py:188} INFO - [2024-05-11T11:21:07.092+0200] {dag.py:3954} INFO - Setting next_dagrun for example_dag_decorator to None, run_after=None
[2024-05-11T11:21:07.107+0200] {processor.py:183} INFO - Processing /home/munya/.local/lib/python3.11/site-packages/airflow/example_dags/example_dag_decorator.py took 0.182 seconds
