[2024-05-11T11:15:20.450+0200] {processor.py:161} INFO - Started process (PID=127729) to work on /home/munya/.local/lib/python3.11/site-packages/airflow/example_dags/example_skip_dag.py
[2024-05-11T11:15:20.451+0200] {processor.py:830} INFO - Processing file /home/munya/.local/lib/python3.11/site-packages/airflow/example_dags/example_skip_dag.py for tasks to queue
[2024-05-11T11:15:20.452+0200] {logging_mixin.py:188} INFO - [2024-05-11T11:15:20.452+0200] {dagbag.py:540} INFO - Filling up the DagBag from /home/munya/.local/lib/python3.11/site-packages/airflow/example_dags/example_skip_dag.py
[2024-05-11T11:15:20.458+0200] {processor.py:840} INFO - DAG(s) 'example_skip_dag' retrieved from /home/munya/.local/lib/python3.11/site-packages/airflow/example_dags/example_skip_dag.py
[2024-05-11T11:15:20.473+0200] {logging_mixin.py:188} INFO - [2024-05-11T11:15:20.472+0200] {dag.py:3096} INFO - Sync 1 DAGs
[2024-05-11T11:15:20.491+0200] {logging_mixin.py:188} INFO - [2024-05-11T11:15:20.491+0200] {dag.py:3954} INFO - Setting next_dagrun for example_skip_dag to 2024-05-10 00:00:00+00:00, run_after=2024-05-11 00:00:00+00:00
[2024-05-11T11:15:20.509+0200] {processor.py:183} INFO - Processing /home/munya/.local/lib/python3.11/site-packages/airflow/example_dags/example_skip_dag.py took 0.064 seconds
[2024-05-11T11:16:20.042+0200] {processor.py:161} INFO - Started process (PID=128953) to work on /home/munya/.local/lib/python3.11/site-packages/airflow/example_dags/example_skip_dag.py
[2024-05-11T11:16:20.043+0200] {processor.py:830} INFO - Processing file /home/munya/.local/lib/python3.11/site-packages/airflow/example_dags/example_skip_dag.py for tasks to queue
[2024-05-11T11:16:20.045+0200] {logging_mixin.py:188} INFO - [2024-05-11T11:16:20.045+0200] {dagbag.py:540} INFO - Filling up the DagBag from /home/munya/.local/lib/python3.11/site-packages/airflow/example_dags/example_skip_dag.py
[2024-05-11T11:16:20.055+0200] {processor.py:840} INFO - DAG(s) 'example_skip_dag' retrieved from /home/munya/.local/lib/python3.11/site-packages/airflow/example_dags/example_skip_dag.py
[2024-05-11T11:16:20.077+0200] {logging_mixin.py:188} INFO - [2024-05-11T11:16:20.077+0200] {dag.py:3096} INFO - Sync 1 DAGs
[2024-05-11T11:16:20.105+0200] {logging_mixin.py:188} INFO - [2024-05-11T11:16:20.105+0200] {dag.py:3954} INFO - Setting next_dagrun for example_skip_dag to 2024-05-10 00:00:00+00:00, run_after=2024-05-11 00:00:00+00:00
[2024-05-11T11:16:20.136+0200] {processor.py:183} INFO - Processing /home/munya/.local/lib/python3.11/site-packages/airflow/example_dags/example_skip_dag.py took 0.101 seconds
[2024-05-11T11:17:18.530+0200] {processor.py:161} INFO - Started process (PID=130195) to work on /home/munya/.local/lib/python3.11/site-packages/airflow/example_dags/example_skip_dag.py
[2024-05-11T11:17:18.531+0200] {processor.py:830} INFO - Processing file /home/munya/.local/lib/python3.11/site-packages/airflow/example_dags/example_skip_dag.py for tasks to queue
[2024-05-11T11:17:18.533+0200] {logging_mixin.py:188} INFO - [2024-05-11T11:17:18.533+0200] {dagbag.py:540} INFO - Filling up the DagBag from /home/munya/.local/lib/python3.11/site-packages/airflow/example_dags/example_skip_dag.py
[2024-05-11T11:17:18.539+0200] {processor.py:840} INFO - DAG(s) 'example_skip_dag' retrieved from /home/munya/.local/lib/python3.11/site-packages/airflow/example_dags/example_skip_dag.py
[2024-05-11T11:17:18.555+0200] {logging_mixin.py:188} INFO - [2024-05-11T11:17:18.554+0200] {dag.py:3096} INFO - Sync 1 DAGs
[2024-05-11T11:17:18.575+0200] {logging_mixin.py:188} INFO - [2024-05-11T11:17:18.575+0200] {dag.py:3954} INFO - Setting next_dagrun for example_skip_dag to 2024-05-10 00:00:00+00:00, run_after=2024-05-11 00:00:00+00:00
[2024-05-11T11:17:18.594+0200] {processor.py:183} INFO - Processing /home/munya/.local/lib/python3.11/site-packages/airflow/example_dags/example_skip_dag.py took 0.069 seconds
[2024-05-11T11:18:20.897+0200] {processor.py:161} INFO - Started process (PID=131489) to work on /home/munya/.local/lib/python3.11/site-packages/airflow/example_dags/example_skip_dag.py
[2024-05-11T11:18:20.901+0200] {processor.py:830} INFO - Processing file /home/munya/.local/lib/python3.11/site-packages/airflow/example_dags/example_skip_dag.py for tasks to queue
[2024-05-11T11:18:20.908+0200] {logging_mixin.py:188} INFO - [2024-05-11T11:18:20.907+0200] {dagbag.py:540} INFO - Filling up the DagBag from /home/munya/.local/lib/python3.11/site-packages/airflow/example_dags/example_skip_dag.py
[2024-05-11T11:18:20.937+0200] {processor.py:840} INFO - DAG(s) 'example_skip_dag' retrieved from /home/munya/.local/lib/python3.11/site-packages/airflow/example_dags/example_skip_dag.py
[2024-05-11T11:18:21.010+0200] {logging_mixin.py:188} INFO - [2024-05-11T11:18:21.009+0200] {dag.py:3096} INFO - Sync 1 DAGs
[2024-05-11T11:18:21.088+0200] {logging_mixin.py:188} INFO - [2024-05-11T11:18:21.087+0200] {dag.py:3954} INFO - Setting next_dagrun for example_skip_dag to 2024-05-10 00:00:00+00:00, run_after=2024-05-11 00:00:00+00:00
[2024-05-11T11:18:21.163+0200] {processor.py:183} INFO - Processing /home/munya/.local/lib/python3.11/site-packages/airflow/example_dags/example_skip_dag.py took 0.290 seconds
[2024-05-11T11:19:26.080+0200] {processor.py:161} INFO - Started process (PID=132820) to work on /home/munya/.local/lib/python3.11/site-packages/airflow/example_dags/example_skip_dag.py
[2024-05-11T11:19:26.081+0200] {processor.py:830} INFO - Processing file /home/munya/.local/lib/python3.11/site-packages/airflow/example_dags/example_skip_dag.py for tasks to queue
[2024-05-11T11:19:26.083+0200] {logging_mixin.py:188} INFO - [2024-05-11T11:19:26.083+0200] {dagbag.py:540} INFO - Filling up the DagBag from /home/munya/.local/lib/python3.11/site-packages/airflow/example_dags/example_skip_dag.py
[2024-05-11T11:19:26.089+0200] {processor.py:840} INFO - DAG(s) 'example_skip_dag' retrieved from /home/munya/.local/lib/python3.11/site-packages/airflow/example_dags/example_skip_dag.py
[2024-05-11T11:19:26.102+0200] {logging_mixin.py:188} INFO - [2024-05-11T11:19:26.102+0200] {dag.py:3096} INFO - Sync 1 DAGs
[2024-05-11T11:19:26.118+0200] {logging_mixin.py:188} INFO - [2024-05-11T11:19:26.117+0200] {dag.py:3954} INFO - Setting next_dagrun for example_skip_dag to 2024-05-10 00:00:00+00:00, run_after=2024-05-11 00:00:00+00:00
[2024-05-11T11:19:26.133+0200] {processor.py:183} INFO - Processing /home/munya/.local/lib/python3.11/site-packages/airflow/example_dags/example_skip_dag.py took 0.057 seconds
[2024-05-11T11:20:34.367+0200] {processor.py:161} INFO - Started process (PID=134195) to work on /home/munya/.local/lib/python3.11/site-packages/airflow/example_dags/example_skip_dag.py
[2024-05-11T11:20:34.369+0200] {processor.py:830} INFO - Processing file /home/munya/.local/lib/python3.11/site-packages/airflow/example_dags/example_skip_dag.py for tasks to queue
[2024-05-11T11:20:34.371+0200] {logging_mixin.py:188} INFO - [2024-05-11T11:20:34.370+0200] {dagbag.py:540} INFO - Filling up the DagBag from /home/munya/.local/lib/python3.11/site-packages/airflow/example_dags/example_skip_dag.py
[2024-05-11T11:20:34.380+0200] {processor.py:840} INFO - DAG(s) 'example_skip_dag' retrieved from /home/munya/.local/lib/python3.11/site-packages/airflow/example_dags/example_skip_dag.py
[2024-05-11T11:20:34.400+0200] {logging_mixin.py:188} INFO - [2024-05-11T11:20:34.400+0200] {dag.py:3096} INFO - Sync 1 DAGs
[2024-05-11T11:20:34.424+0200] {logging_mixin.py:188} INFO - [2024-05-11T11:20:34.424+0200] {dag.py:3954} INFO - Setting next_dagrun for example_skip_dag to 2024-05-10 00:00:00+00:00, run_after=2024-05-11 00:00:00+00:00
[2024-05-11T11:20:34.449+0200] {processor.py:183} INFO - Processing /home/munya/.local/lib/python3.11/site-packages/airflow/example_dags/example_skip_dag.py took 0.090 seconds
[2024-05-11T11:21:38.134+0200] {processor.py:161} INFO - Started process (PID=135478) to work on /home/munya/.local/lib/python3.11/site-packages/airflow/example_dags/example_skip_dag.py
[2024-05-11T11:21:38.136+0200] {processor.py:830} INFO - Processing file /home/munya/.local/lib/python3.11/site-packages/airflow/example_dags/example_skip_dag.py for tasks to queue
[2024-05-11T11:21:38.139+0200] {logging_mixin.py:188} INFO - [2024-05-11T11:21:38.138+0200] {dagbag.py:540} INFO - Filling up the DagBag from /home/munya/.local/lib/python3.11/site-packages/airflow/example_dags/example_skip_dag.py
[2024-05-11T11:21:38.149+0200] {processor.py:840} INFO - DAG(s) 'example_skip_dag' retrieved from /home/munya/.local/lib/python3.11/site-packages/airflow/example_dags/example_skip_dag.py
[2024-05-11T11:21:38.173+0200] {logging_mixin.py:188} INFO - [2024-05-11T11:21:38.173+0200] {dag.py:3096} INFO - Sync 1 DAGs
[2024-05-11T11:21:38.206+0200] {logging_mixin.py:188} INFO - [2024-05-11T11:21:38.205+0200] {dag.py:3954} INFO - Setting next_dagrun for example_skip_dag to 2024-05-10 00:00:00+00:00, run_after=2024-05-11 00:00:00+00:00
[2024-05-11T11:21:38.238+0200] {processor.py:183} INFO - Processing /home/munya/.local/lib/python3.11/site-packages/airflow/example_dags/example_skip_dag.py took 0.112 seconds
