[2024-05-11T11:10:35.164+0200] {processor.py:161} INFO - Started process (PID=121572) to work on /home/munya/.local/lib/python3.11/site-packages/airflow/example_dags/example_subdag_operator.py
[2024-05-11T11:10:35.165+0200] {processor.py:830} INFO - Processing file /home/munya/.local/lib/python3.11/site-packages/airflow/example_dags/example_subdag_operator.py for tasks to queue
[2024-05-11T11:10:35.166+0200] {logging_mixin.py:188} INFO - [2024-05-11T11:10:35.166+0200] {dagbag.py:540} INFO - Filling up the DagBag from /home/munya/.local/lib/python3.11/site-packages/airflow/example_dags/example_subdag_operator.py
[2024-05-11T11:10:35.185+0200] {processor.py:840} INFO - DAG(s) 'example_subdag_operator.section-1', 'example_subdag_operator.section-2', 'example_subdag_operator' retrieved from /home/munya/.local/lib/python3.11/site-packages/airflow/example_dags/example_subdag_operator.py
[2024-05-11T11:10:35.201+0200] {logging_mixin.py:188} INFO - [2024-05-11T11:10:35.201+0200] {dag.py:3096} INFO - Sync 3 DAGs
[2024-05-11T11:10:35.218+0200] {logging_mixin.py:188} INFO - [2024-05-11T11:10:35.218+0200] {dag.py:3954} INFO - Setting next_dagrun for example_subdag_operator to 2022-01-01 00:00:00+00:00, run_after=2022-01-01 00:00:00+00:00
[2024-05-11T11:10:35.221+0200] {logging_mixin.py:188} INFO - [2024-05-11T11:10:35.220+0200] {dag.py:3954} INFO - Setting next_dagrun for example_subdag_operator.section-1 to None, run_after=None
[2024-05-11T11:10:35.221+0200] {logging_mixin.py:188} INFO - [2024-05-11T11:10:35.221+0200] {dag.py:3954} INFO - Setting next_dagrun for example_subdag_operator.section-2 to None, run_after=None
[2024-05-11T11:10:35.226+0200] {logging_mixin.py:188} INFO - [2024-05-11T11:10:35.226+0200] {dag.py:3096} INFO - Sync 2 DAGs
[2024-05-11T11:10:35.229+0200] {logging_mixin.py:188} INFO - [2024-05-11T11:10:35.229+0200] {dag.py:3954} INFO - Setting next_dagrun for example_subdag_operator.section-1 to None, run_after=None
[2024-05-11T11:10:35.230+0200] {logging_mixin.py:188} INFO - [2024-05-11T11:10:35.229+0200] {dag.py:3954} INFO - Setting next_dagrun for example_subdag_operator.section-2 to None, run_after=None
[2024-05-11T11:10:35.242+0200] {processor.py:183} INFO - Processing /home/munya/.local/lib/python3.11/site-packages/airflow/example_dags/example_subdag_operator.py took 0.084 seconds
[2024-05-11T11:15:40.832+0200] {processor.py:161} INFO - Started process (PID=128145) to work on /home/munya/.local/lib/python3.11/site-packages/airflow/example_dags/example_subdag_operator.py
[2024-05-11T11:15:40.835+0200] {processor.py:830} INFO - Processing file /home/munya/.local/lib/python3.11/site-packages/airflow/example_dags/example_subdag_operator.py for tasks to queue
[2024-05-11T11:15:40.844+0200] {logging_mixin.py:188} INFO - [2024-05-11T11:15:40.842+0200] {dagbag.py:540} INFO - Filling up the DagBag from /home/munya/.local/lib/python3.11/site-packages/airflow/example_dags/example_subdag_operator.py
[2024-05-11T11:15:40.935+0200] {processor.py:840} INFO - DAG(s) 'example_subdag_operator.section-1', 'example_subdag_operator.section-2', 'example_subdag_operator' retrieved from /home/munya/.local/lib/python3.11/site-packages/airflow/example_dags/example_subdag_operator.py
[2024-05-11T11:15:41.010+0200] {logging_mixin.py:188} INFO - [2024-05-11T11:15:41.009+0200] {dag.py:3096} INFO - Sync 3 DAGs
[2024-05-11T11:15:41.081+0200] {logging_mixin.py:188} INFO - [2024-05-11T11:15:41.080+0200] {dag.py:3954} INFO - Setting next_dagrun for example_subdag_operator to 2022-01-01 00:00:00+00:00, run_after=2022-01-01 00:00:00+00:00
[2024-05-11T11:15:41.091+0200] {logging_mixin.py:188} INFO - [2024-05-11T11:15:41.091+0200] {dag.py:3954} INFO - Setting next_dagrun for example_subdag_operator.section-1 to None, run_after=None
[2024-05-11T11:15:41.094+0200] {logging_mixin.py:188} INFO - [2024-05-11T11:15:41.094+0200] {dag.py:3954} INFO - Setting next_dagrun for example_subdag_operator.section-2 to None, run_after=None
[2024-05-11T11:15:41.110+0200] {logging_mixin.py:188} INFO - [2024-05-11T11:15:41.109+0200] {dag.py:3096} INFO - Sync 2 DAGs
[2024-05-11T11:15:41.122+0200] {logging_mixin.py:188} INFO - [2024-05-11T11:15:41.122+0200] {dag.py:3954} INFO - Setting next_dagrun for example_subdag_operator.section-1 to None, run_after=None
[2024-05-11T11:15:41.123+0200] {logging_mixin.py:188} INFO - [2024-05-11T11:15:41.123+0200] {dag.py:3954} INFO - Setting next_dagrun for example_subdag_operator.section-2 to None, run_after=None
[2024-05-11T11:15:41.158+0200] {processor.py:183} INFO - Processing /home/munya/.local/lib/python3.11/site-packages/airflow/example_dags/example_subdag_operator.py took 0.350 seconds
[2024-05-11T11:16:44.269+0200] {processor.py:161} INFO - Started process (PID=129481) to work on /home/munya/.local/lib/python3.11/site-packages/airflow/example_dags/example_subdag_operator.py
[2024-05-11T11:16:44.270+0200] {processor.py:830} INFO - Processing file /home/munya/.local/lib/python3.11/site-packages/airflow/example_dags/example_subdag_operator.py for tasks to queue
[2024-05-11T11:16:44.272+0200] {logging_mixin.py:188} INFO - [2024-05-11T11:16:44.272+0200] {dagbag.py:540} INFO - Filling up the DagBag from /home/munya/.local/lib/python3.11/site-packages/airflow/example_dags/example_subdag_operator.py
[2024-05-11T11:16:44.289+0200] {processor.py:840} INFO - DAG(s) 'example_subdag_operator.section-1', 'example_subdag_operator.section-2', 'example_subdag_operator' retrieved from /home/munya/.local/lib/python3.11/site-packages/airflow/example_dags/example_subdag_operator.py
[2024-05-11T11:16:44.301+0200] {logging_mixin.py:188} INFO - [2024-05-11T11:16:44.301+0200] {dag.py:3096} INFO - Sync 3 DAGs
[2024-05-11T11:16:44.317+0200] {logging_mixin.py:188} INFO - [2024-05-11T11:16:44.317+0200] {dag.py:3954} INFO - Setting next_dagrun for example_subdag_operator to 2022-01-01 00:00:00+00:00, run_after=2022-01-01 00:00:00+00:00
[2024-05-11T11:16:44.320+0200] {logging_mixin.py:188} INFO - [2024-05-11T11:16:44.320+0200] {dag.py:3954} INFO - Setting next_dagrun for example_subdag_operator.section-1 to None, run_after=None
[2024-05-11T11:16:44.321+0200] {logging_mixin.py:188} INFO - [2024-05-11T11:16:44.321+0200] {dag.py:3954} INFO - Setting next_dagrun for example_subdag_operator.section-2 to None, run_after=None
[2024-05-11T11:16:44.326+0200] {logging_mixin.py:188} INFO - [2024-05-11T11:16:44.326+0200] {dag.py:3096} INFO - Sync 2 DAGs
[2024-05-11T11:16:44.330+0200] {logging_mixin.py:188} INFO - [2024-05-11T11:16:44.330+0200] {dag.py:3954} INFO - Setting next_dagrun for example_subdag_operator.section-1 to None, run_after=None
[2024-05-11T11:16:44.330+0200] {logging_mixin.py:188} INFO - [2024-05-11T11:16:44.330+0200] {dag.py:3954} INFO - Setting next_dagrun for example_subdag_operator.section-2 to None, run_after=None
[2024-05-11T11:16:44.345+0200] {processor.py:183} INFO - Processing /home/munya/.local/lib/python3.11/site-packages/airflow/example_dags/example_subdag_operator.py took 0.082 seconds
[2024-05-11T11:17:43.631+0200] {processor.py:161} INFO - Started process (PID=130699) to work on /home/munya/.local/lib/python3.11/site-packages/airflow/example_dags/example_subdag_operator.py
[2024-05-11T11:17:43.634+0200] {processor.py:830} INFO - Processing file /home/munya/.local/lib/python3.11/site-packages/airflow/example_dags/example_subdag_operator.py for tasks to queue
[2024-05-11T11:17:43.639+0200] {logging_mixin.py:188} INFO - [2024-05-11T11:17:43.638+0200] {dagbag.py:540} INFO - Filling up the DagBag from /home/munya/.local/lib/python3.11/site-packages/airflow/example_dags/example_subdag_operator.py
[2024-05-11T11:17:43.702+0200] {processor.py:840} INFO - DAG(s) 'example_subdag_operator.section-1', 'example_subdag_operator.section-2', 'example_subdag_operator' retrieved from /home/munya/.local/lib/python3.11/site-packages/airflow/example_dags/example_subdag_operator.py
[2024-05-11T11:17:43.782+0200] {logging_mixin.py:188} INFO - [2024-05-11T11:17:43.782+0200] {dag.py:3096} INFO - Sync 3 DAGs
[2024-05-11T11:17:43.838+0200] {logging_mixin.py:188} INFO - [2024-05-11T11:17:43.838+0200] {dag.py:3954} INFO - Setting next_dagrun for example_subdag_operator to 2022-01-01 00:00:00+00:00, run_after=2022-01-01 00:00:00+00:00
[2024-05-11T11:17:43.848+0200] {logging_mixin.py:188} INFO - [2024-05-11T11:17:43.848+0200] {dag.py:3954} INFO - Setting next_dagrun for example_subdag_operator.section-1 to None, run_after=None
[2024-05-11T11:17:43.851+0200] {logging_mixin.py:188} INFO - [2024-05-11T11:17:43.851+0200] {dag.py:3954} INFO - Setting next_dagrun for example_subdag_operator.section-2 to None, run_after=None
[2024-05-11T11:17:43.868+0200] {logging_mixin.py:188} INFO - [2024-05-11T11:17:43.867+0200] {dag.py:3096} INFO - Sync 2 DAGs
[2024-05-11T11:17:43.883+0200] {logging_mixin.py:188} INFO - [2024-05-11T11:17:43.882+0200] {dag.py:3954} INFO - Setting next_dagrun for example_subdag_operator.section-1 to None, run_after=None
[2024-05-11T11:17:43.884+0200] {logging_mixin.py:188} INFO - [2024-05-11T11:17:43.883+0200] {dag.py:3954} INFO - Setting next_dagrun for example_subdag_operator.section-2 to None, run_after=None
[2024-05-11T11:17:43.919+0200] {processor.py:183} INFO - Processing /home/munya/.local/lib/python3.11/site-packages/airflow/example_dags/example_subdag_operator.py took 0.307 seconds
[2024-05-11T11:18:47.002+0200] {processor.py:161} INFO - Started process (PID=132028) to work on /home/munya/.local/lib/python3.11/site-packages/airflow/example_dags/example_subdag_operator.py
[2024-05-11T11:18:47.003+0200] {processor.py:830} INFO - Processing file /home/munya/.local/lib/python3.11/site-packages/airflow/example_dags/example_subdag_operator.py for tasks to queue
[2024-05-11T11:18:47.005+0200] {logging_mixin.py:188} INFO - [2024-05-11T11:18:47.004+0200] {dagbag.py:540} INFO - Filling up the DagBag from /home/munya/.local/lib/python3.11/site-packages/airflow/example_dags/example_subdag_operator.py
[2024-05-11T11:18:47.021+0200] {processor.py:840} INFO - DAG(s) 'example_subdag_operator.section-1', 'example_subdag_operator.section-2', 'example_subdag_operator' retrieved from /home/munya/.local/lib/python3.11/site-packages/airflow/example_dags/example_subdag_operator.py
[2024-05-11T11:18:47.033+0200] {logging_mixin.py:188} INFO - [2024-05-11T11:18:47.032+0200] {dag.py:3096} INFO - Sync 3 DAGs
[2024-05-11T11:18:47.047+0200] {logging_mixin.py:188} INFO - [2024-05-11T11:18:47.047+0200] {dag.py:3954} INFO - Setting next_dagrun for example_subdag_operator to 2022-01-01 00:00:00+00:00, run_after=2022-01-01 00:00:00+00:00
[2024-05-11T11:18:47.050+0200] {logging_mixin.py:188} INFO - [2024-05-11T11:18:47.050+0200] {dag.py:3954} INFO - Setting next_dagrun for example_subdag_operator.section-1 to None, run_after=None
[2024-05-11T11:18:47.050+0200] {logging_mixin.py:188} INFO - [2024-05-11T11:18:47.050+0200] {dag.py:3954} INFO - Setting next_dagrun for example_subdag_operator.section-2 to None, run_after=None
[2024-05-11T11:18:47.055+0200] {logging_mixin.py:188} INFO - [2024-05-11T11:18:47.055+0200] {dag.py:3096} INFO - Sync 2 DAGs
[2024-05-11T11:18:47.058+0200] {logging_mixin.py:188} INFO - [2024-05-11T11:18:47.058+0200] {dag.py:3954} INFO - Setting next_dagrun for example_subdag_operator.section-1 to None, run_after=None
[2024-05-11T11:18:47.058+0200] {logging_mixin.py:188} INFO - [2024-05-11T11:18:47.058+0200] {dag.py:3954} INFO - Setting next_dagrun for example_subdag_operator.section-2 to None, run_after=None
[2024-05-11T11:18:47.068+0200] {processor.py:183} INFO - Processing /home/munya/.local/lib/python3.11/site-packages/airflow/example_dags/example_subdag_operator.py took 0.071 seconds
[2024-05-11T11:19:52.338+0200] {processor.py:161} INFO - Started process (PID=133332) to work on /home/munya/.local/lib/python3.11/site-packages/airflow/example_dags/example_subdag_operator.py
[2024-05-11T11:19:52.339+0200] {processor.py:830} INFO - Processing file /home/munya/.local/lib/python3.11/site-packages/airflow/example_dags/example_subdag_operator.py for tasks to queue
[2024-05-11T11:19:52.340+0200] {logging_mixin.py:188} INFO - [2024-05-11T11:19:52.340+0200] {dagbag.py:540} INFO - Filling up the DagBag from /home/munya/.local/lib/python3.11/site-packages/airflow/example_dags/example_subdag_operator.py
[2024-05-11T11:19:52.356+0200] {processor.py:840} INFO - DAG(s) 'example_subdag_operator.section-1', 'example_subdag_operator.section-2', 'example_subdag_operator' retrieved from /home/munya/.local/lib/python3.11/site-packages/airflow/example_dags/example_subdag_operator.py
[2024-05-11T11:19:52.367+0200] {logging_mixin.py:188} INFO - [2024-05-11T11:19:52.367+0200] {dag.py:3096} INFO - Sync 3 DAGs
[2024-05-11T11:19:52.382+0200] {logging_mixin.py:188} INFO - [2024-05-11T11:19:52.381+0200] {dag.py:3954} INFO - Setting next_dagrun for example_subdag_operator to 2022-01-01 00:00:00+00:00, run_after=2022-01-01 00:00:00+00:00
[2024-05-11T11:19:52.384+0200] {logging_mixin.py:188} INFO - [2024-05-11T11:19:52.384+0200] {dag.py:3954} INFO - Setting next_dagrun for example_subdag_operator.section-1 to None, run_after=None
[2024-05-11T11:19:52.385+0200] {logging_mixin.py:188} INFO - [2024-05-11T11:19:52.385+0200] {dag.py:3954} INFO - Setting next_dagrun for example_subdag_operator.section-2 to None, run_after=None
[2024-05-11T11:19:52.390+0200] {logging_mixin.py:188} INFO - [2024-05-11T11:19:52.390+0200] {dag.py:3096} INFO - Sync 2 DAGs
[2024-05-11T11:19:52.393+0200] {logging_mixin.py:188} INFO - [2024-05-11T11:19:52.393+0200] {dag.py:3954} INFO - Setting next_dagrun for example_subdag_operator.section-1 to None, run_after=None
[2024-05-11T11:19:52.393+0200] {logging_mixin.py:188} INFO - [2024-05-11T11:19:52.393+0200] {dag.py:3954} INFO - Setting next_dagrun for example_subdag_operator.section-2 to None, run_after=None
[2024-05-11T11:19:52.404+0200] {processor.py:183} INFO - Processing /home/munya/.local/lib/python3.11/site-packages/airflow/example_dags/example_subdag_operator.py took 0.072 seconds
[2024-05-11T11:21:00.629+0200] {processor.py:161} INFO - Started process (PID=134721) to work on /home/munya/.local/lib/python3.11/site-packages/airflow/example_dags/example_subdag_operator.py
[2024-05-11T11:21:00.631+0200] {processor.py:830} INFO - Processing file /home/munya/.local/lib/python3.11/site-packages/airflow/example_dags/example_subdag_operator.py for tasks to queue
[2024-05-11T11:21:00.633+0200] {logging_mixin.py:188} INFO - [2024-05-11T11:21:00.632+0200] {dagbag.py:540} INFO - Filling up the DagBag from /home/munya/.local/lib/python3.11/site-packages/airflow/example_dags/example_subdag_operator.py
[2024-05-11T11:21:00.664+0200] {processor.py:840} INFO - DAG(s) 'example_subdag_operator.section-1', 'example_subdag_operator.section-2', 'example_subdag_operator' retrieved from /home/munya/.local/lib/python3.11/site-packages/airflow/example_dags/example_subdag_operator.py
[2024-05-11T11:21:00.687+0200] {logging_mixin.py:188} INFO - [2024-05-11T11:21:00.687+0200] {dag.py:3096} INFO - Sync 3 DAGs
[2024-05-11T11:21:00.711+0200] {logging_mixin.py:188} INFO - [2024-05-11T11:21:00.711+0200] {dag.py:3954} INFO - Setting next_dagrun for example_subdag_operator to 2022-01-01 00:00:00+00:00, run_after=2022-01-01 00:00:00+00:00
[2024-05-11T11:21:00.715+0200] {logging_mixin.py:188} INFO - [2024-05-11T11:21:00.715+0200] {dag.py:3954} INFO - Setting next_dagrun for example_subdag_operator.section-1 to None, run_after=None
[2024-05-11T11:21:00.717+0200] {logging_mixin.py:188} INFO - [2024-05-11T11:21:00.716+0200] {dag.py:3954} INFO - Setting next_dagrun for example_subdag_operator.section-2 to None, run_after=None
[2024-05-11T11:21:00.723+0200] {logging_mixin.py:188} INFO - [2024-05-11T11:21:00.723+0200] {dag.py:3096} INFO - Sync 2 DAGs
[2024-05-11T11:21:00.728+0200] {logging_mixin.py:188} INFO - [2024-05-11T11:21:00.727+0200] {dag.py:3954} INFO - Setting next_dagrun for example_subdag_operator.section-1 to None, run_after=None
[2024-05-11T11:21:00.728+0200] {logging_mixin.py:188} INFO - [2024-05-11T11:21:00.728+0200] {dag.py:3954} INFO - Setting next_dagrun for example_subdag_operator.section-2 to None, run_after=None
[2024-05-11T11:21:00.744+0200] {processor.py:183} INFO - Processing /home/munya/.local/lib/python3.11/site-packages/airflow/example_dags/example_subdag_operator.py took 0.122 seconds
