[2024-05-11T11:14:16.090+0200] {processor.py:161} INFO - Started process (PID=126370) to work on /home/munya/.local/lib/python3.11/site-packages/airflow/example_dags/tutorial_taskflow_api.py
[2024-05-11T11:14:16.091+0200] {processor.py:830} INFO - Processing file /home/munya/.local/lib/python3.11/site-packages/airflow/example_dags/tutorial_taskflow_api.py for tasks to queue
[2024-05-11T11:14:16.092+0200] {logging_mixin.py:188} INFO - [2024-05-11T11:14:16.092+0200] {dagbag.py:540} INFO - Filling up the DagBag from /home/munya/.local/lib/python3.11/site-packages/airflow/example_dags/tutorial_taskflow_api.py
[2024-05-11T11:14:16.099+0200] {processor.py:840} INFO - DAG(s) 'tutorial_taskflow_api' retrieved from /home/munya/.local/lib/python3.11/site-packages/airflow/example_dags/tutorial_taskflow_api.py
[2024-05-11T11:14:16.112+0200] {logging_mixin.py:188} INFO - [2024-05-11T11:14:16.112+0200] {dag.py:3096} INFO - Sync 1 DAGs
[2024-05-11T11:14:16.122+0200] {logging_mixin.py:188} INFO - [2024-05-11T11:14:16.121+0200] {dag.py:3954} INFO - Setting next_dagrun for tutorial_taskflow_api to None, run_after=None
[2024-05-11T11:14:16.140+0200] {processor.py:183} INFO - Processing /home/munya/.local/lib/python3.11/site-packages/airflow/example_dags/tutorial_taskflow_api.py took 0.056 seconds
[2024-05-11T11:16:03.242+0200] {processor.py:161} INFO - Started process (PID=128589) to work on /home/munya/.local/lib/python3.11/site-packages/airflow/example_dags/tutorial_taskflow_api.py
[2024-05-11T11:16:03.244+0200] {processor.py:830} INFO - Processing file /home/munya/.local/lib/python3.11/site-packages/airflow/example_dags/tutorial_taskflow_api.py for tasks to queue
[2024-05-11T11:16:03.252+0200] {logging_mixin.py:188} INFO - [2024-05-11T11:16:03.251+0200] {dagbag.py:540} INFO - Filling up the DagBag from /home/munya/.local/lib/python3.11/site-packages/airflow/example_dags/tutorial_taskflow_api.py
[2024-05-11T11:16:03.274+0200] {processor.py:840} INFO - DAG(s) 'tutorial_taskflow_api' retrieved from /home/munya/.local/lib/python3.11/site-packages/airflow/example_dags/tutorial_taskflow_api.py
[2024-05-11T11:16:03.337+0200] {logging_mixin.py:188} INFO - [2024-05-11T11:16:03.336+0200] {dag.py:3096} INFO - Sync 1 DAGs
[2024-05-11T11:16:03.379+0200] {logging_mixin.py:188} INFO - [2024-05-11T11:16:03.378+0200] {dag.py:3954} INFO - Setting next_dagrun for tutorial_taskflow_api to None, run_after=None
[2024-05-11T11:16:03.440+0200] {processor.py:183} INFO - Processing /home/munya/.local/lib/python3.11/site-packages/airflow/example_dags/tutorial_taskflow_api.py took 0.216 seconds
[2024-05-11T11:17:01.071+0200] {processor.py:161} INFO - Started process (PID=129825) to work on /home/munya/.local/lib/python3.11/site-packages/airflow/example_dags/tutorial_taskflow_api.py
[2024-05-11T11:17:01.074+0200] {processor.py:830} INFO - Processing file /home/munya/.local/lib/python3.11/site-packages/airflow/example_dags/tutorial_taskflow_api.py for tasks to queue
[2024-05-11T11:17:01.079+0200] {logging_mixin.py:188} INFO - [2024-05-11T11:17:01.078+0200] {dagbag.py:540} INFO - Filling up the DagBag from /home/munya/.local/lib/python3.11/site-packages/airflow/example_dags/tutorial_taskflow_api.py
[2024-05-11T11:17:01.103+0200] {processor.py:840} INFO - DAG(s) 'tutorial_taskflow_api' retrieved from /home/munya/.local/lib/python3.11/site-packages/airflow/example_dags/tutorial_taskflow_api.py
[2024-05-11T11:17:01.153+0200] {logging_mixin.py:188} INFO - [2024-05-11T11:17:01.152+0200] {dag.py:3096} INFO - Sync 1 DAGs
[2024-05-11T11:17:01.188+0200] {logging_mixin.py:188} INFO - [2024-05-11T11:17:01.187+0200] {dag.py:3954} INFO - Setting next_dagrun for tutorial_taskflow_api to None, run_after=None
[2024-05-11T11:17:01.243+0200] {processor.py:183} INFO - Processing /home/munya/.local/lib/python3.11/site-packages/airflow/example_dags/tutorial_taskflow_api.py took 0.190 seconds
[2024-05-11T11:18:03.883+0200] {processor.py:161} INFO - Started process (PID=131135) to work on /home/munya/.local/lib/python3.11/site-packages/airflow/example_dags/tutorial_taskflow_api.py
[2024-05-11T11:18:03.886+0200] {processor.py:830} INFO - Processing file /home/munya/.local/lib/python3.11/site-packages/airflow/example_dags/tutorial_taskflow_api.py for tasks to queue
[2024-05-11T11:18:03.891+0200] {logging_mixin.py:188} INFO - [2024-05-11T11:18:03.890+0200] {dagbag.py:540} INFO - Filling up the DagBag from /home/munya/.local/lib/python3.11/site-packages/airflow/example_dags/tutorial_taskflow_api.py
[2024-05-11T11:18:03.914+0200] {processor.py:840} INFO - DAG(s) 'tutorial_taskflow_api' retrieved from /home/munya/.local/lib/python3.11/site-packages/airflow/example_dags/tutorial_taskflow_api.py
[2024-05-11T11:18:03.966+0200] {logging_mixin.py:188} INFO - [2024-05-11T11:18:03.966+0200] {dag.py:3096} INFO - Sync 1 DAGs
[2024-05-11T11:18:04.015+0200] {logging_mixin.py:188} INFO - [2024-05-11T11:18:04.014+0200] {dag.py:3954} INFO - Setting next_dagrun for tutorial_taskflow_api to None, run_after=None
[2024-05-11T11:18:04.092+0200] {processor.py:183} INFO - Processing /home/munya/.local/lib/python3.11/site-packages/airflow/example_dags/tutorial_taskflow_api.py took 0.232 seconds
[2024-05-11T11:19:08.875+0200] {processor.py:161} INFO - Started process (PID=132461) to work on /home/munya/.local/lib/python3.11/site-packages/airflow/example_dags/tutorial_taskflow_api.py
[2024-05-11T11:19:08.876+0200] {processor.py:830} INFO - Processing file /home/munya/.local/lib/python3.11/site-packages/airflow/example_dags/tutorial_taskflow_api.py for tasks to queue
[2024-05-11T11:19:08.877+0200] {logging_mixin.py:188} INFO - [2024-05-11T11:19:08.877+0200] {dagbag.py:540} INFO - Filling up the DagBag from /home/munya/.local/lib/python3.11/site-packages/airflow/example_dags/tutorial_taskflow_api.py
[2024-05-11T11:19:08.883+0200] {processor.py:840} INFO - DAG(s) 'tutorial_taskflow_api' retrieved from /home/munya/.local/lib/python3.11/site-packages/airflow/example_dags/tutorial_taskflow_api.py
[2024-05-11T11:19:08.895+0200] {logging_mixin.py:188} INFO - [2024-05-11T11:19:08.895+0200] {dag.py:3096} INFO - Sync 1 DAGs
[2024-05-11T11:19:08.904+0200] {logging_mixin.py:188} INFO - [2024-05-11T11:19:08.904+0200] {dag.py:3954} INFO - Setting next_dagrun for tutorial_taskflow_api to None, run_after=None
[2024-05-11T11:19:08.920+0200] {processor.py:183} INFO - Processing /home/munya/.local/lib/python3.11/site-packages/airflow/example_dags/tutorial_taskflow_api.py took 0.051 seconds
[2024-05-11T11:20:16.323+0200] {processor.py:161} INFO - Started process (PID=133832) to work on /home/munya/.local/lib/python3.11/site-packages/airflow/example_dags/tutorial_taskflow_api.py
[2024-05-11T11:20:16.326+0200] {processor.py:830} INFO - Processing file /home/munya/.local/lib/python3.11/site-packages/airflow/example_dags/tutorial_taskflow_api.py for tasks to queue
[2024-05-11T11:20:16.334+0200] {logging_mixin.py:188} INFO - [2024-05-11T11:20:16.333+0200] {dagbag.py:540} INFO - Filling up the DagBag from /home/munya/.local/lib/python3.11/site-packages/airflow/example_dags/tutorial_taskflow_api.py
[2024-05-11T11:20:16.354+0200] {processor.py:840} INFO - DAG(s) 'tutorial_taskflow_api' retrieved from /home/munya/.local/lib/python3.11/site-packages/airflow/example_dags/tutorial_taskflow_api.py
[2024-05-11T11:20:16.416+0200] {logging_mixin.py:188} INFO - [2024-05-11T11:20:16.415+0200] {dag.py:3096} INFO - Sync 1 DAGs
[2024-05-11T11:20:16.461+0200] {logging_mixin.py:188} INFO - [2024-05-11T11:20:16.461+0200] {dag.py:3954} INFO - Setting next_dagrun for tutorial_taskflow_api to None, run_after=None
[2024-05-11T11:20:16.495+0200] {processor.py:183} INFO - Processing /home/munya/.local/lib/python3.11/site-packages/airflow/example_dags/tutorial_taskflow_api.py took 0.191 seconds
[2024-05-11T11:21:20.080+0200] {processor.py:161} INFO - Started process (PID=135104) to work on /home/munya/.local/lib/python3.11/site-packages/airflow/example_dags/tutorial_taskflow_api.py
[2024-05-11T11:21:20.081+0200] {processor.py:830} INFO - Processing file /home/munya/.local/lib/python3.11/site-packages/airflow/example_dags/tutorial_taskflow_api.py for tasks to queue
[2024-05-11T11:21:20.083+0200] {logging_mixin.py:188} INFO - [2024-05-11T11:21:20.082+0200] {dagbag.py:540} INFO - Filling up the DagBag from /home/munya/.local/lib/python3.11/site-packages/airflow/example_dags/tutorial_taskflow_api.py
[2024-05-11T11:21:20.089+0200] {processor.py:840} INFO - DAG(s) 'tutorial_taskflow_api' retrieved from /home/munya/.local/lib/python3.11/site-packages/airflow/example_dags/tutorial_taskflow_api.py
[2024-05-11T11:21:20.102+0200] {logging_mixin.py:188} INFO - [2024-05-11T11:21:20.102+0200] {dag.py:3096} INFO - Sync 1 DAGs
[2024-05-11T11:21:20.111+0200] {logging_mixin.py:188} INFO - [2024-05-11T11:21:20.111+0200] {dag.py:3954} INFO - Setting next_dagrun for tutorial_taskflow_api to None, run_after=None
[2024-05-11T11:21:20.127+0200] {processor.py:183} INFO - Processing /home/munya/.local/lib/python3.11/site-packages/airflow/example_dags/tutorial_taskflow_api.py took 0.052 seconds
