[2024-05-03T17:00:12.063+0200] {local_task_job_runner.py:120} INFO - ::group::Pre task execution logs
[2024-05-03T17:00:12.097+0200] {taskinstance.py:2073} INFO - Dependencies all met for dep_context=non-requeueable deps ti=<TaskInstance: airflow_tut_v02.sleep scheduled__2024-05-03T14:00:00+00:00 [queued]>
[2024-05-03T17:00:12.113+0200] {taskinstance.py:2073} INFO - Dependencies all met for dep_context=requeueable deps ti=<TaskInstance: airflow_tut_v02.sleep scheduled__2024-05-03T14:00:00+00:00 [queued]>
[2024-05-03T17:00:12.114+0200] {taskinstance.py:2303} INFO - Starting attempt 1 of 2
[2024-05-03T17:00:12.138+0200] {taskinstance.py:2327} INFO - Executing <Task(BashOperator): sleep> on 2024-05-03 14:00:00+00:00
[2024-05-03T17:00:12.149+0200] {standard_task_runner.py:63} INFO - Started process 447280 to run task
[2024-05-03T17:00:12.155+0200] {standard_task_runner.py:90} INFO - Running: ['airflow', 'tasks', 'run', 'airflow_tut_v02', 'sleep', 'scheduled__2024-05-03T14:00:00+00:00', '--job-id', '429', '--raw', '--subdir', '/home/munya/.local/lib/python3.11/site-packages/airflow/example_dags/dags.py', '--cfg-path', '/tmp/tmpg06ax5gw']
[2024-05-03T17:00:12.158+0200] {standard_task_runner.py:91} INFO - Job 429: Subtask sleep
[2024-05-03T17:00:12.214+0200] {task_command.py:426} INFO - Running <TaskInstance: airflow_tut_v02.sleep scheduled__2024-05-03T14:00:00+00:00 [running]> on host kali
[2024-05-03T17:00:12.306+0200] {taskinstance.py:2644} INFO - Exporting env vars: AIRFLOW_CTX_DAG_OWNER='Munyah' AIRFLOW_CTX_DAG_ID='airflow_tut_v02' AIRFLOW_CTX_TASK_ID='sleep' AIRFLOW_CTX_EXECUTION_DATE='2024-05-03T14:00:00+00:00' AIRFLOW_CTX_TRY_NUMBER='1' AIRFLOW_CTX_DAG_RUN_ID='scheduled__2024-05-03T14:00:00+00:00'
[2024-05-03T17:00:12.308+0200] {taskinstance.py:430} INFO - ::endgroup::
[2024-05-03T17:00:12.309+0200] {subprocess.py:63} INFO - Tmp dir root location: /tmp
[2024-05-03T17:00:12.310+0200] {subprocess.py:75} INFO - Running command: ['/usr/bin/bash', '-c', 'sleep 5']
[2024-05-03T17:00:12.329+0200] {subprocess.py:86} INFO - Output:
[2024-05-03T17:00:17.334+0200] {subprocess.py:97} INFO - Command exited with return code 0
[2024-05-03T17:00:17.335+0200] {taskinstance.py:441} INFO - ::group::Post task execution logs
[2024-05-03T17:00:17.355+0200] {taskinstance.py:1205} INFO - Marking task as SUCCESS. dag_id=airflow_tut_v02, task_id=sleep, execution_date=20240503T140000, start_date=20240503T150012, end_date=20240503T150017
[2024-05-03T17:00:17.398+0200] {local_task_job_runner.py:240} INFO - Task exited with return code 0
[2024-05-03T17:00:17.416+0200] {taskinstance.py:3482} INFO - 1 downstream tasks scheduled from follow-on schedule check
[2024-05-03T17:00:17.418+0200] {local_task_job_runner.py:222} INFO - ::endgroup::
