[2024-04-29T10:50:29.187+0200] {local_task_job_runner.py:120} INFO - ::group::Pre task execution logs
[2024-04-29T10:50:29.206+0200] {taskinstance.py:2073} INFO - Dependencies all met for dep_context=non-requeueable deps ti=<TaskInstance: airflow_tut_v02.sleep scheduled__2024-04-29T04:00:00+00:00 [queued]>
[2024-04-29T10:50:29.211+0200] {taskinstance.py:2073} INFO - Dependencies all met for dep_context=requeueable deps ti=<TaskInstance: airflow_tut_v02.sleep scheduled__2024-04-29T04:00:00+00:00 [queued]>
[2024-04-29T10:50:29.211+0200] {taskinstance.py:2303} INFO - Starting attempt 1 of 2
[2024-04-29T10:50:29.221+0200] {taskinstance.py:2327} INFO - Executing <Task(BashOperator): sleep> on 2024-04-29 04:00:00+00:00
[2024-04-29T10:50:29.226+0200] {standard_task_runner.py:63} INFO - Started process 13789 to run task
[2024-04-29T10:50:29.229+0200] {standard_task_runner.py:90} INFO - Running: ['airflow', 'tasks', 'run', 'airflow_tut_v02', 'sleep', 'scheduled__2024-04-29T04:00:00+00:00', '--job-id', '100', '--raw', '--subdir', 'DAGS_FOLDER/dags.py', '--cfg-path', '/tmp/tmp9bun59jz']
[2024-04-29T10:50:29.230+0200] {standard_task_runner.py:91} INFO - Job 100: Subtask sleep
[2024-04-29T10:50:29.257+0200] {task_command.py:426} INFO - Running <TaskInstance: airflow_tut_v02.sleep scheduled__2024-04-29T04:00:00+00:00 [running]> on host kali
[2024-04-29T10:50:29.305+0200] {taskinstance.py:2644} INFO - Exporting env vars: AIRFLOW_CTX_DAG_OWNER='Munyah' AIRFLOW_CTX_DAG_ID='airflow_tut_v02' AIRFLOW_CTX_TASK_ID='sleep' AIRFLOW_CTX_EXECUTION_DATE='2024-04-29T04:00:00+00:00' AIRFLOW_CTX_TRY_NUMBER='1' AIRFLOW_CTX_DAG_RUN_ID='scheduled__2024-04-29T04:00:00+00:00'
[2024-04-29T10:50:29.306+0200] {taskinstance.py:430} INFO - ::endgroup::
[2024-04-29T10:50:29.306+0200] {subprocess.py:63} INFO - Tmp dir root location: /tmp
[2024-04-29T10:50:29.307+0200] {subprocess.py:75} INFO - Running command: ['/usr/bin/bash', '-c', 'sleep 5']
[2024-04-29T10:50:29.317+0200] {subprocess.py:86} INFO - Output:
[2024-04-29T10:50:34.319+0200] {subprocess.py:97} INFO - Command exited with return code 0
[2024-04-29T10:50:34.322+0200] {taskinstance.py:441} INFO - ::group::Post task execution logs
[2024-04-29T10:50:34.789+0200] {taskinstance.py:1205} INFO - Marking task as SUCCESS. dag_id=airflow_tut_v02, task_id=sleep, execution_date=20240429T040000, start_date=20240429T085029, end_date=20240429T085034
[2024-04-29T10:50:34.865+0200] {local_task_job_runner.py:240} INFO - Task exited with return code 0
[2024-04-29T10:50:34.919+0200] {taskinstance.py:3482} INFO - 1 downstream tasks scheduled from follow-on schedule check
[2024-04-29T10:50:34.923+0200] {local_task_job_runner.py:222} INFO - ::endgroup::
