[2024-05-20T12:04:30.462+0200] {local_task_job_runner.py:120} INFO - ::group::Pre task execution logs
[2024-05-20T12:04:30.478+0200] {taskinstance.py:2076} INFO - Dependencies all met for dep_context=non-requeueable deps ti=<TaskInstance: doctors_api_dag.retrieve_doctors scheduled__2024-05-19T00:00:00+00:00 [queued]>
[2024-05-20T12:04:30.487+0200] {taskinstance.py:2076} INFO - Dependencies all met for dep_context=requeueable deps ti=<TaskInstance: doctors_api_dag.retrieve_doctors scheduled__2024-05-19T00:00:00+00:00 [queued]>
[2024-05-20T12:04:30.487+0200] {taskinstance.py:2306} INFO - Starting attempt 2 of 2
[2024-05-20T12:04:30.502+0200] {taskinstance.py:2330} INFO - Executing <Task(SimpleHttpOperator): retrieve_doctors> on 2024-05-19 00:00:00+00:00
[2024-05-20T12:04:30.510+0200] {standard_task_runner.py:63} INFO - Started process 690069 to run task
[2024-05-20T12:04:30.515+0200] {standard_task_runner.py:90} INFO - Running: ['airflow', 'tasks', 'run', 'doctors_api_dag', 'retrieve_doctors', 'scheduled__2024-05-19T00:00:00+00:00', '--job-id', '1166', '--raw', '--subdir', 'DAGS_FOLDER/eezimeds_doctors.py', '--cfg-path', '/tmp/tmpjiyx_4l0']
[2024-05-20T12:04:30.518+0200] {standard_task_runner.py:91} INFO - Job 1166: Subtask retrieve_doctors
[2024-05-20T12:04:30.560+0200] {task_command.py:426} INFO - Running <TaskInstance: doctors_api_dag.retrieve_doctors scheduled__2024-05-19T00:00:00+00:00 [running]> on host kali
[2024-05-20T12:04:30.624+0200] {taskinstance.py:2648} INFO - Exporting env vars: AIRFLOW_CTX_DAG_OWNER='airflow' AIRFLOW_CTX_DAG_ID='doctors_api_dag' AIRFLOW_CTX_TASK_ID='retrieve_doctors' AIRFLOW_CTX_EXECUTION_DATE='2024-05-19T00:00:00+00:00' AIRFLOW_CTX_TRY_NUMBER='2' AIRFLOW_CTX_DAG_RUN_ID='scheduled__2024-05-19T00:00:00+00:00'
[2024-05-20T12:04:30.625+0200] {taskinstance.py:430} INFO - ::endgroup::
[2024-05-20T12:04:30.625+0200] {http.py:169} INFO - Calling HTTP method
[2024-05-20T12:04:30.629+0200] {base.py:84} INFO - Using connection ID 'eezimeds_doctors' for task execution.
[2024-05-20T12:04:30.633+0200] {base.py:84} INFO - Using connection ID 'eezimeds_doctors' for task execution.
[2024-05-20T12:04:36.926+0200] {http.py:199} ERROR - HTTP error: Unauthorized
[2024-05-20T12:04:36.927+0200] {http.py:200} ERROR - {"error":"unauthorized"}
[2024-05-20T12:04:36.927+0200] {taskinstance.py:441} INFO - ::group::Post task execution logs
[2024-05-20T12:04:36.930+0200] {taskinstance.py:2905} ERROR - Task failed with exception
Traceback (most recent call last):
  File "/home/munya/anaconda3/lib/python3.11/site-packages/airflow/providers/http/hooks/http.py", line 197, in check_response
    response.raise_for_status()
  File "/home/munya/anaconda3/lib/python3.11/site-packages/requests/models.py", line 1021, in raise_for_status
    raise HTTPError(http_error_msg, response=self)
requests.exceptions.HTTPError: 401 Client Error: Unauthorized for url: https://eazimed-backend-web-mongo.azurewebsites.net/mongo/doctor

During handling of the above exception, another exception occurred:

Traceback (most recent call last):
  File "/home/munya/anaconda3/lib/python3.11/site-packages/airflow/models/taskinstance.py", line 465, in _execute_task
    result = _execute_callable(context=context, **execute_callable_kwargs)
             ^^^^^^^^^^^^^^^^^^^^^^^^^^^^^^^^^^^^^^^^^^^^^^^^^^^^^^^^^^^^^
  File "/home/munya/anaconda3/lib/python3.11/site-packages/airflow/models/taskinstance.py", line 432, in _execute_callable
    return execute_callable(context=context, **execute_callable_kwargs)
           ^^^^^^^^^^^^^^^^^^^^^^^^^^^^^^^^^^^^^^^^^^^^^^^^^^^^^^^^^^^^
  File "/home/munya/anaconda3/lib/python3.11/site-packages/airflow/models/baseoperator.py", line 400, in wrapper
    return func(self, *args, **kwargs)
           ^^^^^^^^^^^^^^^^^^^^^^^^^^^
  File "/home/munya/anaconda3/lib/python3.11/site-packages/airflow/providers/http/operators/http.py", line 166, in execute
    return self.execute_sync(context=context)
           ^^^^^^^^^^^^^^^^^^^^^^^^^^^^^^^^^^
  File "/home/munya/anaconda3/lib/python3.11/site-packages/airflow/providers/http/operators/http.py", line 170, in execute_sync
    response = self.hook.run(self.endpoint, self.data, self.headers, self.extra_options)
               ^^^^^^^^^^^^^^^^^^^^^^^^^^^^^^^^^^^^^^^^^^^^^^^^^^^^^^^^^^^^^^^^^^^^^^^^^
  File "/home/munya/anaconda3/lib/python3.11/site-packages/airflow/providers/http/hooks/http.py", line 187, in run
    return self.run_and_check(session, prepped_request, extra_options)
           ^^^^^^^^^^^^^^^^^^^^^^^^^^^^^^^^^^^^^^^^^^^^^^^^^^^^^^^^^^^
  File "/home/munya/anaconda3/lib/python3.11/site-packages/airflow/providers/http/hooks/http.py", line 238, in run_and_check
    self.check_response(response)
  File "/home/munya/anaconda3/lib/python3.11/site-packages/airflow/providers/http/hooks/http.py", line 201, in check_response
    raise AirflowException(str(response.status_code) + ":" + response.reason)
airflow.exceptions.AirflowException: 401:Unauthorized
[2024-05-20T12:04:36.934+0200] {taskinstance.py:1206} INFO - Marking task as FAILED. dag_id=doctors_api_dag, task_id=retrieve_doctors, run_id=scheduled__2024-05-19T00:00:00+00:00, execution_date=20240519T000000, start_date=20240520T100430, end_date=20240520T100436
[2024-05-20T12:04:36.948+0200] {standard_task_runner.py:110} ERROR - Failed to execute job 1166 for task retrieve_doctors (401:Unauthorized; 690069)
[2024-05-20T12:04:36.976+0200] {local_task_job_runner.py:240} INFO - Task exited with return code 1
[2024-05-20T12:04:36.987+0200] {taskinstance.py:3498} INFO - 0 downstream tasks scheduled from follow-on schedule check
[2024-05-20T12:04:36.988+0200] {local_task_job_runner.py:222} INFO - ::endgroup::
[2024-05-20T19:22:47.158+0200] {local_task_job_runner.py:120} INFO - ::group::Pre task execution logs
[2024-05-20T19:22:47.168+0200] {taskinstance.py:2076} INFO - Dependencies all met for dep_context=non-requeueable deps ti=<TaskInstance: doctors_api_dag.retrieve_doctors scheduled__2024-05-19T00:00:00+00:00 [queued]>
[2024-05-20T19:22:47.174+0200] {taskinstance.py:2076} INFO - Dependencies all met for dep_context=requeueable deps ti=<TaskInstance: doctors_api_dag.retrieve_doctors scheduled__2024-05-19T00:00:00+00:00 [queued]>
[2024-05-20T19:22:47.174+0200] {taskinstance.py:2306} INFO - Starting attempt 2 of 2
[2024-05-20T19:22:47.185+0200] {taskinstance.py:2330} INFO - Executing <Task(SimpleHttpOperator): retrieve_doctors> on 2024-05-19 00:00:00+00:00
[2024-05-20T19:22:47.192+0200] {standard_task_runner.py:63} INFO - Started process 112867 to run task
[2024-05-20T19:22:47.196+0200] {standard_task_runner.py:90} INFO - Running: ['airflow', 'tasks', 'run', 'doctors_api_dag', 'retrieve_doctors', 'scheduled__2024-05-19T00:00:00+00:00', '--job-id', '1172', '--raw', '--subdir', 'DAGS_FOLDER/eezimeds_doctors.py', '--cfg-path', '/tmp/tmprsxekdlq']
[2024-05-20T19:22:47.198+0200] {standard_task_runner.py:91} INFO - Job 1172: Subtask retrieve_doctors
[2024-05-20T19:22:47.238+0200] {task_command.py:426} INFO - Running <TaskInstance: doctors_api_dag.retrieve_doctors scheduled__2024-05-19T00:00:00+00:00 [running]> on host kali
[2024-05-20T19:22:47.313+0200] {taskinstance.py:2648} INFO - Exporting env vars: AIRFLOW_CTX_DAG_OWNER='airflow' AIRFLOW_CTX_DAG_ID='doctors_api_dag' AIRFLOW_CTX_TASK_ID='retrieve_doctors' AIRFLOW_CTX_EXECUTION_DATE='2024-05-19T00:00:00+00:00' AIRFLOW_CTX_TRY_NUMBER='2' AIRFLOW_CTX_DAG_RUN_ID='scheduled__2024-05-19T00:00:00+00:00'
[2024-05-20T19:22:47.314+0200] {taskinstance.py:430} INFO - ::endgroup::
[2024-05-20T19:22:47.315+0200] {http.py:169} INFO - Calling HTTP method
[2024-05-20T19:22:47.320+0200] {base.py:84} INFO - Using connection ID 'eezimeds_doctors' for task execution.
[2024-05-20T19:22:47.324+0200] {base.py:84} INFO - Using connection ID 'eezimeds_doctors' for task execution.
[2024-05-20T19:22:50.177+0200] {http.py:199} ERROR - HTTP error: Unauthorized
[2024-05-20T19:22:50.177+0200] {http.py:200} ERROR - {"error":"unauthorized"}
[2024-05-20T19:22:50.177+0200] {taskinstance.py:441} INFO - ::group::Post task execution logs
[2024-05-20T19:22:50.180+0200] {taskinstance.py:2905} ERROR - Task failed with exception
Traceback (most recent call last):
  File "/home/munya/anaconda3/lib/python3.11/site-packages/airflow/providers/http/hooks/http.py", line 197, in check_response
    response.raise_for_status()
  File "/home/munya/anaconda3/lib/python3.11/site-packages/requests/models.py", line 1021, in raise_for_status
    raise HTTPError(http_error_msg, response=self)
requests.exceptions.HTTPError: 401 Client Error: Unauthorized for url: https://eazimed-backend-web-mongo.azurewebsites.net//mongo/doctor

During handling of the above exception, another exception occurred:

Traceback (most recent call last):
  File "/home/munya/anaconda3/lib/python3.11/site-packages/airflow/models/taskinstance.py", line 465, in _execute_task
    result = _execute_callable(context=context, **execute_callable_kwargs)
             ^^^^^^^^^^^^^^^^^^^^^^^^^^^^^^^^^^^^^^^^^^^^^^^^^^^^^^^^^^^^^
  File "/home/munya/anaconda3/lib/python3.11/site-packages/airflow/models/taskinstance.py", line 432, in _execute_callable
    return execute_callable(context=context, **execute_callable_kwargs)
           ^^^^^^^^^^^^^^^^^^^^^^^^^^^^^^^^^^^^^^^^^^^^^^^^^^^^^^^^^^^^
  File "/home/munya/anaconda3/lib/python3.11/site-packages/airflow/models/baseoperator.py", line 400, in wrapper
    return func(self, *args, **kwargs)
           ^^^^^^^^^^^^^^^^^^^^^^^^^^^
  File "/home/munya/anaconda3/lib/python3.11/site-packages/airflow/providers/http/operators/http.py", line 166, in execute
    return self.execute_sync(context=context)
           ^^^^^^^^^^^^^^^^^^^^^^^^^^^^^^^^^^
  File "/home/munya/anaconda3/lib/python3.11/site-packages/airflow/providers/http/operators/http.py", line 170, in execute_sync
    response = self.hook.run(self.endpoint, self.data, self.headers, self.extra_options)
               ^^^^^^^^^^^^^^^^^^^^^^^^^^^^^^^^^^^^^^^^^^^^^^^^^^^^^^^^^^^^^^^^^^^^^^^^^
  File "/home/munya/anaconda3/lib/python3.11/site-packages/airflow/providers/http/hooks/http.py", line 187, in run
    return self.run_and_check(session, prepped_request, extra_options)
           ^^^^^^^^^^^^^^^^^^^^^^^^^^^^^^^^^^^^^^^^^^^^^^^^^^^^^^^^^^^
  File "/home/munya/anaconda3/lib/python3.11/site-packages/airflow/providers/http/hooks/http.py", line 238, in run_and_check
    self.check_response(response)
  File "/home/munya/anaconda3/lib/python3.11/site-packages/airflow/providers/http/hooks/http.py", line 201, in check_response
    raise AirflowException(str(response.status_code) + ":" + response.reason)
airflow.exceptions.AirflowException: 401:Unauthorized
[2024-05-20T19:22:50.185+0200] {taskinstance.py:1206} INFO - Marking task as FAILED. dag_id=doctors_api_dag, task_id=retrieve_doctors, run_id=scheduled__2024-05-19T00:00:00+00:00, execution_date=20240519T000000, start_date=20240520T172247, end_date=20240520T172250
[2024-05-20T19:22:50.195+0200] {standard_task_runner.py:110} ERROR - Failed to execute job 1172 for task retrieve_doctors (401:Unauthorized; 112867)
[2024-05-20T19:22:50.223+0200] {local_task_job_runner.py:240} INFO - Task exited with return code 1
[2024-05-20T19:22:50.237+0200] {taskinstance.py:3498} INFO - 0 downstream tasks scheduled from follow-on schedule check
[2024-05-20T19:22:50.238+0200] {local_task_job_runner.py:222} INFO - ::endgroup::
[2024-05-20T19:34:38.069+0200] {local_task_job_runner.py:120} INFO - ::group::Pre task execution logs
[2024-05-20T19:34:38.078+0200] {taskinstance.py:2076} INFO - Dependencies all met for dep_context=non-requeueable deps ti=<TaskInstance: doctors_api_dag.retrieve_doctors scheduled__2024-05-19T00:00:00+00:00 [queued]>
[2024-05-20T19:34:38.084+0200] {taskinstance.py:2076} INFO - Dependencies all met for dep_context=requeueable deps ti=<TaskInstance: doctors_api_dag.retrieve_doctors scheduled__2024-05-19T00:00:00+00:00 [queued]>
[2024-05-20T19:34:38.084+0200] {taskinstance.py:2306} INFO - Starting attempt 2 of 2
[2024-05-20T19:34:38.096+0200] {taskinstance.py:2330} INFO - Executing <Task(SimpleHttpOperator): retrieve_doctors> on 2024-05-19 00:00:00+00:00
[2024-05-20T19:34:38.102+0200] {standard_task_runner.py:63} INFO - Started process 124466 to run task
[2024-05-20T19:34:38.106+0200] {standard_task_runner.py:90} INFO - Running: ['airflow', 'tasks', 'run', 'doctors_api_dag', 'retrieve_doctors', 'scheduled__2024-05-19T00:00:00+00:00', '--job-id', '1172', '--raw', '--subdir', 'DAGS_FOLDER/eezimeds_doctors.py', '--cfg-path', '/tmp/tmpexnaf084']
[2024-05-20T19:34:38.108+0200] {standard_task_runner.py:91} INFO - Job 1172: Subtask retrieve_doctors
[2024-05-20T19:34:38.147+0200] {task_command.py:426} INFO - Running <TaskInstance: doctors_api_dag.retrieve_doctors scheduled__2024-05-19T00:00:00+00:00 [running]> on host kali
[2024-05-20T19:34:38.286+0200] {taskinstance.py:2648} INFO - Exporting env vars: AIRFLOW_CTX_DAG_OWNER='airflow' AIRFLOW_CTX_DAG_ID='doctors_api_dag' AIRFLOW_CTX_TASK_ID='retrieve_doctors' AIRFLOW_CTX_EXECUTION_DATE='2024-05-19T00:00:00+00:00' AIRFLOW_CTX_TRY_NUMBER='2' AIRFLOW_CTX_DAG_RUN_ID='scheduled__2024-05-19T00:00:00+00:00'
[2024-05-20T19:34:38.296+0200] {taskinstance.py:430} INFO - ::endgroup::
[2024-05-20T19:34:38.296+0200] {http.py:169} INFO - Calling HTTP method
[2024-05-20T19:34:38.306+0200] {base.py:84} INFO - Using connection ID 'eezimeds_doctors' for task execution.
[2024-05-20T19:34:38.319+0200] {base.py:84} INFO - Using connection ID 'eezimeds_doctors' for task execution.
[2024-05-20T19:34:40.196+0200] {http.py:199} ERROR - HTTP error: Unauthorized
[2024-05-20T19:34:40.196+0200] {http.py:200} ERROR - {"error":"unauthorized"}
[2024-05-20T19:34:40.197+0200] {taskinstance.py:441} INFO - ::group::Post task execution logs
[2024-05-20T19:34:40.199+0200] {taskinstance.py:2905} ERROR - Task failed with exception
Traceback (most recent call last):
  File "/home/munya/anaconda3/lib/python3.11/site-packages/airflow/providers/http/hooks/http.py", line 197, in check_response
    response.raise_for_status()
  File "/home/munya/anaconda3/lib/python3.11/site-packages/requests/models.py", line 1021, in raise_for_status
    raise HTTPError(http_error_msg, response=self)
requests.exceptions.HTTPError: 401 Client Error: Unauthorized for url: https://eazimed-backend-web-mongo.azurewebsites.net//mongo/doctor

During handling of the above exception, another exception occurred:

Traceback (most recent call last):
  File "/home/munya/anaconda3/lib/python3.11/site-packages/airflow/models/taskinstance.py", line 465, in _execute_task
    result = _execute_callable(context=context, **execute_callable_kwargs)
             ^^^^^^^^^^^^^^^^^^^^^^^^^^^^^^^^^^^^^^^^^^^^^^^^^^^^^^^^^^^^^
  File "/home/munya/anaconda3/lib/python3.11/site-packages/airflow/models/taskinstance.py", line 432, in _execute_callable
    return execute_callable(context=context, **execute_callable_kwargs)
           ^^^^^^^^^^^^^^^^^^^^^^^^^^^^^^^^^^^^^^^^^^^^^^^^^^^^^^^^^^^^
  File "/home/munya/anaconda3/lib/python3.11/site-packages/airflow/models/baseoperator.py", line 400, in wrapper
    return func(self, *args, **kwargs)
           ^^^^^^^^^^^^^^^^^^^^^^^^^^^
  File "/home/munya/anaconda3/lib/python3.11/site-packages/airflow/providers/http/operators/http.py", line 166, in execute
    return self.execute_sync(context=context)
           ^^^^^^^^^^^^^^^^^^^^^^^^^^^^^^^^^^
  File "/home/munya/anaconda3/lib/python3.11/site-packages/airflow/providers/http/operators/http.py", line 170, in execute_sync
    response = self.hook.run(self.endpoint, self.data, self.headers, self.extra_options)
               ^^^^^^^^^^^^^^^^^^^^^^^^^^^^^^^^^^^^^^^^^^^^^^^^^^^^^^^^^^^^^^^^^^^^^^^^^
  File "/home/munya/anaconda3/lib/python3.11/site-packages/airflow/providers/http/hooks/http.py", line 187, in run
    return self.run_and_check(session, prepped_request, extra_options)
           ^^^^^^^^^^^^^^^^^^^^^^^^^^^^^^^^^^^^^^^^^^^^^^^^^^^^^^^^^^^
  File "/home/munya/anaconda3/lib/python3.11/site-packages/airflow/providers/http/hooks/http.py", line 238, in run_and_check
    self.check_response(response)
  File "/home/munya/anaconda3/lib/python3.11/site-packages/airflow/providers/http/hooks/http.py", line 201, in check_response
    raise AirflowException(str(response.status_code) + ":" + response.reason)
airflow.exceptions.AirflowException: 401:Unauthorized
[2024-05-20T19:34:40.202+0200] {taskinstance.py:1206} INFO - Marking task as FAILED. dag_id=doctors_api_dag, task_id=retrieve_doctors, run_id=scheduled__2024-05-19T00:00:00+00:00, execution_date=20240519T000000, start_date=20240520T173438, end_date=20240520T173440
[2024-05-20T19:34:40.211+0200] {standard_task_runner.py:110} ERROR - Failed to execute job 1172 for task retrieve_doctors (401:Unauthorized; 124466)
[2024-05-20T19:34:40.221+0200] {local_task_job_runner.py:240} INFO - Task exited with return code 1
[2024-05-20T19:34:40.233+0200] {taskinstance.py:3498} INFO - 0 downstream tasks scheduled from follow-on schedule check
[2024-05-20T19:34:40.234+0200] {local_task_job_runner.py:222} INFO - ::endgroup::
[2024-05-20T19:55:05.391+0200] {local_task_job_runner.py:120} INFO - ::group::Pre task execution logs
[2024-05-20T19:55:05.401+0200] {taskinstance.py:2076} INFO - Dependencies all met for dep_context=non-requeueable deps ti=<TaskInstance: doctors_api_dag.retrieve_doctors scheduled__2024-05-19T00:00:00+00:00 [queued]>
[2024-05-20T19:55:05.407+0200] {taskinstance.py:2076} INFO - Dependencies all met for dep_context=requeueable deps ti=<TaskInstance: doctors_api_dag.retrieve_doctors scheduled__2024-05-19T00:00:00+00:00 [queued]>
[2024-05-20T19:55:05.407+0200] {taskinstance.py:2306} INFO - Starting attempt 2 of 2
[2024-05-20T19:55:05.417+0200] {taskinstance.py:2330} INFO - Executing <Task(SimpleHttpOperator): retrieve_doctors> on 2024-05-19 00:00:00+00:00
[2024-05-20T19:55:05.424+0200] {standard_task_runner.py:63} INFO - Started process 145278 to run task
[2024-05-20T19:55:05.428+0200] {standard_task_runner.py:90} INFO - Running: ['airflow', 'tasks', 'run', 'doctors_api_dag', 'retrieve_doctors', 'scheduled__2024-05-19T00:00:00+00:00', '--job-id', '1172', '--raw', '--subdir', 'DAGS_FOLDER/eezimeds_doctors.py', '--cfg-path', '/tmp/tmp0lthcp1u']
[2024-05-20T19:55:05.430+0200] {standard_task_runner.py:91} INFO - Job 1172: Subtask retrieve_doctors
[2024-05-20T19:55:05.464+0200] {task_command.py:426} INFO - Running <TaskInstance: doctors_api_dag.retrieve_doctors scheduled__2024-05-19T00:00:00+00:00 [running]> on host kali
[2024-05-20T19:55:05.517+0200] {taskinstance.py:2648} INFO - Exporting env vars: AIRFLOW_CTX_DAG_OWNER='airflow' AIRFLOW_CTX_DAG_ID='doctors_api_dag' AIRFLOW_CTX_TASK_ID='retrieve_doctors' AIRFLOW_CTX_EXECUTION_DATE='2024-05-19T00:00:00+00:00' AIRFLOW_CTX_TRY_NUMBER='2' AIRFLOW_CTX_DAG_RUN_ID='scheduled__2024-05-19T00:00:00+00:00'
[2024-05-20T19:55:05.519+0200] {taskinstance.py:430} INFO - ::endgroup::
[2024-05-20T19:55:05.519+0200] {http.py:169} INFO - Calling HTTP method
[2024-05-20T19:55:05.523+0200] {base.py:84} INFO - Using connection ID 'eezimeds_doctors' for task execution.
[2024-05-20T19:55:05.526+0200] {base.py:84} INFO - Using connection ID 'eezimeds_doctors' for task execution.
[2024-05-20T19:55:07.418+0200] {http.py:199} ERROR - HTTP error: Unauthorized
[2024-05-20T19:55:07.419+0200] {http.py:200} ERROR - {"error":"unauthorized"}
[2024-05-20T19:55:07.419+0200] {taskinstance.py:441} INFO - ::group::Post task execution logs
[2024-05-20T19:55:07.422+0200] {taskinstance.py:2905} ERROR - Task failed with exception
Traceback (most recent call last):
  File "/home/munya/anaconda3/lib/python3.11/site-packages/airflow/providers/http/hooks/http.py", line 197, in check_response
    response.raise_for_status()
  File "/home/munya/anaconda3/lib/python3.11/site-packages/requests/models.py", line 1021, in raise_for_status
    raise HTTPError(http_error_msg, response=self)
requests.exceptions.HTTPError: 401 Client Error: Unauthorized for url: https://eazimed-backend-web-mongo.azurewebsites.net//mongo/doctor

During handling of the above exception, another exception occurred:

Traceback (most recent call last):
  File "/home/munya/anaconda3/lib/python3.11/site-packages/airflow/models/taskinstance.py", line 465, in _execute_task
    result = _execute_callable(context=context, **execute_callable_kwargs)
             ^^^^^^^^^^^^^^^^^^^^^^^^^^^^^^^^^^^^^^^^^^^^^^^^^^^^^^^^^^^^^
  File "/home/munya/anaconda3/lib/python3.11/site-packages/airflow/models/taskinstance.py", line 432, in _execute_callable
    return execute_callable(context=context, **execute_callable_kwargs)
           ^^^^^^^^^^^^^^^^^^^^^^^^^^^^^^^^^^^^^^^^^^^^^^^^^^^^^^^^^^^^
  File "/home/munya/anaconda3/lib/python3.11/site-packages/airflow/models/baseoperator.py", line 400, in wrapper
    return func(self, *args, **kwargs)
           ^^^^^^^^^^^^^^^^^^^^^^^^^^^
  File "/home/munya/anaconda3/lib/python3.11/site-packages/airflow/providers/http/operators/http.py", line 166, in execute
    return self.execute_sync(context=context)
           ^^^^^^^^^^^^^^^^^^^^^^^^^^^^^^^^^^
  File "/home/munya/anaconda3/lib/python3.11/site-packages/airflow/providers/http/operators/http.py", line 170, in execute_sync
    response = self.hook.run(self.endpoint, self.data, self.headers, self.extra_options)
               ^^^^^^^^^^^^^^^^^^^^^^^^^^^^^^^^^^^^^^^^^^^^^^^^^^^^^^^^^^^^^^^^^^^^^^^^^
  File "/home/munya/anaconda3/lib/python3.11/site-packages/airflow/providers/http/hooks/http.py", line 187, in run
    return self.run_and_check(session, prepped_request, extra_options)
           ^^^^^^^^^^^^^^^^^^^^^^^^^^^^^^^^^^^^^^^^^^^^^^^^^^^^^^^^^^^
  File "/home/munya/anaconda3/lib/python3.11/site-packages/airflow/providers/http/hooks/http.py", line 238, in run_and_check
    self.check_response(response)
  File "/home/munya/anaconda3/lib/python3.11/site-packages/airflow/providers/http/hooks/http.py", line 201, in check_response
    raise AirflowException(str(response.status_code) + ":" + response.reason)
airflow.exceptions.AirflowException: 401:Unauthorized
[2024-05-20T19:55:07.425+0200] {taskinstance.py:1206} INFO - Marking task as FAILED. dag_id=doctors_api_dag, task_id=retrieve_doctors, run_id=scheduled__2024-05-19T00:00:00+00:00, execution_date=20240519T000000, start_date=20240520T175505, end_date=20240520T175507
[2024-05-20T19:55:07.435+0200] {standard_task_runner.py:110} ERROR - Failed to execute job 1172 for task retrieve_doctors (401:Unauthorized; 145278)
[2024-05-20T19:55:07.446+0200] {local_task_job_runner.py:240} INFO - Task exited with return code 1
[2024-05-20T19:55:07.459+0200] {taskinstance.py:3498} INFO - 0 downstream tasks scheduled from follow-on schedule check
[2024-05-20T19:55:07.460+0200] {local_task_job_runner.py:222} INFO - ::endgroup::
