[2024-05-11T11:09:40.991+0200] {local_task_job_runner.py:120} INFO - ::group::Pre task execution logs
[2024-05-11T11:09:40.998+0200] {taskinstance.py:2073} INFO - Dependencies all met for dep_context=non-requeueable deps ti=<TaskInstance: weather_api_dag.fetch_weather_data scheduled__2024-05-10T00:00:00+00:00 [queued]>
[2024-05-11T11:09:41.002+0200] {taskinstance.py:2073} INFO - Dependencies all met for dep_context=requeueable deps ti=<TaskInstance: weather_api_dag.fetch_weather_data scheduled__2024-05-10T00:00:00+00:00 [queued]>
[2024-05-11T11:09:41.002+0200] {taskinstance.py:2303} INFO - Starting attempt 1 of 2
[2024-05-11T11:09:41.013+0200] {taskinstance.py:2327} INFO - Executing <Task(HttpOperator): fetch_weather_data> on 2024-05-10 00:00:00+00:00
[2024-05-11T11:09:41.019+0200] {standard_task_runner.py:63} INFO - Started process 120367 to run task
[2024-05-11T11:09:41.022+0200] {standard_task_runner.py:90} INFO - Running: ['airflow', 'tasks', 'run', 'weather_api_dag', 'fetch_weather_data', 'scheduled__2024-05-10T00:00:00+00:00', '--job-id', '1048', '--raw', '--subdir', 'DAGS_FOLDER/weather_data.py', '--cfg-path', '/tmp/tmpk_xko2wz']
[2024-05-11T11:09:41.024+0200] {standard_task_runner.py:91} INFO - Job 1048: Subtask fetch_weather_data
[2024-05-11T11:09:41.052+0200] {task_command.py:426} INFO - Running <TaskInstance: weather_api_dag.fetch_weather_data scheduled__2024-05-10T00:00:00+00:00 [running]> on host kali
[2024-05-11T11:09:41.100+0200] {taskinstance.py:2644} INFO - Exporting env vars: AIRFLOW_CTX_DAG_OWNER='airflow' AIRFLOW_CTX_DAG_ID='weather_api_dag' AIRFLOW_CTX_TASK_ID='fetch_weather_data' AIRFLOW_CTX_EXECUTION_DATE='2024-05-10T00:00:00+00:00' AIRFLOW_CTX_TRY_NUMBER='1' AIRFLOW_CTX_DAG_RUN_ID='scheduled__2024-05-10T00:00:00+00:00'
[2024-05-11T11:09:41.102+0200] {taskinstance.py:430} INFO - ::endgroup::
[2024-05-11T11:09:41.102+0200] {http.py:169} INFO - Calling HTTP method
[2024-05-11T11:09:41.105+0200] {base.py:84} INFO - Using connection ID 'weather_api' for task execution.
[2024-05-11T11:09:41.108+0200] {base.py:84} INFO - Using connection ID 'weather_api' for task execution.
[2024-05-11T11:09:41.986+0200] {http.py:208} INFO - {"coord":{"lon":32.6709,"lat":-18.9707},"weather":[{"id":800,"main":"Clear","description":"clear sky","icon":"01d"}],"base":"stations","main":{"temp":301.22,"feels_like":300.13,"temp_min":301.22,"temp_max":301.22,"pressure":1017,"humidity":26,"sea_level":1017,"grnd_level":897},"visibility":10000,"wind":{"speed":1.28,"deg":220,"gust":1.92},"clouds":{"all":0},"dt":1715418424,"sys":{"country":"ZW","sunrise":1715400457,"sunset":1715441030},"timezone":7200,"id":884979,"name":"Mutare","cod":200}
[2024-05-11T11:09:41.987+0200] {taskinstance.py:441} INFO - ::group::Post task execution logs
[2024-05-11T11:09:42.000+0200] {taskinstance.py:1205} INFO - Marking task as SUCCESS. dag_id=weather_api_dag, task_id=fetch_weather_data, execution_date=20240510T000000, start_date=20240511T090940, end_date=20240511T090942
[2024-05-11T11:09:42.048+0200] {local_task_job_runner.py:240} INFO - Task exited with return code 0
[2024-05-11T11:09:42.058+0200] {taskinstance.py:3482} INFO - 0 downstream tasks scheduled from follow-on schedule check
[2024-05-11T11:09:42.059+0200] {local_task_job_runner.py:222} INFO - ::endgroup::
