[2024-04-29T10:46:40.728+0200] {local_task_job_runner.py:120} INFO - ::group::Pre task execution logs
[2024-04-29T10:46:40.746+0200] {taskinstance.py:2073} INFO - Dependencies all met for dep_context=non-requeueable deps ti=<TaskInstance: airflow_tut_v02.sleep scheduled__2024-04-28T14:00:00+00:00 [queued]>
[2024-04-29T10:46:40.750+0200] {taskinstance.py:2073} INFO - Dependencies all met for dep_context=requeueable deps ti=<TaskInstance: airflow_tut_v02.sleep scheduled__2024-04-28T14:00:00+00:00 [queued]>
[2024-04-29T10:46:40.751+0200] {taskinstance.py:2303} INFO - Starting attempt 1 of 2
[2024-04-29T10:46:40.762+0200] {taskinstance.py:2327} INFO - Executing <Task(BashOperator): sleep> on 2024-04-28 14:00:00+00:00
[2024-04-29T10:46:40.766+0200] {standard_task_runner.py:63} INFO - Started process 10114 to run task
[2024-04-29T10:46:40.769+0200] {standard_task_runner.py:90} INFO - Running: ['airflow', 'tasks', 'run', 'airflow_tut_v02', 'sleep', 'scheduled__2024-04-28T14:00:00+00:00', '--job-id', '57', '--raw', '--subdir', 'DAGS_FOLDER/dags.py', '--cfg-path', '/tmp/tmp911cdvq8']
[2024-04-29T10:46:40.772+0200] {standard_task_runner.py:91} INFO - Job 57: Subtask sleep
[2024-04-29T10:46:40.800+0200] {task_command.py:426} INFO - Running <TaskInstance: airflow_tut_v02.sleep scheduled__2024-04-28T14:00:00+00:00 [running]> on host kali
[2024-04-29T10:46:40.850+0200] {taskinstance.py:2644} INFO - Exporting env vars: AIRFLOW_CTX_DAG_OWNER='Munyah' AIRFLOW_CTX_DAG_ID='airflow_tut_v02' AIRFLOW_CTX_TASK_ID='sleep' AIRFLOW_CTX_EXECUTION_DATE='2024-04-28T14:00:00+00:00' AIRFLOW_CTX_TRY_NUMBER='1' AIRFLOW_CTX_DAG_RUN_ID='scheduled__2024-04-28T14:00:00+00:00'
[2024-04-29T10:46:40.852+0200] {taskinstance.py:430} INFO - ::endgroup::
[2024-04-29T10:46:40.852+0200] {subprocess.py:63} INFO - Tmp dir root location: /tmp
[2024-04-29T10:46:40.852+0200] {subprocess.py:75} INFO - Running command: ['/usr/bin/bash', '-c', 'sleep 5']
[2024-04-29T10:46:40.862+0200] {subprocess.py:86} INFO - Output:
[2024-04-29T10:46:45.865+0200] {subprocess.py:97} INFO - Command exited with return code 0
[2024-04-29T10:46:45.867+0200] {taskinstance.py:441} INFO - ::group::Post task execution logs
[2024-04-29T10:46:46.314+0200] {taskinstance.py:1205} INFO - Marking task as SUCCESS. dag_id=airflow_tut_v02, task_id=sleep, execution_date=20240428T140000, start_date=20240429T084640, end_date=20240429T084646
[2024-04-29T10:46:46.397+0200] {local_task_job_runner.py:240} INFO - Task exited with return code 0
[2024-04-29T10:46:46.444+0200] {taskinstance.py:3482} INFO - 1 downstream tasks scheduled from follow-on schedule check
[2024-04-29T10:46:46.449+0200] {local_task_job_runner.py:222} INFO - ::endgroup::
