[2024-05-09T12:46:38.833+0200] {local_task_job_runner.py:120} INFO - ::group::Pre task execution logs
[2024-05-09T12:46:38.852+0200] {taskinstance.py:2073} INFO - Dependencies all met for dep_context=non-requeueable deps ti=<TaskInstance: weather_api_dag.fetch_weather_data scheduled__2024-05-05T00:00:00+00:00 [queued]>
[2024-05-09T12:46:38.867+0200] {taskinstance.py:2073} INFO - Dependencies all met for dep_context=requeueable deps ti=<TaskInstance: weather_api_dag.fetch_weather_data scheduled__2024-05-05T00:00:00+00:00 [queued]>
[2024-05-09T12:46:38.868+0200] {taskinstance.py:2303} INFO - Starting attempt 1 of 2
[2024-05-09T12:46:38.899+0200] {taskinstance.py:2327} INFO - Executing <Task(HttpOperator): fetch_weather_data> on 2024-05-05 00:00:00+00:00
[2024-05-09T12:46:38.911+0200] {standard_task_runner.py:63} INFO - Started process 252883 to run task
[2024-05-09T12:46:38.918+0200] {standard_task_runner.py:90} INFO - Running: ['airflow', 'tasks', 'run', 'weather_api_dag', 'fetch_weather_data', 'scheduled__2024-05-05T00:00:00+00:00', '--job-id', '927', '--raw', '--subdir', 'DAGS_FOLDER/weather_data.py', '--cfg-path', '/tmp/tmp7wtv6y91']
[2024-05-09T12:46:38.923+0200] {standard_task_runner.py:91} INFO - Job 927: Subtask fetch_weather_data
[2024-05-09T12:46:38.989+0200] {task_command.py:426} INFO - Running <TaskInstance: weather_api_dag.fetch_weather_data scheduled__2024-05-05T00:00:00+00:00 [running]> on host kali
[2024-05-09T12:46:39.127+0200] {taskinstance.py:2644} INFO - Exporting env vars: AIRFLOW_CTX_DAG_OWNER='airflow' AIRFLOW_CTX_DAG_ID='weather_api_dag' AIRFLOW_CTX_TASK_ID='fetch_weather_data' AIRFLOW_CTX_EXECUTION_DATE='2024-05-05T00:00:00+00:00' AIRFLOW_CTX_TRY_NUMBER='1' AIRFLOW_CTX_DAG_RUN_ID='scheduled__2024-05-05T00:00:00+00:00'
[2024-05-09T12:46:39.130+0200] {taskinstance.py:430} INFO - ::endgroup::
[2024-05-09T12:46:39.131+0200] {http.py:169} INFO - Calling HTTP method
[2024-05-09T12:46:39.142+0200] {base.py:84} INFO - Using connection ID 'weather_api' for task execution.
[2024-05-09T12:46:39.151+0200] {base.py:84} INFO - Using connection ID 'weather_api' for task execution.
[2024-05-09T12:46:46.916+0200] {taskinstance.py:441} INFO - ::group::Post task execution logs
[2024-05-09T12:46:46.971+0200] {taskinstance.py:1205} INFO - Marking task as SUCCESS. dag_id=weather_api_dag, task_id=fetch_weather_data, execution_date=20240505T000000, start_date=20240509T104638, end_date=20240509T104646
[2024-05-09T12:46:47.048+0200] {local_task_job_runner.py:240} INFO - Task exited with return code 0
[2024-05-09T12:46:47.084+0200] {taskinstance.py:3482} INFO - 0 downstream tasks scheduled from follow-on schedule check
[2024-05-09T12:46:47.085+0200] {local_task_job_runner.py:222} INFO - ::endgroup::
[2024-05-09T12:51:20.252+0200] {local_task_job_runner.py:120} INFO - ::group::Pre task execution logs
[2024-05-09T12:51:20.268+0200] {taskinstance.py:2073} INFO - Dependencies all met for dep_context=non-requeueable deps ti=<TaskInstance: weather_api_dag.fetch_weather_data scheduled__2024-05-05T00:00:00+00:00 [queued]>
[2024-05-09T12:51:20.279+0200] {taskinstance.py:2073} INFO - Dependencies all met for dep_context=requeueable deps ti=<TaskInstance: weather_api_dag.fetch_weather_data scheduled__2024-05-05T00:00:00+00:00 [queued]>
[2024-05-09T12:51:20.279+0200] {taskinstance.py:2303} INFO - Starting attempt 1 of 2
[2024-05-09T12:51:20.304+0200] {taskinstance.py:2327} INFO - Executing <Task(HttpOperator): fetch_weather_data> on 2024-05-05 00:00:00+00:00
[2024-05-09T12:51:20.321+0200] {standard_task_runner.py:63} INFO - Started process 256613 to run task
[2024-05-09T12:51:20.328+0200] {standard_task_runner.py:90} INFO - Running: ['airflow', 'tasks', 'run', 'weather_api_dag', 'fetch_weather_data', 'scheduled__2024-05-05T00:00:00+00:00', '--job-id', '927', '--raw', '--subdir', 'DAGS_FOLDER/weather_data.py', '--cfg-path', '/tmp/tmpv96zao15']
[2024-05-09T12:51:20.331+0200] {standard_task_runner.py:91} INFO - Job 927: Subtask fetch_weather_data
[2024-05-09T12:51:20.386+0200] {task_command.py:426} INFO - Running <TaskInstance: weather_api_dag.fetch_weather_data scheduled__2024-05-05T00:00:00+00:00 [running]> on host kali
[2024-05-09T12:51:20.511+0200] {taskinstance.py:2644} INFO - Exporting env vars: AIRFLOW_CTX_DAG_OWNER='airflow' AIRFLOW_CTX_DAG_ID='weather_api_dag' AIRFLOW_CTX_TASK_ID='fetch_weather_data' AIRFLOW_CTX_EXECUTION_DATE='2024-05-05T00:00:00+00:00' AIRFLOW_CTX_TRY_NUMBER='1' AIRFLOW_CTX_DAG_RUN_ID='scheduled__2024-05-05T00:00:00+00:00'
[2024-05-09T12:51:20.515+0200] {taskinstance.py:430} INFO - ::endgroup::
[2024-05-09T12:51:20.516+0200] {http.py:169} INFO - Calling HTTP method
[2024-05-09T12:51:20.523+0200] {base.py:84} INFO - Using connection ID 'weather_api' for task execution.
[2024-05-09T12:51:20.529+0200] {base.py:84} INFO - Using connection ID 'weather_api' for task execution.
[2024-05-09T12:51:35.355+0200] {http.py:208} INFO - {"coord":{"lon":32.6709,"lat":-18.9707},"weather":[{"id":800,"main":"Clear","description":"clear sky","icon":"01d"}],"base":"stations","main":{"temp":298.05,"feels_like":297.48,"temp_min":298.05,"temp_max":298.05,"pressure":1017,"humidity":34,"sea_level":1017,"grnd_level":897},"visibility":10000,"wind":{"speed":3.1,"deg":105,"gust":2.9},"clouds":{"all":3},"dt":1715251526,"sys":{"country":"ZW","sunrise":1715227613,"sunset":1715268279},"timezone":7200,"id":884979,"name":"Mutare","cod":200}
[2024-05-09T12:51:35.357+0200] {taskinstance.py:441} INFO - ::group::Post task execution logs
[2024-05-09T12:51:35.380+0200] {taskinstance.py:1205} INFO - Marking task as SUCCESS. dag_id=weather_api_dag, task_id=fetch_weather_data, execution_date=20240505T000000, start_date=20240509T105120, end_date=20240509T105135
[2024-05-09T12:51:35.423+0200] {local_task_job_runner.py:240} INFO - Task exited with return code 0
[2024-05-09T12:51:35.443+0200] {taskinstance.py:3482} INFO - 0 downstream tasks scheduled from follow-on schedule check
[2024-05-09T12:51:35.444+0200] {local_task_job_runner.py:222} INFO - ::endgroup::
