[2024-05-23T12:54:37.169+0200] {local_task_job_runner.py:120} INFO - ::group::Pre task execution logs
[2024-05-23T12:54:37.182+0200] {taskinstance.py:2076} INFO - Dependencies all met for dep_context=non-requeueable deps ti=<TaskInstance: doctors_api_dag.retrieve_doctors scheduled__2024-05-23T10:45:00+00:00 [queued]>
[2024-05-23T12:54:37.187+0200] {taskinstance.py:2076} INFO - Dependencies all met for dep_context=requeueable deps ti=<TaskInstance: doctors_api_dag.retrieve_doctors scheduled__2024-05-23T10:45:00+00:00 [queued]>
[2024-05-23T12:54:37.187+0200] {taskinstance.py:2306} INFO - Starting attempt 2 of 4
[2024-05-23T12:54:37.202+0200] {taskinstance.py:2330} INFO - Executing <Task(SimpleHttpOperator): retrieve_doctors> on 2024-05-23 10:45:00+00:00
[2024-05-23T12:54:37.208+0200] {standard_task_runner.py:63} INFO - Started process 89221 to run task
[2024-05-23T12:54:37.213+0200] {standard_task_runner.py:90} INFO - Running: ['airflow', 'tasks', 'run', 'doctors_api_dag', 'retrieve_doctors', 'scheduled__2024-05-23T10:45:00+00:00', '--job-id', '1492', '--raw', '--subdir', 'DAGS_FOLDER/eezimeds_doctors.py', '--cfg-path', '/tmp/tmpzho3wmci']
[2024-05-23T12:54:37.215+0200] {standard_task_runner.py:91} INFO - Job 1492: Subtask retrieve_doctors
[2024-05-23T12:54:37.252+0200] {task_command.py:426} INFO - Running <TaskInstance: doctors_api_dag.retrieve_doctors scheduled__2024-05-23T10:45:00+00:00 [running]> on host kali
[2024-05-23T12:54:37.329+0200] {taskinstance.py:2648} INFO - Exporting env vars: AIRFLOW_CTX_DAG_OWNER='airflow' AIRFLOW_CTX_DAG_ID='doctors_api_dag' AIRFLOW_CTX_TASK_ID='retrieve_doctors' AIRFLOW_CTX_EXECUTION_DATE='2024-05-23T10:45:00+00:00' AIRFLOW_CTX_TRY_NUMBER='2' AIRFLOW_CTX_DAG_RUN_ID='scheduled__2024-05-23T10:45:00+00:00'
[2024-05-23T12:54:37.331+0200] {taskinstance.py:430} INFO - ::endgroup::
[2024-05-23T12:54:37.331+0200] {http.py:169} INFO - Calling HTTP method
[2024-05-23T12:54:37.335+0200] {base.py:84} INFO - Using connection ID 'eezimeds_doctors' for task execution.
[2024-05-23T12:54:37.338+0200] {base.py:84} INFO - Using connection ID 'eezimeds_doctors' for task execution.
[2024-05-23T13:07:18.913+0200] {taskinstance.py:441} INFO - ::group::Post task execution logs
[2024-05-23T13:07:18.914+0200] {taskinstance.py:2905} ERROR - Task failed with exception
Traceback (most recent call last):
  File "/home/munya/anaconda3/lib/python3.11/site-packages/urllib3/connectionpool.py", line 404, in _make_request
    self._validate_conn(conn)
  File "/home/munya/anaconda3/lib/python3.11/site-packages/urllib3/connectionpool.py", line 1058, in _validate_conn
    conn.connect()
  File "/home/munya/anaconda3/lib/python3.11/site-packages/urllib3/connection.py", line 419, in connect
    self.sock = ssl_wrap_socket(
                ^^^^^^^^^^^^^^^^
  File "/home/munya/anaconda3/lib/python3.11/site-packages/urllib3/util/ssl_.py", line 449, in ssl_wrap_socket
    ssl_sock = _ssl_wrap_socket_impl(
               ^^^^^^^^^^^^^^^^^^^^^^
  File "/home/munya/anaconda3/lib/python3.11/site-packages/urllib3/util/ssl_.py", line 493, in _ssl_wrap_socket_impl
    return ssl_context.wrap_socket(sock, server_hostname=server_hostname)
           ^^^^^^^^^^^^^^^^^^^^^^^^^^^^^^^^^^^^^^^^^^^^^^^^^^^^^^^^^^^^^^
  File "/home/munya/anaconda3/lib/python3.11/ssl.py", line 517, in wrap_socket
    return self.sslsocket_class._create(
           ^^^^^^^^^^^^^^^^^^^^^^^^^^^^^
  File "/home/munya/anaconda3/lib/python3.11/ssl.py", line 1108, in _create
    self.do_handshake()
  File "/home/munya/anaconda3/lib/python3.11/ssl.py", line 1383, in do_handshake
    self._sslobj.do_handshake()
TimeoutError: [Errno 110] Connection timed out

During handling of the above exception, another exception occurred:

Traceback (most recent call last):
  File "/home/munya/anaconda3/lib/python3.11/site-packages/requests/adapters.py", line 486, in send
    resp = conn.urlopen(
           ^^^^^^^^^^^^^
  File "/home/munya/anaconda3/lib/python3.11/site-packages/urllib3/connectionpool.py", line 799, in urlopen
    retries = retries.increment(
              ^^^^^^^^^^^^^^^^^^
  File "/home/munya/anaconda3/lib/python3.11/site-packages/urllib3/util/retry.py", line 550, in increment
    raise six.reraise(type(error), error, _stacktrace)
          ^^^^^^^^^^^^^^^^^^^^^^^^^^^^^^^^^^^^^^^^^^^^
  File "/home/munya/anaconda3/lib/python3.11/site-packages/urllib3/packages/six.py", line 770, in reraise
    raise value
  File "/home/munya/anaconda3/lib/python3.11/site-packages/urllib3/connectionpool.py", line 715, in urlopen
    httplib_response = self._make_request(
                       ^^^^^^^^^^^^^^^^^^^
  File "/home/munya/anaconda3/lib/python3.11/site-packages/urllib3/connectionpool.py", line 407, in _make_request
    self._raise_timeout(err=e, url=url, timeout_value=conn.timeout)
  File "/home/munya/anaconda3/lib/python3.11/site-packages/urllib3/connectionpool.py", line 358, in _raise_timeout
    raise ReadTimeoutError(
urllib3.exceptions.ReadTimeoutError: HTTPSConnectionPool(host='eazimed-backend-web-mongo.azurewebsites.net', port=443): Read timed out. (read timeout=None)

During handling of the above exception, another exception occurred:

Traceback (most recent call last):
  File "/home/munya/anaconda3/lib/python3.11/site-packages/airflow/models/taskinstance.py", line 465, in _execute_task
    result = _execute_callable(context=context, **execute_callable_kwargs)
             ^^^^^^^^^^^^^^^^^^^^^^^^^^^^^^^^^^^^^^^^^^^^^^^^^^^^^^^^^^^^^
  File "/home/munya/anaconda3/lib/python3.11/site-packages/airflow/models/taskinstance.py", line 432, in _execute_callable
    return execute_callable(context=context, **execute_callable_kwargs)
           ^^^^^^^^^^^^^^^^^^^^^^^^^^^^^^^^^^^^^^^^^^^^^^^^^^^^^^^^^^^^
  File "/home/munya/anaconda3/lib/python3.11/site-packages/airflow/models/baseoperator.py", line 400, in wrapper
    return func(self, *args, **kwargs)
           ^^^^^^^^^^^^^^^^^^^^^^^^^^^
  File "/home/munya/anaconda3/lib/python3.11/site-packages/airflow/providers/http/operators/http.py", line 166, in execute
    return self.execute_sync(context=context)
           ^^^^^^^^^^^^^^^^^^^^^^^^^^^^^^^^^^
  File "/home/munya/anaconda3/lib/python3.11/site-packages/airflow/providers/http/operators/http.py", line 170, in execute_sync
    response = self.hook.run(self.endpoint, self.data, self.headers, self.extra_options)
               ^^^^^^^^^^^^^^^^^^^^^^^^^^^^^^^^^^^^^^^^^^^^^^^^^^^^^^^^^^^^^^^^^^^^^^^^^
  File "/home/munya/anaconda3/lib/python3.11/site-packages/airflow/providers/http/hooks/http.py", line 187, in run
    return self.run_and_check(session, prepped_request, extra_options)
           ^^^^^^^^^^^^^^^^^^^^^^^^^^^^^^^^^^^^^^^^^^^^^^^^^^^^^^^^^^^
  File "/home/munya/anaconda3/lib/python3.11/site-packages/airflow/providers/http/hooks/http.py", line 235, in run_and_check
    response = session.send(prepped_request, **send_kwargs)
               ^^^^^^^^^^^^^^^^^^^^^^^^^^^^^^^^^^^^^^^^^^^^
  File "/home/munya/anaconda3/lib/python3.11/site-packages/requests/sessions.py", line 703, in send
    r = adapter.send(request, **kwargs)
        ^^^^^^^^^^^^^^^^^^^^^^^^^^^^^^^
  File "/home/munya/anaconda3/lib/python3.11/site-packages/requests/adapters.py", line 532, in send
    raise ReadTimeout(e, request=request)
requests.exceptions.ReadTimeout: HTTPSConnectionPool(host='eazimed-backend-web-mongo.azurewebsites.net', port=443): Read timed out. (read timeout=None)
[2024-05-23T13:07:18.923+0200] {taskinstance.py:1206} INFO - Marking task as UP_FOR_RETRY. dag_id=doctors_api_dag, task_id=retrieve_doctors, run_id=scheduled__2024-05-23T10:45:00+00:00, execution_date=20240523T104500, start_date=20240523T105437, end_date=20240523T110718
[2024-05-23T13:07:18.933+0200] {standard_task_runner.py:110} ERROR - Failed to execute job 1492 for task retrieve_doctors (HTTPSConnectionPool(host='eazimed-backend-web-mongo.azurewebsites.net', port=443): Read timed out. (read timeout=None); 89221)
[2024-05-23T13:07:18.970+0200] {local_task_job_runner.py:240} INFO - Task exited with return code 1
[2024-05-23T13:07:18.978+0200] {taskinstance.py:3498} INFO - 0 downstream tasks scheduled from follow-on schedule check
[2024-05-23T13:07:18.979+0200] {local_task_job_runner.py:222} INFO - ::endgroup::
