[2024-05-01T09:28:12.662+0200] {local_task_job_runner.py:120} INFO - ::group::Pre task execution logs
[2024-05-01T09:28:12.694+0200] {taskinstance.py:2073} INFO - Dependencies all met for dep_context=non-requeueable deps ti=<TaskInstance: airflow_tut_v02.sleep scheduled__2024-04-30T23:00:00+00:00 [queued]>
[2024-05-01T09:28:12.702+0200] {taskinstance.py:2073} INFO - Dependencies all met for dep_context=requeueable deps ti=<TaskInstance: airflow_tut_v02.sleep scheduled__2024-04-30T23:00:00+00:00 [queued]>
[2024-05-01T09:28:12.703+0200] {taskinstance.py:2303} INFO - Starting attempt 1 of 2
[2024-05-01T09:28:12.720+0200] {taskinstance.py:2327} INFO - Executing <Task(BashOperator): sleep> on 2024-04-30 23:00:00+00:00
[2024-05-01T09:28:12.728+0200] {standard_task_runner.py:63} INFO - Started process 280567 to run task
[2024-05-01T09:28:12.733+0200] {standard_task_runner.py:90} INFO - Running: ['airflow', 'tasks', 'run', 'airflow_tut_v02', 'sleep', 'scheduled__2024-04-30T23:00:00+00:00', '--job-id', '257', '--raw', '--subdir', '/home/munya/.local/lib/python3.11/site-packages/airflow/example_dags/dags.py', '--cfg-path', '/tmp/tmpmt5r2vps']
[2024-05-01T09:28:12.736+0200] {standard_task_runner.py:91} INFO - Job 257: Subtask sleep
[2024-05-01T09:28:12.788+0200] {task_command.py:426} INFO - Running <TaskInstance: airflow_tut_v02.sleep scheduled__2024-04-30T23:00:00+00:00 [running]> on host kali
[2024-05-01T09:28:12.886+0200] {taskinstance.py:2644} INFO - Exporting env vars: AIRFLOW_CTX_DAG_OWNER='Munyah' AIRFLOW_CTX_DAG_ID='airflow_tut_v02' AIRFLOW_CTX_TASK_ID='sleep' AIRFLOW_CTX_EXECUTION_DATE='2024-04-30T23:00:00+00:00' AIRFLOW_CTX_TRY_NUMBER='1' AIRFLOW_CTX_DAG_RUN_ID='scheduled__2024-04-30T23:00:00+00:00'
[2024-05-01T09:28:12.889+0200] {taskinstance.py:430} INFO - ::endgroup::
[2024-05-01T09:28:12.890+0200] {subprocess.py:63} INFO - Tmp dir root location: /tmp
[2024-05-01T09:28:12.891+0200] {subprocess.py:75} INFO - Running command: ['/usr/bin/bash', '-c', 'sleep 5']
[2024-05-01T09:28:12.907+0200] {subprocess.py:86} INFO - Output:
[2024-05-01T09:28:17.911+0200] {subprocess.py:97} INFO - Command exited with return code 0
[2024-05-01T09:28:17.912+0200] {taskinstance.py:441} INFO - ::group::Post task execution logs
[2024-05-01T09:28:18.218+0200] {taskinstance.py:1205} INFO - Marking task as SUCCESS. dag_id=airflow_tut_v02, task_id=sleep, execution_date=20240430T230000, start_date=20240501T072812, end_date=20240501T072818
[2024-05-01T09:28:18.301+0200] {local_task_job_runner.py:240} INFO - Task exited with return code 0
[2024-05-01T09:28:18.336+0200] {taskinstance.py:3482} INFO - 1 downstream tasks scheduled from follow-on schedule check
[2024-05-01T09:28:18.340+0200] {local_task_job_runner.py:222} INFO - ::endgroup::
