[2024-05-23T10:28:44.393+0200] {local_task_job_runner.py:120} INFO - ::group::Pre task execution logs
[2024-05-23T10:28:44.406+0200] {taskinstance.py:2076} INFO - Dependencies all met for dep_context=non-requeueable deps ti=<TaskInstance: doctors_api_dag.retrieve_doctors manual__2024-05-23T08:27:30.817401+00:00 [queued]>
[2024-05-23T10:28:44.414+0200] {taskinstance.py:2076} INFO - Dependencies all met for dep_context=requeueable deps ti=<TaskInstance: doctors_api_dag.retrieve_doctors manual__2024-05-23T08:27:30.817401+00:00 [queued]>
[2024-05-23T10:28:44.414+0200] {taskinstance.py:2306} INFO - Starting attempt 4 of 4
[2024-05-23T10:28:45.086+0200] {taskinstance.py:2330} INFO - Executing <Task(SimpleHttpOperator): retrieve_doctors> on 2024-05-23 08:27:30.817401+00:00
[2024-05-23T10:28:45.094+0200] {standard_task_runner.py:63} INFO - Started process 83456 to run task
[2024-05-23T10:28:45.099+0200] {standard_task_runner.py:90} INFO - Running: ['airflow', 'tasks', 'run', 'doctors_api_dag', 'retrieve_doctors', 'manual__2024-05-23T08:27:30.817401+00:00', '--job-id', '1451', '--raw', '--subdir', 'DAGS_FOLDER/eezimeds_doctors.py', '--cfg-path', '/tmp/tmppr0tv__e']
[2024-05-23T10:28:45.102+0200] {standard_task_runner.py:91} INFO - Job 1451: Subtask retrieve_doctors
[2024-05-23T10:28:45.409+0200] {task_command.py:426} INFO - Running <TaskInstance: doctors_api_dag.retrieve_doctors manual__2024-05-23T08:27:30.817401+00:00 [running]> on host kali
[2024-05-23T10:28:46.047+0200] {taskinstance.py:2905} ERROR - Task failed with exception
Traceback (most recent call last):
  File "/home/munya/anaconda3/lib/python3.11/site-packages/airflow/models/taskinstance.py", line 2479, in _run_raw_task
    self._execute_task_with_callbacks(context, test_mode, session=session)
  File "/home/munya/anaconda3/lib/python3.11/site-packages/airflow/models/taskinstance.py", line 2637, in _execute_task_with_callbacks
    RenderedTaskInstanceFields.write(rtif)
  File "/home/munya/anaconda3/lib/python3.11/site-packages/airflow/utils/session.py", line 78, in wrapper
    with create_session() as session:
  File "/home/munya/anaconda3/lib/python3.11/contextlib.py", line 144, in __exit__
    next(self.gen)
  File "/home/munya/anaconda3/lib/python3.11/site-packages/airflow/utils/session.py", line 39, in create_session
    session.commit()
  File "/home/munya/.local/lib/python3.11/site-packages/sqlalchemy/orm/session.py", line 1454, in commit
    self._transaction.commit(_to_root=self.future)
  File "/home/munya/.local/lib/python3.11/site-packages/sqlalchemy/orm/session.py", line 832, in commit
    self._prepare_impl()
  File "/home/munya/.local/lib/python3.11/site-packages/sqlalchemy/orm/session.py", line 811, in _prepare_impl
    self.session.flush()
  File "/home/munya/.local/lib/python3.11/site-packages/sqlalchemy/orm/session.py", line 3449, in flush
    self._flush(objects)
  File "/home/munya/.local/lib/python3.11/site-packages/sqlalchemy/orm/session.py", line 3588, in _flush
    with util.safe_reraise():
  File "/home/munya/.local/lib/python3.11/site-packages/sqlalchemy/util/langhelpers.py", line 70, in __exit__
    compat.raise_(
  File "/home/munya/.local/lib/python3.11/site-packages/sqlalchemy/util/compat.py", line 211, in raise_
    raise exception
  File "/home/munya/.local/lib/python3.11/site-packages/sqlalchemy/orm/session.py", line 3549, in _flush
    flush_context.execute()
  File "/home/munya/.local/lib/python3.11/site-packages/sqlalchemy/orm/unitofwork.py", line 456, in execute
    rec.execute(self)
  File "/home/munya/.local/lib/python3.11/site-packages/sqlalchemy/orm/unitofwork.py", line 630, in execute
    util.preloaded.orm_persistence.save_obj(
  File "/home/munya/.local/lib/python3.11/site-packages/sqlalchemy/orm/persistence.py", line 237, in save_obj
    _emit_update_statements(
  File "/home/munya/.local/lib/python3.11/site-packages/sqlalchemy/orm/persistence.py", line 1035, in _emit_update_statements
    raise orm_exc.StaleDataError(
sqlalchemy.orm.exc.StaleDataError: UPDATE statement on table 'rendered_task_instance_fields' expected to update 1 row(s); 0 were matched.
[2024-05-23T10:28:46.705+0200] {taskinstance.py:1206} INFO - Marking task as FAILED. dag_id=doctors_api_dag, task_id=retrieve_doctors, run_id=manual__2024-05-23T08:27:30.817401+00:00, execution_date=20240523T082730, start_date=20240523T082844, end_date=20240523T082846
[2024-05-23T10:28:46.714+0200] {standard_task_runner.py:110} ERROR - Failed to execute job 1451 for task retrieve_doctors ((sqlite3.IntegrityError) FOREIGN KEY constraint failed
[SQL: INSERT INTO task_fail (task_id, dag_id, run_id, map_index, start_date, end_date, duration) VALUES (?, ?, ?, ?, ?, ?, ?)]
[parameters: ('retrieve_doctors', 'doctors_api_dag', 'manual__2024-05-23T08:27:30.817401+00:00', -1, '2024-05-23 08:28:44.406902', '2024-05-23 08:28:46.705221', 2)]
(Background on this error at: https://sqlalche.me/e/14/gkpj); 83456)
[2024-05-23T10:28:46.755+0200] {local_task_job_runner.py:240} INFO - Task exited with return code 1
[2024-05-23T10:28:48.594+0200] {local_task_job_runner.py:222} INFO - ::endgroup::
