[2024-05-19T13:25:27.531+0200] {local_task_job_runner.py:120} INFO - ::group::Pre task execution logs
[2024-05-19T13:25:27.548+0200] {taskinstance.py:2076} INFO - Dependencies all met for dep_context=non-requeueable deps ti=<TaskInstance: airflow2.print_hello scheduled__2024-05-12T00:00:00+00:00 [queued]>
[2024-05-19T13:25:27.553+0200] {taskinstance.py:2076} INFO - Dependencies all met for dep_context=requeueable deps ti=<TaskInstance: airflow2.print_hello scheduled__2024-05-12T00:00:00+00:00 [queued]>
[2024-05-19T13:25:27.553+0200] {taskinstance.py:2306} INFO - Starting attempt 1 of 2
[2024-05-19T13:25:27.564+0200] {taskinstance.py:2330} INFO - Executing <Task(BashOperator): print_hello> on 2024-05-12 00:00:00+00:00
[2024-05-19T13:25:27.570+0200] {standard_task_runner.py:63} INFO - Started process 84179 to run task
[2024-05-19T13:25:27.573+0200] {standard_task_runner.py:90} INFO - Running: ['airflow', 'tasks', 'run', 'airflow2', 'print_hello', 'scheduled__2024-05-12T00:00:00+00:00', '--job-id', '1134', '--raw', '--subdir', 'DAGS_FOLDER/first_dag.py', '--cfg-path', '/tmp/tmp8_f47uft']
[2024-05-19T13:25:27.575+0200] {standard_task_runner.py:91} INFO - Job 1134: Subtask print_hello
[2024-05-19T13:25:27.604+0200] {task_command.py:426} INFO - Running <TaskInstance: airflow2.print_hello scheduled__2024-05-12T00:00:00+00:00 [running]> on host kali
[2024-05-19T13:25:27.647+0200] {taskinstance.py:2648} INFO - Exporting env vars: AIRFLOW_CTX_DAG_OWNER='Munyah' AIRFLOW_CTX_DAG_ID='airflow2' AIRFLOW_CTX_TASK_ID='print_hello' AIRFLOW_CTX_EXECUTION_DATE='2024-05-12T00:00:00+00:00' AIRFLOW_CTX_TRY_NUMBER='1' AIRFLOW_CTX_DAG_RUN_ID='scheduled__2024-05-12T00:00:00+00:00'
[2024-05-19T13:25:27.648+0200] {taskinstance.py:430} INFO - ::endgroup::
[2024-05-19T13:25:27.649+0200] {subprocess.py:63} INFO - Tmp dir root location: /tmp
[2024-05-19T13:25:27.649+0200] {subprocess.py:75} INFO - Running command: ['/usr/bin/bash', '-c', 'echo "hello"']
[2024-05-19T13:25:27.660+0200] {subprocess.py:86} INFO - Output:
[2024-05-19T13:25:27.661+0200] {subprocess.py:93} INFO - hello
[2024-05-19T13:25:27.662+0200] {subprocess.py:97} INFO - Command exited with return code 0
[2024-05-19T13:25:27.662+0200] {taskinstance.py:441} INFO - ::group::Post task execution logs
[2024-05-19T13:25:27.676+0200] {taskinstance.py:1206} INFO - Marking task as SUCCESS. dag_id=airflow2, task_id=print_hello, run_id=scheduled__2024-05-12T00:00:00+00:00, execution_date=20240512T000000, start_date=20240519T112527, end_date=20240519T112527
[2024-05-19T13:25:27.706+0200] {local_task_job_runner.py:240} INFO - Task exited with return code 0
[2024-05-19T13:25:27.724+0200] {taskinstance.py:3498} INFO - 1 downstream tasks scheduled from follow-on schedule check
[2024-05-19T13:25:27.726+0200] {local_task_job_runner.py:222} INFO - ::endgroup::
