[2024-05-05T19:52:51.657+0200] {local_task_job_runner.py:120} INFO - ::group::Pre task execution logs
[2024-05-05T19:52:51.691+0200] {taskinstance.py:2073} INFO - Dependencies all met for dep_context=non-requeueable deps ti=<TaskInstance: airflow_tut_v02.print_hello scheduled__2024-05-05T15:00:00+00:00 [queued]>
[2024-05-05T19:52:51.705+0200] {taskinstance.py:2073} INFO - Dependencies all met for dep_context=requeueable deps ti=<TaskInstance: airflow_tut_v02.print_hello scheduled__2024-05-05T15:00:00+00:00 [queued]>
[2024-05-05T19:52:51.705+0200] {taskinstance.py:2303} INFO - Starting attempt 1 of 2
[2024-05-05T19:52:51.892+0200] {taskinstance.py:2327} INFO - Executing <Task(BashOperator): print_hello> on 2024-05-05 15:00:00+00:00
[2024-05-05T19:52:51.903+0200] {standard_task_runner.py:63} INFO - Started process 917363 to run task
[2024-05-05T19:52:51.912+0200] {standard_task_runner.py:90} INFO - Running: ['airflow', 'tasks', 'run', 'airflow_tut_v02', 'print_hello', 'scheduled__2024-05-05T15:00:00+00:00', '--job-id', '588', '--raw', '--subdir', '/home/munya/.local/lib/python3.11/site-packages/airflow/example_dags/dags.py', '--cfg-path', '/tmp/tmp3nues9s4']
[2024-05-05T19:52:51.916+0200] {standard_task_runner.py:91} INFO - Job 588: Subtask print_hello
[2024-05-05T19:52:52.241+0200] {task_command.py:426} INFO - Running <TaskInstance: airflow_tut_v02.print_hello scheduled__2024-05-05T15:00:00+00:00 [running]> on host kali
[2024-05-05T19:52:53.009+0200] {taskinstance.py:2644} INFO - Exporting env vars: AIRFLOW_CTX_DAG_OWNER='Munyah' AIRFLOW_CTX_DAG_ID='airflow_tut_v02' AIRFLOW_CTX_TASK_ID='print_hello' AIRFLOW_CTX_EXECUTION_DATE='2024-05-05T15:00:00+00:00' AIRFLOW_CTX_TRY_NUMBER='1' AIRFLOW_CTX_DAG_RUN_ID='scheduled__2024-05-05T15:00:00+00:00'
[2024-05-05T19:52:53.012+0200] {taskinstance.py:430} INFO - ::endgroup::
[2024-05-05T19:52:53.013+0200] {subprocess.py:63} INFO - Tmp dir root location: /tmp
[2024-05-05T19:52:53.014+0200] {subprocess.py:75} INFO - Running command: ['/usr/bin/bash', '-c', 'echo "hello"']
[2024-05-05T19:52:53.032+0200] {subprocess.py:86} INFO - Output:
[2024-05-05T19:52:53.035+0200] {subprocess.py:93} INFO - hello
[2024-05-05T19:52:53.035+0200] {subprocess.py:97} INFO - Command exited with return code 0
[2024-05-05T19:52:53.036+0200] {taskinstance.py:441} INFO - ::group::Post task execution logs
[2024-05-05T19:52:53.450+0200] {taskinstance.py:1205} INFO - Marking task as SUCCESS. dag_id=airflow_tut_v02, task_id=print_hello, execution_date=20240505T150000, start_date=20240505T175251, end_date=20240505T175253
[2024-05-05T19:52:53.776+0200] {local_task_job_runner.py:240} INFO - Task exited with return code 0
[2024-05-05T19:52:53.891+0200] {taskinstance.py:3482} INFO - 1 downstream tasks scheduled from follow-on schedule check
[2024-05-05T19:52:54.177+0200] {local_task_job_runner.py:222} INFO - ::endgroup::
