[2024-05-09T12:46:56.158+0200] {local_task_job_runner.py:120} INFO - ::group::Pre task execution logs
[2024-05-09T12:46:56.174+0200] {taskinstance.py:2073} INFO - Dependencies all met for dep_context=non-requeueable deps ti=<TaskInstance: weather_api_dag.fetch_weather_data scheduled__2024-05-06T00:00:00+00:00 [queued]>
[2024-05-09T12:46:56.187+0200] {taskinstance.py:2073} INFO - Dependencies all met for dep_context=requeueable deps ti=<TaskInstance: weather_api_dag.fetch_weather_data scheduled__2024-05-06T00:00:00+00:00 [queued]>
[2024-05-09T12:46:56.188+0200] {taskinstance.py:2303} INFO - Starting attempt 1 of 2
[2024-05-09T12:46:56.217+0200] {taskinstance.py:2327} INFO - Executing <Task(HttpOperator): fetch_weather_data> on 2024-05-06 00:00:00+00:00
[2024-05-09T12:46:56.229+0200] {standard_task_runner.py:63} INFO - Started process 253109 to run task
[2024-05-09T12:46:56.235+0200] {standard_task_runner.py:90} INFO - Running: ['airflow', 'tasks', 'run', 'weather_api_dag', 'fetch_weather_data', 'scheduled__2024-05-06T00:00:00+00:00', '--job-id', '928', '--raw', '--subdir', 'DAGS_FOLDER/weather_data.py', '--cfg-path', '/tmp/tmp14avw6ne']
[2024-05-09T12:46:56.239+0200] {standard_task_runner.py:91} INFO - Job 928: Subtask fetch_weather_data
[2024-05-09T12:46:56.316+0200] {task_command.py:426} INFO - Running <TaskInstance: weather_api_dag.fetch_weather_data scheduled__2024-05-06T00:00:00+00:00 [running]> on host kali
[2024-05-09T12:46:56.446+0200] {taskinstance.py:2644} INFO - Exporting env vars: AIRFLOW_CTX_DAG_OWNER='airflow' AIRFLOW_CTX_DAG_ID='weather_api_dag' AIRFLOW_CTX_TASK_ID='fetch_weather_data' AIRFLOW_CTX_EXECUTION_DATE='2024-05-06T00:00:00+00:00' AIRFLOW_CTX_TRY_NUMBER='1' AIRFLOW_CTX_DAG_RUN_ID='scheduled__2024-05-06T00:00:00+00:00'
[2024-05-09T12:46:56.449+0200] {taskinstance.py:430} INFO - ::endgroup::
[2024-05-09T12:46:56.450+0200] {http.py:169} INFO - Calling HTTP method
[2024-05-09T12:46:56.460+0200] {base.py:84} INFO - Using connection ID 'weather_api' for task execution.
[2024-05-09T12:46:56.466+0200] {base.py:84} INFO - Using connection ID 'weather_api' for task execution.
[2024-05-09T12:47:04.680+0200] {taskinstance.py:441} INFO - ::group::Post task execution logs
[2024-05-09T12:47:04.705+0200] {taskinstance.py:1205} INFO - Marking task as SUCCESS. dag_id=weather_api_dag, task_id=fetch_weather_data, execution_date=20240506T000000, start_date=20240509T104656, end_date=20240509T104704
[2024-05-09T12:47:04.741+0200] {local_task_job_runner.py:240} INFO - Task exited with return code 0
[2024-05-09T12:47:04.764+0200] {taskinstance.py:3482} INFO - 0 downstream tasks scheduled from follow-on schedule check
[2024-05-09T12:47:04.765+0200] {local_task_job_runner.py:222} INFO - ::endgroup::
[2024-05-09T12:51:47.414+0200] {local_task_job_runner.py:120} INFO - ::group::Pre task execution logs
[2024-05-09T12:51:47.434+0200] {taskinstance.py:2073} INFO - Dependencies all met for dep_context=non-requeueable deps ti=<TaskInstance: weather_api_dag.fetch_weather_data scheduled__2024-05-06T00:00:00+00:00 [queued]>
[2024-05-09T12:51:47.444+0200] {taskinstance.py:2073} INFO - Dependencies all met for dep_context=requeueable deps ti=<TaskInstance: weather_api_dag.fetch_weather_data scheduled__2024-05-06T00:00:00+00:00 [queued]>
[2024-05-09T12:51:47.445+0200] {taskinstance.py:2303} INFO - Starting attempt 1 of 2
[2024-05-09T12:51:47.469+0200] {taskinstance.py:2327} INFO - Executing <Task(HttpOperator): fetch_weather_data> on 2024-05-06 00:00:00+00:00
[2024-05-09T12:51:47.483+0200] {standard_task_runner.py:63} INFO - Started process 256980 to run task
[2024-05-09T12:51:47.488+0200] {standard_task_runner.py:90} INFO - Running: ['airflow', 'tasks', 'run', 'weather_api_dag', 'fetch_weather_data', 'scheduled__2024-05-06T00:00:00+00:00', '--job-id', '928', '--raw', '--subdir', 'DAGS_FOLDER/weather_data.py', '--cfg-path', '/tmp/tmptdooz_7j']
[2024-05-09T12:51:47.492+0200] {standard_task_runner.py:91} INFO - Job 928: Subtask fetch_weather_data
[2024-05-09T12:51:47.540+0200] {task_command.py:426} INFO - Running <TaskInstance: weather_api_dag.fetch_weather_data scheduled__2024-05-06T00:00:00+00:00 [running]> on host kali
[2024-05-09T12:51:47.637+0200] {taskinstance.py:2644} INFO - Exporting env vars: AIRFLOW_CTX_DAG_OWNER='airflow' AIRFLOW_CTX_DAG_ID='weather_api_dag' AIRFLOW_CTX_TASK_ID='fetch_weather_data' AIRFLOW_CTX_EXECUTION_DATE='2024-05-06T00:00:00+00:00' AIRFLOW_CTX_TRY_NUMBER='1' AIRFLOW_CTX_DAG_RUN_ID='scheduled__2024-05-06T00:00:00+00:00'
[2024-05-09T12:51:47.641+0200] {taskinstance.py:430} INFO - ::endgroup::
[2024-05-09T12:51:47.641+0200] {http.py:169} INFO - Calling HTTP method
[2024-05-09T12:51:47.651+0200] {base.py:84} INFO - Using connection ID 'weather_api' for task execution.
[2024-05-09T12:51:47.658+0200] {base.py:84} INFO - Using connection ID 'weather_api' for task execution.
[2024-05-09T12:51:53.247+0200] {http.py:208} INFO - {"coord":{"lon":32.6709,"lat":-18.9707},"weather":[{"id":800,"main":"Clear","description":"clear sky","icon":"01d"}],"base":"stations","main":{"temp":298.05,"feels_like":297.48,"temp_min":298.05,"temp_max":298.05,"pressure":1017,"humidity":34,"sea_level":1017,"grnd_level":897},"visibility":10000,"wind":{"speed":3.1,"deg":105,"gust":2.9},"clouds":{"all":3},"dt":1715251546,"sys":{"country":"ZW","sunrise":1715227613,"sunset":1715268279},"timezone":7200,"id":884979,"name":"Mutare","cod":200}
[2024-05-09T12:51:53.254+0200] {taskinstance.py:441} INFO - ::group::Post task execution logs
[2024-05-09T12:51:53.296+0200] {taskinstance.py:1205} INFO - Marking task as SUCCESS. dag_id=weather_api_dag, task_id=fetch_weather_data, execution_date=20240506T000000, start_date=20240509T105147, end_date=20240509T105153
[2024-05-09T12:51:53.353+0200] {local_task_job_runner.py:240} INFO - Task exited with return code 0
[2024-05-09T12:51:53.380+0200] {taskinstance.py:3482} INFO - 0 downstream tasks scheduled from follow-on schedule check
[2024-05-09T12:51:53.381+0200] {local_task_job_runner.py:222} INFO - ::endgroup::
