[2024-04-29T22:00:08.388+0200] {local_task_job_runner.py:120} INFO - ::group::Pre task execution logs
[2024-04-29T22:00:08.409+0200] {taskinstance.py:2073} INFO - Dependencies all met for dep_context=non-requeueable deps ti=<TaskInstance: airflow_tut_v02.sleep scheduled__2024-04-29T19:00:00+00:00 [queued]>
[2024-04-29T22:00:08.415+0200] {taskinstance.py:2073} INFO - Dependencies all met for dep_context=requeueable deps ti=<TaskInstance: airflow_tut_v02.sleep scheduled__2024-04-29T19:00:00+00:00 [queued]>
[2024-04-29T22:00:08.415+0200] {taskinstance.py:2303} INFO - Starting attempt 1 of 2
[2024-04-29T22:00:08.426+0200] {taskinstance.py:2327} INFO - Executing <Task(BashOperator): sleep> on 2024-04-29 19:00:00+00:00
[2024-04-29T22:00:08.432+0200] {standard_task_runner.py:63} INFO - Started process 371251 to run task
[2024-04-29T22:00:08.436+0200] {standard_task_runner.py:90} INFO - Running: ['airflow', 'tasks', 'run', 'airflow_tut_v02', 'sleep', 'scheduled__2024-04-29T19:00:00+00:00', '--job-id', '152', '--raw', '--subdir', '/home/munya/.local/lib/python3.11/site-packages/airflow/example_dags/dags.py', '--cfg-path', '/tmp/tmpyk56ieob']
[2024-04-29T22:00:08.438+0200] {standard_task_runner.py:91} INFO - Job 152: Subtask sleep
[2024-04-29T22:00:08.472+0200] {task_command.py:426} INFO - Running <TaskInstance: airflow_tut_v02.sleep scheduled__2024-04-29T19:00:00+00:00 [running]> on host kali
[2024-04-29T22:00:08.535+0200] {taskinstance.py:2644} INFO - Exporting env vars: AIRFLOW_CTX_DAG_OWNER='Munyah' AIRFLOW_CTX_DAG_ID='airflow_tut_v02' AIRFLOW_CTX_TASK_ID='sleep' AIRFLOW_CTX_EXECUTION_DATE='2024-04-29T19:00:00+00:00' AIRFLOW_CTX_TRY_NUMBER='1' AIRFLOW_CTX_DAG_RUN_ID='scheduled__2024-04-29T19:00:00+00:00'
[2024-04-29T22:00:08.536+0200] {taskinstance.py:430} INFO - ::endgroup::
[2024-04-29T22:00:08.537+0200] {subprocess.py:63} INFO - Tmp dir root location: /tmp
[2024-04-29T22:00:08.537+0200] {subprocess.py:75} INFO - Running command: ['/usr/bin/bash', '-c', 'sleep 5']
[2024-04-29T22:00:08.550+0200] {subprocess.py:86} INFO - Output:
[2024-04-29T22:00:13.553+0200] {subprocess.py:97} INFO - Command exited with return code 0
[2024-04-29T22:00:13.554+0200] {taskinstance.py:441} INFO - ::group::Post task execution logs
[2024-04-29T22:00:13.710+0200] {taskinstance.py:1205} INFO - Marking task as SUCCESS. dag_id=airflow_tut_v02, task_id=sleep, execution_date=20240429T190000, start_date=20240429T200008, end_date=20240429T200013
[2024-04-29T22:00:13.746+0200] {local_task_job_runner.py:240} INFO - Task exited with return code 0
[2024-04-29T22:00:13.757+0200] {taskinstance.py:3482} INFO - 1 downstream tasks scheduled from follow-on schedule check
[2024-04-29T22:00:13.760+0200] {local_task_job_runner.py:222} INFO - ::endgroup::
