[2024-05-21T08:35:56.946+0200] {local_task_job_runner.py:120} INFO - ::group::Pre task execution logs
[2024-05-21T08:35:56.977+0200] {taskinstance.py:2076} INFO - Dependencies all met for dep_context=non-requeueable deps ti=<TaskInstance: doctors_api_dag.retrieve_doctors scheduled__2024-05-20T00:00:00+00:00 [queued]>
[2024-05-21T08:35:56.995+0200] {taskinstance.py:2076} INFO - Dependencies all met for dep_context=requeueable deps ti=<TaskInstance: doctors_api_dag.retrieve_doctors scheduled__2024-05-20T00:00:00+00:00 [queued]>
[2024-05-21T08:35:56.996+0200] {taskinstance.py:2306} INFO - Starting attempt 2 of 2
[2024-05-21T08:35:57.025+0200] {taskinstance.py:2330} INFO - Executing <Task(SimpleHttpOperator): retrieve_doctors> on 2024-05-20 00:00:00+00:00
[2024-05-21T08:35:57.036+0200] {standard_task_runner.py:63} INFO - Started process 360365 to run task
[2024-05-21T08:35:57.043+0200] {standard_task_runner.py:90} INFO - Running: ['airflow', 'tasks', 'run', 'doctors_api_dag', 'retrieve_doctors', 'scheduled__2024-05-20T00:00:00+00:00', '--job-id', '1186', '--raw', '--subdir', 'DAGS_FOLDER/eezimeds_doctors.py', '--cfg-path', '/tmp/tmp_ter9ucv']
[2024-05-21T08:35:57.047+0200] {standard_task_runner.py:91} INFO - Job 1186: Subtask retrieve_doctors
[2024-05-21T08:35:57.122+0200] {task_command.py:426} INFO - Running <TaskInstance: doctors_api_dag.retrieve_doctors scheduled__2024-05-20T00:00:00+00:00 [running]> on host kali
[2024-05-21T08:35:57.231+0200] {taskinstance.py:2648} INFO - Exporting env vars: AIRFLOW_CTX_DAG_OWNER='airflow' AIRFLOW_CTX_DAG_ID='doctors_api_dag' AIRFLOW_CTX_TASK_ID='retrieve_doctors' AIRFLOW_CTX_EXECUTION_DATE='2024-05-20T00:00:00+00:00' AIRFLOW_CTX_TRY_NUMBER='2' AIRFLOW_CTX_DAG_RUN_ID='scheduled__2024-05-20T00:00:00+00:00'
[2024-05-21T08:35:57.234+0200] {taskinstance.py:430} INFO - ::endgroup::
[2024-05-21T08:35:57.234+0200] {http.py:169} INFO - Calling HTTP method
[2024-05-21T08:35:57.244+0200] {base.py:84} INFO - Using connection ID 'eezimeds_doctors' for task execution.
[2024-05-21T08:35:57.251+0200] {base.py:84} INFO - Using connection ID 'eezimeds_doctors' for task execution.
[2024-05-21T08:36:05.836+0200] {http.py:199} ERROR - HTTP error: Unauthorized
[2024-05-21T08:36:05.836+0200] {http.py:200} ERROR - {"error":"unauthorized"}
[2024-05-21T08:36:05.837+0200] {taskinstance.py:441} INFO - ::group::Post task execution logs
[2024-05-21T08:36:05.851+0200] {taskinstance.py:2905} ERROR - Task failed with exception
Traceback (most recent call last):
  File "/home/munya/anaconda3/lib/python3.11/site-packages/airflow/providers/http/hooks/http.py", line 197, in check_response
    response.raise_for_status()
  File "/home/munya/anaconda3/lib/python3.11/site-packages/requests/models.py", line 1021, in raise_for_status
    raise HTTPError(http_error_msg, response=self)
requests.exceptions.HTTPError: 401 Client Error: Unauthorized for url: https://eazimed-backend-web-mongo.azurewebsites.net//mongo/doctor

During handling of the above exception, another exception occurred:

Traceback (most recent call last):
  File "/home/munya/anaconda3/lib/python3.11/site-packages/airflow/models/taskinstance.py", line 465, in _execute_task
    result = _execute_callable(context=context, **execute_callable_kwargs)
             ^^^^^^^^^^^^^^^^^^^^^^^^^^^^^^^^^^^^^^^^^^^^^^^^^^^^^^^^^^^^^
  File "/home/munya/anaconda3/lib/python3.11/site-packages/airflow/models/taskinstance.py", line 432, in _execute_callable
    return execute_callable(context=context, **execute_callable_kwargs)
           ^^^^^^^^^^^^^^^^^^^^^^^^^^^^^^^^^^^^^^^^^^^^^^^^^^^^^^^^^^^^
  File "/home/munya/anaconda3/lib/python3.11/site-packages/airflow/models/baseoperator.py", line 400, in wrapper
    return func(self, *args, **kwargs)
           ^^^^^^^^^^^^^^^^^^^^^^^^^^^
  File "/home/munya/anaconda3/lib/python3.11/site-packages/airflow/providers/http/operators/http.py", line 166, in execute
    return self.execute_sync(context=context)
           ^^^^^^^^^^^^^^^^^^^^^^^^^^^^^^^^^^
  File "/home/munya/anaconda3/lib/python3.11/site-packages/airflow/providers/http/operators/http.py", line 170, in execute_sync
    response = self.hook.run(self.endpoint, self.data, self.headers, self.extra_options)
               ^^^^^^^^^^^^^^^^^^^^^^^^^^^^^^^^^^^^^^^^^^^^^^^^^^^^^^^^^^^^^^^^^^^^^^^^^
  File "/home/munya/anaconda3/lib/python3.11/site-packages/airflow/providers/http/hooks/http.py", line 187, in run
    return self.run_and_check(session, prepped_request, extra_options)
           ^^^^^^^^^^^^^^^^^^^^^^^^^^^^^^^^^^^^^^^^^^^^^^^^^^^^^^^^^^^
  File "/home/munya/anaconda3/lib/python3.11/site-packages/airflow/providers/http/hooks/http.py", line 238, in run_and_check
    self.check_response(response)
  File "/home/munya/anaconda3/lib/python3.11/site-packages/airflow/providers/http/hooks/http.py", line 201, in check_response
    raise AirflowException(str(response.status_code) + ":" + response.reason)
airflow.exceptions.AirflowException: 401:Unauthorized
[2024-05-21T08:36:05.862+0200] {taskinstance.py:1206} INFO - Marking task as FAILED. dag_id=doctors_api_dag, task_id=retrieve_doctors, run_id=scheduled__2024-05-20T00:00:00+00:00, execution_date=20240520T000000, start_date=20240521T063556, end_date=20240521T063605
[2024-05-21T08:36:05.900+0200] {standard_task_runner.py:110} ERROR - Failed to execute job 1186 for task retrieve_doctors (401:Unauthorized; 360365)
[2024-05-21T08:36:05.938+0200] {local_task_job_runner.py:240} INFO - Task exited with return code 1
[2024-05-21T08:36:05.974+0200] {taskinstance.py:3498} INFO - 0 downstream tasks scheduled from follow-on schedule check
[2024-05-21T08:36:05.977+0200] {local_task_job_runner.py:222} INFO - ::endgroup::
[2024-05-21T16:18:42.544+0200] {local_task_job_runner.py:120} INFO - ::group::Pre task execution logs
[2024-05-21T16:18:42.554+0200] {taskinstance.py:2076} INFO - Dependencies all met for dep_context=non-requeueable deps ti=<TaskInstance: doctors_api_dag.retrieve_doctors scheduled__2024-05-20T00:00:00+00:00 [queued]>
[2024-05-21T16:18:42.562+0200] {taskinstance.py:2076} INFO - Dependencies all met for dep_context=requeueable deps ti=<TaskInstance: doctors_api_dag.retrieve_doctors scheduled__2024-05-20T00:00:00+00:00 [queued]>
[2024-05-21T16:18:42.562+0200] {taskinstance.py:2306} INFO - Starting attempt 2 of 2
[2024-05-21T16:18:42.582+0200] {taskinstance.py:2330} INFO - Executing <Task(SimpleHttpOperator): retrieve_doctors> on 2024-05-20 00:00:00+00:00
[2024-05-21T16:18:42.592+0200] {standard_task_runner.py:63} INFO - Started process 19278 to run task
[2024-05-21T16:18:42.598+0200] {standard_task_runner.py:90} INFO - Running: ['airflow', 'tasks', 'run', 'doctors_api_dag', 'retrieve_doctors', 'scheduled__2024-05-20T00:00:00+00:00', '--job-id', '1194', '--raw', '--subdir', 'DAGS_FOLDER/eezimeds_doctors.py', '--cfg-path', '/tmp/tmpf86c3t5r']
[2024-05-21T16:18:42.609+0200] {standard_task_runner.py:91} INFO - Job 1194: Subtask retrieve_doctors
[2024-05-21T16:18:42.689+0200] {task_command.py:426} INFO - Running <TaskInstance: doctors_api_dag.retrieve_doctors scheduled__2024-05-20T00:00:00+00:00 [running]> on host kali
[2024-05-21T16:18:42.802+0200] {taskinstance.py:2648} INFO - Exporting env vars: AIRFLOW_CTX_DAG_OWNER='airflow' AIRFLOW_CTX_DAG_ID='doctors_api_dag' AIRFLOW_CTX_TASK_ID='retrieve_doctors' AIRFLOW_CTX_EXECUTION_DATE='2024-05-20T00:00:00+00:00' AIRFLOW_CTX_TRY_NUMBER='2' AIRFLOW_CTX_DAG_RUN_ID='scheduled__2024-05-20T00:00:00+00:00'
[2024-05-21T16:18:42.805+0200] {taskinstance.py:430} INFO - ::endgroup::
[2024-05-21T16:18:42.805+0200] {http.py:169} INFO - Calling HTTP method
[2024-05-21T16:18:42.813+0200] {base.py:84} INFO - Using connection ID 'eezimeds_doctors' for task execution.
[2024-05-21T16:18:42.818+0200] {base.py:84} INFO - Using connection ID 'eezimeds_doctors' for task execution.
[2024-05-21T16:18:45.255+0200] {http.py:199} ERROR - HTTP error: Unauthorized
[2024-05-21T16:18:45.256+0200] {http.py:200} ERROR - {"error":"unauthorized"}
[2024-05-21T16:18:45.256+0200] {taskinstance.py:441} INFO - ::group::Post task execution logs
[2024-05-21T16:18:45.261+0200] {taskinstance.py:2905} ERROR - Task failed with exception
Traceback (most recent call last):
  File "/home/munya/anaconda3/lib/python3.11/site-packages/airflow/providers/http/hooks/http.py", line 197, in check_response
    response.raise_for_status()
  File "/home/munya/anaconda3/lib/python3.11/site-packages/requests/models.py", line 1021, in raise_for_status
    raise HTTPError(http_error_msg, response=self)
requests.exceptions.HTTPError: 401 Client Error: Unauthorized for url: https://eazimed-backend-web-mongo.azurewebsites.net//mongo/doctor

During handling of the above exception, another exception occurred:

Traceback (most recent call last):
  File "/home/munya/anaconda3/lib/python3.11/site-packages/airflow/models/taskinstance.py", line 465, in _execute_task
    result = _execute_callable(context=context, **execute_callable_kwargs)
             ^^^^^^^^^^^^^^^^^^^^^^^^^^^^^^^^^^^^^^^^^^^^^^^^^^^^^^^^^^^^^
  File "/home/munya/anaconda3/lib/python3.11/site-packages/airflow/models/taskinstance.py", line 432, in _execute_callable
    return execute_callable(context=context, **execute_callable_kwargs)
           ^^^^^^^^^^^^^^^^^^^^^^^^^^^^^^^^^^^^^^^^^^^^^^^^^^^^^^^^^^^^
  File "/home/munya/anaconda3/lib/python3.11/site-packages/airflow/models/baseoperator.py", line 400, in wrapper
    return func(self, *args, **kwargs)
           ^^^^^^^^^^^^^^^^^^^^^^^^^^^
  File "/home/munya/anaconda3/lib/python3.11/site-packages/airflow/providers/http/operators/http.py", line 166, in execute
    return self.execute_sync(context=context)
           ^^^^^^^^^^^^^^^^^^^^^^^^^^^^^^^^^^
  File "/home/munya/anaconda3/lib/python3.11/site-packages/airflow/providers/http/operators/http.py", line 170, in execute_sync
    response = self.hook.run(self.endpoint, self.data, self.headers, self.extra_options)
               ^^^^^^^^^^^^^^^^^^^^^^^^^^^^^^^^^^^^^^^^^^^^^^^^^^^^^^^^^^^^^^^^^^^^^^^^^
  File "/home/munya/anaconda3/lib/python3.11/site-packages/airflow/providers/http/hooks/http.py", line 187, in run
    return self.run_and_check(session, prepped_request, extra_options)
           ^^^^^^^^^^^^^^^^^^^^^^^^^^^^^^^^^^^^^^^^^^^^^^^^^^^^^^^^^^^
  File "/home/munya/anaconda3/lib/python3.11/site-packages/airflow/providers/http/hooks/http.py", line 238, in run_and_check
    self.check_response(response)
  File "/home/munya/anaconda3/lib/python3.11/site-packages/airflow/providers/http/hooks/http.py", line 201, in check_response
    raise AirflowException(str(response.status_code) + ":" + response.reason)
airflow.exceptions.AirflowException: 401:Unauthorized
[2024-05-21T16:18:45.267+0200] {taskinstance.py:1206} INFO - Marking task as FAILED. dag_id=doctors_api_dag, task_id=retrieve_doctors, run_id=scheduled__2024-05-20T00:00:00+00:00, execution_date=20240520T000000, start_date=20240521T141842, end_date=20240521T141845
[2024-05-21T16:18:45.278+0200] {standard_task_runner.py:110} ERROR - Failed to execute job 1194 for task retrieve_doctors (401:Unauthorized; 19278)
[2024-05-21T16:18:45.309+0200] {local_task_job_runner.py:240} INFO - Task exited with return code 1
[2024-05-21T16:18:45.324+0200] {taskinstance.py:3498} INFO - 0 downstream tasks scheduled from follow-on schedule check
[2024-05-21T16:18:45.324+0200] {local_task_job_runner.py:222} INFO - ::endgroup::
