[2024-05-03T12:00:07.096+0200] {local_task_job_runner.py:120} INFO - ::group::Pre task execution logs
[2024-05-03T12:00:07.112+0200] {taskinstance.py:2073} INFO - Dependencies all met for dep_context=non-requeueable deps ti=<TaskInstance: airflow_tut_v02.sleep scheduled__2024-05-03T09:00:00+00:00 [queued]>
[2024-05-03T12:00:07.118+0200] {taskinstance.py:2073} INFO - Dependencies all met for dep_context=requeueable deps ti=<TaskInstance: airflow_tut_v02.sleep scheduled__2024-05-03T09:00:00+00:00 [queued]>
[2024-05-03T12:00:07.118+0200] {taskinstance.py:2303} INFO - Starting attempt 1 of 2
[2024-05-03T12:00:07.129+0200] {taskinstance.py:2327} INFO - Executing <Task(BashOperator): sleep> on 2024-05-03 09:00:00+00:00
[2024-05-03T12:00:07.134+0200] {standard_task_runner.py:63} INFO - Started process 269159 to run task
[2024-05-03T12:00:07.137+0200] {standard_task_runner.py:90} INFO - Running: ['airflow', 'tasks', 'run', 'airflow_tut_v02', 'sleep', 'scheduled__2024-05-03T09:00:00+00:00', '--job-id', '420', '--raw', '--subdir', '/home/munya/.local/lib/python3.11/site-packages/airflow/example_dags/dags.py', '--cfg-path', '/tmp/tmpi_iy2y9j']
[2024-05-03T12:00:07.139+0200] {standard_task_runner.py:91} INFO - Job 420: Subtask sleep
[2024-05-03T12:00:07.168+0200] {task_command.py:426} INFO - Running <TaskInstance: airflow_tut_v02.sleep scheduled__2024-05-03T09:00:00+00:00 [running]> on host kali
[2024-05-03T12:00:07.218+0200] {taskinstance.py:2644} INFO - Exporting env vars: AIRFLOW_CTX_DAG_OWNER='Munyah' AIRFLOW_CTX_DAG_ID='airflow_tut_v02' AIRFLOW_CTX_TASK_ID='sleep' AIRFLOW_CTX_EXECUTION_DATE='2024-05-03T09:00:00+00:00' AIRFLOW_CTX_TRY_NUMBER='1' AIRFLOW_CTX_DAG_RUN_ID='scheduled__2024-05-03T09:00:00+00:00'
[2024-05-03T12:00:07.220+0200] {taskinstance.py:430} INFO - ::endgroup::
[2024-05-03T12:00:07.221+0200] {subprocess.py:63} INFO - Tmp dir root location: /tmp
[2024-05-03T12:00:07.221+0200] {subprocess.py:75} INFO - Running command: ['/usr/bin/bash', '-c', 'sleep 5']
[2024-05-03T12:00:07.232+0200] {subprocess.py:86} INFO - Output:
[2024-05-03T12:00:12.235+0200] {subprocess.py:97} INFO - Command exited with return code 0
[2024-05-03T12:00:12.237+0200] {taskinstance.py:441} INFO - ::group::Post task execution logs
[2024-05-03T12:00:12.294+0200] {taskinstance.py:1205} INFO - Marking task as SUCCESS. dag_id=airflow_tut_v02, task_id=sleep, execution_date=20240503T090000, start_date=20240503T100007, end_date=20240503T100012
[2024-05-03T12:00:12.378+0200] {local_task_job_runner.py:240} INFO - Task exited with return code 0
[2024-05-03T12:00:12.417+0200] {taskinstance.py:3482} INFO - 1 downstream tasks scheduled from follow-on schedule check
[2024-05-03T12:00:12.422+0200] {local_task_job_runner.py:222} INFO - ::endgroup::
