[2024-05-24T05:42:47.802+0200] {local_task_job_runner.py:120} INFO - ::group::Pre task execution logs
[2024-05-24T05:42:47.815+0200] {taskinstance.py:2076} INFO - Dependencies all met for dep_context=non-requeueable deps ti=<TaskInstance: weather_api_dag.fetch_weather_data scheduled__2024-05-23T00:00:00+00:00 [queued]>
[2024-05-24T05:42:47.821+0200] {taskinstance.py:2076} INFO - Dependencies all met for dep_context=requeueable deps ti=<TaskInstance: weather_api_dag.fetch_weather_data scheduled__2024-05-23T00:00:00+00:00 [queued]>
[2024-05-24T05:42:47.822+0200] {taskinstance.py:2306} INFO - Starting attempt 1 of 2
[2024-05-24T05:42:47.838+0200] {taskinstance.py:2330} INFO - Executing <Task(HttpOperator): fetch_weather_data> on 2024-05-23 00:00:00+00:00
[2024-05-24T05:42:47.847+0200] {standard_task_runner.py:63} INFO - Started process 489336 to run task
[2024-05-24T05:42:47.852+0200] {standard_task_runner.py:90} INFO - Running: ['airflow', 'tasks', 'run', 'weather_api_dag', 'fetch_weather_data', 'scheduled__2024-05-23T00:00:00+00:00', '--job-id', '1532', '--raw', '--subdir', 'DAGS_FOLDER/weather_data.py', '--cfg-path', '/tmp/tmpoh85ljd4']
[2024-05-24T05:42:47.855+0200] {standard_task_runner.py:91} INFO - Job 1532: Subtask fetch_weather_data
[2024-05-24T05:42:47.901+0200] {task_command.py:426} INFO - Running <TaskInstance: weather_api_dag.fetch_weather_data scheduled__2024-05-23T00:00:00+00:00 [running]> on host kali
[2024-05-24T05:42:47.982+0200] {taskinstance.py:2648} INFO - Exporting env vars: AIRFLOW_CTX_DAG_OWNER='airflow' AIRFLOW_CTX_DAG_ID='weather_api_dag' AIRFLOW_CTX_TASK_ID='fetch_weather_data' AIRFLOW_CTX_EXECUTION_DATE='2024-05-23T00:00:00+00:00' AIRFLOW_CTX_TRY_NUMBER='1' AIRFLOW_CTX_DAG_RUN_ID='scheduled__2024-05-23T00:00:00+00:00'
[2024-05-24T05:42:47.984+0200] {taskinstance.py:430} INFO - ::endgroup::
[2024-05-24T05:42:47.985+0200] {http.py:169} INFO - Calling HTTP method
[2024-05-24T05:42:47.990+0200] {base.py:84} INFO - Using connection ID 'weather_api' for task execution.
[2024-05-24T05:42:47.994+0200] {base.py:84} INFO - Using connection ID 'weather_api' for task execution.
[2024-05-24T05:42:48.001+0200] {http.py:242} WARNING - HTTPSConnectionPool(host='api.openweathermap.org', port=443): Max retries exceeded with url: /data/2.5/weather?q=mutare&appid=2bbbab50c7247b65d36fe69c40e1661f (Caused by NewConnectionError('<urllib3.connection.HTTPSConnection object at 0x7fbf896cb390>: Failed to establish a new connection: [Errno -2] Name or service not known')) Tenacity will retry to execute the operation
[2024-05-24T05:42:48.002+0200] {taskinstance.py:441} INFO - ::group::Post task execution logs
[2024-05-24T05:42:48.002+0200] {taskinstance.py:2905} ERROR - Task failed with exception
Traceback (most recent call last):
  File "/home/munya/anaconda3/lib/python3.11/site-packages/urllib3/connection.py", line 174, in _new_conn
    conn = connection.create_connection(
           ^^^^^^^^^^^^^^^^^^^^^^^^^^^^^
  File "/home/munya/anaconda3/lib/python3.11/site-packages/urllib3/util/connection.py", line 72, in create_connection
    for res in socket.getaddrinfo(host, port, family, socket.SOCK_STREAM):
               ^^^^^^^^^^^^^^^^^^^^^^^^^^^^^^^^^^^^^^^^^^^^^^^^^^^^^^^^^^
  File "/home/munya/anaconda3/lib/python3.11/socket.py", line 962, in getaddrinfo
    for res in _socket.getaddrinfo(host, port, family, type, proto, flags):
               ^^^^^^^^^^^^^^^^^^^^^^^^^^^^^^^^^^^^^^^^^^^^^^^^^^^^^^^^^^^
socket.gaierror: [Errno -2] Name or service not known

During handling of the above exception, another exception occurred:

Traceback (most recent call last):
  File "/home/munya/anaconda3/lib/python3.11/site-packages/urllib3/connectionpool.py", line 715, in urlopen
    httplib_response = self._make_request(
                       ^^^^^^^^^^^^^^^^^^^
  File "/home/munya/anaconda3/lib/python3.11/site-packages/urllib3/connectionpool.py", line 404, in _make_request
    self._validate_conn(conn)
  File "/home/munya/anaconda3/lib/python3.11/site-packages/urllib3/connectionpool.py", line 1058, in _validate_conn
    conn.connect()
  File "/home/munya/anaconda3/lib/python3.11/site-packages/urllib3/connection.py", line 363, in connect
    self.sock = conn = self._new_conn()
                       ^^^^^^^^^^^^^^^^
  File "/home/munya/anaconda3/lib/python3.11/site-packages/urllib3/connection.py", line 186, in _new_conn
    raise NewConnectionError(
urllib3.exceptions.NewConnectionError: <urllib3.connection.HTTPSConnection object at 0x7fbf896cb390>: Failed to establish a new connection: [Errno -2] Name or service not known

During handling of the above exception, another exception occurred:

Traceback (most recent call last):
  File "/home/munya/anaconda3/lib/python3.11/site-packages/requests/adapters.py", line 486, in send
    resp = conn.urlopen(
           ^^^^^^^^^^^^^
  File "/home/munya/anaconda3/lib/python3.11/site-packages/urllib3/connectionpool.py", line 799, in urlopen
    retries = retries.increment(
              ^^^^^^^^^^^^^^^^^^
  File "/home/munya/anaconda3/lib/python3.11/site-packages/urllib3/util/retry.py", line 592, in increment
    raise MaxRetryError(_pool, url, error or ResponseError(cause))
urllib3.exceptions.MaxRetryError: HTTPSConnectionPool(host='api.openweathermap.org', port=443): Max retries exceeded with url: /data/2.5/weather?q=mutare&appid=2bbbab50c7247b65d36fe69c40e1661f (Caused by NewConnectionError('<urllib3.connection.HTTPSConnection object at 0x7fbf896cb390>: Failed to establish a new connection: [Errno -2] Name or service not known'))

During handling of the above exception, another exception occurred:

Traceback (most recent call last):
  File "/home/munya/anaconda3/lib/python3.11/site-packages/airflow/models/taskinstance.py", line 465, in _execute_task
    result = _execute_callable(context=context, **execute_callable_kwargs)
             ^^^^^^^^^^^^^^^^^^^^^^^^^^^^^^^^^^^^^^^^^^^^^^^^^^^^^^^^^^^^^
  File "/home/munya/anaconda3/lib/python3.11/site-packages/airflow/models/taskinstance.py", line 432, in _execute_callable
    return execute_callable(context=context, **execute_callable_kwargs)
           ^^^^^^^^^^^^^^^^^^^^^^^^^^^^^^^^^^^^^^^^^^^^^^^^^^^^^^^^^^^^
  File "/home/munya/anaconda3/lib/python3.11/site-packages/airflow/models/baseoperator.py", line 400, in wrapper
    return func(self, *args, **kwargs)
           ^^^^^^^^^^^^^^^^^^^^^^^^^^^
  File "/home/munya/anaconda3/lib/python3.11/site-packages/airflow/providers/http/operators/http.py", line 166, in execute
    return self.execute_sync(context=context)
           ^^^^^^^^^^^^^^^^^^^^^^^^^^^^^^^^^^
  File "/home/munya/anaconda3/lib/python3.11/site-packages/airflow/providers/http/operators/http.py", line 170, in execute_sync
    response = self.hook.run(self.endpoint, self.data, self.headers, self.extra_options)
               ^^^^^^^^^^^^^^^^^^^^^^^^^^^^^^^^^^^^^^^^^^^^^^^^^^^^^^^^^^^^^^^^^^^^^^^^^
  File "/home/munya/anaconda3/lib/python3.11/site-packages/airflow/providers/http/hooks/http.py", line 187, in run
    return self.run_and_check(session, prepped_request, extra_options)
           ^^^^^^^^^^^^^^^^^^^^^^^^^^^^^^^^^^^^^^^^^^^^^^^^^^^^^^^^^^^
  File "/home/munya/anaconda3/lib/python3.11/site-packages/airflow/providers/http/hooks/http.py", line 243, in run_and_check
    raise ex
  File "/home/munya/anaconda3/lib/python3.11/site-packages/airflow/providers/http/hooks/http.py", line 235, in run_and_check
    response = session.send(prepped_request, **send_kwargs)
               ^^^^^^^^^^^^^^^^^^^^^^^^^^^^^^^^^^^^^^^^^^^^
  File "/home/munya/anaconda3/lib/python3.11/site-packages/requests/sessions.py", line 703, in send
    r = adapter.send(request, **kwargs)
        ^^^^^^^^^^^^^^^^^^^^^^^^^^^^^^^
  File "/home/munya/anaconda3/lib/python3.11/site-packages/requests/adapters.py", line 519, in send
    raise ConnectionError(e, request=request)
requests.exceptions.ConnectionError: HTTPSConnectionPool(host='api.openweathermap.org', port=443): Max retries exceeded with url: /data/2.5/weather?q=mutare&appid=2bbbab50c7247b65d36fe69c40e1661f (Caused by NewConnectionError('<urllib3.connection.HTTPSConnection object at 0x7fbf896cb390>: Failed to establish a new connection: [Errno -2] Name or service not known'))
[2024-05-24T05:42:48.012+0200] {taskinstance.py:1206} INFO - Marking task as UP_FOR_RETRY. dag_id=weather_api_dag, task_id=fetch_weather_data, run_id=scheduled__2024-05-23T00:00:00+00:00, execution_date=20240523T000000, start_date=20240524T034247, end_date=20240524T034248
[2024-05-24T05:42:48.024+0200] {standard_task_runner.py:110} ERROR - Failed to execute job 1532 for task fetch_weather_data (HTTPSConnectionPool(host='api.openweathermap.org', port=443): Max retries exceeded with url: /data/2.5/weather?q=mutare&appid=2bbbab50c7247b65d36fe69c40e1661f (Caused by NewConnectionError('<urllib3.connection.HTTPSConnection object at 0x7fbf896cb390>: Failed to establish a new connection: [Errno -2] Name or service not known')); 489336)
[2024-05-24T05:42:48.064+0200] {local_task_job_runner.py:240} INFO - Task exited with return code 1
[2024-05-24T05:42:48.082+0200] {taskinstance.py:3498} INFO - 0 downstream tasks scheduled from follow-on schedule check
[2024-05-24T05:42:48.083+0200] {local_task_job_runner.py:222} INFO - ::endgroup::
