[2024-05-11T11:09:28.355+0200] {local_task_job_runner.py:120} INFO - ::group::Pre task execution logs
[2024-05-11T11:09:28.363+0200] {taskinstance.py:2073} INFO - Dependencies all met for dep_context=non-requeueable deps ti=<TaskInstance: api_dag.is_api_active scheduled__2024-05-10T00:00:00+00:00 [queued]>
[2024-05-11T11:09:28.367+0200] {taskinstance.py:2073} INFO - Dependencies all met for dep_context=requeueable deps ti=<TaskInstance: api_dag.is_api_active scheduled__2024-05-10T00:00:00+00:00 [queued]>
[2024-05-11T11:09:28.367+0200] {taskinstance.py:2303} INFO - Starting attempt 1 of 1
[2024-05-11T11:09:28.378+0200] {taskinstance.py:2327} INFO - Executing <Task(HttpSensor): is_api_active> on 2024-05-10 00:00:00+00:00
[2024-05-11T11:09:28.383+0200] {standard_task_runner.py:63} INFO - Started process 120069 to run task
[2024-05-11T11:09:28.387+0200] {standard_task_runner.py:90} INFO - Running: ['airflow', 'tasks', 'run', 'api_dag', 'is_api_active', 'scheduled__2024-05-10T00:00:00+00:00', '--job-id', '1045', '--raw', '--subdir', 'DAGS_FOLDER/api_dag.py', '--cfg-path', '/tmp/tmpwh0wnuky']
[2024-05-11T11:09:28.389+0200] {standard_task_runner.py:91} INFO - Job 1045: Subtask is_api_active
[2024-05-11T11:09:28.417+0200] {task_command.py:426} INFO - Running <TaskInstance: api_dag.is_api_active scheduled__2024-05-10T00:00:00+00:00 [running]> on host kali
[2024-05-11T11:09:28.469+0200] {taskinstance.py:2644} INFO - Exporting env vars: AIRFLOW_CTX_DAG_OWNER='airflow' AIRFLOW_CTX_DAG_ID='api_dag' AIRFLOW_CTX_TASK_ID='is_api_active' AIRFLOW_CTX_EXECUTION_DATE='2024-05-10T00:00:00+00:00' AIRFLOW_CTX_TRY_NUMBER='1' AIRFLOW_CTX_DAG_RUN_ID='scheduled__2024-05-10T00:00:00+00:00'
[2024-05-11T11:09:28.471+0200] {taskinstance.py:430} INFO - ::endgroup::
[2024-05-11T11:09:28.471+0200] {baseoperator.py:399} WARNING - HttpSensor.execute cannot be called outside TaskInstance!
[2024-05-11T11:09:28.471+0200] {http.py:137} INFO - Poking: posts/
[2024-05-11T11:09:28.476+0200] {base.py:84} INFO - Using connection ID 'api_post' for task execution.
[2024-05-11T11:09:29.628+0200] {base.py:294} INFO - Success criteria met. Exiting.
[2024-05-11T11:09:29.629+0200] {taskinstance.py:441} INFO - ::group::Post task execution logs
[2024-05-11T11:09:29.637+0200] {taskinstance.py:1205} INFO - Marking task as SUCCESS. dag_id=api_dag, task_id=is_api_active, execution_date=20240510T000000, start_date=20240511T090928, end_date=20240511T090929
[2024-05-11T11:09:29.682+0200] {local_task_job_runner.py:240} INFO - Task exited with return code 0
[2024-05-11T11:09:29.698+0200] {taskinstance.py:3482} INFO - 0 downstream tasks scheduled from follow-on schedule check
[2024-05-11T11:09:29.699+0200] {local_task_job_runner.py:222} INFO - ::endgroup::
