[2024-05-19T13:25:49.732+0200] {local_task_job_runner.py:120} INFO - ::group::Pre task execution logs
[2024-05-19T13:25:49.740+0200] {taskinstance.py:2076} INFO - Dependencies all met for dep_context=non-requeueable deps ti=<TaskInstance: api_dag.is_api_active scheduled__2024-05-18T00:00:00+00:00 [queued]>
[2024-05-19T13:25:49.744+0200] {taskinstance.py:2076} INFO - Dependencies all met for dep_context=requeueable deps ti=<TaskInstance: api_dag.is_api_active scheduled__2024-05-18T00:00:00+00:00 [queued]>
[2024-05-19T13:25:49.745+0200] {taskinstance.py:2306} INFO - Starting attempt 1 of 1
[2024-05-19T13:25:49.755+0200] {taskinstance.py:2330} INFO - Executing <Task(HttpSensor): is_api_active> on 2024-05-18 00:00:00+00:00
[2024-05-19T13:25:49.761+0200] {standard_task_runner.py:63} INFO - Started process 84648 to run task
[2024-05-19T13:25:49.765+0200] {standard_task_runner.py:90} INFO - Running: ['airflow', 'tasks', 'run', 'api_dag', 'is_api_active', 'scheduled__2024-05-18T00:00:00+00:00', '--job-id', '1138', '--raw', '--subdir', 'DAGS_FOLDER/api_dag.py', '--cfg-path', '/tmp/tmp5j6_najc']
[2024-05-19T13:25:49.767+0200] {standard_task_runner.py:91} INFO - Job 1138: Subtask is_api_active
[2024-05-19T13:25:49.799+0200] {task_command.py:426} INFO - Running <TaskInstance: api_dag.is_api_active scheduled__2024-05-18T00:00:00+00:00 [running]> on host kali
[2024-05-19T13:25:49.848+0200] {taskinstance.py:2648} INFO - Exporting env vars: AIRFLOW_CTX_DAG_OWNER='airflow' AIRFLOW_CTX_DAG_ID='api_dag' AIRFLOW_CTX_TASK_ID='is_api_active' AIRFLOW_CTX_EXECUTION_DATE='2024-05-18T00:00:00+00:00' AIRFLOW_CTX_TRY_NUMBER='1' AIRFLOW_CTX_DAG_RUN_ID='scheduled__2024-05-18T00:00:00+00:00'
[2024-05-19T13:25:49.849+0200] {taskinstance.py:430} INFO - ::endgroup::
[2024-05-19T13:25:49.849+0200] {baseoperator.py:399} WARNING - HttpSensor.execute cannot be called outside TaskInstance!
[2024-05-19T13:25:49.850+0200] {http.py:137} INFO - Poking: posts/
[2024-05-19T13:25:49.853+0200] {base.py:84} INFO - Using connection ID 'api_post' for task execution.
[2024-05-19T13:25:51.359+0200] {base.py:294} INFO - Success criteria met. Exiting.
[2024-05-19T13:25:51.360+0200] {taskinstance.py:441} INFO - ::group::Post task execution logs
[2024-05-19T13:25:51.363+0200] {taskinstance.py:1206} INFO - Marking task as SUCCESS. dag_id=api_dag, task_id=is_api_active, run_id=scheduled__2024-05-18T00:00:00+00:00, execution_date=20240518T000000, start_date=20240519T112549, end_date=20240519T112551
[2024-05-19T13:25:51.384+0200] {local_task_job_runner.py:240} INFO - Task exited with return code 0
[2024-05-19T13:25:51.400+0200] {taskinstance.py:3498} INFO - 0 downstream tasks scheduled from follow-on schedule check
[2024-05-19T13:25:51.400+0200] {local_task_job_runner.py:222} INFO - ::endgroup::
