[2024-05-23T09:54:06.242+0200] {local_task_job_runner.py:120} INFO - ::group::Pre task execution logs
[2024-05-23T09:54:06.255+0200] {taskinstance.py:2076} INFO - Dependencies all met for dep_context=non-requeueable deps ti=<TaskInstance: api_dag.is_api_active scheduled__2024-05-22T00:00:00+00:00 [queued]>
[2024-05-23T09:54:06.264+0200] {taskinstance.py:2076} INFO - Dependencies all met for dep_context=requeueable deps ti=<TaskInstance: api_dag.is_api_active scheduled__2024-05-22T00:00:00+00:00 [queued]>
[2024-05-23T09:54:06.264+0200] {taskinstance.py:2306} INFO - Starting attempt 1 of 1
[2024-05-23T09:54:06.279+0200] {taskinstance.py:2330} INFO - Executing <Task(HttpSensor): is_api_active> on 2024-05-22 00:00:00+00:00
[2024-05-23T09:54:06.288+0200] {standard_task_runner.py:63} INFO - Started process 48607 to run task
[2024-05-23T09:54:06.291+0200] {standard_task_runner.py:90} INFO - Running: ['airflow', 'tasks', 'run', 'api_dag', 'is_api_active', 'scheduled__2024-05-22T00:00:00+00:00', '--job-id', '1405', '--raw', '--subdir', 'DAGS_FOLDER/api_dag.py', '--cfg-path', '/tmp/tmpe6k2u3sy']
[2024-05-23T09:54:06.294+0200] {standard_task_runner.py:91} INFO - Job 1405: Subtask is_api_active
[2024-05-23T09:54:06.333+0200] {task_command.py:426} INFO - Running <TaskInstance: api_dag.is_api_active scheduled__2024-05-22T00:00:00+00:00 [running]> on host kali
[2024-05-23T09:54:06.406+0200] {taskinstance.py:2648} INFO - Exporting env vars: AIRFLOW_CTX_DAG_OWNER='airflow' AIRFLOW_CTX_DAG_ID='api_dag' AIRFLOW_CTX_TASK_ID='is_api_active' AIRFLOW_CTX_EXECUTION_DATE='2024-05-22T00:00:00+00:00' AIRFLOW_CTX_TRY_NUMBER='1' AIRFLOW_CTX_DAG_RUN_ID='scheduled__2024-05-22T00:00:00+00:00'
[2024-05-23T09:54:06.407+0200] {taskinstance.py:430} INFO - ::endgroup::
[2024-05-23T09:54:06.408+0200] {baseoperator.py:399} WARNING - HttpSensor.execute cannot be called outside TaskInstance!
[2024-05-23T09:54:06.408+0200] {http.py:137} INFO - Poking: posts/
[2024-05-23T09:54:06.414+0200] {base.py:84} INFO - Using connection ID 'api_post' for task execution.
[2024-05-23T09:54:08.703+0200] {base.py:294} INFO - Success criteria met. Exiting.
[2024-05-23T09:54:08.703+0200] {taskinstance.py:441} INFO - ::group::Post task execution logs
[2024-05-23T09:54:08.707+0200] {taskinstance.py:1206} INFO - Marking task as SUCCESS. dag_id=api_dag, task_id=is_api_active, run_id=scheduled__2024-05-22T00:00:00+00:00, execution_date=20240522T000000, start_date=20240523T075406, end_date=20240523T075408
[2024-05-23T09:54:08.753+0200] {local_task_job_runner.py:240} INFO - Task exited with return code 0
[2024-05-23T09:54:08.769+0200] {taskinstance.py:3498} INFO - 0 downstream tasks scheduled from follow-on schedule check
[2024-05-23T09:54:08.769+0200] {local_task_job_runner.py:222} INFO - ::endgroup::
