[2024-04-29T10:46:06.367+0200] {local_task_job_runner.py:120} INFO - ::group::Pre task execution logs
[2024-04-29T10:46:06.398+0200] {taskinstance.py:2073} INFO - Dependencies all met for dep_context=non-requeueable deps ti=<TaskInstance: airflow_tut_v02.print_hello scheduled__2024-04-28T13:00:00+00:00 [queued]>
[2024-04-29T10:46:06.405+0200] {taskinstance.py:2073} INFO - Dependencies all met for dep_context=requeueable deps ti=<TaskInstance: airflow_tut_v02.print_hello scheduled__2024-04-28T13:00:00+00:00 [queued]>
[2024-04-29T10:46:06.405+0200] {taskinstance.py:2303} INFO - Starting attempt 1 of 2
[2024-04-29T10:46:06.418+0200] {taskinstance.py:2327} INFO - Executing <Task(BashOperator): print_hello> on 2024-04-28 13:00:00+00:00
[2024-04-29T10:46:06.425+0200] {standard_task_runner.py:63} INFO - Started process 9633 to run task
[2024-04-29T10:46:06.428+0200] {standard_task_runner.py:90} INFO - Running: ['airflow', 'tasks', 'run', 'airflow_tut_v02', 'print_hello', 'scheduled__2024-04-28T13:00:00+00:00', '--job-id', '51', '--raw', '--subdir', 'DAGS_FOLDER/dags.py', '--cfg-path', '/tmp/tmpfibtgoae']
[2024-04-29T10:46:06.430+0200] {standard_task_runner.py:91} INFO - Job 51: Subtask print_hello
[2024-04-29T10:46:06.459+0200] {task_command.py:426} INFO - Running <TaskInstance: airflow_tut_v02.print_hello scheduled__2024-04-28T13:00:00+00:00 [running]> on host kali
[2024-04-29T10:46:06.516+0200] {taskinstance.py:2644} INFO - Exporting env vars: AIRFLOW_CTX_DAG_OWNER='Munyah' AIRFLOW_CTX_DAG_ID='airflow_tut_v02' AIRFLOW_CTX_TASK_ID='print_hello' AIRFLOW_CTX_EXECUTION_DATE='2024-04-28T13:00:00+00:00' AIRFLOW_CTX_TRY_NUMBER='1' AIRFLOW_CTX_DAG_RUN_ID='scheduled__2024-04-28T13:00:00+00:00'
[2024-04-29T10:46:06.518+0200] {taskinstance.py:430} INFO - ::endgroup::
[2024-04-29T10:46:06.519+0200] {subprocess.py:63} INFO - Tmp dir root location: /tmp
[2024-04-29T10:46:06.520+0200] {subprocess.py:75} INFO - Running command: ['/usr/bin/bash', '-c', 'echo "hello"']
[2024-04-29T10:46:06.535+0200] {subprocess.py:86} INFO - Output:
[2024-04-29T10:46:06.536+0200] {subprocess.py:93} INFO - hello
[2024-04-29T10:46:06.536+0200] {subprocess.py:97} INFO - Command exited with return code 0
[2024-04-29T10:46:06.537+0200] {taskinstance.py:441} INFO - ::group::Post task execution logs
[2024-04-29T10:46:06.705+0200] {taskinstance.py:1205} INFO - Marking task as SUCCESS. dag_id=airflow_tut_v02, task_id=print_hello, execution_date=20240428T130000, start_date=20240429T084606, end_date=20240429T084606
[2024-04-29T10:46:06.761+0200] {local_task_job_runner.py:240} INFO - Task exited with return code 0
[2024-04-29T10:46:06.780+0200] {taskinstance.py:3482} INFO - 1 downstream tasks scheduled from follow-on schedule check
[2024-04-29T10:46:06.783+0200] {local_task_job_runner.py:222} INFO - ::endgroup::
