[2024-05-04T18:46:27.965+0200] {local_task_job_runner.py:120} INFO - ::group::Pre task execution logs
[2024-05-04T18:46:27.993+0200] {taskinstance.py:2073} INFO - Dependencies all met for dep_context=non-requeueable deps ti=<TaskInstance: airflow_tut_v02.print_hello scheduled__2024-05-04T04:00:00+00:00 [queued]>
[2024-05-04T18:46:28.003+0200] {taskinstance.py:2073} INFO - Dependencies all met for dep_context=requeueable deps ti=<TaskInstance: airflow_tut_v02.print_hello scheduled__2024-05-04T04:00:00+00:00 [queued]>
[2024-05-04T18:46:28.003+0200] {taskinstance.py:2303} INFO - Starting attempt 1 of 2
[2024-05-04T18:46:28.018+0200] {taskinstance.py:2327} INFO - Executing <Task(BashOperator): print_hello> on 2024-05-04 04:00:00+00:00
[2024-05-04T18:46:28.027+0200] {standard_task_runner.py:63} INFO - Started process 494818 to run task
[2024-05-04T18:46:28.032+0200] {standard_task_runner.py:90} INFO - Running: ['airflow', 'tasks', 'run', 'airflow_tut_v02', 'print_hello', 'scheduled__2024-05-04T04:00:00+00:00', '--job-id', '473', '--raw', '--subdir', '/home/munya/.local/lib/python3.11/site-packages/airflow/example_dags/dags.py', '--cfg-path', '/tmp/tmpnreq1h_h']
[2024-05-04T18:46:28.035+0200] {standard_task_runner.py:91} INFO - Job 473: Subtask print_hello
[2024-05-04T18:46:28.081+0200] {task_command.py:426} INFO - Running <TaskInstance: airflow_tut_v02.print_hello scheduled__2024-05-04T04:00:00+00:00 [running]> on host kali
[2024-05-04T18:46:28.165+0200] {taskinstance.py:2644} INFO - Exporting env vars: AIRFLOW_CTX_DAG_OWNER='Munyah' AIRFLOW_CTX_DAG_ID='airflow_tut_v02' AIRFLOW_CTX_TASK_ID='print_hello' AIRFLOW_CTX_EXECUTION_DATE='2024-05-04T04:00:00+00:00' AIRFLOW_CTX_TRY_NUMBER='1' AIRFLOW_CTX_DAG_RUN_ID='scheduled__2024-05-04T04:00:00+00:00'
[2024-05-04T18:46:28.167+0200] {taskinstance.py:430} INFO - ::endgroup::
[2024-05-04T18:46:28.168+0200] {subprocess.py:63} INFO - Tmp dir root location: /tmp
[2024-05-04T18:46:28.168+0200] {subprocess.py:75} INFO - Running command: ['/usr/bin/bash', '-c', 'echo "hello"']
[2024-05-04T18:46:28.186+0200] {subprocess.py:86} INFO - Output:
[2024-05-04T18:46:28.188+0200] {subprocess.py:93} INFO - hello
[2024-05-04T18:46:28.189+0200] {subprocess.py:97} INFO - Command exited with return code 0
[2024-05-04T18:46:28.190+0200] {taskinstance.py:441} INFO - ::group::Post task execution logs
[2024-05-04T18:46:28.216+0200] {taskinstance.py:1205} INFO - Marking task as SUCCESS. dag_id=airflow_tut_v02, task_id=print_hello, execution_date=20240504T040000, start_date=20240504T164627, end_date=20240504T164628
[2024-05-04T18:46:28.243+0200] {local_task_job_runner.py:240} INFO - Task exited with return code 0
[2024-05-04T18:46:28.280+0200] {taskinstance.py:3482} INFO - 1 downstream tasks scheduled from follow-on schedule check
[2024-05-04T18:46:28.284+0200] {local_task_job_runner.py:222} INFO - ::endgroup::
