[2024-04-29T12:07:05.119+0200] {local_task_job_runner.py:120} INFO - ::group::Pre task execution logs
[2024-04-29T12:07:05.140+0200] {taskinstance.py:2073} INFO - Dependencies all met for dep_context=non-requeueable deps ti=<TaskInstance: airflow_tut_v02.print_hello scheduled__2024-04-29T09:00:00+00:00 [queued]>
[2024-04-29T12:07:05.144+0200] {taskinstance.py:2073} INFO - Dependencies all met for dep_context=requeueable deps ti=<TaskInstance: airflow_tut_v02.print_hello scheduled__2024-04-29T09:00:00+00:00 [queued]>
[2024-04-29T12:07:05.145+0200] {taskinstance.py:2303} INFO - Starting attempt 1 of 2
[2024-04-29T12:07:05.155+0200] {taskinstance.py:2327} INFO - Executing <Task(BashOperator): print_hello> on 2024-04-29 09:00:00+00:00
[2024-04-29T12:07:05.160+0200] {standard_task_runner.py:63} INFO - Started process 39789 to run task
[2024-04-29T12:07:05.163+0200] {standard_task_runner.py:90} INFO - Running: ['airflow', 'tasks', 'run', 'airflow_tut_v02', 'print_hello', 'scheduled__2024-04-29T09:00:00+00:00', '--job-id', '116', '--raw', '--subdir', 'DAGS_FOLDER/dags.py', '--cfg-path', '/tmp/tmpimy22i_k']
[2024-04-29T12:07:05.165+0200] {standard_task_runner.py:91} INFO - Job 116: Subtask print_hello
[2024-04-29T12:07:05.195+0200] {task_command.py:426} INFO - Running <TaskInstance: airflow_tut_v02.print_hello scheduled__2024-04-29T09:00:00+00:00 [running]> on host kali
[2024-04-29T12:07:05.250+0200] {taskinstance.py:2644} INFO - Exporting env vars: AIRFLOW_CTX_DAG_OWNER='Munyah' AIRFLOW_CTX_DAG_ID='airflow_tut_v02' AIRFLOW_CTX_TASK_ID='print_hello' AIRFLOW_CTX_EXECUTION_DATE='2024-04-29T09:00:00+00:00' AIRFLOW_CTX_TRY_NUMBER='1' AIRFLOW_CTX_DAG_RUN_ID='scheduled__2024-04-29T09:00:00+00:00'
[2024-04-29T12:07:05.252+0200] {taskinstance.py:430} INFO - ::endgroup::
[2024-04-29T12:07:05.252+0200] {subprocess.py:63} INFO - Tmp dir root location: /tmp
[2024-04-29T12:07:05.253+0200] {subprocess.py:75} INFO - Running command: ['/usr/bin/bash', '-c', 'echo "hello"']
[2024-04-29T12:07:05.264+0200] {subprocess.py:86} INFO - Output:
[2024-04-29T12:07:05.265+0200] {subprocess.py:93} INFO - hello
[2024-04-29T12:07:05.265+0200] {subprocess.py:97} INFO - Command exited with return code 0
[2024-04-29T12:07:05.266+0200] {taskinstance.py:441} INFO - ::group::Post task execution logs
[2024-04-29T12:07:05.410+0200] {taskinstance.py:1205} INFO - Marking task as SUCCESS. dag_id=airflow_tut_v02, task_id=print_hello, execution_date=20240429T090000, start_date=20240429T100705, end_date=20240429T100705
[2024-04-29T12:07:05.455+0200] {local_task_job_runner.py:240} INFO - Task exited with return code 0
[2024-04-29T12:07:05.472+0200] {taskinstance.py:3482} INFO - 1 downstream tasks scheduled from follow-on schedule check
[2024-04-29T12:07:05.475+0200] {local_task_job_runner.py:222} INFO - ::endgroup::
