[2024-05-07T10:57:36.990+0200] {local_task_job_runner.py:120} INFO - ::group::Pre task execution logs
[2024-05-07T10:57:37.007+0200] {taskinstance.py:2073} INFO - Dependencies all met for dep_context=non-requeueable deps ti=<TaskInstance: airflow_tut_v02.sleep scheduled__2024-05-07T05:00:00+00:00 [queued]>
[2024-05-07T10:57:37.014+0200] {taskinstance.py:2073} INFO - Dependencies all met for dep_context=requeueable deps ti=<TaskInstance: airflow_tut_v02.sleep scheduled__2024-05-07T05:00:00+00:00 [queued]>
[2024-05-07T10:57:37.015+0200] {taskinstance.py:2303} INFO - Starting attempt 1 of 2
[2024-05-07T10:57:37.026+0200] {taskinstance.py:2327} INFO - Executing <Task(BashOperator): sleep> on 2024-05-07 05:00:00+00:00
[2024-05-07T10:57:37.032+0200] {standard_task_runner.py:63} INFO - Started process 142865 to run task
[2024-05-07T10:57:37.035+0200] {standard_task_runner.py:90} INFO - Running: ['airflow', 'tasks', 'run', 'airflow_tut_v02', 'sleep', 'scheduled__2024-05-07T05:00:00+00:00', '--job-id', '730', '--raw', '--subdir', '/home/munya/.local/lib/python3.11/site-packages/airflow/example_dags/dags.py', '--cfg-path', '/tmp/tmpkdvdgeuv']
[2024-05-07T10:57:37.037+0200] {standard_task_runner.py:91} INFO - Job 730: Subtask sleep
[2024-05-07T10:57:37.066+0200] {task_command.py:426} INFO - Running <TaskInstance: airflow_tut_v02.sleep scheduled__2024-05-07T05:00:00+00:00 [running]> on host kali
[2024-05-07T10:57:37.119+0200] {taskinstance.py:2644} INFO - Exporting env vars: AIRFLOW_CTX_DAG_OWNER='Munyah' AIRFLOW_CTX_DAG_ID='airflow_tut_v02' AIRFLOW_CTX_TASK_ID='sleep' AIRFLOW_CTX_EXECUTION_DATE='2024-05-07T05:00:00+00:00' AIRFLOW_CTX_TRY_NUMBER='1' AIRFLOW_CTX_DAG_RUN_ID='scheduled__2024-05-07T05:00:00+00:00'
[2024-05-07T10:57:37.120+0200] {taskinstance.py:430} INFO - ::endgroup::
[2024-05-07T10:57:37.120+0200] {subprocess.py:63} INFO - Tmp dir root location: /tmp
[2024-05-07T10:57:37.121+0200] {subprocess.py:75} INFO - Running command: ['/usr/bin/bash', '-c', 'sleep 5']
[2024-05-07T10:57:37.133+0200] {subprocess.py:86} INFO - Output:
[2024-05-07T10:57:42.136+0200] {subprocess.py:97} INFO - Command exited with return code 0
[2024-05-07T10:57:42.138+0200] {taskinstance.py:441} INFO - ::group::Post task execution logs
[2024-05-07T10:57:42.187+0200] {taskinstance.py:1205} INFO - Marking task as SUCCESS. dag_id=airflow_tut_v02, task_id=sleep, execution_date=20240507T050000, start_date=20240507T085737, end_date=20240507T085742
[2024-05-07T10:57:42.264+0200] {local_task_job_runner.py:240} INFO - Task exited with return code 0
[2024-05-07T10:57:42.311+0200] {taskinstance.py:3482} INFO - 1 downstream tasks scheduled from follow-on schedule check
[2024-05-07T10:57:42.315+0200] {local_task_job_runner.py:222} INFO - ::endgroup::
