[2024-05-23T14:27:20.459+0200] {local_task_job_runner.py:120} INFO - ::group::Pre task execution logs
[2024-05-23T14:27:20.471+0200] {taskinstance.py:2076} INFO - Dependencies all met for dep_context=non-requeueable deps ti=<TaskInstance: doctors_api_dag.retrieve_doctors scheduled__2024-05-23T12:20:00+00:00 [queued]>
[2024-05-23T14:27:20.479+0200] {taskinstance.py:2076} INFO - Dependencies all met for dep_context=requeueable deps ti=<TaskInstance: doctors_api_dag.retrieve_doctors scheduled__2024-05-23T12:20:00+00:00 [queued]>
[2024-05-23T14:27:20.480+0200] {taskinstance.py:2306} INFO - Starting attempt 4 of 4
[2024-05-23T14:27:20.491+0200] {taskinstance.py:2330} INFO - Executing <Task(SimpleHttpOperator): retrieve_doctors> on 2024-05-23 12:20:00+00:00
[2024-05-23T14:27:20.499+0200] {standard_task_runner.py:63} INFO - Started process 167068 to run task
[2024-05-23T14:27:20.503+0200] {standard_task_runner.py:90} INFO - Running: ['airflow', 'tasks', 'run', 'doctors_api_dag', 'retrieve_doctors', 'scheduled__2024-05-23T12:20:00+00:00', '--job-id', '1558', '--raw', '--subdir', 'DAGS_FOLDER/eezimeds_doctors.py', '--cfg-path', '/tmp/tmpohxpkmx_']
[2024-05-23T14:27:20.505+0200] {standard_task_runner.py:91} INFO - Job 1558: Subtask retrieve_doctors
[2024-05-23T14:27:20.543+0200] {task_command.py:426} INFO - Running <TaskInstance: doctors_api_dag.retrieve_doctors scheduled__2024-05-23T12:20:00+00:00 [running]> on host kali
[2024-05-23T14:27:20.632+0200] {taskinstance.py:2648} INFO - Exporting env vars: AIRFLOW_CTX_DAG_OWNER='airflow' AIRFLOW_CTX_DAG_ID='doctors_api_dag' AIRFLOW_CTX_TASK_ID='retrieve_doctors' AIRFLOW_CTX_EXECUTION_DATE='2024-05-23T12:20:00+00:00' AIRFLOW_CTX_TRY_NUMBER='4' AIRFLOW_CTX_DAG_RUN_ID='scheduled__2024-05-23T12:20:00+00:00'
[2024-05-23T14:27:20.634+0200] {taskinstance.py:430} INFO - ::endgroup::
[2024-05-23T14:27:20.634+0200] {http.py:169} INFO - Calling HTTP method
[2024-05-23T14:27:20.640+0200] {base.py:84} INFO - Using connection ID 'eezimeds_doctors' for task execution.
[2024-05-23T14:27:20.645+0200] {base.py:84} INFO - Using connection ID 'eezimeds_doctors' for task execution.
[2024-05-23T14:44:18.400+0200] {http.py:242} WARNING - ('Connection aborted.', RemoteDisconnected('Remote end closed connection without response')) Tenacity will retry to execute the operation
[2024-05-23T14:44:18.400+0200] {taskinstance.py:441} INFO - ::group::Post task execution logs
[2024-05-23T14:44:18.400+0200] {taskinstance.py:2905} ERROR - Task failed with exception
Traceback (most recent call last):
  File "/home/munya/anaconda3/lib/python3.11/site-packages/urllib3/connectionpool.py", line 715, in urlopen
    httplib_response = self._make_request(
                       ^^^^^^^^^^^^^^^^^^^
  File "/home/munya/anaconda3/lib/python3.11/site-packages/urllib3/connectionpool.py", line 467, in _make_request
    six.raise_from(e, None)
  File "<string>", line 3, in raise_from
  File "/home/munya/anaconda3/lib/python3.11/site-packages/urllib3/connectionpool.py", line 462, in _make_request
    httplib_response = conn.getresponse()
                       ^^^^^^^^^^^^^^^^^^
  File "/home/munya/anaconda3/lib/python3.11/http/client.py", line 1386, in getresponse
    response.begin()
  File "/home/munya/anaconda3/lib/python3.11/http/client.py", line 325, in begin
    version, status, reason = self._read_status()
                              ^^^^^^^^^^^^^^^^^^^
  File "/home/munya/anaconda3/lib/python3.11/http/client.py", line 294, in _read_status
    raise RemoteDisconnected("Remote end closed connection without"
http.client.RemoteDisconnected: Remote end closed connection without response

During handling of the above exception, another exception occurred:

Traceback (most recent call last):
  File "/home/munya/anaconda3/lib/python3.11/site-packages/requests/adapters.py", line 486, in send
    resp = conn.urlopen(
           ^^^^^^^^^^^^^
  File "/home/munya/anaconda3/lib/python3.11/site-packages/urllib3/connectionpool.py", line 799, in urlopen
    retries = retries.increment(
              ^^^^^^^^^^^^^^^^^^
  File "/home/munya/anaconda3/lib/python3.11/site-packages/urllib3/util/retry.py", line 550, in increment
    raise six.reraise(type(error), error, _stacktrace)
          ^^^^^^^^^^^^^^^^^^^^^^^^^^^^^^^^^^^^^^^^^^^^
  File "/home/munya/anaconda3/lib/python3.11/site-packages/urllib3/packages/six.py", line 769, in reraise
    raise value.with_traceback(tb)
  File "/home/munya/anaconda3/lib/python3.11/site-packages/urllib3/connectionpool.py", line 715, in urlopen
    httplib_response = self._make_request(
                       ^^^^^^^^^^^^^^^^^^^
  File "/home/munya/anaconda3/lib/python3.11/site-packages/urllib3/connectionpool.py", line 467, in _make_request
    six.raise_from(e, None)
  File "<string>", line 3, in raise_from
  File "/home/munya/anaconda3/lib/python3.11/site-packages/urllib3/connectionpool.py", line 462, in _make_request
    httplib_response = conn.getresponse()
                       ^^^^^^^^^^^^^^^^^^
  File "/home/munya/anaconda3/lib/python3.11/http/client.py", line 1386, in getresponse
    response.begin()
  File "/home/munya/anaconda3/lib/python3.11/http/client.py", line 325, in begin
    version, status, reason = self._read_status()
                              ^^^^^^^^^^^^^^^^^^^
  File "/home/munya/anaconda3/lib/python3.11/http/client.py", line 294, in _read_status
    raise RemoteDisconnected("Remote end closed connection without"
urllib3.exceptions.ProtocolError: ('Connection aborted.', RemoteDisconnected('Remote end closed connection without response'))

During handling of the above exception, another exception occurred:

Traceback (most recent call last):
  File "/home/munya/anaconda3/lib/python3.11/site-packages/airflow/models/taskinstance.py", line 465, in _execute_task
    result = _execute_callable(context=context, **execute_callable_kwargs)
             ^^^^^^^^^^^^^^^^^^^^^^^^^^^^^^^^^^^^^^^^^^^^^^^^^^^^^^^^^^^^^
  File "/home/munya/anaconda3/lib/python3.11/site-packages/airflow/models/taskinstance.py", line 432, in _execute_callable
    return execute_callable(context=context, **execute_callable_kwargs)
           ^^^^^^^^^^^^^^^^^^^^^^^^^^^^^^^^^^^^^^^^^^^^^^^^^^^^^^^^^^^^
  File "/home/munya/anaconda3/lib/python3.11/site-packages/airflow/models/baseoperator.py", line 400, in wrapper
    return func(self, *args, **kwargs)
           ^^^^^^^^^^^^^^^^^^^^^^^^^^^
  File "/home/munya/anaconda3/lib/python3.11/site-packages/airflow/providers/http/operators/http.py", line 166, in execute
    return self.execute_sync(context=context)
           ^^^^^^^^^^^^^^^^^^^^^^^^^^^^^^^^^^
  File "/home/munya/anaconda3/lib/python3.11/site-packages/airflow/providers/http/operators/http.py", line 170, in execute_sync
    response = self.hook.run(self.endpoint, self.data, self.headers, self.extra_options)
               ^^^^^^^^^^^^^^^^^^^^^^^^^^^^^^^^^^^^^^^^^^^^^^^^^^^^^^^^^^^^^^^^^^^^^^^^^
  File "/home/munya/anaconda3/lib/python3.11/site-packages/airflow/providers/http/hooks/http.py", line 187, in run
    return self.run_and_check(session, prepped_request, extra_options)
           ^^^^^^^^^^^^^^^^^^^^^^^^^^^^^^^^^^^^^^^^^^^^^^^^^^^^^^^^^^^
  File "/home/munya/anaconda3/lib/python3.11/site-packages/airflow/providers/http/hooks/http.py", line 243, in run_and_check
    raise ex
  File "/home/munya/anaconda3/lib/python3.11/site-packages/airflow/providers/http/hooks/http.py", line 235, in run_and_check
    response = session.send(prepped_request, **send_kwargs)
               ^^^^^^^^^^^^^^^^^^^^^^^^^^^^^^^^^^^^^^^^^^^^
  File "/home/munya/anaconda3/lib/python3.11/site-packages/requests/sessions.py", line 703, in send
    r = adapter.send(request, **kwargs)
        ^^^^^^^^^^^^^^^^^^^^^^^^^^^^^^^
  File "/home/munya/anaconda3/lib/python3.11/site-packages/requests/adapters.py", line 501, in send
    raise ConnectionError(err, request=request)
requests.exceptions.ConnectionError: ('Connection aborted.', RemoteDisconnected('Remote end closed connection without response'))
[2024-05-23T14:44:18.407+0200] {taskinstance.py:1206} INFO - Marking task as FAILED. dag_id=doctors_api_dag, task_id=retrieve_doctors, run_id=scheduled__2024-05-23T12:20:00+00:00, execution_date=20240523T122000, start_date=20240523T122720, end_date=20240523T124418
[2024-05-23T14:44:18.418+0200] {standard_task_runner.py:110} ERROR - Failed to execute job 1558 for task retrieve_doctors (('Connection aborted.', RemoteDisconnected('Remote end closed connection without response')); 167068)
[2024-05-23T14:44:18.459+0200] {local_task_job_runner.py:240} INFO - Task exited with return code 1
[2024-05-23T14:44:18.468+0200] {taskinstance.py:3498} INFO - 0 downstream tasks scheduled from follow-on schedule check
[2024-05-23T14:44:18.469+0200] {local_task_job_runner.py:222} INFO - ::endgroup::
