[2024-05-11T11:12:41.774+0200] {local_task_job_runner.py:120} INFO - ::group::Pre task execution logs
[2024-05-11T11:12:41.792+0200] {taskinstance.py:2073} INFO - Dependencies all met for dep_context=non-requeueable deps ti=<TaskInstance: airflow_tut_v02.sleep scheduled__2024-05-11T00:00:00+00:00 [queued]>
[2024-05-11T11:12:41.797+0200] {taskinstance.py:2073} INFO - Dependencies all met for dep_context=requeueable deps ti=<TaskInstance: airflow_tut_v02.sleep scheduled__2024-05-11T00:00:00+00:00 [queued]>
[2024-05-11T11:12:41.797+0200] {taskinstance.py:2303} INFO - Starting attempt 1 of 2
[2024-05-11T11:12:41.808+0200] {taskinstance.py:2327} INFO - Executing <Task(BashOperator): sleep> on 2024-05-11 00:00:00+00:00
[2024-05-11T11:12:41.814+0200] {standard_task_runner.py:63} INFO - Started process 124394 to run task
[2024-05-11T11:12:41.817+0200] {standard_task_runner.py:90} INFO - Running: ['airflow', 'tasks', 'run', 'airflow_tut_v02', 'sleep', 'scheduled__2024-05-11T00:00:00+00:00', '--job-id', '1081', '--raw', '--subdir', '/home/munya/.local/lib/python3.11/site-packages/airflow/example_dags/dags.py', '--cfg-path', '/tmp/tmpufy80psw']
[2024-05-11T11:12:41.818+0200] {standard_task_runner.py:91} INFO - Job 1081: Subtask sleep
[2024-05-11T11:12:41.849+0200] {task_command.py:426} INFO - Running <TaskInstance: airflow_tut_v02.sleep scheduled__2024-05-11T00:00:00+00:00 [running]> on host kali
[2024-05-11T11:12:41.898+0200] {taskinstance.py:2644} INFO - Exporting env vars: AIRFLOW_CTX_DAG_OWNER='Munyah' AIRFLOW_CTX_DAG_ID='airflow_tut_v02' AIRFLOW_CTX_TASK_ID='sleep' AIRFLOW_CTX_EXECUTION_DATE='2024-05-11T00:00:00+00:00' AIRFLOW_CTX_TRY_NUMBER='1' AIRFLOW_CTX_DAG_RUN_ID='scheduled__2024-05-11T00:00:00+00:00'
[2024-05-11T11:12:41.900+0200] {taskinstance.py:430} INFO - ::endgroup::
[2024-05-11T11:12:41.900+0200] {subprocess.py:63} INFO - Tmp dir root location: /tmp
[2024-05-11T11:12:41.901+0200] {subprocess.py:75} INFO - Running command: ['/usr/bin/bash', '-c', 'sleep 5']
[2024-05-11T11:12:41.912+0200] {subprocess.py:86} INFO - Output:
[2024-05-11T11:12:46.914+0200] {subprocess.py:97} INFO - Command exited with return code 0
[2024-05-11T11:12:46.915+0200] {taskinstance.py:441} INFO - ::group::Post task execution logs
[2024-05-11T11:12:46.934+0200] {taskinstance.py:1205} INFO - Marking task as SUCCESS. dag_id=airflow_tut_v02, task_id=sleep, execution_date=20240511T000000, start_date=20240511T091241, end_date=20240511T091246
[2024-05-11T11:12:46.985+0200] {local_task_job_runner.py:240} INFO - Task exited with return code 0
[2024-05-11T11:12:46.996+0200] {taskinstance.py:3482} INFO - 1 downstream tasks scheduled from follow-on schedule check
[2024-05-11T11:12:47.001+0200] {local_task_job_runner.py:222} INFO - ::endgroup::
