[2024-05-10T08:06:00.434+0200] {processor.py:161} INFO - Started process (PID=305316) to work on /home/munya/.local/lib/python3.11/site-packages/airflow/example_dags/plugins/event_listener.py
[2024-05-10T08:06:00.436+0200] {processor.py:830} INFO - Processing file /home/munya/.local/lib/python3.11/site-packages/airflow/example_dags/plugins/event_listener.py for tasks to queue
[2024-05-10T08:06:00.437+0200] {logging_mixin.py:188} INFO - [2024-05-10T08:06:00.436+0200] {dagbag.py:540} INFO - Filling up the DagBag from /home/munya/.local/lib/python3.11/site-packages/airflow/example_dags/plugins/event_listener.py
[2024-05-10T08:06:00.443+0200] {processor.py:842} WARNING - No viable dags retrieved from /home/munya/.local/lib/python3.11/site-packages/airflow/example_dags/plugins/event_listener.py
[2024-05-10T08:06:00.461+0200] {processor.py:183} INFO - Processing /home/munya/.local/lib/python3.11/site-packages/airflow/example_dags/plugins/event_listener.py took 0.037 seconds
[2024-05-10T08:07:42.736+0200] {processor.py:161} INFO - Started process (PID=306938) to work on /home/munya/.local/lib/python3.11/site-packages/airflow/example_dags/plugins/event_listener.py
[2024-05-10T08:07:42.737+0200] {processor.py:830} INFO - Processing file /home/munya/.local/lib/python3.11/site-packages/airflow/example_dags/plugins/event_listener.py for tasks to queue
[2024-05-10T08:07:42.738+0200] {logging_mixin.py:188} INFO - [2024-05-10T08:07:42.738+0200] {dagbag.py:540} INFO - Filling up the DagBag from /home/munya/.local/lib/python3.11/site-packages/airflow/example_dags/plugins/event_listener.py
[2024-05-10T08:07:42.741+0200] {processor.py:842} WARNING - No viable dags retrieved from /home/munya/.local/lib/python3.11/site-packages/airflow/example_dags/plugins/event_listener.py
[2024-05-10T08:07:42.758+0200] {processor.py:183} INFO - Processing /home/munya/.local/lib/python3.11/site-packages/airflow/example_dags/plugins/event_listener.py took 0.033 seconds
[2024-05-10T08:09:03.201+0200] {processor.py:161} INFO - Started process (PID=308206) to work on /home/munya/.local/lib/python3.11/site-packages/airflow/example_dags/plugins/event_listener.py
[2024-05-10T08:09:03.202+0200] {processor.py:830} INFO - Processing file /home/munya/.local/lib/python3.11/site-packages/airflow/example_dags/plugins/event_listener.py for tasks to queue
[2024-05-10T08:09:03.204+0200] {logging_mixin.py:188} INFO - [2024-05-10T08:09:03.203+0200] {dagbag.py:540} INFO - Filling up the DagBag from /home/munya/.local/lib/python3.11/site-packages/airflow/example_dags/plugins/event_listener.py
[2024-05-10T08:09:03.207+0200] {processor.py:842} WARNING - No viable dags retrieved from /home/munya/.local/lib/python3.11/site-packages/airflow/example_dags/plugins/event_listener.py
[2024-05-10T08:09:03.226+0200] {processor.py:183} INFO - Processing /home/munya/.local/lib/python3.11/site-packages/airflow/example_dags/plugins/event_listener.py took 0.038 seconds
[2024-05-10T08:10:20.344+0200] {processor.py:161} INFO - Started process (PID=309486) to work on /home/munya/.local/lib/python3.11/site-packages/airflow/example_dags/plugins/event_listener.py
[2024-05-10T08:10:20.345+0200] {processor.py:830} INFO - Processing file /home/munya/.local/lib/python3.11/site-packages/airflow/example_dags/plugins/event_listener.py for tasks to queue
[2024-05-10T08:10:20.347+0200] {logging_mixin.py:188} INFO - [2024-05-10T08:10:20.346+0200] {dagbag.py:540} INFO - Filling up the DagBag from /home/munya/.local/lib/python3.11/site-packages/airflow/example_dags/plugins/event_listener.py
[2024-05-10T08:10:20.351+0200] {processor.py:842} WARNING - No viable dags retrieved from /home/munya/.local/lib/python3.11/site-packages/airflow/example_dags/plugins/event_listener.py
[2024-05-10T08:10:20.368+0200] {processor.py:183} INFO - Processing /home/munya/.local/lib/python3.11/site-packages/airflow/example_dags/plugins/event_listener.py took 0.036 seconds
[2024-05-10T08:11:35.334+0200] {processor.py:161} INFO - Started process (PID=310714) to work on /home/munya/.local/lib/python3.11/site-packages/airflow/example_dags/plugins/event_listener.py
[2024-05-10T08:11:35.355+0200] {processor.py:830} INFO - Processing file /home/munya/.local/lib/python3.11/site-packages/airflow/example_dags/plugins/event_listener.py for tasks to queue
[2024-05-10T08:11:35.356+0200] {logging_mixin.py:188} INFO - [2024-05-10T08:11:35.355+0200] {dagbag.py:540} INFO - Filling up the DagBag from /home/munya/.local/lib/python3.11/site-packages/airflow/example_dags/plugins/event_listener.py
[2024-05-10T08:11:35.375+0200] {processor.py:842} WARNING - No viable dags retrieved from /home/munya/.local/lib/python3.11/site-packages/airflow/example_dags/plugins/event_listener.py
[2024-05-10T08:11:35.438+0200] {processor.py:183} INFO - Processing /home/munya/.local/lib/python3.11/site-packages/airflow/example_dags/plugins/event_listener.py took 0.162 seconds
[2024-05-10T08:12:56.695+0200] {processor.py:161} INFO - Started process (PID=312404) to work on /home/munya/.local/lib/python3.11/site-packages/airflow/example_dags/plugins/event_listener.py
[2024-05-10T08:12:56.697+0200] {processor.py:830} INFO - Processing file /home/munya/.local/lib/python3.11/site-packages/airflow/example_dags/plugins/event_listener.py for tasks to queue
[2024-05-10T08:12:56.698+0200] {logging_mixin.py:188} INFO - [2024-05-10T08:12:56.697+0200] {dagbag.py:540} INFO - Filling up the DagBag from /home/munya/.local/lib/python3.11/site-packages/airflow/example_dags/plugins/event_listener.py
[2024-05-10T08:12:56.701+0200] {processor.py:842} WARNING - No viable dags retrieved from /home/munya/.local/lib/python3.11/site-packages/airflow/example_dags/plugins/event_listener.py
[2024-05-10T08:12:56.714+0200] {processor.py:183} INFO - Processing /home/munya/.local/lib/python3.11/site-packages/airflow/example_dags/plugins/event_listener.py took 0.026 seconds
[2024-05-10T08:13:57.565+0200] {processor.py:161} INFO - Started process (PID=313549) to work on /home/munya/.local/lib/python3.11/site-packages/airflow/example_dags/plugins/event_listener.py
[2024-05-10T08:13:57.566+0200] {processor.py:830} INFO - Processing file /home/munya/.local/lib/python3.11/site-packages/airflow/example_dags/plugins/event_listener.py for tasks to queue
[2024-05-10T08:13:57.567+0200] {logging_mixin.py:188} INFO - [2024-05-10T08:13:57.567+0200] {dagbag.py:540} INFO - Filling up the DagBag from /home/munya/.local/lib/python3.11/site-packages/airflow/example_dags/plugins/event_listener.py
[2024-05-10T08:13:57.570+0200] {processor.py:842} WARNING - No viable dags retrieved from /home/munya/.local/lib/python3.11/site-packages/airflow/example_dags/plugins/event_listener.py
[2024-05-10T08:13:57.580+0200] {processor.py:183} INFO - Processing /home/munya/.local/lib/python3.11/site-packages/airflow/example_dags/plugins/event_listener.py took 0.021 seconds
[2024-05-10T08:15:04.098+0200] {processor.py:161} INFO - Started process (PID=314883) to work on /home/munya/.local/lib/python3.11/site-packages/airflow/example_dags/plugins/event_listener.py
[2024-05-10T08:15:04.099+0200] {processor.py:830} INFO - Processing file /home/munya/.local/lib/python3.11/site-packages/airflow/example_dags/plugins/event_listener.py for tasks to queue
[2024-05-10T08:15:04.100+0200] {logging_mixin.py:188} INFO - [2024-05-10T08:15:04.100+0200] {dagbag.py:540} INFO - Filling up the DagBag from /home/munya/.local/lib/python3.11/site-packages/airflow/example_dags/plugins/event_listener.py
[2024-05-10T08:15:04.102+0200] {processor.py:842} WARNING - No viable dags retrieved from /home/munya/.local/lib/python3.11/site-packages/airflow/example_dags/plugins/event_listener.py
[2024-05-10T08:15:04.116+0200] {processor.py:183} INFO - Processing /home/munya/.local/lib/python3.11/site-packages/airflow/example_dags/plugins/event_listener.py took 0.024 seconds
[2024-05-10T08:16:08.840+0200] {processor.py:161} INFO - Started process (PID=316077) to work on /home/munya/.local/lib/python3.11/site-packages/airflow/example_dags/plugins/event_listener.py
[2024-05-10T08:16:08.841+0200] {processor.py:830} INFO - Processing file /home/munya/.local/lib/python3.11/site-packages/airflow/example_dags/plugins/event_listener.py for tasks to queue
[2024-05-10T08:16:08.842+0200] {logging_mixin.py:188} INFO - [2024-05-10T08:16:08.842+0200] {dagbag.py:540} INFO - Filling up the DagBag from /home/munya/.local/lib/python3.11/site-packages/airflow/example_dags/plugins/event_listener.py
[2024-05-10T08:16:08.844+0200] {processor.py:842} WARNING - No viable dags retrieved from /home/munya/.local/lib/python3.11/site-packages/airflow/example_dags/plugins/event_listener.py
[2024-05-10T08:16:08.855+0200] {processor.py:183} INFO - Processing /home/munya/.local/lib/python3.11/site-packages/airflow/example_dags/plugins/event_listener.py took 0.022 seconds
[2024-05-10T08:17:08.571+0200] {processor.py:161} INFO - Started process (PID=317147) to work on /home/munya/.local/lib/python3.11/site-packages/airflow/example_dags/plugins/event_listener.py
[2024-05-10T08:17:08.572+0200] {processor.py:830} INFO - Processing file /home/munya/.local/lib/python3.11/site-packages/airflow/example_dags/plugins/event_listener.py for tasks to queue
[2024-05-10T08:17:08.573+0200] {logging_mixin.py:188} INFO - [2024-05-10T08:17:08.573+0200] {dagbag.py:540} INFO - Filling up the DagBag from /home/munya/.local/lib/python3.11/site-packages/airflow/example_dags/plugins/event_listener.py
[2024-05-10T08:17:08.575+0200] {processor.py:842} WARNING - No viable dags retrieved from /home/munya/.local/lib/python3.11/site-packages/airflow/example_dags/plugins/event_listener.py
[2024-05-10T08:17:08.586+0200] {processor.py:183} INFO - Processing /home/munya/.local/lib/python3.11/site-packages/airflow/example_dags/plugins/event_listener.py took 0.022 seconds
[2024-05-10T08:18:12.553+0200] {processor.py:161} INFO - Started process (PID=318445) to work on /home/munya/.local/lib/python3.11/site-packages/airflow/example_dags/plugins/event_listener.py
[2024-05-10T08:18:12.554+0200] {processor.py:830} INFO - Processing file /home/munya/.local/lib/python3.11/site-packages/airflow/example_dags/plugins/event_listener.py for tasks to queue
[2024-05-10T08:18:12.555+0200] {logging_mixin.py:188} INFO - [2024-05-10T08:18:12.554+0200] {dagbag.py:540} INFO - Filling up the DagBag from /home/munya/.local/lib/python3.11/site-packages/airflow/example_dags/plugins/event_listener.py
[2024-05-10T08:18:12.557+0200] {processor.py:842} WARNING - No viable dags retrieved from /home/munya/.local/lib/python3.11/site-packages/airflow/example_dags/plugins/event_listener.py
[2024-05-10T08:18:12.568+0200] {processor.py:183} INFO - Processing /home/munya/.local/lib/python3.11/site-packages/airflow/example_dags/plugins/event_listener.py took 0.022 seconds
[2024-05-10T08:19:25.808+0200] {processor.py:161} INFO - Started process (PID=319686) to work on /home/munya/.local/lib/python3.11/site-packages/airflow/example_dags/plugins/event_listener.py
[2024-05-10T08:19:25.810+0200] {processor.py:830} INFO - Processing file /home/munya/.local/lib/python3.11/site-packages/airflow/example_dags/plugins/event_listener.py for tasks to queue
[2024-05-10T08:19:25.811+0200] {logging_mixin.py:188} INFO - [2024-05-10T08:19:25.810+0200] {dagbag.py:540} INFO - Filling up the DagBag from /home/munya/.local/lib/python3.11/site-packages/airflow/example_dags/plugins/event_listener.py
[2024-05-10T08:19:25.813+0200] {processor.py:842} WARNING - No viable dags retrieved from /home/munya/.local/lib/python3.11/site-packages/airflow/example_dags/plugins/event_listener.py
[2024-05-10T08:19:25.825+0200] {processor.py:183} INFO - Processing /home/munya/.local/lib/python3.11/site-packages/airflow/example_dags/plugins/event_listener.py took 0.026 seconds
[2024-05-10T08:20:28.458+0200] {processor.py:161} INFO - Started process (PID=320837) to work on /home/munya/.local/lib/python3.11/site-packages/airflow/example_dags/plugins/event_listener.py
[2024-05-10T08:20:28.460+0200] {processor.py:830} INFO - Processing file /home/munya/.local/lib/python3.11/site-packages/airflow/example_dags/plugins/event_listener.py for tasks to queue
[2024-05-10T08:20:28.461+0200] {logging_mixin.py:188} INFO - [2024-05-10T08:20:28.461+0200] {dagbag.py:540} INFO - Filling up the DagBag from /home/munya/.local/lib/python3.11/site-packages/airflow/example_dags/plugins/event_listener.py
[2024-05-10T08:20:28.464+0200] {processor.py:842} WARNING - No viable dags retrieved from /home/munya/.local/lib/python3.11/site-packages/airflow/example_dags/plugins/event_listener.py
[2024-05-10T08:20:28.477+0200] {processor.py:183} INFO - Processing /home/munya/.local/lib/python3.11/site-packages/airflow/example_dags/plugins/event_listener.py took 0.026 seconds
[2024-05-10T08:21:28.489+0200] {processor.py:161} INFO - Started process (PID=321911) to work on /home/munya/.local/lib/python3.11/site-packages/airflow/example_dags/plugins/event_listener.py
[2024-05-10T08:21:28.491+0200] {processor.py:830} INFO - Processing file /home/munya/.local/lib/python3.11/site-packages/airflow/example_dags/plugins/event_listener.py for tasks to queue
[2024-05-10T08:21:28.492+0200] {logging_mixin.py:188} INFO - [2024-05-10T08:21:28.491+0200] {dagbag.py:540} INFO - Filling up the DagBag from /home/munya/.local/lib/python3.11/site-packages/airflow/example_dags/plugins/event_listener.py
[2024-05-10T08:21:28.495+0200] {processor.py:842} WARNING - No viable dags retrieved from /home/munya/.local/lib/python3.11/site-packages/airflow/example_dags/plugins/event_listener.py
[2024-05-10T08:21:28.506+0200] {processor.py:183} INFO - Processing /home/munya/.local/lib/python3.11/site-packages/airflow/example_dags/plugins/event_listener.py took 0.025 seconds
[2024-05-10T08:22:37.502+0200] {processor.py:161} INFO - Started process (PID=323224) to work on /home/munya/.local/lib/python3.11/site-packages/airflow/example_dags/plugins/event_listener.py
[2024-05-10T08:22:37.503+0200] {processor.py:830} INFO - Processing file /home/munya/.local/lib/python3.11/site-packages/airflow/example_dags/plugins/event_listener.py for tasks to queue
[2024-05-10T08:22:37.504+0200] {logging_mixin.py:188} INFO - [2024-05-10T08:22:37.504+0200] {dagbag.py:540} INFO - Filling up the DagBag from /home/munya/.local/lib/python3.11/site-packages/airflow/example_dags/plugins/event_listener.py
[2024-05-10T08:22:37.507+0200] {processor.py:842} WARNING - No viable dags retrieved from /home/munya/.local/lib/python3.11/site-packages/airflow/example_dags/plugins/event_listener.py
[2024-05-10T08:22:37.522+0200] {processor.py:183} INFO - Processing /home/munya/.local/lib/python3.11/site-packages/airflow/example_dags/plugins/event_listener.py took 0.029 seconds
[2024-05-10T08:23:39.721+0200] {processor.py:161} INFO - Started process (PID=324382) to work on /home/munya/.local/lib/python3.11/site-packages/airflow/example_dags/plugins/event_listener.py
[2024-05-10T08:23:39.722+0200] {processor.py:830} INFO - Processing file /home/munya/.local/lib/python3.11/site-packages/airflow/example_dags/plugins/event_listener.py for tasks to queue
[2024-05-10T08:23:39.723+0200] {logging_mixin.py:188} INFO - [2024-05-10T08:23:39.722+0200] {dagbag.py:540} INFO - Filling up the DagBag from /home/munya/.local/lib/python3.11/site-packages/airflow/example_dags/plugins/event_listener.py
[2024-05-10T08:23:39.725+0200] {processor.py:842} WARNING - No viable dags retrieved from /home/munya/.local/lib/python3.11/site-packages/airflow/example_dags/plugins/event_listener.py
[2024-05-10T08:23:39.734+0200] {processor.py:183} INFO - Processing /home/munya/.local/lib/python3.11/site-packages/airflow/example_dags/plugins/event_listener.py took 0.020 seconds
[2024-05-10T08:24:46.603+0200] {processor.py:161} INFO - Started process (PID=325552) to work on /home/munya/.local/lib/python3.11/site-packages/airflow/example_dags/plugins/event_listener.py
[2024-05-10T08:24:46.604+0200] {processor.py:830} INFO - Processing file /home/munya/.local/lib/python3.11/site-packages/airflow/example_dags/plugins/event_listener.py for tasks to queue
[2024-05-10T08:24:46.605+0200] {logging_mixin.py:188} INFO - [2024-05-10T08:24:46.605+0200] {dagbag.py:540} INFO - Filling up the DagBag from /home/munya/.local/lib/python3.11/site-packages/airflow/example_dags/plugins/event_listener.py
[2024-05-10T08:24:46.607+0200] {processor.py:842} WARNING - No viable dags retrieved from /home/munya/.local/lib/python3.11/site-packages/airflow/example_dags/plugins/event_listener.py
[2024-05-10T08:24:46.617+0200] {processor.py:183} INFO - Processing /home/munya/.local/lib/python3.11/site-packages/airflow/example_dags/plugins/event_listener.py took 0.020 seconds
[2024-05-10T08:26:00.863+0200] {processor.py:161} INFO - Started process (PID=326870) to work on /home/munya/.local/lib/python3.11/site-packages/airflow/example_dags/plugins/event_listener.py
[2024-05-10T08:26:00.864+0200] {processor.py:830} INFO - Processing file /home/munya/.local/lib/python3.11/site-packages/airflow/example_dags/plugins/event_listener.py for tasks to queue
[2024-05-10T08:26:00.864+0200] {logging_mixin.py:188} INFO - [2024-05-10T08:26:00.864+0200] {dagbag.py:540} INFO - Filling up the DagBag from /home/munya/.local/lib/python3.11/site-packages/airflow/example_dags/plugins/event_listener.py
[2024-05-10T08:26:00.866+0200] {processor.py:842} WARNING - No viable dags retrieved from /home/munya/.local/lib/python3.11/site-packages/airflow/example_dags/plugins/event_listener.py
[2024-05-10T08:26:00.877+0200] {processor.py:183} INFO - Processing /home/munya/.local/lib/python3.11/site-packages/airflow/example_dags/plugins/event_listener.py took 0.020 seconds
[2024-05-10T08:27:09.435+0200] {processor.py:161} INFO - Started process (PID=328116) to work on /home/munya/.local/lib/python3.11/site-packages/airflow/example_dags/plugins/event_listener.py
[2024-05-10T08:27:09.438+0200] {processor.py:830} INFO - Processing file /home/munya/.local/lib/python3.11/site-packages/airflow/example_dags/plugins/event_listener.py for tasks to queue
[2024-05-10T08:27:09.439+0200] {logging_mixin.py:188} INFO - [2024-05-10T08:27:09.439+0200] {dagbag.py:540} INFO - Filling up the DagBag from /home/munya/.local/lib/python3.11/site-packages/airflow/example_dags/plugins/event_listener.py
[2024-05-10T08:27:09.444+0200] {processor.py:842} WARNING - No viable dags retrieved from /home/munya/.local/lib/python3.11/site-packages/airflow/example_dags/plugins/event_listener.py
[2024-05-10T08:27:09.466+0200] {processor.py:183} INFO - Processing /home/munya/.local/lib/python3.11/site-packages/airflow/example_dags/plugins/event_listener.py took 0.042 seconds
[2024-05-10T08:28:34.686+0200] {processor.py:161} INFO - Started process (PID=329590) to work on /home/munya/.local/lib/python3.11/site-packages/airflow/example_dags/plugins/event_listener.py
[2024-05-10T08:28:34.690+0200] {processor.py:830} INFO - Processing file /home/munya/.local/lib/python3.11/site-packages/airflow/example_dags/plugins/event_listener.py for tasks to queue
[2024-05-10T08:28:34.691+0200] {logging_mixin.py:188} INFO - [2024-05-10T08:28:34.691+0200] {dagbag.py:540} INFO - Filling up the DagBag from /home/munya/.local/lib/python3.11/site-packages/airflow/example_dags/plugins/event_listener.py
[2024-05-10T08:28:34.704+0200] {processor.py:842} WARNING - No viable dags retrieved from /home/munya/.local/lib/python3.11/site-packages/airflow/example_dags/plugins/event_listener.py
[2024-05-10T08:28:34.738+0200] {processor.py:183} INFO - Processing /home/munya/.local/lib/python3.11/site-packages/airflow/example_dags/plugins/event_listener.py took 0.083 seconds
[2024-05-10T08:29:58.385+0200] {processor.py:161} INFO - Started process (PID=331050) to work on /home/munya/.local/lib/python3.11/site-packages/airflow/example_dags/plugins/event_listener.py
[2024-05-10T08:29:58.387+0200] {processor.py:830} INFO - Processing file /home/munya/.local/lib/python3.11/site-packages/airflow/example_dags/plugins/event_listener.py for tasks to queue
[2024-05-10T08:29:58.388+0200] {logging_mixin.py:188} INFO - [2024-05-10T08:29:58.387+0200] {dagbag.py:540} INFO - Filling up the DagBag from /home/munya/.local/lib/python3.11/site-packages/airflow/example_dags/plugins/event_listener.py
[2024-05-10T08:29:58.395+0200] {processor.py:842} WARNING - No viable dags retrieved from /home/munya/.local/lib/python3.11/site-packages/airflow/example_dags/plugins/event_listener.py
[2024-05-10T08:29:58.420+0200] {processor.py:183} INFO - Processing /home/munya/.local/lib/python3.11/site-packages/airflow/example_dags/plugins/event_listener.py took 0.053 seconds
[2024-05-10T08:31:20.685+0200] {processor.py:161} INFO - Started process (PID=332469) to work on /home/munya/.local/lib/python3.11/site-packages/airflow/example_dags/plugins/event_listener.py
[2024-05-10T08:31:20.687+0200] {processor.py:830} INFO - Processing file /home/munya/.local/lib/python3.11/site-packages/airflow/example_dags/plugins/event_listener.py for tasks to queue
[2024-05-10T08:31:20.688+0200] {logging_mixin.py:188} INFO - [2024-05-10T08:31:20.688+0200] {dagbag.py:540} INFO - Filling up the DagBag from /home/munya/.local/lib/python3.11/site-packages/airflow/example_dags/plugins/event_listener.py
[2024-05-10T08:31:20.692+0200] {processor.py:842} WARNING - No viable dags retrieved from /home/munya/.local/lib/python3.11/site-packages/airflow/example_dags/plugins/event_listener.py
[2024-05-10T08:31:20.727+0200] {processor.py:183} INFO - Processing /home/munya/.local/lib/python3.11/site-packages/airflow/example_dags/plugins/event_listener.py took 0.053 seconds
[2024-05-10T08:32:44.906+0200] {processor.py:161} INFO - Started process (PID=334125) to work on /home/munya/.local/lib/python3.11/site-packages/airflow/example_dags/plugins/event_listener.py
[2024-05-10T08:32:44.908+0200] {processor.py:830} INFO - Processing file /home/munya/.local/lib/python3.11/site-packages/airflow/example_dags/plugins/event_listener.py for tasks to queue
[2024-05-10T08:32:44.909+0200] {logging_mixin.py:188} INFO - [2024-05-10T08:32:44.909+0200] {dagbag.py:540} INFO - Filling up the DagBag from /home/munya/.local/lib/python3.11/site-packages/airflow/example_dags/plugins/event_listener.py
[2024-05-10T08:32:44.913+0200] {processor.py:842} WARNING - No viable dags retrieved from /home/munya/.local/lib/python3.11/site-packages/airflow/example_dags/plugins/event_listener.py
[2024-05-10T08:32:44.932+0200] {processor.py:183} INFO - Processing /home/munya/.local/lib/python3.11/site-packages/airflow/example_dags/plugins/event_listener.py took 0.037 seconds
[2024-05-10T08:34:08.752+0200] {processor.py:161} INFO - Started process (PID=335723) to work on /home/munya/.local/lib/python3.11/site-packages/airflow/example_dags/plugins/event_listener.py
[2024-05-10T08:34:08.758+0200] {processor.py:830} INFO - Processing file /home/munya/.local/lib/python3.11/site-packages/airflow/example_dags/plugins/event_listener.py for tasks to queue
[2024-05-10T08:34:08.760+0200] {logging_mixin.py:188} INFO - [2024-05-10T08:34:08.759+0200] {dagbag.py:540} INFO - Filling up the DagBag from /home/munya/.local/lib/python3.11/site-packages/airflow/example_dags/plugins/event_listener.py
[2024-05-10T08:34:08.791+0200] {processor.py:842} WARNING - No viable dags retrieved from /home/munya/.local/lib/python3.11/site-packages/airflow/example_dags/plugins/event_listener.py
[2024-05-10T08:34:08.895+0200] {processor.py:183} INFO - Processing /home/munya/.local/lib/python3.11/site-packages/airflow/example_dags/plugins/event_listener.py took 0.175 seconds
[2024-05-10T08:35:52.358+0200] {processor.py:161} INFO - Started process (PID=337395) to work on /home/munya/.local/lib/python3.11/site-packages/airflow/example_dags/plugins/event_listener.py
[2024-05-10T08:35:52.364+0200] {processor.py:830} INFO - Processing file /home/munya/.local/lib/python3.11/site-packages/airflow/example_dags/plugins/event_listener.py for tasks to queue
[2024-05-10T08:35:52.366+0200] {logging_mixin.py:188} INFO - [2024-05-10T08:35:52.365+0200] {dagbag.py:540} INFO - Filling up the DagBag from /home/munya/.local/lib/python3.11/site-packages/airflow/example_dags/plugins/event_listener.py
[2024-05-10T08:35:52.375+0200] {processor.py:842} WARNING - No viable dags retrieved from /home/munya/.local/lib/python3.11/site-packages/airflow/example_dags/plugins/event_listener.py
[2024-05-10T08:35:52.410+0200] {processor.py:183} INFO - Processing /home/munya/.local/lib/python3.11/site-packages/airflow/example_dags/plugins/event_listener.py took 0.065 seconds
[2024-05-10T08:36:52.552+0200] {processor.py:161} INFO - Started process (PID=338298) to work on /home/munya/.local/lib/python3.11/site-packages/airflow/example_dags/plugins/event_listener.py
[2024-05-10T08:36:52.554+0200] {processor.py:830} INFO - Processing file /home/munya/.local/lib/python3.11/site-packages/airflow/example_dags/plugins/event_listener.py for tasks to queue
[2024-05-10T08:36:52.556+0200] {logging_mixin.py:188} INFO - [2024-05-10T08:36:52.555+0200] {dagbag.py:540} INFO - Filling up the DagBag from /home/munya/.local/lib/python3.11/site-packages/airflow/example_dags/plugins/event_listener.py
[2024-05-10T08:36:52.561+0200] {processor.py:842} WARNING - No viable dags retrieved from /home/munya/.local/lib/python3.11/site-packages/airflow/example_dags/plugins/event_listener.py
[2024-05-10T08:36:52.585+0200] {processor.py:183} INFO - Processing /home/munya/.local/lib/python3.11/site-packages/airflow/example_dags/plugins/event_listener.py took 0.049 seconds
[2024-05-10T08:37:54.135+0200] {processor.py:161} INFO - Started process (PID=339240) to work on /home/munya/.local/lib/python3.11/site-packages/airflow/example_dags/plugins/event_listener.py
[2024-05-10T08:37:54.146+0200] {processor.py:830} INFO - Processing file /home/munya/.local/lib/python3.11/site-packages/airflow/example_dags/plugins/event_listener.py for tasks to queue
[2024-05-10T08:37:54.148+0200] {logging_mixin.py:188} INFO - [2024-05-10T08:37:54.147+0200] {dagbag.py:540} INFO - Filling up the DagBag from /home/munya/.local/lib/python3.11/site-packages/airflow/example_dags/plugins/event_listener.py
[2024-05-10T08:37:54.163+0200] {processor.py:842} WARNING - No viable dags retrieved from /home/munya/.local/lib/python3.11/site-packages/airflow/example_dags/plugins/event_listener.py
[2024-05-10T08:37:54.233+0200] {processor.py:183} INFO - Processing /home/munya/.local/lib/python3.11/site-packages/airflow/example_dags/plugins/event_listener.py took 0.139 seconds
[2024-05-10T08:39:03.591+0200] {processor.py:161} INFO - Started process (PID=340561) to work on /home/munya/.local/lib/python3.11/site-packages/airflow/example_dags/plugins/event_listener.py
[2024-05-10T08:39:03.599+0200] {processor.py:830} INFO - Processing file /home/munya/.local/lib/python3.11/site-packages/airflow/example_dags/plugins/event_listener.py for tasks to queue
[2024-05-10T08:39:03.603+0200] {logging_mixin.py:188} INFO - [2024-05-10T08:39:03.601+0200] {dagbag.py:540} INFO - Filling up the DagBag from /home/munya/.local/lib/python3.11/site-packages/airflow/example_dags/plugins/event_listener.py
[2024-05-10T08:39:03.614+0200] {processor.py:842} WARNING - No viable dags retrieved from /home/munya/.local/lib/python3.11/site-packages/airflow/example_dags/plugins/event_listener.py
[2024-05-10T08:39:03.694+0200] {processor.py:183} INFO - Processing /home/munya/.local/lib/python3.11/site-packages/airflow/example_dags/plugins/event_listener.py took 0.140 seconds
[2024-05-10T08:40:02.530+0200] {processor.py:161} INFO - Started process (PID=341465) to work on /home/munya/.local/lib/python3.11/site-packages/airflow/example_dags/plugins/event_listener.py
[2024-05-10T08:40:02.532+0200] {processor.py:830} INFO - Processing file /home/munya/.local/lib/python3.11/site-packages/airflow/example_dags/plugins/event_listener.py for tasks to queue
[2024-05-10T08:40:02.535+0200] {logging_mixin.py:188} INFO - [2024-05-10T08:40:02.534+0200] {dagbag.py:540} INFO - Filling up the DagBag from /home/munya/.local/lib/python3.11/site-packages/airflow/example_dags/plugins/event_listener.py
[2024-05-10T08:40:02.541+0200] {processor.py:842} WARNING - No viable dags retrieved from /home/munya/.local/lib/python3.11/site-packages/airflow/example_dags/plugins/event_listener.py
[2024-05-10T08:40:02.567+0200] {processor.py:183} INFO - Processing /home/munya/.local/lib/python3.11/site-packages/airflow/example_dags/plugins/event_listener.py took 0.058 seconds
[2024-05-10T08:40:54.896+0200] {processor.py:161} INFO - Started process (PID=342293) to work on /home/munya/.local/lib/python3.11/site-packages/airflow/example_dags/plugins/event_listener.py
[2024-05-10T08:40:54.898+0200] {processor.py:830} INFO - Processing file /home/munya/.local/lib/python3.11/site-packages/airflow/example_dags/plugins/event_listener.py for tasks to queue
[2024-05-10T08:40:54.901+0200] {logging_mixin.py:188} INFO - [2024-05-10T08:40:54.899+0200] {dagbag.py:540} INFO - Filling up the DagBag from /home/munya/.local/lib/python3.11/site-packages/airflow/example_dags/plugins/event_listener.py
[2024-05-10T08:40:54.907+0200] {processor.py:842} WARNING - No viable dags retrieved from /home/munya/.local/lib/python3.11/site-packages/airflow/example_dags/plugins/event_listener.py
[2024-05-10T08:40:54.934+0200] {processor.py:183} INFO - Processing /home/munya/.local/lib/python3.11/site-packages/airflow/example_dags/plugins/event_listener.py took 0.061 seconds
[2024-05-10T08:42:24.329+0200] {processor.py:161} INFO - Started process (PID=344165) to work on /home/munya/.local/lib/python3.11/site-packages/airflow/example_dags/plugins/event_listener.py
[2024-05-10T08:42:24.331+0200] {processor.py:830} INFO - Processing file /home/munya/.local/lib/python3.11/site-packages/airflow/example_dags/plugins/event_listener.py for tasks to queue
[2024-05-10T08:42:24.333+0200] {logging_mixin.py:188} INFO - [2024-05-10T08:42:24.332+0200] {dagbag.py:540} INFO - Filling up the DagBag from /home/munya/.local/lib/python3.11/site-packages/airflow/example_dags/plugins/event_listener.py
[2024-05-10T08:42:24.337+0200] {processor.py:842} WARNING - No viable dags retrieved from /home/munya/.local/lib/python3.11/site-packages/airflow/example_dags/plugins/event_listener.py
[2024-05-10T08:42:24.357+0200] {processor.py:183} INFO - Processing /home/munya/.local/lib/python3.11/site-packages/airflow/example_dags/plugins/event_listener.py took 0.040 seconds
[2024-05-10T15:03:46.833+0200] {processor.py:161} INFO - Started process (PID=14227) to work on /home/munya/.local/lib/python3.11/site-packages/airflow/example_dags/plugins/event_listener.py
[2024-05-10T15:03:46.834+0200] {processor.py:830} INFO - Processing file /home/munya/.local/lib/python3.11/site-packages/airflow/example_dags/plugins/event_listener.py for tasks to queue
[2024-05-10T15:03:46.836+0200] {logging_mixin.py:188} INFO - [2024-05-10T15:03:46.836+0200] {dagbag.py:540} INFO - Filling up the DagBag from /home/munya/.local/lib/python3.11/site-packages/airflow/example_dags/plugins/event_listener.py
[2024-05-10T15:03:46.838+0200] {processor.py:842} WARNING - No viable dags retrieved from /home/munya/.local/lib/python3.11/site-packages/airflow/example_dags/plugins/event_listener.py
[2024-05-10T15:03:46.847+0200] {processor.py:183} INFO - Processing /home/munya/.local/lib/python3.11/site-packages/airflow/example_dags/plugins/event_listener.py took 0.019 seconds
[2024-05-10T15:05:00.309+0200] {processor.py:161} INFO - Started process (PID=15742) to work on /home/munya/.local/lib/python3.11/site-packages/airflow/example_dags/plugins/event_listener.py
[2024-05-10T15:05:00.310+0200] {processor.py:830} INFO - Processing file /home/munya/.local/lib/python3.11/site-packages/airflow/example_dags/plugins/event_listener.py for tasks to queue
[2024-05-10T15:05:00.312+0200] {logging_mixin.py:188} INFO - [2024-05-10T15:05:00.312+0200] {dagbag.py:540} INFO - Filling up the DagBag from /home/munya/.local/lib/python3.11/site-packages/airflow/example_dags/plugins/event_listener.py
[2024-05-10T15:05:00.314+0200] {processor.py:842} WARNING - No viable dags retrieved from /home/munya/.local/lib/python3.11/site-packages/airflow/example_dags/plugins/event_listener.py
[2024-05-10T15:05:00.325+0200] {processor.py:183} INFO - Processing /home/munya/.local/lib/python3.11/site-packages/airflow/example_dags/plugins/event_listener.py took 0.022 seconds
[2024-05-10T15:06:13.594+0200] {processor.py:161} INFO - Started process (PID=17199) to work on /home/munya/.local/lib/python3.11/site-packages/airflow/example_dags/plugins/event_listener.py
[2024-05-10T15:06:13.595+0200] {processor.py:830} INFO - Processing file /home/munya/.local/lib/python3.11/site-packages/airflow/example_dags/plugins/event_listener.py for tasks to queue
[2024-05-10T15:06:13.597+0200] {logging_mixin.py:188} INFO - [2024-05-10T15:06:13.597+0200] {dagbag.py:540} INFO - Filling up the DagBag from /home/munya/.local/lib/python3.11/site-packages/airflow/example_dags/plugins/event_listener.py
[2024-05-10T15:06:13.599+0200] {processor.py:842} WARNING - No viable dags retrieved from /home/munya/.local/lib/python3.11/site-packages/airflow/example_dags/plugins/event_listener.py
[2024-05-10T15:06:13.611+0200] {processor.py:183} INFO - Processing /home/munya/.local/lib/python3.11/site-packages/airflow/example_dags/plugins/event_listener.py took 0.023 seconds
[2024-05-10T15:07:24.562+0200] {processor.py:161} INFO - Started process (PID=18753) to work on /home/munya/.local/lib/python3.11/site-packages/airflow/example_dags/plugins/event_listener.py
[2024-05-10T15:07:24.566+0200] {processor.py:830} INFO - Processing file /home/munya/.local/lib/python3.11/site-packages/airflow/example_dags/plugins/event_listener.py for tasks to queue
[2024-05-10T15:07:24.574+0200] {logging_mixin.py:188} INFO - [2024-05-10T15:07:24.572+0200] {dagbag.py:540} INFO - Filling up the DagBag from /home/munya/.local/lib/python3.11/site-packages/airflow/example_dags/plugins/event_listener.py
[2024-05-10T15:07:24.583+0200] {processor.py:842} WARNING - No viable dags retrieved from /home/munya/.local/lib/python3.11/site-packages/airflow/example_dags/plugins/event_listener.py
[2024-05-10T15:07:24.621+0200] {processor.py:183} INFO - Processing /home/munya/.local/lib/python3.11/site-packages/airflow/example_dags/plugins/event_listener.py took 0.084 seconds
[2024-05-10T15:08:37.526+0200] {processor.py:161} INFO - Started process (PID=20169) to work on /home/munya/.local/lib/python3.11/site-packages/airflow/example_dags/plugins/event_listener.py
[2024-05-10T15:08:37.528+0200] {processor.py:830} INFO - Processing file /home/munya/.local/lib/python3.11/site-packages/airflow/example_dags/plugins/event_listener.py for tasks to queue
[2024-05-10T15:08:37.531+0200] {logging_mixin.py:188} INFO - [2024-05-10T15:08:37.530+0200] {dagbag.py:540} INFO - Filling up the DagBag from /home/munya/.local/lib/python3.11/site-packages/airflow/example_dags/plugins/event_listener.py
[2024-05-10T15:08:37.535+0200] {processor.py:842} WARNING - No viable dags retrieved from /home/munya/.local/lib/python3.11/site-packages/airflow/example_dags/plugins/event_listener.py
[2024-05-10T15:08:37.551+0200] {processor.py:183} INFO - Processing /home/munya/.local/lib/python3.11/site-packages/airflow/example_dags/plugins/event_listener.py took 0.035 seconds
[2024-05-10T15:13:15.894+0200] {processor.py:161} INFO - Started process (PID=21593) to work on /home/munya/.local/lib/python3.11/site-packages/airflow/example_dags/plugins/event_listener.py
[2024-05-10T15:13:15.896+0200] {processor.py:830} INFO - Processing file /home/munya/.local/lib/python3.11/site-packages/airflow/example_dags/plugins/event_listener.py for tasks to queue
[2024-05-10T15:13:15.901+0200] {logging_mixin.py:188} INFO - [2024-05-10T15:13:15.900+0200] {dagbag.py:540} INFO - Filling up the DagBag from /home/munya/.local/lib/python3.11/site-packages/airflow/example_dags/plugins/event_listener.py
[2024-05-10T15:13:15.905+0200] {processor.py:842} WARNING - No viable dags retrieved from /home/munya/.local/lib/python3.11/site-packages/airflow/example_dags/plugins/event_listener.py
[2024-05-10T15:13:15.925+0200] {processor.py:183} INFO - Processing /home/munya/.local/lib/python3.11/site-packages/airflow/example_dags/plugins/event_listener.py took 0.044 seconds
[2024-05-10T15:14:15.472+0200] {processor.py:161} INFO - Started process (PID=23062) to work on /home/munya/.local/lib/python3.11/site-packages/airflow/example_dags/plugins/event_listener.py
[2024-05-10T15:14:15.475+0200] {processor.py:830} INFO - Processing file /home/munya/.local/lib/python3.11/site-packages/airflow/example_dags/plugins/event_listener.py for tasks to queue
[2024-05-10T15:14:15.482+0200] {logging_mixin.py:188} INFO - [2024-05-10T15:14:15.481+0200] {dagbag.py:540} INFO - Filling up the DagBag from /home/munya/.local/lib/python3.11/site-packages/airflow/example_dags/plugins/event_listener.py
[2024-05-10T15:14:15.490+0200] {processor.py:842} WARNING - No viable dags retrieved from /home/munya/.local/lib/python3.11/site-packages/airflow/example_dags/plugins/event_listener.py
[2024-05-10T15:14:15.528+0200] {processor.py:183} INFO - Processing /home/munya/.local/lib/python3.11/site-packages/airflow/example_dags/plugins/event_listener.py took 0.080 seconds
[2024-05-10T15:15:35.008+0200] {processor.py:161} INFO - Started process (PID=24667) to work on /home/munya/.local/lib/python3.11/site-packages/airflow/example_dags/plugins/event_listener.py
[2024-05-10T15:15:35.010+0200] {processor.py:830} INFO - Processing file /home/munya/.local/lib/python3.11/site-packages/airflow/example_dags/plugins/event_listener.py for tasks to queue
[2024-05-10T15:15:35.014+0200] {logging_mixin.py:188} INFO - [2024-05-10T15:15:35.014+0200] {dagbag.py:540} INFO - Filling up the DagBag from /home/munya/.local/lib/python3.11/site-packages/airflow/example_dags/plugins/event_listener.py
[2024-05-10T15:15:35.019+0200] {processor.py:842} WARNING - No viable dags retrieved from /home/munya/.local/lib/python3.11/site-packages/airflow/example_dags/plugins/event_listener.py
[2024-05-10T15:15:35.041+0200] {processor.py:183} INFO - Processing /home/munya/.local/lib/python3.11/site-packages/airflow/example_dags/plugins/event_listener.py took 0.047 seconds
[2024-05-10T15:16:53.043+0200] {processor.py:161} INFO - Started process (PID=26203) to work on /home/munya/.local/lib/python3.11/site-packages/airflow/example_dags/plugins/event_listener.py
[2024-05-10T15:16:53.045+0200] {processor.py:830} INFO - Processing file /home/munya/.local/lib/python3.11/site-packages/airflow/example_dags/plugins/event_listener.py for tasks to queue
[2024-05-10T15:16:53.048+0200] {logging_mixin.py:188} INFO - [2024-05-10T15:16:53.047+0200] {dagbag.py:540} INFO - Filling up the DagBag from /home/munya/.local/lib/python3.11/site-packages/airflow/example_dags/plugins/event_listener.py
[2024-05-10T15:16:53.051+0200] {processor.py:842} WARNING - No viable dags retrieved from /home/munya/.local/lib/python3.11/site-packages/airflow/example_dags/plugins/event_listener.py
[2024-05-10T15:16:53.069+0200] {processor.py:183} INFO - Processing /home/munya/.local/lib/python3.11/site-packages/airflow/example_dags/plugins/event_listener.py took 0.035 seconds
[2024-05-10T15:18:15.590+0200] {processor.py:161} INFO - Started process (PID=27844) to work on /home/munya/.local/lib/python3.11/site-packages/airflow/example_dags/plugins/event_listener.py
[2024-05-10T15:18:15.593+0200] {processor.py:830} INFO - Processing file /home/munya/.local/lib/python3.11/site-packages/airflow/example_dags/plugins/event_listener.py for tasks to queue
[2024-05-10T15:18:15.598+0200] {logging_mixin.py:188} INFO - [2024-05-10T15:18:15.597+0200] {dagbag.py:540} INFO - Filling up the DagBag from /home/munya/.local/lib/python3.11/site-packages/airflow/example_dags/plugins/event_listener.py
[2024-05-10T15:18:15.603+0200] {processor.py:842} WARNING - No viable dags retrieved from /home/munya/.local/lib/python3.11/site-packages/airflow/example_dags/plugins/event_listener.py
[2024-05-10T15:18:15.627+0200] {processor.py:183} INFO - Processing /home/munya/.local/lib/python3.11/site-packages/airflow/example_dags/plugins/event_listener.py took 0.052 seconds
[2024-05-10T15:19:37.278+0200] {processor.py:161} INFO - Started process (PID=29451) to work on /home/munya/.local/lib/python3.11/site-packages/airflow/example_dags/plugins/event_listener.py
[2024-05-10T15:19:37.280+0200] {processor.py:830} INFO - Processing file /home/munya/.local/lib/python3.11/site-packages/airflow/example_dags/plugins/event_listener.py for tasks to queue
[2024-05-10T15:19:37.284+0200] {logging_mixin.py:188} INFO - [2024-05-10T15:19:37.283+0200] {dagbag.py:540} INFO - Filling up the DagBag from /home/munya/.local/lib/python3.11/site-packages/airflow/example_dags/plugins/event_listener.py
[2024-05-10T15:19:37.289+0200] {processor.py:842} WARNING - No viable dags retrieved from /home/munya/.local/lib/python3.11/site-packages/airflow/example_dags/plugins/event_listener.py
[2024-05-10T15:19:37.312+0200] {processor.py:183} INFO - Processing /home/munya/.local/lib/python3.11/site-packages/airflow/example_dags/plugins/event_listener.py took 0.044 seconds
[2024-05-10T15:20:55.092+0200] {processor.py:161} INFO - Started process (PID=31005) to work on /home/munya/.local/lib/python3.11/site-packages/airflow/example_dags/plugins/event_listener.py
[2024-05-10T15:20:55.094+0200] {processor.py:830} INFO - Processing file /home/munya/.local/lib/python3.11/site-packages/airflow/example_dags/plugins/event_listener.py for tasks to queue
[2024-05-10T15:20:55.098+0200] {logging_mixin.py:188} INFO - [2024-05-10T15:20:55.097+0200] {dagbag.py:540} INFO - Filling up the DagBag from /home/munya/.local/lib/python3.11/site-packages/airflow/example_dags/plugins/event_listener.py
[2024-05-10T15:20:55.102+0200] {processor.py:842} WARNING - No viable dags retrieved from /home/munya/.local/lib/python3.11/site-packages/airflow/example_dags/plugins/event_listener.py
[2024-05-10T15:20:55.119+0200] {processor.py:183} INFO - Processing /home/munya/.local/lib/python3.11/site-packages/airflow/example_dags/plugins/event_listener.py took 0.039 seconds
[2024-05-10T15:22:15.113+0200] {processor.py:161} INFO - Started process (PID=32556) to work on /home/munya/.local/lib/python3.11/site-packages/airflow/example_dags/plugins/event_listener.py
[2024-05-10T15:22:15.114+0200] {processor.py:830} INFO - Processing file /home/munya/.local/lib/python3.11/site-packages/airflow/example_dags/plugins/event_listener.py for tasks to queue
[2024-05-10T15:22:15.118+0200] {logging_mixin.py:188} INFO - [2024-05-10T15:22:15.117+0200] {dagbag.py:540} INFO - Filling up the DagBag from /home/munya/.local/lib/python3.11/site-packages/airflow/example_dags/plugins/event_listener.py
[2024-05-10T15:22:15.121+0200] {processor.py:842} WARNING - No viable dags retrieved from /home/munya/.local/lib/python3.11/site-packages/airflow/example_dags/plugins/event_listener.py
[2024-05-10T15:22:15.139+0200] {processor.py:183} INFO - Processing /home/munya/.local/lib/python3.11/site-packages/airflow/example_dags/plugins/event_listener.py took 0.036 seconds
[2024-05-10T15:23:36.730+0200] {processor.py:161} INFO - Started process (PID=34192) to work on /home/munya/.local/lib/python3.11/site-packages/airflow/example_dags/plugins/event_listener.py
[2024-05-10T15:23:36.732+0200] {processor.py:830} INFO - Processing file /home/munya/.local/lib/python3.11/site-packages/airflow/example_dags/plugins/event_listener.py for tasks to queue
[2024-05-10T15:23:36.735+0200] {logging_mixin.py:188} INFO - [2024-05-10T15:23:36.735+0200] {dagbag.py:540} INFO - Filling up the DagBag from /home/munya/.local/lib/python3.11/site-packages/airflow/example_dags/plugins/event_listener.py
[2024-05-10T15:23:36.740+0200] {processor.py:842} WARNING - No viable dags retrieved from /home/munya/.local/lib/python3.11/site-packages/airflow/example_dags/plugins/event_listener.py
[2024-05-10T15:23:36.759+0200] {processor.py:183} INFO - Processing /home/munya/.local/lib/python3.11/site-packages/airflow/example_dags/plugins/event_listener.py took 0.039 seconds
[2024-05-10T15:24:54.401+0200] {processor.py:161} INFO - Started process (PID=35727) to work on /home/munya/.local/lib/python3.11/site-packages/airflow/example_dags/plugins/event_listener.py
[2024-05-10T15:24:54.402+0200] {processor.py:830} INFO - Processing file /home/munya/.local/lib/python3.11/site-packages/airflow/example_dags/plugins/event_listener.py for tasks to queue
[2024-05-10T15:24:54.405+0200] {logging_mixin.py:188} INFO - [2024-05-10T15:24:54.405+0200] {dagbag.py:540} INFO - Filling up the DagBag from /home/munya/.local/lib/python3.11/site-packages/airflow/example_dags/plugins/event_listener.py
[2024-05-10T15:24:54.409+0200] {processor.py:842} WARNING - No viable dags retrieved from /home/munya/.local/lib/python3.11/site-packages/airflow/example_dags/plugins/event_listener.py
[2024-05-10T15:24:54.424+0200] {processor.py:183} INFO - Processing /home/munya/.local/lib/python3.11/site-packages/airflow/example_dags/plugins/event_listener.py took 0.033 seconds
[2024-05-10T15:26:19.381+0200] {processor.py:161} INFO - Started process (PID=37426) to work on /home/munya/.local/lib/python3.11/site-packages/airflow/example_dags/plugins/event_listener.py
[2024-05-10T15:26:19.382+0200] {processor.py:830} INFO - Processing file /home/munya/.local/lib/python3.11/site-packages/airflow/example_dags/plugins/event_listener.py for tasks to queue
[2024-05-10T15:26:19.386+0200] {logging_mixin.py:188} INFO - [2024-05-10T15:26:19.386+0200] {dagbag.py:540} INFO - Filling up the DagBag from /home/munya/.local/lib/python3.11/site-packages/airflow/example_dags/plugins/event_listener.py
[2024-05-10T15:26:19.391+0200] {processor.py:842} WARNING - No viable dags retrieved from /home/munya/.local/lib/python3.11/site-packages/airflow/example_dags/plugins/event_listener.py
[2024-05-10T15:26:19.412+0200] {processor.py:183} INFO - Processing /home/munya/.local/lib/python3.11/site-packages/airflow/example_dags/plugins/event_listener.py took 0.044 seconds
[2024-05-10T15:27:42.124+0200] {processor.py:161} INFO - Started process (PID=39070) to work on /home/munya/.local/lib/python3.11/site-packages/airflow/example_dags/plugins/event_listener.py
[2024-05-10T15:27:42.125+0200] {processor.py:830} INFO - Processing file /home/munya/.local/lib/python3.11/site-packages/airflow/example_dags/plugins/event_listener.py for tasks to queue
[2024-05-10T15:27:42.129+0200] {logging_mixin.py:188} INFO - [2024-05-10T15:27:42.128+0200] {dagbag.py:540} INFO - Filling up the DagBag from /home/munya/.local/lib/python3.11/site-packages/airflow/example_dags/plugins/event_listener.py
[2024-05-10T15:27:42.133+0200] {processor.py:842} WARNING - No viable dags retrieved from /home/munya/.local/lib/python3.11/site-packages/airflow/example_dags/plugins/event_listener.py
[2024-05-10T15:27:42.151+0200] {processor.py:183} INFO - Processing /home/munya/.local/lib/python3.11/site-packages/airflow/example_dags/plugins/event_listener.py took 0.039 seconds
[2024-05-10T15:29:04.706+0200] {processor.py:161} INFO - Started process (PID=40706) to work on /home/munya/.local/lib/python3.11/site-packages/airflow/example_dags/plugins/event_listener.py
[2024-05-10T15:29:04.709+0200] {processor.py:830} INFO - Processing file /home/munya/.local/lib/python3.11/site-packages/airflow/example_dags/plugins/event_listener.py for tasks to queue
[2024-05-10T15:29:04.712+0200] {logging_mixin.py:188} INFO - [2024-05-10T15:29:04.712+0200] {dagbag.py:540} INFO - Filling up the DagBag from /home/munya/.local/lib/python3.11/site-packages/airflow/example_dags/plugins/event_listener.py
[2024-05-10T15:29:04.716+0200] {processor.py:842} WARNING - No viable dags retrieved from /home/munya/.local/lib/python3.11/site-packages/airflow/example_dags/plugins/event_listener.py
[2024-05-10T15:29:04.736+0200] {processor.py:183} INFO - Processing /home/munya/.local/lib/python3.11/site-packages/airflow/example_dags/plugins/event_listener.py took 0.041 seconds
[2024-05-10T15:30:27.427+0200] {processor.py:161} INFO - Started process (PID=42338) to work on /home/munya/.local/lib/python3.11/site-packages/airflow/example_dags/plugins/event_listener.py
[2024-05-10T15:30:27.429+0200] {processor.py:830} INFO - Processing file /home/munya/.local/lib/python3.11/site-packages/airflow/example_dags/plugins/event_listener.py for tasks to queue
[2024-05-10T15:30:27.433+0200] {logging_mixin.py:188} INFO - [2024-05-10T15:30:27.432+0200] {dagbag.py:540} INFO - Filling up the DagBag from /home/munya/.local/lib/python3.11/site-packages/airflow/example_dags/plugins/event_listener.py
[2024-05-10T15:30:27.437+0200] {processor.py:842} WARNING - No viable dags retrieved from /home/munya/.local/lib/python3.11/site-packages/airflow/example_dags/plugins/event_listener.py
[2024-05-10T15:30:27.455+0200] {processor.py:183} INFO - Processing /home/munya/.local/lib/python3.11/site-packages/airflow/example_dags/plugins/event_listener.py took 0.041 seconds
[2024-05-10T15:31:45.175+0200] {processor.py:161} INFO - Started process (PID=43900) to work on /home/munya/.local/lib/python3.11/site-packages/airflow/example_dags/plugins/event_listener.py
[2024-05-10T15:31:45.176+0200] {processor.py:830} INFO - Processing file /home/munya/.local/lib/python3.11/site-packages/airflow/example_dags/plugins/event_listener.py for tasks to queue
[2024-05-10T15:31:45.180+0200] {logging_mixin.py:188} INFO - [2024-05-10T15:31:45.179+0200] {dagbag.py:540} INFO - Filling up the DagBag from /home/munya/.local/lib/python3.11/site-packages/airflow/example_dags/plugins/event_listener.py
[2024-05-10T15:31:45.184+0200] {processor.py:842} WARNING - No viable dags retrieved from /home/munya/.local/lib/python3.11/site-packages/airflow/example_dags/plugins/event_listener.py
[2024-05-10T15:31:45.200+0200] {processor.py:183} INFO - Processing /home/munya/.local/lib/python3.11/site-packages/airflow/example_dags/plugins/event_listener.py took 0.037 seconds
[2024-05-10T15:33:02.793+0200] {processor.py:161} INFO - Started process (PID=45450) to work on /home/munya/.local/lib/python3.11/site-packages/airflow/example_dags/plugins/event_listener.py
[2024-05-10T15:33:02.794+0200] {processor.py:830} INFO - Processing file /home/munya/.local/lib/python3.11/site-packages/airflow/example_dags/plugins/event_listener.py for tasks to queue
[2024-05-10T15:33:02.798+0200] {logging_mixin.py:188} INFO - [2024-05-10T15:33:02.797+0200] {dagbag.py:540} INFO - Filling up the DagBag from /home/munya/.local/lib/python3.11/site-packages/airflow/example_dags/plugins/event_listener.py
[2024-05-10T15:33:02.802+0200] {processor.py:842} WARNING - No viable dags retrieved from /home/munya/.local/lib/python3.11/site-packages/airflow/example_dags/plugins/event_listener.py
[2024-05-10T15:33:02.820+0200] {processor.py:183} INFO - Processing /home/munya/.local/lib/python3.11/site-packages/airflow/example_dags/plugins/event_listener.py took 0.039 seconds
[2024-05-10T15:34:24.993+0200] {processor.py:161} INFO - Started process (PID=47070) to work on /home/munya/.local/lib/python3.11/site-packages/airflow/example_dags/plugins/event_listener.py
[2024-05-10T15:34:24.994+0200] {processor.py:830} INFO - Processing file /home/munya/.local/lib/python3.11/site-packages/airflow/example_dags/plugins/event_listener.py for tasks to queue
[2024-05-10T15:34:24.998+0200] {logging_mixin.py:188} INFO - [2024-05-10T15:34:24.997+0200] {dagbag.py:540} INFO - Filling up the DagBag from /home/munya/.local/lib/python3.11/site-packages/airflow/example_dags/plugins/event_listener.py
[2024-05-10T15:34:25.002+0200] {processor.py:842} WARNING - No viable dags retrieved from /home/munya/.local/lib/python3.11/site-packages/airflow/example_dags/plugins/event_listener.py
[2024-05-10T15:34:25.022+0200] {processor.py:183} INFO - Processing /home/munya/.local/lib/python3.11/site-packages/airflow/example_dags/plugins/event_listener.py took 0.039 seconds
[2024-05-10T15:35:44.037+0200] {processor.py:161} INFO - Started process (PID=48647) to work on /home/munya/.local/lib/python3.11/site-packages/airflow/example_dags/plugins/event_listener.py
[2024-05-10T15:35:44.038+0200] {processor.py:830} INFO - Processing file /home/munya/.local/lib/python3.11/site-packages/airflow/example_dags/plugins/event_listener.py for tasks to queue
[2024-05-10T15:35:44.042+0200] {logging_mixin.py:188} INFO - [2024-05-10T15:35:44.041+0200] {dagbag.py:540} INFO - Filling up the DagBag from /home/munya/.local/lib/python3.11/site-packages/airflow/example_dags/plugins/event_listener.py
[2024-05-10T15:35:44.046+0200] {processor.py:842} WARNING - No viable dags retrieved from /home/munya/.local/lib/python3.11/site-packages/airflow/example_dags/plugins/event_listener.py
[2024-05-10T15:35:44.064+0200] {processor.py:183} INFO - Processing /home/munya/.local/lib/python3.11/site-packages/airflow/example_dags/plugins/event_listener.py took 0.040 seconds
[2024-05-10T15:37:06.955+0200] {processor.py:161} INFO - Started process (PID=50299) to work on /home/munya/.local/lib/python3.11/site-packages/airflow/example_dags/plugins/event_listener.py
[2024-05-10T15:37:06.957+0200] {processor.py:830} INFO - Processing file /home/munya/.local/lib/python3.11/site-packages/airflow/example_dags/plugins/event_listener.py for tasks to queue
[2024-05-10T15:37:06.960+0200] {logging_mixin.py:188} INFO - [2024-05-10T15:37:06.959+0200] {dagbag.py:540} INFO - Filling up the DagBag from /home/munya/.local/lib/python3.11/site-packages/airflow/example_dags/plugins/event_listener.py
[2024-05-10T15:37:06.965+0200] {processor.py:842} WARNING - No viable dags retrieved from /home/munya/.local/lib/python3.11/site-packages/airflow/example_dags/plugins/event_listener.py
[2024-05-10T15:37:06.985+0200] {processor.py:183} INFO - Processing /home/munya/.local/lib/python3.11/site-packages/airflow/example_dags/plugins/event_listener.py took 0.044 seconds
[2024-05-10T15:38:35.949+0200] {processor.py:161} INFO - Started process (PID=52033) to work on /home/munya/.local/lib/python3.11/site-packages/airflow/example_dags/plugins/event_listener.py
[2024-05-10T15:38:35.952+0200] {processor.py:830} INFO - Processing file /home/munya/.local/lib/python3.11/site-packages/airflow/example_dags/plugins/event_listener.py for tasks to queue
[2024-05-10T15:38:35.961+0200] {logging_mixin.py:188} INFO - [2024-05-10T15:38:35.960+0200] {dagbag.py:540} INFO - Filling up the DagBag from /home/munya/.local/lib/python3.11/site-packages/airflow/example_dags/plugins/event_listener.py
[2024-05-10T15:38:35.968+0200] {processor.py:842} WARNING - No viable dags retrieved from /home/munya/.local/lib/python3.11/site-packages/airflow/example_dags/plugins/event_listener.py
[2024-05-10T15:38:36.001+0200] {processor.py:183} INFO - Processing /home/munya/.local/lib/python3.11/site-packages/airflow/example_dags/plugins/event_listener.py took 0.078 seconds
[2024-05-10T15:40:11.781+0200] {processor.py:161} INFO - Started process (PID=53952) to work on /home/munya/.local/lib/python3.11/site-packages/airflow/example_dags/plugins/event_listener.py
[2024-05-10T15:40:11.785+0200] {processor.py:830} INFO - Processing file /home/munya/.local/lib/python3.11/site-packages/airflow/example_dags/plugins/event_listener.py for tasks to queue
[2024-05-10T15:40:11.791+0200] {logging_mixin.py:188} INFO - [2024-05-10T15:40:11.790+0200] {dagbag.py:540} INFO - Filling up the DagBag from /home/munya/.local/lib/python3.11/site-packages/airflow/example_dags/plugins/event_listener.py
[2024-05-10T15:40:11.807+0200] {processor.py:842} WARNING - No viable dags retrieved from /home/munya/.local/lib/python3.11/site-packages/airflow/example_dags/plugins/event_listener.py
[2024-05-10T15:40:11.847+0200] {processor.py:183} INFO - Processing /home/munya/.local/lib/python3.11/site-packages/airflow/example_dags/plugins/event_listener.py took 0.098 seconds
[2024-05-10T15:41:34.049+0200] {processor.py:161} INFO - Started process (PID=55591) to work on /home/munya/.local/lib/python3.11/site-packages/airflow/example_dags/plugins/event_listener.py
[2024-05-10T15:41:34.052+0200] {processor.py:830} INFO - Processing file /home/munya/.local/lib/python3.11/site-packages/airflow/example_dags/plugins/event_listener.py for tasks to queue
[2024-05-10T15:41:34.060+0200] {logging_mixin.py:188} INFO - [2024-05-10T15:41:34.056+0200] {dagbag.py:540} INFO - Filling up the DagBag from /home/munya/.local/lib/python3.11/site-packages/airflow/example_dags/plugins/event_listener.py
[2024-05-10T15:41:34.069+0200] {processor.py:842} WARNING - No viable dags retrieved from /home/munya/.local/lib/python3.11/site-packages/airflow/example_dags/plugins/event_listener.py
[2024-05-10T15:41:34.097+0200] {processor.py:183} INFO - Processing /home/munya/.local/lib/python3.11/site-packages/airflow/example_dags/plugins/event_listener.py took 0.066 seconds
[2024-05-10T15:43:04.938+0200] {processor.py:161} INFO - Started process (PID=57399) to work on /home/munya/.local/lib/python3.11/site-packages/airflow/example_dags/plugins/event_listener.py
[2024-05-10T15:43:04.939+0200] {processor.py:830} INFO - Processing file /home/munya/.local/lib/python3.11/site-packages/airflow/example_dags/plugins/event_listener.py for tasks to queue
[2024-05-10T15:43:04.942+0200] {logging_mixin.py:188} INFO - [2024-05-10T15:43:04.941+0200] {dagbag.py:540} INFO - Filling up the DagBag from /home/munya/.local/lib/python3.11/site-packages/airflow/example_dags/plugins/event_listener.py
[2024-05-10T15:43:04.946+0200] {processor.py:842} WARNING - No viable dags retrieved from /home/munya/.local/lib/python3.11/site-packages/airflow/example_dags/plugins/event_listener.py
[2024-05-10T15:43:04.963+0200] {processor.py:183} INFO - Processing /home/munya/.local/lib/python3.11/site-packages/airflow/example_dags/plugins/event_listener.py took 0.035 seconds
[2024-05-10T15:44:20.770+0200] {processor.py:161} INFO - Started process (PID=58925) to work on /home/munya/.local/lib/python3.11/site-packages/airflow/example_dags/plugins/event_listener.py
[2024-05-10T15:44:20.773+0200] {processor.py:830} INFO - Processing file /home/munya/.local/lib/python3.11/site-packages/airflow/example_dags/plugins/event_listener.py for tasks to queue
[2024-05-10T15:44:20.781+0200] {logging_mixin.py:188} INFO - [2024-05-10T15:44:20.780+0200] {dagbag.py:540} INFO - Filling up the DagBag from /home/munya/.local/lib/python3.11/site-packages/airflow/example_dags/plugins/event_listener.py
[2024-05-10T15:44:20.790+0200] {processor.py:842} WARNING - No viable dags retrieved from /home/munya/.local/lib/python3.11/site-packages/airflow/example_dags/plugins/event_listener.py
[2024-05-10T15:44:20.825+0200] {processor.py:183} INFO - Processing /home/munya/.local/lib/python3.11/site-packages/airflow/example_dags/plugins/event_listener.py took 0.080 seconds
[2024-05-10T15:45:38.187+0200] {processor.py:161} INFO - Started process (PID=60459) to work on /home/munya/.local/lib/python3.11/site-packages/airflow/example_dags/plugins/event_listener.py
[2024-05-10T15:45:38.191+0200] {processor.py:830} INFO - Processing file /home/munya/.local/lib/python3.11/site-packages/airflow/example_dags/plugins/event_listener.py for tasks to queue
[2024-05-10T15:45:38.201+0200] {logging_mixin.py:188} INFO - [2024-05-10T15:45:38.199+0200] {dagbag.py:540} INFO - Filling up the DagBag from /home/munya/.local/lib/python3.11/site-packages/airflow/example_dags/plugins/event_listener.py
[2024-05-10T15:45:38.213+0200] {processor.py:842} WARNING - No viable dags retrieved from /home/munya/.local/lib/python3.11/site-packages/airflow/example_dags/plugins/event_listener.py
[2024-05-10T15:45:38.265+0200] {processor.py:183} INFO - Processing /home/munya/.local/lib/python3.11/site-packages/airflow/example_dags/plugins/event_listener.py took 0.113 seconds
[2024-05-10T15:46:59.313+0200] {processor.py:161} INFO - Started process (PID=62090) to work on /home/munya/.local/lib/python3.11/site-packages/airflow/example_dags/plugins/event_listener.py
[2024-05-10T15:46:59.317+0200] {processor.py:830} INFO - Processing file /home/munya/.local/lib/python3.11/site-packages/airflow/example_dags/plugins/event_listener.py for tasks to queue
[2024-05-10T15:46:59.322+0200] {logging_mixin.py:188} INFO - [2024-05-10T15:46:59.321+0200] {dagbag.py:540} INFO - Filling up the DagBag from /home/munya/.local/lib/python3.11/site-packages/airflow/example_dags/plugins/event_listener.py
[2024-05-10T15:46:59.331+0200] {processor.py:842} WARNING - No viable dags retrieved from /home/munya/.local/lib/python3.11/site-packages/airflow/example_dags/plugins/event_listener.py
[2024-05-10T15:46:59.365+0200] {processor.py:183} INFO - Processing /home/munya/.local/lib/python3.11/site-packages/airflow/example_dags/plugins/event_listener.py took 0.073 seconds
[2024-05-10T15:48:18.766+0200] {processor.py:161} INFO - Started process (PID=63671) to work on /home/munya/.local/lib/python3.11/site-packages/airflow/example_dags/plugins/event_listener.py
[2024-05-10T15:48:18.768+0200] {processor.py:830} INFO - Processing file /home/munya/.local/lib/python3.11/site-packages/airflow/example_dags/plugins/event_listener.py for tasks to queue
[2024-05-10T15:48:18.773+0200] {logging_mixin.py:188} INFO - [2024-05-10T15:48:18.772+0200] {dagbag.py:540} INFO - Filling up the DagBag from /home/munya/.local/lib/python3.11/site-packages/airflow/example_dags/plugins/event_listener.py
[2024-05-10T15:48:18.778+0200] {processor.py:842} WARNING - No viable dags retrieved from /home/munya/.local/lib/python3.11/site-packages/airflow/example_dags/plugins/event_listener.py
[2024-05-10T15:48:18.802+0200] {processor.py:183} INFO - Processing /home/munya/.local/lib/python3.11/site-packages/airflow/example_dags/plugins/event_listener.py took 0.050 seconds
[2024-05-10T15:49:42.494+0200] {processor.py:161} INFO - Started process (PID=65325) to work on /home/munya/.local/lib/python3.11/site-packages/airflow/example_dags/plugins/event_listener.py
[2024-05-10T15:49:42.496+0200] {processor.py:830} INFO - Processing file /home/munya/.local/lib/python3.11/site-packages/airflow/example_dags/plugins/event_listener.py for tasks to queue
[2024-05-10T15:49:42.499+0200] {logging_mixin.py:188} INFO - [2024-05-10T15:49:42.498+0200] {dagbag.py:540} INFO - Filling up the DagBag from /home/munya/.local/lib/python3.11/site-packages/airflow/example_dags/plugins/event_listener.py
[2024-05-10T15:49:42.503+0200] {processor.py:842} WARNING - No viable dags retrieved from /home/munya/.local/lib/python3.11/site-packages/airflow/example_dags/plugins/event_listener.py
[2024-05-10T15:49:42.521+0200] {processor.py:183} INFO - Processing /home/munya/.local/lib/python3.11/site-packages/airflow/example_dags/plugins/event_listener.py took 0.039 seconds
[2024-05-10T15:50:58.964+0200] {processor.py:161} INFO - Started process (PID=66871) to work on /home/munya/.local/lib/python3.11/site-packages/airflow/example_dags/plugins/event_listener.py
[2024-05-10T15:50:58.967+0200] {processor.py:830} INFO - Processing file /home/munya/.local/lib/python3.11/site-packages/airflow/example_dags/plugins/event_listener.py for tasks to queue
[2024-05-10T15:50:58.972+0200] {logging_mixin.py:188} INFO - [2024-05-10T15:50:58.971+0200] {dagbag.py:540} INFO - Filling up the DagBag from /home/munya/.local/lib/python3.11/site-packages/airflow/example_dags/plugins/event_listener.py
[2024-05-10T15:50:58.980+0200] {processor.py:842} WARNING - No viable dags retrieved from /home/munya/.local/lib/python3.11/site-packages/airflow/example_dags/plugins/event_listener.py
[2024-05-10T15:50:59.011+0200] {processor.py:183} INFO - Processing /home/munya/.local/lib/python3.11/site-packages/airflow/example_dags/plugins/event_listener.py took 0.066 seconds
[2024-05-10T15:52:19.918+0200] {processor.py:161} INFO - Started process (PID=68464) to work on /home/munya/.local/lib/python3.11/site-packages/airflow/example_dags/plugins/event_listener.py
[2024-05-10T15:52:19.921+0200] {processor.py:830} INFO - Processing file /home/munya/.local/lib/python3.11/site-packages/airflow/example_dags/plugins/event_listener.py for tasks to queue
[2024-05-10T15:52:19.928+0200] {logging_mixin.py:188} INFO - [2024-05-10T15:52:19.927+0200] {dagbag.py:540} INFO - Filling up the DagBag from /home/munya/.local/lib/python3.11/site-packages/airflow/example_dags/plugins/event_listener.py
[2024-05-10T15:52:19.936+0200] {processor.py:842} WARNING - No viable dags retrieved from /home/munya/.local/lib/python3.11/site-packages/airflow/example_dags/plugins/event_listener.py
[2024-05-10T15:52:19.975+0200] {processor.py:183} INFO - Processing /home/munya/.local/lib/python3.11/site-packages/airflow/example_dags/plugins/event_listener.py took 0.079 seconds
[2024-05-10T15:53:38.048+0200] {processor.py:161} INFO - Started process (PID=69995) to work on /home/munya/.local/lib/python3.11/site-packages/airflow/example_dags/plugins/event_listener.py
[2024-05-10T15:53:38.050+0200] {processor.py:830} INFO - Processing file /home/munya/.local/lib/python3.11/site-packages/airflow/example_dags/plugins/event_listener.py for tasks to queue
[2024-05-10T15:53:38.054+0200] {logging_mixin.py:188} INFO - [2024-05-10T15:53:38.053+0200] {dagbag.py:540} INFO - Filling up the DagBag from /home/munya/.local/lib/python3.11/site-packages/airflow/example_dags/plugins/event_listener.py
[2024-05-10T15:53:38.059+0200] {processor.py:842} WARNING - No viable dags retrieved from /home/munya/.local/lib/python3.11/site-packages/airflow/example_dags/plugins/event_listener.py
[2024-05-10T15:53:38.083+0200] {processor.py:183} INFO - Processing /home/munya/.local/lib/python3.11/site-packages/airflow/example_dags/plugins/event_listener.py took 0.050 seconds
[2024-05-10T15:54:54.541+0200] {processor.py:161} INFO - Started process (PID=71522) to work on /home/munya/.local/lib/python3.11/site-packages/airflow/example_dags/plugins/event_listener.py
[2024-05-10T15:54:54.543+0200] {processor.py:830} INFO - Processing file /home/munya/.local/lib/python3.11/site-packages/airflow/example_dags/plugins/event_listener.py for tasks to queue
[2024-05-10T15:54:54.547+0200] {logging_mixin.py:188} INFO - [2024-05-10T15:54:54.546+0200] {dagbag.py:540} INFO - Filling up the DagBag from /home/munya/.local/lib/python3.11/site-packages/airflow/example_dags/plugins/event_listener.py
[2024-05-10T15:54:54.552+0200] {processor.py:842} WARNING - No viable dags retrieved from /home/munya/.local/lib/python3.11/site-packages/airflow/example_dags/plugins/event_listener.py
[2024-05-10T15:54:54.574+0200] {processor.py:183} INFO - Processing /home/munya/.local/lib/python3.11/site-packages/airflow/example_dags/plugins/event_listener.py took 0.046 seconds
[2024-05-10T15:56:15.057+0200] {processor.py:161} INFO - Started process (PID=73109) to work on /home/munya/.local/lib/python3.11/site-packages/airflow/example_dags/plugins/event_listener.py
[2024-05-10T15:56:15.058+0200] {processor.py:830} INFO - Processing file /home/munya/.local/lib/python3.11/site-packages/airflow/example_dags/plugins/event_listener.py for tasks to queue
[2024-05-10T15:56:15.062+0200] {logging_mixin.py:188} INFO - [2024-05-10T15:56:15.061+0200] {dagbag.py:540} INFO - Filling up the DagBag from /home/munya/.local/lib/python3.11/site-packages/airflow/example_dags/plugins/event_listener.py
[2024-05-10T15:56:15.067+0200] {processor.py:842} WARNING - No viable dags retrieved from /home/munya/.local/lib/python3.11/site-packages/airflow/example_dags/plugins/event_listener.py
[2024-05-10T15:56:15.084+0200] {processor.py:183} INFO - Processing /home/munya/.local/lib/python3.11/site-packages/airflow/example_dags/plugins/event_listener.py took 0.039 seconds
[2024-05-10T15:57:35.650+0200] {processor.py:161} INFO - Started process (PID=74706) to work on /home/munya/.local/lib/python3.11/site-packages/airflow/example_dags/plugins/event_listener.py
[2024-05-10T15:57:35.652+0200] {processor.py:830} INFO - Processing file /home/munya/.local/lib/python3.11/site-packages/airflow/example_dags/plugins/event_listener.py for tasks to queue
[2024-05-10T15:57:35.655+0200] {logging_mixin.py:188} INFO - [2024-05-10T15:57:35.654+0200] {dagbag.py:540} INFO - Filling up the DagBag from /home/munya/.local/lib/python3.11/site-packages/airflow/example_dags/plugins/event_listener.py
[2024-05-10T15:57:35.659+0200] {processor.py:842} WARNING - No viable dags retrieved from /home/munya/.local/lib/python3.11/site-packages/airflow/example_dags/plugins/event_listener.py
[2024-05-10T15:57:35.677+0200] {processor.py:183} INFO - Processing /home/munya/.local/lib/python3.11/site-packages/airflow/example_dags/plugins/event_listener.py took 0.039 seconds
[2024-05-10T15:58:50.677+0200] {processor.py:161} INFO - Started process (PID=76188) to work on /home/munya/.local/lib/python3.11/site-packages/airflow/example_dags/plugins/event_listener.py
[2024-05-10T15:58:50.678+0200] {processor.py:830} INFO - Processing file /home/munya/.local/lib/python3.11/site-packages/airflow/example_dags/plugins/event_listener.py for tasks to queue
[2024-05-10T15:58:50.682+0200] {logging_mixin.py:188} INFO - [2024-05-10T15:58:50.682+0200] {dagbag.py:540} INFO - Filling up the DagBag from /home/munya/.local/lib/python3.11/site-packages/airflow/example_dags/plugins/event_listener.py
[2024-05-10T15:58:50.686+0200] {processor.py:842} WARNING - No viable dags retrieved from /home/munya/.local/lib/python3.11/site-packages/airflow/example_dags/plugins/event_listener.py
[2024-05-10T15:58:50.704+0200] {processor.py:183} INFO - Processing /home/munya/.local/lib/python3.11/site-packages/airflow/example_dags/plugins/event_listener.py took 0.038 seconds
[2024-05-10T16:00:39.978+0200] {processor.py:161} INFO - Started process (PID=78358) to work on /home/munya/.local/lib/python3.11/site-packages/airflow/example_dags/plugins/event_listener.py
[2024-05-10T16:00:39.981+0200] {processor.py:830} INFO - Processing file /home/munya/.local/lib/python3.11/site-packages/airflow/example_dags/plugins/event_listener.py for tasks to queue
[2024-05-10T16:00:39.988+0200] {logging_mixin.py:188} INFO - [2024-05-10T16:00:39.986+0200] {dagbag.py:540} INFO - Filling up the DagBag from /home/munya/.local/lib/python3.11/site-packages/airflow/example_dags/plugins/event_listener.py
[2024-05-10T16:00:39.996+0200] {processor.py:842} WARNING - No viable dags retrieved from /home/munya/.local/lib/python3.11/site-packages/airflow/example_dags/plugins/event_listener.py
[2024-05-10T16:00:40.045+0200] {processor.py:183} INFO - Processing /home/munya/.local/lib/python3.11/site-packages/airflow/example_dags/plugins/event_listener.py took 0.088 seconds
[2024-05-10T16:02:00.825+0200] {processor.py:161} INFO - Started process (PID=79974) to work on /home/munya/.local/lib/python3.11/site-packages/airflow/example_dags/plugins/event_listener.py
[2024-05-10T16:02:00.830+0200] {processor.py:830} INFO - Processing file /home/munya/.local/lib/python3.11/site-packages/airflow/example_dags/plugins/event_listener.py for tasks to queue
[2024-05-10T16:02:00.839+0200] {logging_mixin.py:188} INFO - [2024-05-10T16:02:00.837+0200] {dagbag.py:540} INFO - Filling up the DagBag from /home/munya/.local/lib/python3.11/site-packages/airflow/example_dags/plugins/event_listener.py
[2024-05-10T16:02:00.851+0200] {processor.py:842} WARNING - No viable dags retrieved from /home/munya/.local/lib/python3.11/site-packages/airflow/example_dags/plugins/event_listener.py
[2024-05-10T16:02:00.900+0200] {processor.py:183} INFO - Processing /home/munya/.local/lib/python3.11/site-packages/airflow/example_dags/plugins/event_listener.py took 0.102 seconds
[2024-05-10T16:03:23.941+0200] {processor.py:161} INFO - Started process (PID=81617) to work on /home/munya/.local/lib/python3.11/site-packages/airflow/example_dags/plugins/event_listener.py
[2024-05-10T16:03:23.942+0200] {processor.py:830} INFO - Processing file /home/munya/.local/lib/python3.11/site-packages/airflow/example_dags/plugins/event_listener.py for tasks to queue
[2024-05-10T16:03:23.946+0200] {logging_mixin.py:188} INFO - [2024-05-10T16:03:23.945+0200] {dagbag.py:540} INFO - Filling up the DagBag from /home/munya/.local/lib/python3.11/site-packages/airflow/example_dags/plugins/event_listener.py
[2024-05-10T16:03:23.949+0200] {processor.py:842} WARNING - No viable dags retrieved from /home/munya/.local/lib/python3.11/site-packages/airflow/example_dags/plugins/event_listener.py
[2024-05-10T16:03:23.966+0200] {processor.py:183} INFO - Processing /home/munya/.local/lib/python3.11/site-packages/airflow/example_dags/plugins/event_listener.py took 0.035 seconds
[2024-05-10T16:04:43.515+0200] {processor.py:161} INFO - Started process (PID=83206) to work on /home/munya/.local/lib/python3.11/site-packages/airflow/example_dags/plugins/event_listener.py
[2024-05-10T16:04:43.517+0200] {processor.py:830} INFO - Processing file /home/munya/.local/lib/python3.11/site-packages/airflow/example_dags/plugins/event_listener.py for tasks to queue
[2024-05-10T16:04:43.520+0200] {logging_mixin.py:188} INFO - [2024-05-10T16:04:43.519+0200] {dagbag.py:540} INFO - Filling up the DagBag from /home/munya/.local/lib/python3.11/site-packages/airflow/example_dags/plugins/event_listener.py
[2024-05-10T16:04:43.524+0200] {processor.py:842} WARNING - No viable dags retrieved from /home/munya/.local/lib/python3.11/site-packages/airflow/example_dags/plugins/event_listener.py
[2024-05-10T16:04:43.542+0200] {processor.py:183} INFO - Processing /home/munya/.local/lib/python3.11/site-packages/airflow/example_dags/plugins/event_listener.py took 0.038 seconds
[2024-05-10T16:06:04.397+0200] {processor.py:161} INFO - Started process (PID=84803) to work on /home/munya/.local/lib/python3.11/site-packages/airflow/example_dags/plugins/event_listener.py
[2024-05-10T16:06:04.398+0200] {processor.py:830} INFO - Processing file /home/munya/.local/lib/python3.11/site-packages/airflow/example_dags/plugins/event_listener.py for tasks to queue
[2024-05-10T16:06:04.403+0200] {logging_mixin.py:188} INFO - [2024-05-10T16:06:04.402+0200] {dagbag.py:540} INFO - Filling up the DagBag from /home/munya/.local/lib/python3.11/site-packages/airflow/example_dags/plugins/event_listener.py
[2024-05-10T16:06:04.408+0200] {processor.py:842} WARNING - No viable dags retrieved from /home/munya/.local/lib/python3.11/site-packages/airflow/example_dags/plugins/event_listener.py
[2024-05-10T16:06:04.428+0200] {processor.py:183} INFO - Processing /home/munya/.local/lib/python3.11/site-packages/airflow/example_dags/plugins/event_listener.py took 0.044 seconds
[2024-05-10T16:07:25.969+0200] {processor.py:161} INFO - Started process (PID=86399) to work on /home/munya/.local/lib/python3.11/site-packages/airflow/example_dags/plugins/event_listener.py
[2024-05-10T16:07:25.973+0200] {processor.py:830} INFO - Processing file /home/munya/.local/lib/python3.11/site-packages/airflow/example_dags/plugins/event_listener.py for tasks to queue
[2024-05-10T16:07:25.980+0200] {logging_mixin.py:188} INFO - [2024-05-10T16:07:25.978+0200] {dagbag.py:540} INFO - Filling up the DagBag from /home/munya/.local/lib/python3.11/site-packages/airflow/example_dags/plugins/event_listener.py
[2024-05-10T16:07:25.989+0200] {processor.py:842} WARNING - No viable dags retrieved from /home/munya/.local/lib/python3.11/site-packages/airflow/example_dags/plugins/event_listener.py
[2024-05-10T16:07:26.035+0200] {processor.py:183} INFO - Processing /home/munya/.local/lib/python3.11/site-packages/airflow/example_dags/plugins/event_listener.py took 0.089 seconds
[2024-05-10T16:08:49.718+0200] {processor.py:161} INFO - Started process (PID=88062) to work on /home/munya/.local/lib/python3.11/site-packages/airflow/example_dags/plugins/event_listener.py
[2024-05-10T16:08:49.720+0200] {processor.py:830} INFO - Processing file /home/munya/.local/lib/python3.11/site-packages/airflow/example_dags/plugins/event_listener.py for tasks to queue
[2024-05-10T16:08:49.723+0200] {logging_mixin.py:188} INFO - [2024-05-10T16:08:49.722+0200] {dagbag.py:540} INFO - Filling up the DagBag from /home/munya/.local/lib/python3.11/site-packages/airflow/example_dags/plugins/event_listener.py
[2024-05-10T16:08:49.727+0200] {processor.py:842} WARNING - No viable dags retrieved from /home/munya/.local/lib/python3.11/site-packages/airflow/example_dags/plugins/event_listener.py
[2024-05-10T16:08:49.744+0200] {processor.py:183} INFO - Processing /home/munya/.local/lib/python3.11/site-packages/airflow/example_dags/plugins/event_listener.py took 0.036 seconds
[2024-05-10T16:10:11.521+0200] {processor.py:161} INFO - Started process (PID=89759) to work on /home/munya/.local/lib/python3.11/site-packages/airflow/example_dags/plugins/event_listener.py
[2024-05-10T16:10:11.523+0200] {processor.py:830} INFO - Processing file /home/munya/.local/lib/python3.11/site-packages/airflow/example_dags/plugins/event_listener.py for tasks to queue
[2024-05-10T16:10:11.527+0200] {logging_mixin.py:188} INFO - [2024-05-10T16:10:11.526+0200] {dagbag.py:540} INFO - Filling up the DagBag from /home/munya/.local/lib/python3.11/site-packages/airflow/example_dags/plugins/event_listener.py
[2024-05-10T16:10:11.532+0200] {processor.py:842} WARNING - No viable dags retrieved from /home/munya/.local/lib/python3.11/site-packages/airflow/example_dags/plugins/event_listener.py
[2024-05-10T16:10:11.551+0200] {processor.py:183} INFO - Processing /home/munya/.local/lib/python3.11/site-packages/airflow/example_dags/plugins/event_listener.py took 0.043 seconds
[2024-05-10T16:11:31.809+0200] {processor.py:161} INFO - Started process (PID=91370) to work on /home/munya/.local/lib/python3.11/site-packages/airflow/example_dags/plugins/event_listener.py
[2024-05-10T16:11:31.811+0200] {processor.py:830} INFO - Processing file /home/munya/.local/lib/python3.11/site-packages/airflow/example_dags/plugins/event_listener.py for tasks to queue
[2024-05-10T16:11:31.814+0200] {logging_mixin.py:188} INFO - [2024-05-10T16:11:31.814+0200] {dagbag.py:540} INFO - Filling up the DagBag from /home/munya/.local/lib/python3.11/site-packages/airflow/example_dags/plugins/event_listener.py
[2024-05-10T16:11:31.820+0200] {processor.py:842} WARNING - No viable dags retrieved from /home/munya/.local/lib/python3.11/site-packages/airflow/example_dags/plugins/event_listener.py
[2024-05-10T16:11:31.839+0200] {processor.py:183} INFO - Processing /home/munya/.local/lib/python3.11/site-packages/airflow/example_dags/plugins/event_listener.py took 0.042 seconds
[2024-05-10T16:12:48.839+0200] {processor.py:161} INFO - Started process (PID=92903) to work on /home/munya/.local/lib/python3.11/site-packages/airflow/example_dags/plugins/event_listener.py
[2024-05-10T16:12:48.841+0200] {processor.py:830} INFO - Processing file /home/munya/.local/lib/python3.11/site-packages/airflow/example_dags/plugins/event_listener.py for tasks to queue
[2024-05-10T16:12:48.845+0200] {logging_mixin.py:188} INFO - [2024-05-10T16:12:48.844+0200] {dagbag.py:540} INFO - Filling up the DagBag from /home/munya/.local/lib/python3.11/site-packages/airflow/example_dags/plugins/event_listener.py
[2024-05-10T16:12:48.849+0200] {processor.py:842} WARNING - No viable dags retrieved from /home/munya/.local/lib/python3.11/site-packages/airflow/example_dags/plugins/event_listener.py
[2024-05-10T16:12:48.868+0200] {processor.py:183} INFO - Processing /home/munya/.local/lib/python3.11/site-packages/airflow/example_dags/plugins/event_listener.py took 0.044 seconds
[2024-05-10T16:14:09.444+0200] {processor.py:161} INFO - Started process (PID=94492) to work on /home/munya/.local/lib/python3.11/site-packages/airflow/example_dags/plugins/event_listener.py
[2024-05-10T16:14:09.446+0200] {processor.py:830} INFO - Processing file /home/munya/.local/lib/python3.11/site-packages/airflow/example_dags/plugins/event_listener.py for tasks to queue
[2024-05-10T16:14:09.449+0200] {logging_mixin.py:188} INFO - [2024-05-10T16:14:09.448+0200] {dagbag.py:540} INFO - Filling up the DagBag from /home/munya/.local/lib/python3.11/site-packages/airflow/example_dags/plugins/event_listener.py
[2024-05-10T16:14:09.454+0200] {processor.py:842} WARNING - No viable dags retrieved from /home/munya/.local/lib/python3.11/site-packages/airflow/example_dags/plugins/event_listener.py
[2024-05-10T16:14:09.472+0200] {processor.py:183} INFO - Processing /home/munya/.local/lib/python3.11/site-packages/airflow/example_dags/plugins/event_listener.py took 0.039 seconds
[2024-05-10T16:15:24.926+0200] {processor.py:161} INFO - Started process (PID=95997) to work on /home/munya/.local/lib/python3.11/site-packages/airflow/example_dags/plugins/event_listener.py
[2024-05-10T16:15:24.928+0200] {processor.py:830} INFO - Processing file /home/munya/.local/lib/python3.11/site-packages/airflow/example_dags/plugins/event_listener.py for tasks to queue
[2024-05-10T16:15:24.931+0200] {logging_mixin.py:188} INFO - [2024-05-10T16:15:24.930+0200] {dagbag.py:540} INFO - Filling up the DagBag from /home/munya/.local/lib/python3.11/site-packages/airflow/example_dags/plugins/event_listener.py
[2024-05-10T16:15:24.934+0200] {processor.py:842} WARNING - No viable dags retrieved from /home/munya/.local/lib/python3.11/site-packages/airflow/example_dags/plugins/event_listener.py
[2024-05-10T16:15:24.952+0200] {processor.py:183} INFO - Processing /home/munya/.local/lib/python3.11/site-packages/airflow/example_dags/plugins/event_listener.py took 0.036 seconds
[2024-05-10T16:16:47.464+0200] {processor.py:161} INFO - Started process (PID=97633) to work on /home/munya/.local/lib/python3.11/site-packages/airflow/example_dags/plugins/event_listener.py
[2024-05-10T16:16:47.467+0200] {processor.py:830} INFO - Processing file /home/munya/.local/lib/python3.11/site-packages/airflow/example_dags/plugins/event_listener.py for tasks to queue
[2024-05-10T16:16:47.474+0200] {logging_mixin.py:188} INFO - [2024-05-10T16:16:47.472+0200] {dagbag.py:540} INFO - Filling up the DagBag from /home/munya/.local/lib/python3.11/site-packages/airflow/example_dags/plugins/event_listener.py
[2024-05-10T16:16:47.482+0200] {processor.py:842} WARNING - No viable dags retrieved from /home/munya/.local/lib/python3.11/site-packages/airflow/example_dags/plugins/event_listener.py
[2024-05-10T16:16:47.516+0200] {processor.py:183} INFO - Processing /home/munya/.local/lib/python3.11/site-packages/airflow/example_dags/plugins/event_listener.py took 0.075 seconds
[2024-05-10T16:18:11.209+0200] {processor.py:161} INFO - Started process (PID=99281) to work on /home/munya/.local/lib/python3.11/site-packages/airflow/example_dags/plugins/event_listener.py
[2024-05-10T16:18:11.211+0200] {processor.py:830} INFO - Processing file /home/munya/.local/lib/python3.11/site-packages/airflow/example_dags/plugins/event_listener.py for tasks to queue
[2024-05-10T16:18:11.216+0200] {logging_mixin.py:188} INFO - [2024-05-10T16:18:11.215+0200] {dagbag.py:540} INFO - Filling up the DagBag from /home/munya/.local/lib/python3.11/site-packages/airflow/example_dags/plugins/event_listener.py
[2024-05-10T16:18:11.222+0200] {processor.py:842} WARNING - No viable dags retrieved from /home/munya/.local/lib/python3.11/site-packages/airflow/example_dags/plugins/event_listener.py
[2024-05-10T16:18:11.246+0200] {processor.py:183} INFO - Processing /home/munya/.local/lib/python3.11/site-packages/airflow/example_dags/plugins/event_listener.py took 0.052 seconds
[2024-05-10T16:19:28.980+0200] {processor.py:161} INFO - Started process (PID=100808) to work on /home/munya/.local/lib/python3.11/site-packages/airflow/example_dags/plugins/event_listener.py
[2024-05-10T16:19:28.986+0200] {processor.py:830} INFO - Processing file /home/munya/.local/lib/python3.11/site-packages/airflow/example_dags/plugins/event_listener.py for tasks to queue
[2024-05-10T16:19:28.992+0200] {logging_mixin.py:188} INFO - [2024-05-10T16:19:28.991+0200] {dagbag.py:540} INFO - Filling up the DagBag from /home/munya/.local/lib/python3.11/site-packages/airflow/example_dags/plugins/event_listener.py
[2024-05-10T16:19:28.999+0200] {processor.py:842} WARNING - No viable dags retrieved from /home/munya/.local/lib/python3.11/site-packages/airflow/example_dags/plugins/event_listener.py
[2024-05-10T16:19:29.020+0200] {processor.py:183} INFO - Processing /home/munya/.local/lib/python3.11/site-packages/airflow/example_dags/plugins/event_listener.py took 0.078 seconds
[2024-05-10T16:20:48.851+0200] {processor.py:161} INFO - Started process (PID=102411) to work on /home/munya/.local/lib/python3.11/site-packages/airflow/example_dags/plugins/event_listener.py
[2024-05-10T16:20:48.852+0200] {processor.py:830} INFO - Processing file /home/munya/.local/lib/python3.11/site-packages/airflow/example_dags/plugins/event_listener.py for tasks to queue
[2024-05-10T16:20:48.856+0200] {logging_mixin.py:188} INFO - [2024-05-10T16:20:48.855+0200] {dagbag.py:540} INFO - Filling up the DagBag from /home/munya/.local/lib/python3.11/site-packages/airflow/example_dags/plugins/event_listener.py
[2024-05-10T16:20:48.860+0200] {processor.py:842} WARNING - No viable dags retrieved from /home/munya/.local/lib/python3.11/site-packages/airflow/example_dags/plugins/event_listener.py
[2024-05-10T16:20:48.876+0200] {processor.py:183} INFO - Processing /home/munya/.local/lib/python3.11/site-packages/airflow/example_dags/plugins/event_listener.py took 0.035 seconds
[2024-05-10T16:22:13.409+0200] {processor.py:161} INFO - Started process (PID=104086) to work on /home/munya/.local/lib/python3.11/site-packages/airflow/example_dags/plugins/event_listener.py
[2024-05-10T16:22:13.410+0200] {processor.py:830} INFO - Processing file /home/munya/.local/lib/python3.11/site-packages/airflow/example_dags/plugins/event_listener.py for tasks to queue
[2024-05-10T16:22:13.413+0200] {logging_mixin.py:188} INFO - [2024-05-10T16:22:13.412+0200] {dagbag.py:540} INFO - Filling up the DagBag from /home/munya/.local/lib/python3.11/site-packages/airflow/example_dags/plugins/event_listener.py
[2024-05-10T16:22:13.417+0200] {processor.py:842} WARNING - No viable dags retrieved from /home/munya/.local/lib/python3.11/site-packages/airflow/example_dags/plugins/event_listener.py
[2024-05-10T16:22:13.435+0200] {processor.py:183} INFO - Processing /home/munya/.local/lib/python3.11/site-packages/airflow/example_dags/plugins/event_listener.py took 0.036 seconds
[2024-05-10T16:23:40.933+0200] {processor.py:161} INFO - Started process (PID=105790) to work on /home/munya/.local/lib/python3.11/site-packages/airflow/example_dags/plugins/event_listener.py
[2024-05-10T16:23:40.936+0200] {processor.py:830} INFO - Processing file /home/munya/.local/lib/python3.11/site-packages/airflow/example_dags/plugins/event_listener.py for tasks to queue
[2024-05-10T16:23:40.941+0200] {logging_mixin.py:188} INFO - [2024-05-10T16:23:40.940+0200] {dagbag.py:540} INFO - Filling up the DagBag from /home/munya/.local/lib/python3.11/site-packages/airflow/example_dags/plugins/event_listener.py
[2024-05-10T16:23:40.948+0200] {processor.py:842} WARNING - No viable dags retrieved from /home/munya/.local/lib/python3.11/site-packages/airflow/example_dags/plugins/event_listener.py
[2024-05-10T16:23:40.977+0200] {processor.py:183} INFO - Processing /home/munya/.local/lib/python3.11/site-packages/airflow/example_dags/plugins/event_listener.py took 0.063 seconds
[2024-05-10T16:25:00.864+0200] {processor.py:161} INFO - Started process (PID=107420) to work on /home/munya/.local/lib/python3.11/site-packages/airflow/example_dags/plugins/event_listener.py
[2024-05-10T16:25:00.867+0200] {processor.py:830} INFO - Processing file /home/munya/.local/lib/python3.11/site-packages/airflow/example_dags/plugins/event_listener.py for tasks to queue
[2024-05-10T16:25:00.873+0200] {logging_mixin.py:188} INFO - [2024-05-10T16:25:00.872+0200] {dagbag.py:540} INFO - Filling up the DagBag from /home/munya/.local/lib/python3.11/site-packages/airflow/example_dags/plugins/event_listener.py
[2024-05-10T16:25:00.880+0200] {processor.py:842} WARNING - No viable dags retrieved from /home/munya/.local/lib/python3.11/site-packages/airflow/example_dags/plugins/event_listener.py
[2024-05-10T16:25:00.910+0200] {processor.py:183} INFO - Processing /home/munya/.local/lib/python3.11/site-packages/airflow/example_dags/plugins/event_listener.py took 0.066 seconds
[2024-05-10T16:26:19.945+0200] {processor.py:161} INFO - Started process (PID=108984) to work on /home/munya/.local/lib/python3.11/site-packages/airflow/example_dags/plugins/event_listener.py
[2024-05-10T16:26:19.947+0200] {processor.py:830} INFO - Processing file /home/munya/.local/lib/python3.11/site-packages/airflow/example_dags/plugins/event_listener.py for tasks to queue
[2024-05-10T16:26:19.952+0200] {logging_mixin.py:188} INFO - [2024-05-10T16:26:19.951+0200] {dagbag.py:540} INFO - Filling up the DagBag from /home/munya/.local/lib/python3.11/site-packages/airflow/example_dags/plugins/event_listener.py
[2024-05-10T16:26:19.958+0200] {processor.py:842} WARNING - No viable dags retrieved from /home/munya/.local/lib/python3.11/site-packages/airflow/example_dags/plugins/event_listener.py
[2024-05-10T16:26:19.987+0200] {processor.py:183} INFO - Processing /home/munya/.local/lib/python3.11/site-packages/airflow/example_dags/plugins/event_listener.py took 0.064 seconds
[2024-05-10T16:27:48.885+0200] {processor.py:161} INFO - Started process (PID=110712) to work on /home/munya/.local/lib/python3.11/site-packages/airflow/example_dags/plugins/event_listener.py
[2024-05-10T16:27:48.888+0200] {processor.py:830} INFO - Processing file /home/munya/.local/lib/python3.11/site-packages/airflow/example_dags/plugins/event_listener.py for tasks to queue
[2024-05-10T16:27:48.895+0200] {logging_mixin.py:188} INFO - [2024-05-10T16:27:48.894+0200] {dagbag.py:540} INFO - Filling up the DagBag from /home/munya/.local/lib/python3.11/site-packages/airflow/example_dags/plugins/event_listener.py
[2024-05-10T16:27:48.902+0200] {processor.py:842} WARNING - No viable dags retrieved from /home/munya/.local/lib/python3.11/site-packages/airflow/example_dags/plugins/event_listener.py
[2024-05-10T16:27:48.947+0200] {processor.py:183} INFO - Processing /home/munya/.local/lib/python3.11/site-packages/airflow/example_dags/plugins/event_listener.py took 0.077 seconds
[2024-05-10T16:29:23.629+0200] {processor.py:161} INFO - Started process (PID=112576) to work on /home/munya/.local/lib/python3.11/site-packages/airflow/example_dags/plugins/event_listener.py
[2024-05-10T16:29:23.631+0200] {processor.py:830} INFO - Processing file /home/munya/.local/lib/python3.11/site-packages/airflow/example_dags/plugins/event_listener.py for tasks to queue
[2024-05-10T16:29:23.636+0200] {logging_mixin.py:188} INFO - [2024-05-10T16:29:23.635+0200] {dagbag.py:540} INFO - Filling up the DagBag from /home/munya/.local/lib/python3.11/site-packages/airflow/example_dags/plugins/event_listener.py
[2024-05-10T16:29:23.641+0200] {processor.py:842} WARNING - No viable dags retrieved from /home/munya/.local/lib/python3.11/site-packages/airflow/example_dags/plugins/event_listener.py
[2024-05-10T16:29:23.669+0200] {processor.py:183} INFO - Processing /home/munya/.local/lib/python3.11/site-packages/airflow/example_dags/plugins/event_listener.py took 0.060 seconds
[2024-05-10T16:31:01.324+0200] {processor.py:161} INFO - Started process (PID=114404) to work on /home/munya/.local/lib/python3.11/site-packages/airflow/example_dags/plugins/event_listener.py
[2024-05-10T16:31:01.326+0200] {processor.py:830} INFO - Processing file /home/munya/.local/lib/python3.11/site-packages/airflow/example_dags/plugins/event_listener.py for tasks to queue
[2024-05-10T16:31:01.336+0200] {logging_mixin.py:188} INFO - [2024-05-10T16:31:01.335+0200] {dagbag.py:540} INFO - Filling up the DagBag from /home/munya/.local/lib/python3.11/site-packages/airflow/example_dags/plugins/event_listener.py
[2024-05-10T16:31:01.348+0200] {processor.py:842} WARNING - No viable dags retrieved from /home/munya/.local/lib/python3.11/site-packages/airflow/example_dags/plugins/event_listener.py
[2024-05-10T16:31:01.385+0200] {processor.py:183} INFO - Processing /home/munya/.local/lib/python3.11/site-packages/airflow/example_dags/plugins/event_listener.py took 0.145 seconds
[2024-05-10T16:32:29.484+0200] {processor.py:161} INFO - Started process (PID=116101) to work on /home/munya/.local/lib/python3.11/site-packages/airflow/example_dags/plugins/event_listener.py
[2024-05-10T16:32:29.487+0200] {processor.py:830} INFO - Processing file /home/munya/.local/lib/python3.11/site-packages/airflow/example_dags/plugins/event_listener.py for tasks to queue
[2024-05-10T16:32:29.494+0200] {logging_mixin.py:188} INFO - [2024-05-10T16:32:29.493+0200] {dagbag.py:540} INFO - Filling up the DagBag from /home/munya/.local/lib/python3.11/site-packages/airflow/example_dags/plugins/event_listener.py
[2024-05-10T16:32:29.501+0200] {processor.py:842} WARNING - No viable dags retrieved from /home/munya/.local/lib/python3.11/site-packages/airflow/example_dags/plugins/event_listener.py
[2024-05-10T16:32:29.537+0200] {processor.py:183} INFO - Processing /home/munya/.local/lib/python3.11/site-packages/airflow/example_dags/plugins/event_listener.py took 0.075 seconds
[2024-05-10T16:33:51.710+0200] {processor.py:161} INFO - Started process (PID=117722) to work on /home/munya/.local/lib/python3.11/site-packages/airflow/example_dags/plugins/event_listener.py
[2024-05-10T16:33:51.712+0200] {processor.py:830} INFO - Processing file /home/munya/.local/lib/python3.11/site-packages/airflow/example_dags/plugins/event_listener.py for tasks to queue
[2024-05-10T16:33:51.716+0200] {logging_mixin.py:188} INFO - [2024-05-10T16:33:51.715+0200] {dagbag.py:540} INFO - Filling up the DagBag from /home/munya/.local/lib/python3.11/site-packages/airflow/example_dags/plugins/event_listener.py
[2024-05-10T16:33:51.722+0200] {processor.py:842} WARNING - No viable dags retrieved from /home/munya/.local/lib/python3.11/site-packages/airflow/example_dags/plugins/event_listener.py
[2024-05-10T16:33:51.748+0200] {processor.py:183} INFO - Processing /home/munya/.local/lib/python3.11/site-packages/airflow/example_dags/plugins/event_listener.py took 0.051 seconds
