[2024-05-06T13:43:25.063+0200] {local_task_job_runner.py:120} INFO - ::group::Pre task execution logs
[2024-05-06T13:43:25.094+0200] {taskinstance.py:2073} INFO - Dependencies all met for dep_context=non-requeueable deps ti=<TaskInstance: airflow2.print_hello scheduled__2024-04-28T00:00:00+00:00 [queued]>
[2024-05-06T13:43:25.104+0200] {taskinstance.py:2073} INFO - Dependencies all met for dep_context=requeueable deps ti=<TaskInstance: airflow2.print_hello scheduled__2024-04-28T00:00:00+00:00 [queued]>
[2024-05-06T13:43:25.104+0200] {taskinstance.py:2303} INFO - Starting attempt 1 of 2
[2024-05-06T13:43:25.121+0200] {taskinstance.py:2327} INFO - Executing <Task(BashOperator): print_hello> on 2024-04-28 00:00:00+00:00
[2024-05-06T13:43:25.130+0200] {standard_task_runner.py:63} INFO - Started process 211436 to run task
[2024-05-06T13:43:25.137+0200] {standard_task_runner.py:90} INFO - Running: ['airflow', 'tasks', 'run', 'airflow2', 'print_hello', 'scheduled__2024-04-28T00:00:00+00:00', '--job-id', '661', '--raw', '--subdir', 'DAGS_FOLDER/first_dag.py', '--cfg-path', '/tmp/tmpquq3itjn']
[2024-05-06T13:43:25.140+0200] {standard_task_runner.py:91} INFO - Job 661: Subtask print_hello
[2024-05-06T13:43:25.201+0200] {task_command.py:426} INFO - Running <TaskInstance: airflow2.print_hello scheduled__2024-04-28T00:00:00+00:00 [running]> on host kali
[2024-05-06T13:43:25.279+0200] {taskinstance.py:2644} INFO - Exporting env vars: AIRFLOW_CTX_DAG_OWNER='Munyah' AIRFLOW_CTX_DAG_ID='airflow2' AIRFLOW_CTX_TASK_ID='print_hello' AIRFLOW_CTX_EXECUTION_DATE='2024-04-28T00:00:00+00:00' AIRFLOW_CTX_TRY_NUMBER='1' AIRFLOW_CTX_DAG_RUN_ID='scheduled__2024-04-28T00:00:00+00:00'
[2024-05-06T13:43:25.281+0200] {taskinstance.py:430} INFO - ::endgroup::
[2024-05-06T13:43:25.282+0200] {subprocess.py:63} INFO - Tmp dir root location: /tmp
[2024-05-06T13:43:25.283+0200] {subprocess.py:75} INFO - Running command: ['/usr/bin/bash', '-c', 'echo "hello"']
[2024-05-06T13:43:25.300+0200] {subprocess.py:86} INFO - Output:
[2024-05-06T13:43:25.302+0200] {subprocess.py:93} INFO - hello
[2024-05-06T13:43:25.302+0200] {subprocess.py:97} INFO - Command exited with return code 0
[2024-05-06T13:43:25.303+0200] {taskinstance.py:441} INFO - ::group::Post task execution logs
[2024-05-06T13:43:25.331+0200] {taskinstance.py:1205} INFO - Marking task as SUCCESS. dag_id=airflow2, task_id=print_hello, execution_date=20240428T000000, start_date=20240506T114325, end_date=20240506T114325
[2024-05-06T13:43:25.388+0200] {local_task_job_runner.py:240} INFO - Task exited with return code 0
[2024-05-06T13:43:25.438+0200] {taskinstance.py:3482} INFO - 1 downstream tasks scheduled from follow-on schedule check
[2024-05-06T13:43:25.441+0200] {local_task_job_runner.py:222} INFO - ::endgroup::
