[2024-04-29T10:44:58.581+0200] {local_task_job_runner.py:120} INFO - ::group::Pre task execution logs
[2024-04-29T10:44:58.602+0200] {taskinstance.py:2073} INFO - Dependencies all met for dep_context=non-requeueable deps ti=<TaskInstance: airflow_tut_v02.sleep scheduled__2024-04-28T08:00:00+00:00 [queued]>
[2024-04-29T10:44:58.608+0200] {taskinstance.py:2073} INFO - Dependencies all met for dep_context=requeueable deps ti=<TaskInstance: airflow_tut_v02.sleep scheduled__2024-04-28T08:00:00+00:00 [queued]>
[2024-04-29T10:44:58.609+0200] {taskinstance.py:2303} INFO - Starting attempt 1 of 2
[2024-04-29T10:44:58.621+0200] {taskinstance.py:2327} INFO - Executing <Task(BashOperator): sleep> on 2024-04-28 08:00:00+00:00
[2024-04-29T10:44:58.627+0200] {standard_task_runner.py:63} INFO - Started process 8668 to run task
[2024-04-29T10:44:58.630+0200] {standard_task_runner.py:90} INFO - Running: ['airflow', 'tasks', 'run', 'airflow_tut_v02', 'sleep', 'scheduled__2024-04-28T08:00:00+00:00', '--job-id', '40', '--raw', '--subdir', 'DAGS_FOLDER/dags.py', '--cfg-path', '/tmp/tmpcs9tepu5']
[2024-04-29T10:44:58.632+0200] {standard_task_runner.py:91} INFO - Job 40: Subtask sleep
[2024-04-29T10:44:58.663+0200] {task_command.py:426} INFO - Running <TaskInstance: airflow_tut_v02.sleep scheduled__2024-04-28T08:00:00+00:00 [running]> on host kali
[2024-04-29T10:44:58.719+0200] {taskinstance.py:2644} INFO - Exporting env vars: AIRFLOW_CTX_DAG_OWNER='Munyah' AIRFLOW_CTX_DAG_ID='airflow_tut_v02' AIRFLOW_CTX_TASK_ID='sleep' AIRFLOW_CTX_EXECUTION_DATE='2024-04-28T08:00:00+00:00' AIRFLOW_CTX_TRY_NUMBER='1' AIRFLOW_CTX_DAG_RUN_ID='scheduled__2024-04-28T08:00:00+00:00'
[2024-04-29T10:44:58.720+0200] {taskinstance.py:430} INFO - ::endgroup::
[2024-04-29T10:44:58.721+0200] {subprocess.py:63} INFO - Tmp dir root location: /tmp
[2024-04-29T10:44:58.721+0200] {subprocess.py:75} INFO - Running command: ['/usr/bin/bash', '-c', 'sleep 5']
[2024-04-29T10:44:58.733+0200] {subprocess.py:86} INFO - Output:
[2024-04-29T10:45:03.752+0200] {subprocess.py:97} INFO - Command exited with return code 0
[2024-04-29T10:45:03.761+0200] {taskinstance.py:441} INFO - ::group::Post task execution logs
[2024-04-29T10:45:04.432+0200] {taskinstance.py:1205} INFO - Marking task as SUCCESS. dag_id=airflow_tut_v02, task_id=sleep, execution_date=20240428T080000, start_date=20240429T084458, end_date=20240429T084504
[2024-04-29T10:45:04.489+0200] {local_task_job_runner.py:240} INFO - Task exited with return code 0
[2024-04-29T10:45:04.507+0200] {taskinstance.py:3482} INFO - 1 downstream tasks scheduled from follow-on schedule check
[2024-04-29T10:45:04.510+0200] {local_task_job_runner.py:222} INFO - ::endgroup::
