[2024-05-23T13:34:24.311+0200] {local_task_job_runner.py:120} INFO - ::group::Pre task execution logs
[2024-05-23T13:34:24.322+0200] {taskinstance.py:2076} INFO - Dependencies all met for dep_context=non-requeueable deps ti=<TaskInstance: doctors_api_dag.retrieve_doctors scheduled__2024-05-23T11:00:00+00:00 [queued]>
[2024-05-23T13:34:24.329+0200] {taskinstance.py:2076} INFO - Dependencies all met for dep_context=requeueable deps ti=<TaskInstance: doctors_api_dag.retrieve_doctors scheduled__2024-05-23T11:00:00+00:00 [queued]>
[2024-05-23T13:34:24.329+0200] {taskinstance.py:2306} INFO - Starting attempt 3 of 4
[2024-05-23T13:34:24.342+0200] {taskinstance.py:2330} INFO - Executing <Task(SimpleHttpOperator): retrieve_doctors> on 2024-05-23 11:00:00+00:00
[2024-05-23T13:34:24.350+0200] {standard_task_runner.py:63} INFO - Started process 119300 to run task
[2024-05-23T13:34:24.355+0200] {standard_task_runner.py:90} INFO - Running: ['airflow', 'tasks', 'run', 'doctors_api_dag', 'retrieve_doctors', 'scheduled__2024-05-23T11:00:00+00:00', '--job-id', '1508', '--raw', '--subdir', 'DAGS_FOLDER/eezimeds_doctors.py', '--cfg-path', '/tmp/tmpvm7leia8']
[2024-05-23T13:34:24.358+0200] {standard_task_runner.py:91} INFO - Job 1508: Subtask retrieve_doctors
[2024-05-23T13:34:24.400+0200] {task_command.py:426} INFO - Running <TaskInstance: doctors_api_dag.retrieve_doctors scheduled__2024-05-23T11:00:00+00:00 [running]> on host kali
[2024-05-23T13:34:24.470+0200] {taskinstance.py:2648} INFO - Exporting env vars: AIRFLOW_CTX_DAG_OWNER='airflow' AIRFLOW_CTX_DAG_ID='doctors_api_dag' AIRFLOW_CTX_TASK_ID='retrieve_doctors' AIRFLOW_CTX_EXECUTION_DATE='2024-05-23T11:00:00+00:00' AIRFLOW_CTX_TRY_NUMBER='3' AIRFLOW_CTX_DAG_RUN_ID='scheduled__2024-05-23T11:00:00+00:00'
[2024-05-23T13:34:24.473+0200] {taskinstance.py:430} INFO - ::endgroup::
[2024-05-23T13:34:24.473+0200] {http.py:169} INFO - Calling HTTP method
[2024-05-23T13:34:24.478+0200] {base.py:84} INFO - Using connection ID 'eezimeds_doctors' for task execution.
[2024-05-23T13:34:24.481+0200] {base.py:84} INFO - Using connection ID 'eezimeds_doctors' for task execution.
[2024-05-23T13:34:25.738+0200] {http.py:242} WARNING - HTTPSConnectionPool(host='eazimed-backend-web-mongo.azurewebsites.net', port=443): Max retries exceeded with url: //mongo/doctor (Caused by NewConnectionError('<urllib3.connection.HTTPSConnection object at 0x7f31eaca5f10>: Failed to establish a new connection: [Errno 101] Network is unreachable')) Tenacity will retry to execute the operation
[2024-05-23T13:34:25.739+0200] {taskinstance.py:441} INFO - ::group::Post task execution logs
[2024-05-23T13:34:25.741+0200] {taskinstance.py:2905} ERROR - Task failed with exception
Traceback (most recent call last):
  File "/home/munya/anaconda3/lib/python3.11/site-packages/urllib3/connection.py", line 174, in _new_conn
    conn = connection.create_connection(
           ^^^^^^^^^^^^^^^^^^^^^^^^^^^^^
  File "/home/munya/anaconda3/lib/python3.11/site-packages/urllib3/util/connection.py", line 95, in create_connection
    raise err
  File "/home/munya/anaconda3/lib/python3.11/site-packages/urllib3/util/connection.py", line 85, in create_connection
    sock.connect(sa)
OSError: [Errno 101] Network is unreachable

During handling of the above exception, another exception occurred:

Traceback (most recent call last):
  File "/home/munya/anaconda3/lib/python3.11/site-packages/urllib3/connectionpool.py", line 715, in urlopen
    httplib_response = self._make_request(
                       ^^^^^^^^^^^^^^^^^^^
  File "/home/munya/anaconda3/lib/python3.11/site-packages/urllib3/connectionpool.py", line 404, in _make_request
    self._validate_conn(conn)
  File "/home/munya/anaconda3/lib/python3.11/site-packages/urllib3/connectionpool.py", line 1058, in _validate_conn
    conn.connect()
  File "/home/munya/anaconda3/lib/python3.11/site-packages/urllib3/connection.py", line 363, in connect
    self.sock = conn = self._new_conn()
                       ^^^^^^^^^^^^^^^^
  File "/home/munya/anaconda3/lib/python3.11/site-packages/urllib3/connection.py", line 186, in _new_conn
    raise NewConnectionError(
urllib3.exceptions.NewConnectionError: <urllib3.connection.HTTPSConnection object at 0x7f31eaca5f10>: Failed to establish a new connection: [Errno 101] Network is unreachable

During handling of the above exception, another exception occurred:

Traceback (most recent call last):
  File "/home/munya/anaconda3/lib/python3.11/site-packages/requests/adapters.py", line 486, in send
    resp = conn.urlopen(
           ^^^^^^^^^^^^^
  File "/home/munya/anaconda3/lib/python3.11/site-packages/urllib3/connectionpool.py", line 799, in urlopen
    retries = retries.increment(
              ^^^^^^^^^^^^^^^^^^
  File "/home/munya/anaconda3/lib/python3.11/site-packages/urllib3/util/retry.py", line 592, in increment
    raise MaxRetryError(_pool, url, error or ResponseError(cause))
urllib3.exceptions.MaxRetryError: HTTPSConnectionPool(host='eazimed-backend-web-mongo.azurewebsites.net', port=443): Max retries exceeded with url: //mongo/doctor (Caused by NewConnectionError('<urllib3.connection.HTTPSConnection object at 0x7f31eaca5f10>: Failed to establish a new connection: [Errno 101] Network is unreachable'))

During handling of the above exception, another exception occurred:

Traceback (most recent call last):
  File "/home/munya/anaconda3/lib/python3.11/site-packages/airflow/models/taskinstance.py", line 465, in _execute_task
    result = _execute_callable(context=context, **execute_callable_kwargs)
             ^^^^^^^^^^^^^^^^^^^^^^^^^^^^^^^^^^^^^^^^^^^^^^^^^^^^^^^^^^^^^
  File "/home/munya/anaconda3/lib/python3.11/site-packages/airflow/models/taskinstance.py", line 432, in _execute_callable
    return execute_callable(context=context, **execute_callable_kwargs)
           ^^^^^^^^^^^^^^^^^^^^^^^^^^^^^^^^^^^^^^^^^^^^^^^^^^^^^^^^^^^^
  File "/home/munya/anaconda3/lib/python3.11/site-packages/airflow/models/baseoperator.py", line 400, in wrapper
    return func(self, *args, **kwargs)
           ^^^^^^^^^^^^^^^^^^^^^^^^^^^
  File "/home/munya/anaconda3/lib/python3.11/site-packages/airflow/providers/http/operators/http.py", line 166, in execute
    return self.execute_sync(context=context)
           ^^^^^^^^^^^^^^^^^^^^^^^^^^^^^^^^^^
  File "/home/munya/anaconda3/lib/python3.11/site-packages/airflow/providers/http/operators/http.py", line 170, in execute_sync
    response = self.hook.run(self.endpoint, self.data, self.headers, self.extra_options)
               ^^^^^^^^^^^^^^^^^^^^^^^^^^^^^^^^^^^^^^^^^^^^^^^^^^^^^^^^^^^^^^^^^^^^^^^^^
  File "/home/munya/anaconda3/lib/python3.11/site-packages/airflow/providers/http/hooks/http.py", line 187, in run
    return self.run_and_check(session, prepped_request, extra_options)
           ^^^^^^^^^^^^^^^^^^^^^^^^^^^^^^^^^^^^^^^^^^^^^^^^^^^^^^^^^^^
  File "/home/munya/anaconda3/lib/python3.11/site-packages/airflow/providers/http/hooks/http.py", line 243, in run_and_check
    raise ex
  File "/home/munya/anaconda3/lib/python3.11/site-packages/airflow/providers/http/hooks/http.py", line 235, in run_and_check
    response = session.send(prepped_request, **send_kwargs)
               ^^^^^^^^^^^^^^^^^^^^^^^^^^^^^^^^^^^^^^^^^^^^
  File "/home/munya/anaconda3/lib/python3.11/site-packages/requests/sessions.py", line 703, in send
    r = adapter.send(request, **kwargs)
        ^^^^^^^^^^^^^^^^^^^^^^^^^^^^^^^
  File "/home/munya/anaconda3/lib/python3.11/site-packages/requests/adapters.py", line 519, in send
    raise ConnectionError(e, request=request)
requests.exceptions.ConnectionError: HTTPSConnectionPool(host='eazimed-backend-web-mongo.azurewebsites.net', port=443): Max retries exceeded with url: //mongo/doctor (Caused by NewConnectionError('<urllib3.connection.HTTPSConnection object at 0x7f31eaca5f10>: Failed to establish a new connection: [Errno 101] Network is unreachable'))
[2024-05-23T13:34:25.772+0200] {taskinstance.py:1206} INFO - Marking task as UP_FOR_RETRY. dag_id=doctors_api_dag, task_id=retrieve_doctors, run_id=scheduled__2024-05-23T11:00:00+00:00, execution_date=20240523T110000, start_date=20240523T113424, end_date=20240523T113425
[2024-05-23T13:34:25.804+0200] {standard_task_runner.py:110} ERROR - Failed to execute job 1508 for task retrieve_doctors (HTTPSConnectionPool(host='eazimed-backend-web-mongo.azurewebsites.net', port=443): Max retries exceeded with url: //mongo/doctor (Caused by NewConnectionError('<urllib3.connection.HTTPSConnection object at 0x7f31eaca5f10>: Failed to establish a new connection: [Errno 101] Network is unreachable')); 119300)
[2024-05-23T13:34:25.853+0200] {local_task_job_runner.py:240} INFO - Task exited with return code 1
[2024-05-23T13:34:25.915+0200] {taskinstance.py:3498} INFO - 0 downstream tasks scheduled from follow-on schedule check
[2024-05-23T13:34:25.917+0200] {local_task_job_runner.py:222} INFO - ::endgroup::
