[2024-05-05T10:27:41.947+0200] {local_task_job_runner.py:120} INFO - ::group::Pre task execution logs
[2024-05-05T10:27:41.959+0200] {taskinstance.py:2073} INFO - Dependencies all met for dep_context=non-requeueable deps ti=<TaskInstance: api_dag.is_api_active scheduled__2024-05-04T00:00:00+00:00 [queued]>
[2024-05-05T10:27:41.967+0200] {taskinstance.py:2073} INFO - Dependencies all met for dep_context=requeueable deps ti=<TaskInstance: api_dag.is_api_active scheduled__2024-05-04T00:00:00+00:00 [queued]>
[2024-05-05T10:27:41.967+0200] {taskinstance.py:2303} INFO - Starting attempt 1 of 1
[2024-05-05T10:27:41.984+0200] {taskinstance.py:2327} INFO - Executing <Task(HttpSensor): is_api_active> on 2024-05-04 00:00:00+00:00
[2024-05-05T10:27:41.992+0200] {standard_task_runner.py:63} INFO - Started process 656640 to run task
[2024-05-05T10:27:41.997+0200] {standard_task_runner.py:90} INFO - Running: ['airflow', 'tasks', 'run', 'api_dag', 'is_api_active', 'scheduled__2024-05-04T00:00:00+00:00', '--job-id', '530', '--raw', '--subdir', 'DAGS_FOLDER/api_dag.py', '--cfg-path', '/tmp/tmp2qp3elo9']
[2024-05-05T10:27:42.000+0200] {standard_task_runner.py:91} INFO - Job 530: Subtask is_api_active
[2024-05-05T10:27:42.048+0200] {task_command.py:426} INFO - Running <TaskInstance: api_dag.is_api_active scheduled__2024-05-04T00:00:00+00:00 [running]> on host kali
[2024-05-05T10:27:42.130+0200] {taskinstance.py:2644} INFO - Exporting env vars: AIRFLOW_CTX_DAG_OWNER='airflow' AIRFLOW_CTX_DAG_ID='api_dag' AIRFLOW_CTX_TASK_ID='is_api_active' AIRFLOW_CTX_EXECUTION_DATE='2024-05-04T00:00:00+00:00' AIRFLOW_CTX_TRY_NUMBER='1' AIRFLOW_CTX_DAG_RUN_ID='scheduled__2024-05-04T00:00:00+00:00'
[2024-05-05T10:27:42.133+0200] {taskinstance.py:430} INFO - ::endgroup::
[2024-05-05T10:27:42.133+0200] {baseoperator.py:399} WARNING - HttpSensor.execute cannot be called outside TaskInstance!
[2024-05-05T10:27:42.133+0200] {http.py:137} INFO - Poking: posts/
[2024-05-05T10:27:42.140+0200] {base.py:84} INFO - Using connection ID 'api_post' for task execution.
[2024-05-05T10:27:42.147+0200] {http.py:242} WARNING - HTTPSConnectionPool(host='gorest.co.in', port=443): Max retries exceeded with url: /public/v2/posts/ (Caused by NewConnectionError('<urllib3.connection.HTTPSConnection object at 0x7f507104fcd0>: Failed to establish a new connection: [Errno -2] Name or service not known')) Tenacity will retry to execute the operation
[2024-05-05T10:27:42.147+0200] {taskinstance.py:441} INFO - ::group::Post task execution logs
[2024-05-05T10:27:42.148+0200] {taskinstance.py:2890} ERROR - Task failed with exception
Traceback (most recent call last):
  File "/usr/lib/python3/dist-packages/urllib3/connection.py", line 174, in _new_conn
    conn = connection.create_connection(
           ^^^^^^^^^^^^^^^^^^^^^^^^^^^^^
  File "/usr/lib/python3/dist-packages/urllib3/util/connection.py", line 73, in create_connection
    for res in socket.getaddrinfo(host, port, family, socket.SOCK_STREAM):
               ^^^^^^^^^^^^^^^^^^^^^^^^^^^^^^^^^^^^^^^^^^^^^^^^^^^^^^^^^^
  File "/usr/lib/python3.11/socket.py", line 962, in getaddrinfo
    for res in _socket.getaddrinfo(host, port, family, type, proto, flags):
               ^^^^^^^^^^^^^^^^^^^^^^^^^^^^^^^^^^^^^^^^^^^^^^^^^^^^^^^^^^^
socket.gaierror: [Errno -2] Name or service not known

During handling of the above exception, another exception occurred:

Traceback (most recent call last):
  File "/usr/lib/python3/dist-packages/urllib3/connectionpool.py", line 716, in urlopen
    httplib_response = self._make_request(
                       ^^^^^^^^^^^^^^^^^^^
  File "/usr/lib/python3/dist-packages/urllib3/connectionpool.py", line 405, in _make_request
    self._validate_conn(conn)
  File "/usr/lib/python3/dist-packages/urllib3/connectionpool.py", line 1059, in _validate_conn
    conn.connect()
  File "/usr/lib/python3/dist-packages/urllib3/connection.py", line 363, in connect
    self.sock = conn = self._new_conn()
                       ^^^^^^^^^^^^^^^^
  File "/usr/lib/python3/dist-packages/urllib3/connection.py", line 186, in _new_conn
    raise NewConnectionError(
urllib3.exceptions.NewConnectionError: <urllib3.connection.HTTPSConnection object at 0x7f507104fcd0>: Failed to establish a new connection: [Errno -2] Name or service not known

During handling of the above exception, another exception occurred:

Traceback (most recent call last):
  File "/usr/lib/python3/dist-packages/requests/adapters.py", line 486, in send
    resp = conn.urlopen(
           ^^^^^^^^^^^^^
  File "/usr/lib/python3/dist-packages/urllib3/connectionpool.py", line 800, in urlopen
    retries = retries.increment(
              ^^^^^^^^^^^^^^^^^^
  File "/usr/lib/python3/dist-packages/urllib3/util/retry.py", line 592, in increment
    raise MaxRetryError(_pool, url, error or ResponseError(cause))
urllib3.exceptions.MaxRetryError: HTTPSConnectionPool(host='gorest.co.in', port=443): Max retries exceeded with url: /public/v2/posts/ (Caused by NewConnectionError('<urllib3.connection.HTTPSConnection object at 0x7f507104fcd0>: Failed to establish a new connection: [Errno -2] Name or service not known'))

During handling of the above exception, another exception occurred:

Traceback (most recent call last):
  File "/home/munya/.local/lib/python3.11/site-packages/airflow/models/taskinstance.py", line 465, in _execute_task
    result = _execute_callable(context=context, **execute_callable_kwargs)
             ^^^^^^^^^^^^^^^^^^^^^^^^^^^^^^^^^^^^^^^^^^^^^^^^^^^^^^^^^^^^^
  File "/home/munya/.local/lib/python3.11/site-packages/airflow/models/taskinstance.py", line 432, in _execute_callable
    return execute_callable(context=context, **execute_callable_kwargs)
           ^^^^^^^^^^^^^^^^^^^^^^^^^^^^^^^^^^^^^^^^^^^^^^^^^^^^^^^^^^^^
  File "/home/munya/.local/lib/python3.11/site-packages/airflow/models/baseoperator.py", line 400, in wrapper
    return func(self, *args, **kwargs)
           ^^^^^^^^^^^^^^^^^^^^^^^^^^^
  File "/home/munya/.local/lib/python3.11/site-packages/airflow/providers/http/sensors/http.py", line 164, in execute
    super().execute(context=context)
  File "/home/munya/.local/lib/python3.11/site-packages/airflow/models/baseoperator.py", line 400, in wrapper
    return func(self, *args, **kwargs)
           ^^^^^^^^^^^^^^^^^^^^^^^^^^^
  File "/home/munya/.local/lib/python3.11/site-packages/airflow/sensors/base.py", line 264, in execute
    raise e
  File "/home/munya/.local/lib/python3.11/site-packages/airflow/sensors/base.py", line 246, in execute
    poke_return = self.poke(context)
                  ^^^^^^^^^^^^^^^^^^
  File "/home/munya/.local/lib/python3.11/site-packages/airflow/providers/http/sensors/http.py", line 139, in poke
    response = hook.run(
               ^^^^^^^^^
  File "/home/munya/.local/lib/python3.11/site-packages/airflow/providers/http/hooks/http.py", line 187, in run
    return self.run_and_check(session, prepped_request, extra_options)
           ^^^^^^^^^^^^^^^^^^^^^^^^^^^^^^^^^^^^^^^^^^^^^^^^^^^^^^^^^^^
  File "/home/munya/.local/lib/python3.11/site-packages/airflow/providers/http/hooks/http.py", line 243, in run_and_check
    raise ex
  File "/home/munya/.local/lib/python3.11/site-packages/airflow/providers/http/hooks/http.py", line 235, in run_and_check
    response = session.send(prepped_request, **send_kwargs)
               ^^^^^^^^^^^^^^^^^^^^^^^^^^^^^^^^^^^^^^^^^^^^
  File "/usr/lib/python3/dist-packages/requests/sessions.py", line 703, in send
    r = adapter.send(request, **kwargs)
        ^^^^^^^^^^^^^^^^^^^^^^^^^^^^^^^
  File "/usr/lib/python3/dist-packages/requests/adapters.py", line 519, in send
    raise ConnectionError(e, request=request)
requests.exceptions.ConnectionError: HTTPSConnectionPool(host='gorest.co.in', port=443): Max retries exceeded with url: /public/v2/posts/ (Caused by NewConnectionError('<urllib3.connection.HTTPSConnection object at 0x7f507104fcd0>: Failed to establish a new connection: [Errno -2] Name or service not known'))
[2024-05-05T10:27:42.163+0200] {taskinstance.py:1205} INFO - Marking task as FAILED. dag_id=api_dag, task_id=is_api_active, execution_date=20240504T000000, start_date=20240505T082741, end_date=20240505T082742
[2024-05-05T10:27:42.175+0200] {standard_task_runner.py:110} ERROR - Failed to execute job 530 for task is_api_active (HTTPSConnectionPool(host='gorest.co.in', port=443): Max retries exceeded with url: /public/v2/posts/ (Caused by NewConnectionError('<urllib3.connection.HTTPSConnection object at 0x7f507104fcd0>: Failed to establish a new connection: [Errno -2] Name or service not known')); 656640)
[2024-05-05T10:27:42.209+0200] {local_task_job_runner.py:240} INFO - Task exited with return code 1
[2024-05-05T10:27:42.232+0200] {taskinstance.py:3482} INFO - 0 downstream tasks scheduled from follow-on schedule check
[2024-05-05T10:27:42.233+0200] {local_task_job_runner.py:222} INFO - ::endgroup::
