[2024-05-23T16:40:34.971+0200] {local_task_job_runner.py:120} INFO - ::group::Pre task execution logs
[2024-05-23T16:40:34.987+0200] {taskinstance.py:2076} INFO - Dependencies all met for dep_context=non-requeueable deps ti=<TaskInstance: doctors_api_dag.retrieve_doctors scheduled__2024-05-23T14:35:00+00:00 [queued]>
[2024-05-23T16:40:34.996+0200] {taskinstance.py:2076} INFO - Dependencies all met for dep_context=requeueable deps ti=<TaskInstance: doctors_api_dag.retrieve_doctors scheduled__2024-05-23T14:35:00+00:00 [queued]>
[2024-05-23T16:40:34.996+0200] {taskinstance.py:2306} INFO - Starting attempt 2 of 4
[2024-05-23T16:40:35.008+0200] {taskinstance.py:2330} INFO - Executing <Task(SimpleHttpOperator): retrieve_doctors> on 2024-05-23 14:35:00+00:00
[2024-05-23T16:40:35.014+0200] {standard_task_runner.py:63} INFO - Started process 297951 to run task
[2024-05-23T16:40:35.018+0200] {standard_task_runner.py:90} INFO - Running: ['airflow', 'tasks', 'run', 'doctors_api_dag', 'retrieve_doctors', 'scheduled__2024-05-23T14:35:00+00:00', '--job-id', '1675', '--raw', '--subdir', 'DAGS_FOLDER/eezimeds_doctors.py', '--cfg-path', '/tmp/tmph_vs3h4i']
[2024-05-23T16:40:35.020+0200] {standard_task_runner.py:91} INFO - Job 1675: Subtask retrieve_doctors
[2024-05-23T16:40:35.053+0200] {task_command.py:426} INFO - Running <TaskInstance: doctors_api_dag.retrieve_doctors scheduled__2024-05-23T14:35:00+00:00 [running]> on host kali
[2024-05-23T16:40:35.109+0200] {taskinstance.py:2648} INFO - Exporting env vars: AIRFLOW_CTX_DAG_OWNER='airflow' AIRFLOW_CTX_DAG_ID='doctors_api_dag' AIRFLOW_CTX_TASK_ID='retrieve_doctors' AIRFLOW_CTX_EXECUTION_DATE='2024-05-23T14:35:00+00:00' AIRFLOW_CTX_TRY_NUMBER='2' AIRFLOW_CTX_DAG_RUN_ID='scheduled__2024-05-23T14:35:00+00:00'
[2024-05-23T16:40:35.111+0200] {taskinstance.py:430} INFO - ::endgroup::
[2024-05-23T16:40:35.111+0200] {http.py:169} INFO - Calling HTTP method
[2024-05-23T16:40:35.115+0200] {base.py:84} INFO - Using connection ID 'eezimeds_doctors' for task execution.
[2024-05-23T16:40:35.119+0200] {base.py:84} INFO - Using connection ID 'eezimeds_doctors' for task execution.
[2024-05-23T16:40:41.659+0200] {http.py:199} ERROR - HTTP error: Unauthorized
[2024-05-23T16:40:41.660+0200] {http.py:200} ERROR - {"error":"unauthorized"}
[2024-05-23T16:40:41.660+0200] {taskinstance.py:441} INFO - ::group::Post task execution logs
[2024-05-23T16:40:41.666+0200] {taskinstance.py:2905} ERROR - Task failed with exception
Traceback (most recent call last):
  File "/home/munya/anaconda3/lib/python3.11/site-packages/airflow/providers/http/hooks/http.py", line 197, in check_response
    response.raise_for_status()
  File "/home/munya/anaconda3/lib/python3.11/site-packages/requests/models.py", line 1021, in raise_for_status
    raise HTTPError(http_error_msg, response=self)
requests.exceptions.HTTPError: 401 Client Error: Unauthorized for url: https://eazimed-backend-web-mongo.azurewebsites.net//mongo/doctor

During handling of the above exception, another exception occurred:

Traceback (most recent call last):
  File "/home/munya/anaconda3/lib/python3.11/site-packages/airflow/models/taskinstance.py", line 465, in _execute_task
    result = _execute_callable(context=context, **execute_callable_kwargs)
             ^^^^^^^^^^^^^^^^^^^^^^^^^^^^^^^^^^^^^^^^^^^^^^^^^^^^^^^^^^^^^
  File "/home/munya/anaconda3/lib/python3.11/site-packages/airflow/models/taskinstance.py", line 432, in _execute_callable
    return execute_callable(context=context, **execute_callable_kwargs)
           ^^^^^^^^^^^^^^^^^^^^^^^^^^^^^^^^^^^^^^^^^^^^^^^^^^^^^^^^^^^^
  File "/home/munya/anaconda3/lib/python3.11/site-packages/airflow/models/baseoperator.py", line 400, in wrapper
    return func(self, *args, **kwargs)
           ^^^^^^^^^^^^^^^^^^^^^^^^^^^
  File "/home/munya/anaconda3/lib/python3.11/site-packages/airflow/providers/http/operators/http.py", line 166, in execute
    return self.execute_sync(context=context)
           ^^^^^^^^^^^^^^^^^^^^^^^^^^^^^^^^^^
  File "/home/munya/anaconda3/lib/python3.11/site-packages/airflow/providers/http/operators/http.py", line 170, in execute_sync
    response = self.hook.run(self.endpoint, self.data, self.headers, self.extra_options)
               ^^^^^^^^^^^^^^^^^^^^^^^^^^^^^^^^^^^^^^^^^^^^^^^^^^^^^^^^^^^^^^^^^^^^^^^^^
  File "/home/munya/anaconda3/lib/python3.11/site-packages/airflow/providers/http/hooks/http.py", line 187, in run
    return self.run_and_check(session, prepped_request, extra_options)
           ^^^^^^^^^^^^^^^^^^^^^^^^^^^^^^^^^^^^^^^^^^^^^^^^^^^^^^^^^^^
  File "/home/munya/anaconda3/lib/python3.11/site-packages/airflow/providers/http/hooks/http.py", line 238, in run_and_check
    self.check_response(response)
  File "/home/munya/anaconda3/lib/python3.11/site-packages/airflow/providers/http/hooks/http.py", line 201, in check_response
    raise AirflowException(str(response.status_code) + ":" + response.reason)
airflow.exceptions.AirflowException: 401:Unauthorized
[2024-05-23T16:40:41.676+0200] {taskinstance.py:1206} INFO - Marking task as UP_FOR_RETRY. dag_id=doctors_api_dag, task_id=retrieve_doctors, run_id=scheduled__2024-05-23T14:35:00+00:00, execution_date=20240523T143500, start_date=20240523T144034, end_date=20240523T144041
[2024-05-23T16:40:41.695+0200] {standard_task_runner.py:110} ERROR - Failed to execute job 1675 for task retrieve_doctors (401:Unauthorized; 297951)
[2024-05-23T16:40:41.740+0200] {local_task_job_runner.py:240} INFO - Task exited with return code 1
[2024-05-23T16:40:41.753+0200] {taskinstance.py:3498} INFO - 0 downstream tasks scheduled from follow-on schedule check
[2024-05-23T16:40:41.753+0200] {local_task_job_runner.py:222} INFO - ::endgroup::
[2024-05-23T16:43:36.472+0200] {local_task_job_runner.py:120} INFO - ::group::Pre task execution logs
[2024-05-23T16:43:36.506+0200] {taskinstance.py:2076} INFO - Dependencies all met for dep_context=non-requeueable deps ti=<TaskInstance: doctors_api_dag.retrieve_doctors scheduled__2024-05-23T14:35:00+00:00 [queued]>
[2024-05-23T16:43:36.522+0200] {taskinstance.py:2076} INFO - Dependencies all met for dep_context=requeueable deps ti=<TaskInstance: doctors_api_dag.retrieve_doctors scheduled__2024-05-23T14:35:00+00:00 [queued]>
[2024-05-23T16:43:36.523+0200] {taskinstance.py:2306} INFO - Starting attempt 2 of 4
[2024-05-23T16:43:36.549+0200] {taskinstance.py:2330} INFO - Executing <Task(PythonOperator): retrieve_doctors> on 2024-05-23 14:35:00+00:00
[2024-05-23T16:43:36.556+0200] {standard_task_runner.py:63} INFO - Started process 301443 to run task
[2024-05-23T16:43:36.560+0200] {standard_task_runner.py:90} INFO - Running: ['airflow', 'tasks', 'run', 'doctors_api_dag', 'retrieve_doctors', 'scheduled__2024-05-23T14:35:00+00:00', '--job-id', '1489', '--raw', '--subdir', 'DAGS_FOLDER/eezimeds_doctors.py', '--cfg-path', '/tmp/tmpdrvkm297']
[2024-05-23T16:43:36.562+0200] {standard_task_runner.py:91} INFO - Job 1489: Subtask retrieve_doctors
[2024-05-23T16:43:36.603+0200] {task_command.py:426} INFO - Running <TaskInstance: doctors_api_dag.retrieve_doctors scheduled__2024-05-23T14:35:00+00:00 [running]> on host kali
[2024-05-23T16:43:36.666+0200] {taskinstance.py:2648} INFO - Exporting env vars: AIRFLOW_CTX_DAG_OWNER='airflow' AIRFLOW_CTX_DAG_ID='doctors_api_dag' AIRFLOW_CTX_TASK_ID='retrieve_doctors' AIRFLOW_CTX_EXECUTION_DATE='2024-05-23T14:35:00+00:00' AIRFLOW_CTX_TRY_NUMBER='2' AIRFLOW_CTX_DAG_RUN_ID='scheduled__2024-05-23T14:35:00+00:00'
[2024-05-23T16:43:36.668+0200] {taskinstance.py:430} INFO - ::endgroup::
[2024-05-23T16:43:36.679+0200] {base.py:84} INFO - Using connection ID 'eezimeds_doctors' for task execution.
[2024-05-23T16:43:38.310+0200] {http.py:199} ERROR - HTTP error: Unauthorized
[2024-05-23T16:43:38.311+0200] {http.py:200} ERROR - {"error":"unauthorized"}
[2024-05-23T16:43:38.311+0200] {taskinstance.py:441} INFO - ::group::Post task execution logs
[2024-05-23T16:43:38.317+0200] {taskinstance.py:2905} ERROR - Task failed with exception
Traceback (most recent call last):
  File "/home/munya/anaconda3/lib/python3.11/site-packages/airflow/providers/http/hooks/http.py", line 197, in check_response
    response.raise_for_status()
  File "/home/munya/anaconda3/lib/python3.11/site-packages/requests/models.py", line 1021, in raise_for_status
    raise HTTPError(http_error_msg, response=self)
requests.exceptions.HTTPError: 401 Client Error: Unauthorized for url: https://eazimed-backend-web-mongo.azurewebsites.net/mongo/doctor

During handling of the above exception, another exception occurred:

Traceback (most recent call last):
  File "/home/munya/anaconda3/lib/python3.11/site-packages/airflow/models/taskinstance.py", line 465, in _execute_task
    result = _execute_callable(context=context, **execute_callable_kwargs)
             ^^^^^^^^^^^^^^^^^^^^^^^^^^^^^^^^^^^^^^^^^^^^^^^^^^^^^^^^^^^^^
  File "/home/munya/anaconda3/lib/python3.11/site-packages/airflow/models/taskinstance.py", line 432, in _execute_callable
    return execute_callable(context=context, **execute_callable_kwargs)
           ^^^^^^^^^^^^^^^^^^^^^^^^^^^^^^^^^^^^^^^^^^^^^^^^^^^^^^^^^^^^
  File "/home/munya/anaconda3/lib/python3.11/site-packages/airflow/models/baseoperator.py", line 400, in wrapper
    return func(self, *args, **kwargs)
           ^^^^^^^^^^^^^^^^^^^^^^^^^^^
  File "/home/munya/anaconda3/lib/python3.11/site-packages/airflow/operators/python.py", line 235, in execute
    return_value = self.execute_callable()
                   ^^^^^^^^^^^^^^^^^^^^^^^
  File "/home/munya/anaconda3/lib/python3.11/site-packages/airflow/operators/python.py", line 252, in execute_callable
    return self.python_callable(*self.op_args, **self.op_kwargs)
           ^^^^^^^^^^^^^^^^^^^^^^^^^^^^^^^^^^^^^^^^^^^^^^^^^^^^^
  File "/home/munya/airflow/dags/eezimeds_doctors.py", line 57, in call_doctors_api
    response = http.run(endpoint='/mongo/doctor', headers=headers)
               ^^^^^^^^^^^^^^^^^^^^^^^^^^^^^^^^^^^^^^^^^^^^^^^^^^^
  File "/home/munya/anaconda3/lib/python3.11/site-packages/airflow/providers/http/hooks/http.py", line 187, in run
    return self.run_and_check(session, prepped_request, extra_options)
           ^^^^^^^^^^^^^^^^^^^^^^^^^^^^^^^^^^^^^^^^^^^^^^^^^^^^^^^^^^^
  File "/home/munya/anaconda3/lib/python3.11/site-packages/airflow/providers/http/hooks/http.py", line 238, in run_and_check
    self.check_response(response)
  File "/home/munya/anaconda3/lib/python3.11/site-packages/airflow/providers/http/hooks/http.py", line 201, in check_response
    raise AirflowException(str(response.status_code) + ":" + response.reason)
airflow.exceptions.AirflowException: 401:Unauthorized
[2024-05-23T16:43:38.321+0200] {taskinstance.py:1206} INFO - Marking task as UP_FOR_RETRY. dag_id=doctors_api_dag, task_id=retrieve_doctors, run_id=scheduled__2024-05-23T14:35:00+00:00, execution_date=20240523T143500, start_date=20240523T144336, end_date=20240523T144338
[2024-05-23T16:43:38.333+0200] {standard_task_runner.py:110} ERROR - Failed to execute job 1489 for task retrieve_doctors (401:Unauthorized; 301443)
[2024-05-23T16:43:38.380+0200] {local_task_job_runner.py:240} INFO - Task exited with return code 1
[2024-05-23T16:43:38.392+0200] {taskinstance.py:3498} INFO - 0 downstream tasks scheduled from follow-on schedule check
[2024-05-23T16:43:38.392+0200] {local_task_job_runner.py:222} INFO - ::endgroup::
