[2024-05-23T16:41:11.695+0200] {local_task_job_runner.py:120} INFO - ::group::Pre task execution logs
[2024-05-23T16:41:11.708+0200] {taskinstance.py:2076} INFO - Dependencies all met for dep_context=non-requeueable deps ti=<TaskInstance: doctors_api_dag.retrieve_doctors scheduled__2024-05-23T14:35:00+00:00 [queued]>
[2024-05-23T16:41:11.714+0200] {taskinstance.py:2076} INFO - Dependencies all met for dep_context=requeueable deps ti=<TaskInstance: doctors_api_dag.retrieve_doctors scheduled__2024-05-23T14:35:00+00:00 [queued]>
[2024-05-23T16:41:11.714+0200] {taskinstance.py:2306} INFO - Starting attempt 4 of 4
[2024-05-23T16:41:11.727+0200] {taskinstance.py:2330} INFO - Executing <Task(SimpleHttpOperator): retrieve_doctors> on 2024-05-23 14:35:00+00:00
[2024-05-23T16:41:11.735+0200] {standard_task_runner.py:63} INFO - Started process 298612 to run task
[2024-05-23T16:41:11.740+0200] {standard_task_runner.py:90} INFO - Running: ['airflow', 'tasks', 'run', 'doctors_api_dag', 'retrieve_doctors', 'scheduled__2024-05-23T14:35:00+00:00', '--job-id', '1677', '--raw', '--subdir', 'DAGS_FOLDER/eezimeds_doctors.py', '--cfg-path', '/tmp/tmpg9p_mwmy']
[2024-05-23T16:41:11.743+0200] {standard_task_runner.py:91} INFO - Job 1677: Subtask retrieve_doctors
[2024-05-23T16:41:11.784+0200] {task_command.py:426} INFO - Running <TaskInstance: doctors_api_dag.retrieve_doctors scheduled__2024-05-23T14:35:00+00:00 [running]> on host kali
[2024-05-23T16:41:11.859+0200] {taskinstance.py:2648} INFO - Exporting env vars: AIRFLOW_CTX_DAG_OWNER='airflow' AIRFLOW_CTX_DAG_ID='doctors_api_dag' AIRFLOW_CTX_TASK_ID='retrieve_doctors' AIRFLOW_CTX_EXECUTION_DATE='2024-05-23T14:35:00+00:00' AIRFLOW_CTX_TRY_NUMBER='4' AIRFLOW_CTX_DAG_RUN_ID='scheduled__2024-05-23T14:35:00+00:00'
[2024-05-23T16:41:11.861+0200] {taskinstance.py:430} INFO - ::endgroup::
[2024-05-23T16:41:11.861+0200] {http.py:169} INFO - Calling HTTP method
[2024-05-23T16:41:11.866+0200] {base.py:84} INFO - Using connection ID 'eezimeds_doctors' for task execution.
[2024-05-23T16:41:11.869+0200] {base.py:84} INFO - Using connection ID 'eezimeds_doctors' for task execution.
[2024-05-23T16:41:13.507+0200] {http.py:199} ERROR - HTTP error: Unauthorized
[2024-05-23T16:41:13.507+0200] {http.py:200} ERROR - {"error":"unauthorized"}
[2024-05-23T16:41:13.507+0200] {taskinstance.py:441} INFO - ::group::Post task execution logs
[2024-05-23T16:41:13.513+0200] {taskinstance.py:2905} ERROR - Task failed with exception
Traceback (most recent call last):
  File "/home/munya/anaconda3/lib/python3.11/site-packages/airflow/providers/http/hooks/http.py", line 197, in check_response
    response.raise_for_status()
  File "/home/munya/anaconda3/lib/python3.11/site-packages/requests/models.py", line 1021, in raise_for_status
    raise HTTPError(http_error_msg, response=self)
requests.exceptions.HTTPError: 401 Client Error: Unauthorized for url: https://eazimed-backend-web-mongo.azurewebsites.net//mongo/doctor

During handling of the above exception, another exception occurred:

Traceback (most recent call last):
  File "/home/munya/anaconda3/lib/python3.11/site-packages/airflow/models/taskinstance.py", line 465, in _execute_task
    result = _execute_callable(context=context, **execute_callable_kwargs)
             ^^^^^^^^^^^^^^^^^^^^^^^^^^^^^^^^^^^^^^^^^^^^^^^^^^^^^^^^^^^^^
  File "/home/munya/anaconda3/lib/python3.11/site-packages/airflow/models/taskinstance.py", line 432, in _execute_callable
    return execute_callable(context=context, **execute_callable_kwargs)
           ^^^^^^^^^^^^^^^^^^^^^^^^^^^^^^^^^^^^^^^^^^^^^^^^^^^^^^^^^^^^
  File "/home/munya/anaconda3/lib/python3.11/site-packages/airflow/models/baseoperator.py", line 400, in wrapper
    return func(self, *args, **kwargs)
           ^^^^^^^^^^^^^^^^^^^^^^^^^^^
  File "/home/munya/anaconda3/lib/python3.11/site-packages/airflow/providers/http/operators/http.py", line 166, in execute
    return self.execute_sync(context=context)
           ^^^^^^^^^^^^^^^^^^^^^^^^^^^^^^^^^^
  File "/home/munya/anaconda3/lib/python3.11/site-packages/airflow/providers/http/operators/http.py", line 170, in execute_sync
    response = self.hook.run(self.endpoint, self.data, self.headers, self.extra_options)
               ^^^^^^^^^^^^^^^^^^^^^^^^^^^^^^^^^^^^^^^^^^^^^^^^^^^^^^^^^^^^^^^^^^^^^^^^^
  File "/home/munya/anaconda3/lib/python3.11/site-packages/airflow/providers/http/hooks/http.py", line 187, in run
    return self.run_and_check(session, prepped_request, extra_options)
           ^^^^^^^^^^^^^^^^^^^^^^^^^^^^^^^^^^^^^^^^^^^^^^^^^^^^^^^^^^^
  File "/home/munya/anaconda3/lib/python3.11/site-packages/airflow/providers/http/hooks/http.py", line 238, in run_and_check
    self.check_response(response)
  File "/home/munya/anaconda3/lib/python3.11/site-packages/airflow/providers/http/hooks/http.py", line 201, in check_response
    raise AirflowException(str(response.status_code) + ":" + response.reason)
airflow.exceptions.AirflowException: 401:Unauthorized
[2024-05-23T16:41:13.519+0200] {taskinstance.py:1206} INFO - Marking task as FAILED. dag_id=doctors_api_dag, task_id=retrieve_doctors, run_id=scheduled__2024-05-23T14:35:00+00:00, execution_date=20240523T143500, start_date=20240523T144111, end_date=20240523T144113
[2024-05-23T16:41:13.530+0200] {standard_task_runner.py:110} ERROR - Failed to execute job 1677 for task retrieve_doctors (401:Unauthorized; 298612)
[2024-05-23T16:41:13.564+0200] {local_task_job_runner.py:240} INFO - Task exited with return code 1
[2024-05-23T16:41:13.578+0200] {taskinstance.py:3498} INFO - 0 downstream tasks scheduled from follow-on schedule check
[2024-05-23T16:41:13.579+0200] {local_task_job_runner.py:222} INFO - ::endgroup::
[2024-05-23T16:44:08.339+0200] {local_task_job_runner.py:120} INFO - ::group::Pre task execution logs
[2024-05-23T16:44:08.347+0200] {taskinstance.py:2076} INFO - Dependencies all met for dep_context=non-requeueable deps ti=<TaskInstance: doctors_api_dag.retrieve_doctors scheduled__2024-05-23T14:35:00+00:00 [queued]>
[2024-05-23T16:44:08.352+0200] {taskinstance.py:2076} INFO - Dependencies all met for dep_context=requeueable deps ti=<TaskInstance: doctors_api_dag.retrieve_doctors scheduled__2024-05-23T14:35:00+00:00 [queued]>
[2024-05-23T16:44:08.352+0200] {taskinstance.py:2306} INFO - Starting attempt 4 of 4
[2024-05-23T16:44:08.362+0200] {taskinstance.py:2330} INFO - Executing <Task(PythonOperator): retrieve_doctors> on 2024-05-23 14:35:00+00:00
[2024-05-23T16:44:08.369+0200] {standard_task_runner.py:63} INFO - Started process 302061 to run task
[2024-05-23T16:44:08.373+0200] {standard_task_runner.py:90} INFO - Running: ['airflow', 'tasks', 'run', 'doctors_api_dag', 'retrieve_doctors', 'scheduled__2024-05-23T14:35:00+00:00', '--job-id', '1491', '--raw', '--subdir', 'DAGS_FOLDER/eezimeds_doctors.py', '--cfg-path', '/tmp/tmpv5ic4nbo']
[2024-05-23T16:44:08.375+0200] {standard_task_runner.py:91} INFO - Job 1491: Subtask retrieve_doctors
[2024-05-23T16:44:08.407+0200] {task_command.py:426} INFO - Running <TaskInstance: doctors_api_dag.retrieve_doctors scheduled__2024-05-23T14:35:00+00:00 [running]> on host kali
[2024-05-23T16:44:08.459+0200] {taskinstance.py:2648} INFO - Exporting env vars: AIRFLOW_CTX_DAG_OWNER='airflow' AIRFLOW_CTX_DAG_ID='doctors_api_dag' AIRFLOW_CTX_TASK_ID='retrieve_doctors' AIRFLOW_CTX_EXECUTION_DATE='2024-05-23T14:35:00+00:00' AIRFLOW_CTX_TRY_NUMBER='4' AIRFLOW_CTX_DAG_RUN_ID='scheduled__2024-05-23T14:35:00+00:00'
[2024-05-23T16:44:08.460+0200] {taskinstance.py:430} INFO - ::endgroup::
[2024-05-23T16:44:08.470+0200] {base.py:84} INFO - Using connection ID 'eezimeds_doctors' for task execution.
[2024-05-23T16:44:10.110+0200] {http.py:199} ERROR - HTTP error: Unauthorized
[2024-05-23T16:44:10.112+0200] {http.py:200} ERROR - {"error":"unauthorized"}
[2024-05-23T16:44:10.116+0200] {taskinstance.py:441} INFO - ::group::Post task execution logs
[2024-05-23T16:44:10.148+0200] {taskinstance.py:2905} ERROR - Task failed with exception
Traceback (most recent call last):
  File "/home/munya/anaconda3/lib/python3.11/site-packages/airflow/providers/http/hooks/http.py", line 197, in check_response
    response.raise_for_status()
  File "/home/munya/anaconda3/lib/python3.11/site-packages/requests/models.py", line 1021, in raise_for_status
    raise HTTPError(http_error_msg, response=self)
requests.exceptions.HTTPError: 401 Client Error: Unauthorized for url: https://eazimed-backend-web-mongo.azurewebsites.net/mongo/doctor

During handling of the above exception, another exception occurred:

Traceback (most recent call last):
  File "/home/munya/anaconda3/lib/python3.11/site-packages/airflow/models/taskinstance.py", line 465, in _execute_task
    result = _execute_callable(context=context, **execute_callable_kwargs)
             ^^^^^^^^^^^^^^^^^^^^^^^^^^^^^^^^^^^^^^^^^^^^^^^^^^^^^^^^^^^^^
  File "/home/munya/anaconda3/lib/python3.11/site-packages/airflow/models/taskinstance.py", line 432, in _execute_callable
    return execute_callable(context=context, **execute_callable_kwargs)
           ^^^^^^^^^^^^^^^^^^^^^^^^^^^^^^^^^^^^^^^^^^^^^^^^^^^^^^^^^^^^
  File "/home/munya/anaconda3/lib/python3.11/site-packages/airflow/models/baseoperator.py", line 400, in wrapper
    return func(self, *args, **kwargs)
           ^^^^^^^^^^^^^^^^^^^^^^^^^^^
  File "/home/munya/anaconda3/lib/python3.11/site-packages/airflow/operators/python.py", line 235, in execute
    return_value = self.execute_callable()
                   ^^^^^^^^^^^^^^^^^^^^^^^
  File "/home/munya/anaconda3/lib/python3.11/site-packages/airflow/operators/python.py", line 252, in execute_callable
    return self.python_callable(*self.op_args, **self.op_kwargs)
           ^^^^^^^^^^^^^^^^^^^^^^^^^^^^^^^^^^^^^^^^^^^^^^^^^^^^^
  File "/home/munya/airflow/dags/eezimeds_doctors.py", line 57, in call_doctors_api
    response = http.run(endpoint='/mongo/doctor', headers=headers)
               ^^^^^^^^^^^^^^^^^^^^^^^^^^^^^^^^^^^^^^^^^^^^^^^^^^^
  File "/home/munya/anaconda3/lib/python3.11/site-packages/airflow/providers/http/hooks/http.py", line 187, in run
    return self.run_and_check(session, prepped_request, extra_options)
           ^^^^^^^^^^^^^^^^^^^^^^^^^^^^^^^^^^^^^^^^^^^^^^^^^^^^^^^^^^^
  File "/home/munya/anaconda3/lib/python3.11/site-packages/airflow/providers/http/hooks/http.py", line 238, in run_and_check
    self.check_response(response)
  File "/home/munya/anaconda3/lib/python3.11/site-packages/airflow/providers/http/hooks/http.py", line 201, in check_response
    raise AirflowException(str(response.status_code) + ":" + response.reason)
airflow.exceptions.AirflowException: 401:Unauthorized
[2024-05-23T16:44:10.166+0200] {taskinstance.py:1206} INFO - Marking task as FAILED. dag_id=doctors_api_dag, task_id=retrieve_doctors, run_id=scheduled__2024-05-23T14:35:00+00:00, execution_date=20240523T143500, start_date=20240523T144408, end_date=20240523T144410
[2024-05-23T16:44:10.200+0200] {standard_task_runner.py:110} ERROR - Failed to execute job 1491 for task retrieve_doctors (401:Unauthorized; 302061)
[2024-05-23T16:44:10.236+0200] {local_task_job_runner.py:240} INFO - Task exited with return code 1
[2024-05-23T16:44:10.280+0200] {taskinstance.py:3498} INFO - 0 downstream tasks scheduled from follow-on schedule check
[2024-05-23T16:44:10.282+0200] {local_task_job_runner.py:222} INFO - ::endgroup::
