[2024-05-23T09:53:53.416+0200] {local_task_job_runner.py:120} INFO - ::group::Pre task execution logs
[2024-05-23T09:53:53.431+0200] {taskinstance.py:2076} INFO - Dependencies all met for dep_context=non-requeueable deps ti=<TaskInstance: weather_api_dag.fetch_weather_data scheduled__2024-05-22T00:00:00+00:00 [queued]>
[2024-05-23T09:53:53.438+0200] {taskinstance.py:2076} INFO - Dependencies all met for dep_context=requeueable deps ti=<TaskInstance: weather_api_dag.fetch_weather_data scheduled__2024-05-22T00:00:00+00:00 [queued]>
[2024-05-23T09:53:53.438+0200] {taskinstance.py:2306} INFO - Starting attempt 1 of 2
[2024-05-23T09:53:53.455+0200] {taskinstance.py:2330} INFO - Executing <Task(HttpOperator): fetch_weather_data> on 2024-05-22 00:00:00+00:00
[2024-05-23T09:53:53.463+0200] {standard_task_runner.py:63} INFO - Started process 48343 to run task
[2024-05-23T09:53:53.468+0200] {standard_task_runner.py:90} INFO - Running: ['airflow', 'tasks', 'run', 'weather_api_dag', 'fetch_weather_data', 'scheduled__2024-05-22T00:00:00+00:00', '--job-id', '1403', '--raw', '--subdir', 'DAGS_FOLDER/weather_data.py', '--cfg-path', '/tmp/tmpxuoetha0']
[2024-05-23T09:53:53.470+0200] {standard_task_runner.py:91} INFO - Job 1403: Subtask fetch_weather_data
[2024-05-23T09:53:53.513+0200] {task_command.py:426} INFO - Running <TaskInstance: weather_api_dag.fetch_weather_data scheduled__2024-05-22T00:00:00+00:00 [running]> on host kali
[2024-05-23T09:53:53.588+0200] {taskinstance.py:2648} INFO - Exporting env vars: AIRFLOW_CTX_DAG_OWNER='airflow' AIRFLOW_CTX_DAG_ID='weather_api_dag' AIRFLOW_CTX_TASK_ID='fetch_weather_data' AIRFLOW_CTX_EXECUTION_DATE='2024-05-22T00:00:00+00:00' AIRFLOW_CTX_TRY_NUMBER='1' AIRFLOW_CTX_DAG_RUN_ID='scheduled__2024-05-22T00:00:00+00:00'
[2024-05-23T09:53:53.589+0200] {taskinstance.py:430} INFO - ::endgroup::
[2024-05-23T09:53:53.590+0200] {http.py:169} INFO - Calling HTTP method
[2024-05-23T09:53:53.596+0200] {base.py:84} INFO - Using connection ID 'weather_api' for task execution.
[2024-05-23T09:53:53.600+0200] {base.py:84} INFO - Using connection ID 'weather_api' for task execution.
[2024-05-23T09:53:56.117+0200] {http.py:208} INFO - {"coord":{"lon":32.6709,"lat":-18.9707},"weather":[{"id":802,"main":"Clouds","description":"scattered clouds","icon":"03d"}],"base":"stations","main":{"temp":293.49,"feels_like":293.17,"temp_min":293.49,"temp_max":293.49,"pressure":1023,"humidity":61,"sea_level":1023,"grnd_level":900},"visibility":10000,"wind":{"speed":2.64,"deg":93,"gust":2.84},"clouds":{"all":35},"dt":1716450835,"sys":{"country":"ZW","sunrise":1716437534,"sunset":1716477615},"timezone":7200,"id":884979,"name":"Mutare","cod":200}
[2024-05-23T09:53:56.120+0200] {taskinstance.py:441} INFO - ::group::Post task execution logs
[2024-05-23T09:53:56.139+0200] {taskinstance.py:1206} INFO - Marking task as SUCCESS. dag_id=weather_api_dag, task_id=fetch_weather_data, run_id=scheduled__2024-05-22T00:00:00+00:00, execution_date=20240522T000000, start_date=20240523T075353, end_date=20240523T075356
[2024-05-23T09:53:56.194+0200] {local_task_job_runner.py:240} INFO - Task exited with return code 0
[2024-05-23T09:53:56.218+0200] {taskinstance.py:3498} INFO - 0 downstream tasks scheduled from follow-on schedule check
[2024-05-23T09:53:56.219+0200] {local_task_job_runner.py:222} INFO - ::endgroup::
