[2024-05-09T12:45:41.552+0200] {local_task_job_runner.py:120} INFO - ::group::Pre task execution logs
[2024-05-09T12:45:41.581+0200] {taskinstance.py:2073} INFO - Dependencies all met for dep_context=non-requeueable deps ti=<TaskInstance: weather_api_dag.fetch_weather_data scheduled__2024-05-02T00:00:00+00:00 [queued]>
[2024-05-09T12:45:41.598+0200] {taskinstance.py:2073} INFO - Dependencies all met for dep_context=requeueable deps ti=<TaskInstance: weather_api_dag.fetch_weather_data scheduled__2024-05-02T00:00:00+00:00 [queued]>
[2024-05-09T12:45:41.599+0200] {taskinstance.py:2303} INFO - Starting attempt 1 of 2
[2024-05-09T12:45:41.632+0200] {taskinstance.py:2327} INFO - Executing <Task(HttpOperator): fetch_weather_data> on 2024-05-02 00:00:00+00:00
[2024-05-09T12:45:41.659+0200] {standard_task_runner.py:63} INFO - Started process 252136 to run task
[2024-05-09T12:45:41.670+0200] {standard_task_runner.py:90} INFO - Running: ['airflow', 'tasks', 'run', 'weather_api_dag', 'fetch_weather_data', 'scheduled__2024-05-02T00:00:00+00:00', '--job-id', '924', '--raw', '--subdir', 'DAGS_FOLDER/weather_data.py', '--cfg-path', '/tmp/tmpwp488bp8']
[2024-05-09T12:45:41.676+0200] {standard_task_runner.py:91} INFO - Job 924: Subtask fetch_weather_data
[2024-05-09T12:45:41.755+0200] {task_command.py:426} INFO - Running <TaskInstance: weather_api_dag.fetch_weather_data scheduled__2024-05-02T00:00:00+00:00 [running]> on host kali
[2024-05-09T12:45:41.999+0200] {taskinstance.py:2644} INFO - Exporting env vars: AIRFLOW_CTX_DAG_OWNER='airflow' AIRFLOW_CTX_DAG_ID='weather_api_dag' AIRFLOW_CTX_TASK_ID='fetch_weather_data' AIRFLOW_CTX_EXECUTION_DATE='2024-05-02T00:00:00+00:00' AIRFLOW_CTX_TRY_NUMBER='1' AIRFLOW_CTX_DAG_RUN_ID='scheduled__2024-05-02T00:00:00+00:00'
[2024-05-09T12:45:42.006+0200] {taskinstance.py:430} INFO - ::endgroup::
[2024-05-09T12:45:42.007+0200] {http.py:169} INFO - Calling HTTP method
[2024-05-09T12:45:42.026+0200] {base.py:84} INFO - Using connection ID 'weather_api' for task execution.
[2024-05-09T12:45:42.040+0200] {base.py:84} INFO - Using connection ID 'weather_api' for task execution.
[2024-05-09T12:45:45.223+0200] {taskinstance.py:441} INFO - ::group::Post task execution logs
[2024-05-09T12:45:45.255+0200] {taskinstance.py:1205} INFO - Marking task as SUCCESS. dag_id=weather_api_dag, task_id=fetch_weather_data, execution_date=20240502T000000, start_date=20240509T104541, end_date=20240509T104545
[2024-05-09T12:45:45.341+0200] {local_task_job_runner.py:240} INFO - Task exited with return code 0
[2024-05-09T12:45:45.400+0200] {taskinstance.py:3482} INFO - 0 downstream tasks scheduled from follow-on schedule check
[2024-05-09T12:45:45.402+0200] {local_task_job_runner.py:222} INFO - ::endgroup::
[2024-05-09T12:50:20.921+0200] {local_task_job_runner.py:120} INFO - ::group::Pre task execution logs
[2024-05-09T12:50:20.951+0200] {taskinstance.py:2073} INFO - Dependencies all met for dep_context=non-requeueable deps ti=<TaskInstance: weather_api_dag.fetch_weather_data scheduled__2024-05-02T00:00:00+00:00 [queued]>
[2024-05-09T12:50:20.966+0200] {taskinstance.py:2073} INFO - Dependencies all met for dep_context=requeueable deps ti=<TaskInstance: weather_api_dag.fetch_weather_data scheduled__2024-05-02T00:00:00+00:00 [queued]>
[2024-05-09T12:50:20.967+0200] {taskinstance.py:2303} INFO - Starting attempt 1 of 2
[2024-05-09T12:50:21.007+0200] {taskinstance.py:2327} INFO - Executing <Task(HttpOperator): fetch_weather_data> on 2024-05-02 00:00:00+00:00
[2024-05-09T12:50:21.023+0200] {standard_task_runner.py:63} INFO - Started process 255825 to run task
[2024-05-09T12:50:21.032+0200] {standard_task_runner.py:90} INFO - Running: ['airflow', 'tasks', 'run', 'weather_api_dag', 'fetch_weather_data', 'scheduled__2024-05-02T00:00:00+00:00', '--job-id', '924', '--raw', '--subdir', 'DAGS_FOLDER/weather_data.py', '--cfg-path', '/tmp/tmpg9jdtji_']
[2024-05-09T12:50:21.036+0200] {standard_task_runner.py:91} INFO - Job 924: Subtask fetch_weather_data
[2024-05-09T12:50:21.161+0200] {task_command.py:426} INFO - Running <TaskInstance: weather_api_dag.fetch_weather_data scheduled__2024-05-02T00:00:00+00:00 [running]> on host kali
[2024-05-09T12:50:21.318+0200] {taskinstance.py:2644} INFO - Exporting env vars: AIRFLOW_CTX_DAG_OWNER='airflow' AIRFLOW_CTX_DAG_ID='weather_api_dag' AIRFLOW_CTX_TASK_ID='fetch_weather_data' AIRFLOW_CTX_EXECUTION_DATE='2024-05-02T00:00:00+00:00' AIRFLOW_CTX_TRY_NUMBER='1' AIRFLOW_CTX_DAG_RUN_ID='scheduled__2024-05-02T00:00:00+00:00'
[2024-05-09T12:50:21.321+0200] {taskinstance.py:430} INFO - ::endgroup::
[2024-05-09T12:50:21.321+0200] {http.py:169} INFO - Calling HTTP method
[2024-05-09T12:50:21.330+0200] {base.py:84} INFO - Using connection ID 'weather_api' for task execution.
[2024-05-09T12:50:21.337+0200] {base.py:84} INFO - Using connection ID 'weather_api' for task execution.
[2024-05-09T12:50:27.547+0200] {http.py:208} INFO - {"coord":{"lon":32.6709,"lat":-18.9707},"weather":[{"id":800,"main":"Clear","description":"clear sky","icon":"01d"}],"base":"stations","main":{"temp":298.05,"feels_like":297.48,"temp_min":298.05,"temp_max":298.05,"pressure":1017,"humidity":34,"sea_level":1017,"grnd_level":897},"visibility":10000,"wind":{"speed":3.1,"deg":105,"gust":2.9},"clouds":{"all":3},"dt":1715251546,"sys":{"country":"ZW","sunrise":1715227613,"sunset":1715268279},"timezone":7200,"id":884979,"name":"Mutare","cod":200}
[2024-05-09T12:50:27.548+0200] {taskinstance.py:441} INFO - ::group::Post task execution logs
[2024-05-09T12:50:27.549+0200] {taskinstance.py:2890} ERROR - Task failed with exception
Traceback (most recent call last):
  File "/home/munya/.local/lib/python3.11/site-packages/airflow/models/taskinstance.py", line 465, in _execute_task
    result = _execute_callable(context=context, **execute_callable_kwargs)
             ^^^^^^^^^^^^^^^^^^^^^^^^^^^^^^^^^^^^^^^^^^^^^^^^^^^^^^^^^^^^^
  File "/home/munya/.local/lib/python3.11/site-packages/airflow/models/taskinstance.py", line 432, in _execute_callable
    return execute_callable(context=context, **execute_callable_kwargs)
           ^^^^^^^^^^^^^^^^^^^^^^^^^^^^^^^^^^^^^^^^^^^^^^^^^^^^^^^^^^^^
  File "/home/munya/.local/lib/python3.11/site-packages/airflow/models/baseoperator.py", line 400, in wrapper
    return func(self, *args, **kwargs)
           ^^^^^^^^^^^^^^^^^^^^^^^^^^^
  File "/home/munya/.local/lib/python3.11/site-packages/airflow/providers/http/operators/http.py", line 166, in execute
    return self.execute_sync(context=context)
           ^^^^^^^^^^^^^^^^^^^^^^^^^^^^^^^^^^
  File "/home/munya/.local/lib/python3.11/site-packages/airflow/providers/http/operators/http.py", line 172, in execute_sync
    return self.process_response(context=context, response=response)
           ^^^^^^^^^^^^^^^^^^^^^^^^^^^^^^^^^^^^^^^^^^^^^^^^^^^^^^^^^
  File "/home/munya/.local/lib/python3.11/site-packages/airflow/providers/http/operators/http.py", line 215, in process_response
    return self.response_filter(response, **kwargs)
           ^^^^^^^^^^^^^^^^^^^^^^^^^^^^^^^^^^^^^^^^
  File "/home/munya/airflow/dags/weather_data.py", line 21, in <lambda>
    response_filter=lambda response: json.loads(response.text),
                                     ^^^^
NameError: name 'json' is not defined
[2024-05-09T12:50:27.560+0200] {taskinstance.py:1205} INFO - Marking task as UP_FOR_RETRY. dag_id=weather_api_dag, task_id=fetch_weather_data, execution_date=20240502T000000, start_date=20240509T105020, end_date=20240509T105027
[2024-05-09T12:50:27.587+0200] {standard_task_runner.py:110} ERROR - Failed to execute job 924 for task fetch_weather_data (name 'json' is not defined; 255825)
[2024-05-09T12:50:27.645+0200] {local_task_job_runner.py:240} INFO - Task exited with return code 1
[2024-05-09T12:50:27.708+0200] {taskinstance.py:3482} INFO - 0 downstream tasks scheduled from follow-on schedule check
[2024-05-09T12:50:27.717+0200] {local_task_job_runner.py:222} INFO - ::endgroup::
