[2024-05-09T12:55:31.217+0200] {local_task_job_runner.py:120} INFO - ::group::Pre task execution logs
[2024-05-09T12:55:31.224+0200] {taskinstance.py:2073} INFO - Dependencies all met for dep_context=non-requeueable deps ti=<TaskInstance: weather_api_dag.fetch_weather_data scheduled__2024-05-02T00:00:00+00:00 [queued]>
[2024-05-09T12:55:31.229+0200] {taskinstance.py:2073} INFO - Dependencies all met for dep_context=requeueable deps ti=<TaskInstance: weather_api_dag.fetch_weather_data scheduled__2024-05-02T00:00:00+00:00 [queued]>
[2024-05-09T12:55:31.229+0200] {taskinstance.py:2303} INFO - Starting attempt 2 of 2
[2024-05-09T12:55:31.239+0200] {taskinstance.py:2327} INFO - Executing <Task(HttpOperator): fetch_weather_data> on 2024-05-02 00:00:00+00:00
[2024-05-09T12:55:31.245+0200] {standard_task_runner.py:63} INFO - Started process 260176 to run task
[2024-05-09T12:55:31.249+0200] {standard_task_runner.py:90} INFO - Running: ['airflow', 'tasks', 'run', 'weather_api_dag', 'fetch_weather_data', 'scheduled__2024-05-02T00:00:00+00:00', '--job-id', '932', '--raw', '--subdir', 'DAGS_FOLDER/weather_data.py', '--cfg-path', '/tmp/tmp4d5alr6m']
[2024-05-09T12:55:31.251+0200] {standard_task_runner.py:91} INFO - Job 932: Subtask fetch_weather_data
[2024-05-09T12:55:31.284+0200] {task_command.py:426} INFO - Running <TaskInstance: weather_api_dag.fetch_weather_data scheduled__2024-05-02T00:00:00+00:00 [running]> on host kali
[2024-05-09T12:55:31.338+0200] {taskinstance.py:2644} INFO - Exporting env vars: AIRFLOW_CTX_DAG_OWNER='airflow' AIRFLOW_CTX_DAG_ID='weather_api_dag' AIRFLOW_CTX_TASK_ID='fetch_weather_data' AIRFLOW_CTX_EXECUTION_DATE='2024-05-02T00:00:00+00:00' AIRFLOW_CTX_TRY_NUMBER='2' AIRFLOW_CTX_DAG_RUN_ID='scheduled__2024-05-02T00:00:00+00:00'
[2024-05-09T12:55:31.340+0200] {taskinstance.py:430} INFO - ::endgroup::
[2024-05-09T12:55:31.340+0200] {http.py:169} INFO - Calling HTTP method
[2024-05-09T12:55:31.344+0200] {base.py:84} INFO - Using connection ID 'weather_api' for task execution.
[2024-05-09T12:55:31.347+0200] {base.py:84} INFO - Using connection ID 'weather_api' for task execution.
[2024-05-09T12:55:37.982+0200] {http.py:208} INFO - {"coord":{"lon":32.6709,"lat":-18.9707},"weather":[{"id":800,"main":"Clear","description":"clear sky","icon":"01d"}],"base":"stations","main":{"temp":298.05,"feels_like":297.48,"temp_min":298.05,"temp_max":298.05,"pressure":1017,"humidity":34,"sea_level":1017,"grnd_level":897},"visibility":10000,"wind":{"speed":3.1,"deg":105,"gust":2.9},"clouds":{"all":3},"dt":1715252137,"sys":{"country":"ZW","sunrise":1715227613,"sunset":1715268279},"timezone":7200,"id":884979,"name":"Mutare","cod":200}
[2024-05-09T12:55:37.984+0200] {taskinstance.py:441} INFO - ::group::Post task execution logs
[2024-05-09T12:55:37.998+0200] {taskinstance.py:1205} INFO - Marking task as SUCCESS. dag_id=weather_api_dag, task_id=fetch_weather_data, execution_date=20240502T000000, start_date=20240509T105531, end_date=20240509T105537
[2024-05-09T12:55:38.026+0200] {local_task_job_runner.py:240} INFO - Task exited with return code 0
[2024-05-09T12:55:38.040+0200] {taskinstance.py:3482} INFO - 0 downstream tasks scheduled from follow-on schedule check
[2024-05-09T12:55:38.040+0200] {local_task_job_runner.py:222} INFO - ::endgroup::
