[2024-05-08T11:22:37.064+0200] {local_task_job_runner.py:120} INFO - ::group::Pre task execution logs
[2024-05-08T11:22:37.087+0200] {taskinstance.py:2073} INFO - Dependencies all met for dep_context=non-requeueable deps ti=<TaskInstance: airflow_tut_v02.sleep scheduled__2024-05-07T20:00:00+00:00 [queued]>
[2024-05-08T11:22:37.094+0200] {taskinstance.py:2073} INFO - Dependencies all met for dep_context=requeueable deps ti=<TaskInstance: airflow_tut_v02.sleep scheduled__2024-05-07T20:00:00+00:00 [queued]>
[2024-05-08T11:22:37.094+0200] {taskinstance.py:2303} INFO - Starting attempt 1 of 2
[2024-05-08T11:22:37.107+0200] {taskinstance.py:2327} INFO - Executing <Task(BashOperator): sleep> on 2024-05-07 20:00:00+00:00
[2024-05-08T11:22:37.113+0200] {standard_task_runner.py:63} INFO - Started process 156605 to run task
[2024-05-08T11:22:37.117+0200] {standard_task_runner.py:90} INFO - Running: ['airflow', 'tasks', 'run', 'airflow_tut_v02', 'sleep', 'scheduled__2024-05-07T20:00:00+00:00', '--job-id', '792', '--raw', '--subdir', '/home/munya/.local/lib/python3.11/site-packages/airflow/example_dags/dags.py', '--cfg-path', '/tmp/tmpnfmie9na']
[2024-05-08T11:22:37.119+0200] {standard_task_runner.py:91} INFO - Job 792: Subtask sleep
[2024-05-08T11:22:37.154+0200] {task_command.py:426} INFO - Running <TaskInstance: airflow_tut_v02.sleep scheduled__2024-05-07T20:00:00+00:00 [running]> on host kali
[2024-05-08T11:22:37.226+0200] {taskinstance.py:2644} INFO - Exporting env vars: AIRFLOW_CTX_DAG_OWNER='Munyah' AIRFLOW_CTX_DAG_ID='airflow_tut_v02' AIRFLOW_CTX_TASK_ID='sleep' AIRFLOW_CTX_EXECUTION_DATE='2024-05-07T20:00:00+00:00' AIRFLOW_CTX_TRY_NUMBER='1' AIRFLOW_CTX_DAG_RUN_ID='scheduled__2024-05-07T20:00:00+00:00'
[2024-05-08T11:22:37.228+0200] {taskinstance.py:430} INFO - ::endgroup::
[2024-05-08T11:22:37.229+0200] {subprocess.py:63} INFO - Tmp dir root location: /tmp
[2024-05-08T11:22:37.229+0200] {subprocess.py:75} INFO - Running command: ['/usr/bin/bash', '-c', 'sleep 5']
[2024-05-08T11:22:37.242+0200] {subprocess.py:86} INFO - Output:
[2024-05-08T11:22:42.245+0200] {subprocess.py:97} INFO - Command exited with return code 0
[2024-05-08T11:22:42.246+0200] {taskinstance.py:441} INFO - ::group::Post task execution logs
[2024-05-08T11:22:42.269+0200] {taskinstance.py:1205} INFO - Marking task as SUCCESS. dag_id=airflow_tut_v02, task_id=sleep, execution_date=20240507T200000, start_date=20240508T092237, end_date=20240508T092242
[2024-05-08T11:22:42.315+0200] {local_task_job_runner.py:240} INFO - Task exited with return code 0
[2024-05-08T11:22:42.331+0200] {taskinstance.py:3482} INFO - 1 downstream tasks scheduled from follow-on schedule check
[2024-05-08T11:22:42.334+0200] {local_task_job_runner.py:222} INFO - ::endgroup::
